ESP-ROM:esp32p4-eco2-20240710
Build:Jul 10 2024
rst:0x1 (POWERON),boot:0x30f (SPI_FAST_FLASH_BOOT)
SPI mode:DIO, clock div:1
load:0x4ff33ce0,len:0x514
load:0x4ff29ed0,len:0xbbc
load:0x4ff2cbd0,len:0x3114
entry 0x4ff29ed0
I (336) hex_psram: vendor id    : 0x0d (AP)
I (336) hex_psram: Latency      : 0x01 (Fixed)
I (336) hex_psram: DriveStr.    : 0x00 (25 Ohm)
I (337) hex_psram: dev id       : 0x03 (generation 4)
I (341) hex_psram: density      : 0x07 (256 Mbit)
I (346) hex_psram: good-die     : 0x06 (Pass)
I (350) hex_psram: SRF          : 0x02 (Slow Refresh)
I (355) hex_psram: BurstType    : 0x00 ( Wrap)
I (359) hex_psram: BurstLen     : 0x03 (2048 Byte)
I (363) hex_psram: BitMode      : 0x01 (X16 Mode)
I (368) hex_psram: Readlatency  : 0x04 (14 cycles@Fixed)
I (373) hex_psram: DriveStrength: 0x00 (1/1)
I (377) MSPI Timing: Enter psram timing tuning
I (551) esp_psram: Found 32MB PSRAM device
I (551) esp_psram: Speed: 200MHz
I (552) hex_psram: psram CS IO is dedicated
I (552) cpu_start: Multicore app
I (1459) esp_psram: SPI SRAM memory test OK
I (1470) cpu_start: GPIO 38 and 37 are used as console UART I/O pins
I (1470) cpu_start: Pro cpu start user code
I (1471) cpu_start: cpu freq: 360000000 Hz
I (1473) app_init: Application information:
I (1477) app_init: Project name:     live2d_rt30_baseline
I (1482) app_init: App version:      8941d63
I (1486) app_init: Compile time:     Sep 28 2026 20:47:01
I (1491) app_init: ELF file SHA256:  40adbfe1a...
I (1495) app_init: ESP-IDF:          v5.5.2
I (1499) efuse_init: Min chip rev:     v0.1
I (1503) efuse_init: Max chip rev:     v1.99 
I (1507) efuse_init: Chip rev:         v1.3
I (1511) heap_init: Initializing. RAM available for dynamic allocation:
I (1517) heap_init: At 4FF1ECF0 len 0001C2D0 (112 KiB): RETENT_RAM
I (1523) heap_init: At 4FF3AFC0 len 00004BF0 (18 KiB): RAM
I (1528) heap_init: At 4FF40000 len 00060000 (384 KiB): RAM
I (1534) heap_init: At 501080A0 len 00007F60 (31 KiB): RTCRAM
I (1539) heap_init: At 30100084 len 00001F7C (7 KiB): TCM
I (1545) esp_psram: Adding pool of 32768K of PSRAM memory to heap allocator
I (1552) spi_flash: detected chip: generic
I (1555) spi_flash: flash io: dio
I (1558) sleep_gpio: Configure to isolate all GPIO pins in sleep state
I (1564) sleep_gpio: Enable automatic switching of GPIO sleep configuration
I (1571) main_task: Started on CPU0
I (1595) esp_psram: Reserving pool of 256K of internal memory for DMA/internal allocations
I (1596) main_task: Calling app_main()
I (1596) l2d_baseline: === Live2D RT30 baseline ===
I (1600) l2d_baseline: ========================================
I (1606) l2d_baseline:  Live2D RT30 baseline, target=30 fps, core=0
I (1612) l2d_baseline:  model=/sdcard/esp.live
I (1616) l2d_baseline: ========================================
I (1621) l2d_baseline: heap boot: psram_free=33551716 psram_min=33551716 internal_free=507131
I (1656) sys_storage: Mounting SD card at /sdcard
I (1657) main_task: Returned from app_main()
I (1712) sys_storage: Storage subsystem ready (NVS + SD at /sdcard)
I (1712) sys_sdio: ready: SD serial task core=0 prio=4 queue=20
I (1714) sys_storage: font cache found: /sdcard/fonts/noto_sans_sc_16.bin (955208 bytes)
I (1720) l2d_baseline: storage ready at /sdcard
I (1726) esp_lvgl:adapter: LVGL adapter initialized successfully
I (1803) GT911: TouchPad_ID:0x39,0x31,0x31
I (1803) GT911: TouchPad_Config_Version:101
W (1803) ledc: GPIO 20 is not usable, maybe conflict with others
I (1806) WT99P4C5_S1_BOARD: MIPI DSI PHY Powered on
I (1811) WT99P4C5_S1_BOARD: Install MIPI DSI LCD control panel
I (1816) WT99P4C5_S1_BOARD: Install EK79007 LCD control panel
I (1821) WT99P4C5_S1_BOARD: MIPI DSI DPI clock: 80.00 MHz
I (1826) ek79007: version: 1.0.4
I (2000) WT99P4C5_S1_BOARD: Display initialized
I (2000) WT99P4C5_S1_BOARD: Display resolution 1024x600
I (2004) esp_lvgl:bridge_v9: Initializing hardware resources
I (2004) esp_lvgl:bridge_v9: Hardware resources initialized successfully
I (2015) WT99P4C5_S1_BOARD: GT911 touch ready on GPIO 21
W (2015) esp_lvgl:touch: LV_USE_GESTURE_RECOGNITION is disabled; only single-point pointer events are available
I (2025) esp_lvgl:touch: Touch input device registered successfully (IRQ mode: disabled)
I (2033) esp_lvgl:adapter: LVGL task started successfully
I (2038) sys_display: Display + LVGL initialized (custom config)
I (2043) WT99P4C5_S1_BOARD: Setting LCD backlight: 80%
I (2048) sys_monitor: CPU monitor started (FreeRTOS idle run time, 1 s windows)
I (2055) sys_monitor: FPS tracking attached to display
I (2594) l2d_baseline: model file loaded: /sdcard/esp.live (798660 bytes)
I (2595) l2d_baseline: model CRC32_LE=0x06dce0ed
I (2646) l2d_baseline: model SHA256=786b18e342f3a7b3e67042822f138824aaad610d6c46130f58f5c59bbb379b0b
I (2646) live2d_engine: Live2D engine pool allocated in PSRAM: 16777216 bytes
I (2651) live2d_engine: Importing PainterEngine Live2D model, file size=798660 bytes, pool free=16777216 bytes
I (2705) live2d_engine: Model loaded: id='esp', size=320x320, layers=11, textures=12, animations=1, pool free=15944312 bytes
I (2706) live2d_engine: Using nearest-neighbor pixel shader for ESP renderer
I (2712) live2d_engine: RT30 realtime axes: 4
I (2716) live2d_engine:   axis[0] id='left_eye' default=0 middle=15 bindings=2 sampleBytes=360 stride=12 vidx=0 Q(coord=4 rot=6 stretch=14)
I (2728) live2d_engine:     binding[0] layer=6 id='right_eye' mask=0x0050 vertices=0 sample_offset=0
I (2737) live2d_engine:     binding[1] layer=8 id='left_eyeup' mask=0x0010 vertices=0 sample_offset=6
I (2746) live2d_engine:   axis[1] id='right_eye' default=0 middle=15 bindings=2 sampleBytes=240 stride=8 vidx=0 Q(coord=4 rot=6 stretch=14)
I (2758) live2d_engine:     binding[0] layer=5 id='left_eye' mask=0x0040 vertices=0 sample_offset=0
I (2767) live2d_engine:     binding[1] layer=7 id='right_eyeup' mask=0x0010 vertices=0 sample_offset=2
I (2776) live2d_engine:   axis[2] id='neck' default=15 middle=15 bindings=1 sampleBytes=960 stride=32 vidx=7 Q(coord=4 rot=6 stretch=14)
I (2788) live2d_engine:     binding[0] layer=3 id='neck' mask=0x0028 vertices=7 sample_offset=0
I (2797) live2d_engine:   axis[3] id='face' default=15 middle=15 bindings=11 sampleBytes=27240 stride=908 vidx=227 Q(coord=4 rot=6 stretch=14)
I (2809) live2d_engine:     binding[0] layer=0 id='back_hair' mask=0x0008 vertices=42 sample_offset=0
I (2818) live2d_engine:     binding[1] layer=1 id='cloth' mask=0x0008 vertices=25 sample_offset=168
I (2827) live2d_engine:     binding[2] layer=2 id='face' mask=0x0008 vertices=15 sample_offset=268
I (2836) live2d_engine:     binding[3] layer=3 id='neck' mask=0x0008 vertices=8 sample_offset=328
I (2844) live2d_engine:     binding[4] layer=4 id='mouth' mask=0x0008 vertices=5 sample_offset=360
I (2853) live2d_engine:     binding[5] layer=5 id='left_eye' mask=0x0008 vertices=11 sample_offset=380
I (2862) live2d_engine:     binding[6] layer=6 id='right_eye' mask=0x0008 vertices=10 sample_offset=424
I (2871) live2d_engine:     binding[7] layer=7 id='right_eyeup' mask=0x0008 vertices=13 sample_offset=464
I (2880) live2d_engine:     binding[8] layer=8 id='left_eyeup' mask=0x0008 vertices=13 sample_offset=516
I (2889) live2d_engine:     binding[9] layer=9 id='front_hair' mask=0x0008 vertices=64 sample_offset=568
I (2899) live2d_engine:     binding[10] layer=10 id='hairwear' mask=0x0008 vertices=21 sample_offset=824
I (2908) live2d_engine: Playing default animation index 1/1
I (2913) l2d_baseline: model ready id='esp' size=320x320 layers=11 textures=12 animations=1 load=262ms pool_free=15944312
I (2924) l2d_baseline: RT30 axis_count=4 static=29524 runtime=2392 selectedSample=0
I (2932) l2d_baseline: axis handles: left_eye=0 right_eye=1 neck=2 face=3 mouth=-1
I (2938) l2d_baseline: benchmark axes=4, mouth=absent (mouth sweep skipped)
I (2945) l2d_baseline: render ROI: 320x320 at (352,140), lcd=1024x600
I (2951) sys_display_buf: PSRAM before alloc: total=33554432  free=14282532 largest=13369344
I (2960) sys_display_buf: buffers created: 320x320  ARGB=409600  RGB565=204800 bytes (PSRAM DMA=yes)
I (2968) sys_display_buf: PSRAM after alloc: total=33554432  free=13668124 largest=13369344
I (2978) sys_display_flush: Flush path: 320x320 at (352,140) -> panel direct draw
I (2984) live2d_engine: Internal render scale set to 1.000
I (2996) live2d_renderer: PPA fill transparent clear enabled
I (2997) live2d_renderer: Renderer initialized: 320x320 ARGB8888 -> RGB565 via PPA SRM, rgb_swap=0, byte_swap=0, source block=320x320@(0,0)
I (3006) l2d_baseline: PPA mode: hardware transparent clear + hardware ARGB->RGB565 convert
I (3015) l2d_baseline: heap ready: psram_free=13667128 psram_min=13479712 internal_free=382455
I (3023) l2d_baseline: continuous RT30 drive active on 4 model axes
L2D_META_BEGIN
esp_commit=8941d63031b894a541bc4737f39d6cf048d1171e
live2d_commit=78fc634
idf=v5.5.2
chip=ESP32-P4
cpu_mhz=360
psram_mhz=200
optimization=-O2
render_task=core0,priority6
lvgl_task=core0,priority4
canvas=320x320
slot=none,synchronous ARGB+RGB565 buffers
display=direct panel RGB565
ppa=fill+SRM,blocking,blend unused
model_sha256=786b18e342f3a7b3e67042822f138824aaad610d6c46130f58f5c59bbb379b0b
model_size=798660
model_load_us=262589
layers=11
vertices=227
triangles=257
textures=12
texture_pixels=184235
axes=4
sampler=fast-nearest
profile_stage=1
profile_mode=timing
warmup=5
measure=50
rounds=1
L2D_META_END
L2D_FRAME_HEADER,frame_id,scenario,scale_q100,round,frame,slot_wait_us,controller_us,rt30_us,hierarchy_vertex_us,bounds_us,clear_us,raster_us,cache_sync_us,producer_total_us,publish_consume_us,ppa_wait_us,ppa_blend_us,panel_submit_us,ppa_fill_us,ppa_srm_us,ppa_total_us,clear_cache_sync_us,convert_cache_sync_us,flush_cache_sync_us,cache_sync_total_us,display_lock_wait_us,flush_total_us,frame_total_us,dirty_x,dirty_y,dirty_w,dirty_h,frame_drop,slot_miss,lock_skip,deadline_miss
L2D_SUMMARY_HEADER,scenario,scale_q100,round,metric,count,avg,p50,p95,p99,min,max
L2D_SUMMARY,LOAD,0,0,load_us,1,262589,262589,262589,262589,262589,262589
I (3141) l2d_profile: profile suite: stage=1 rounds=1 frames=50
I (3147) live2d_engine: Internal render scale set to 1.000
L2D_FRAME,6,STATIC,100,1,5,0,18,37,123,3,1123,18760,26,27039,15,7802,0,160,1102,6700,7802,12,0,14,26,14,197,27251,0,0,320,320,0,0,0,0
L2D_FRAME,7,STATIC,100,1,6,0,17,37,122,3,1119,18790,25,27066,14,7808,0,146,1097,6711,7808,12,0,13,25,14,182,27262,0,0,320,320,0,0,0,0
L2D_FRAME,8,STATIC,100,1,7,0,24,79,126,3,1146,18604,25,26946,15,7819,0,154,1124,6695,7819,12,0,13,25,24,200,27161,0,0,320,320,0,0,0,0
L2D_FRAME,9,STATIC,100,1,8,0,24,45,125,3,1149,18733,25,26927,11,7706,0,164,1128,6578,7706,12,0,13,25,616,812,27750,0,0,320,320,0,0,0,0
L2D_FRAME,10,STATIC,100,1,9,0,19,76,123,3,1145,18642,32,26962,11,7813,0,179,1125,6688,7813,11,0,21,32,869,1081,28054,0,0,320,320,0,0,0,0
L2D_FRAME,11,STATIC,100,1,10,0,22,45,128,3,1146,18705,26,26775,11,7583,0,162,1124,6459,7583,12,0,14,26,498,690,27476,0,0,320,320,0,0,0,0
L2D_FRAME,12,STATIC,100,1,11,0,19,76,125,3,1158,18616,25,26838,11,7706,0,155,1137,6569,7706,11,0,14,25,588,767,27616,0,0,320,320,0,0,0,0
L2D_FRAME,13,STATIC,100,1,12,0,12,37,126,3,1112,18779,25,26966,24,7719,0,160,1091,6628,7719,12,0,13,25,729,910,27900,0,0,320,320,0,0,0,0
L2D_FRAME,14,STATIC,100,1,13,0,22,45,129,3,1147,18647,25,26967,23,7818,0,153,1127,6691,7818,12,0,13,25,15,188,27178,0,0,320,320,0,0,0,0
L2D_FRAME,15,STATIC,100,1,14,0,17,37,124,4,1109,18733,25,26821,12,7611,0,171,1088,6523,7611,12,0,13,25,517,713,27546,0,0,320,320,0,0,0,0
L2D_FRAME,16,STATIC,100,1,15,0,16,39,123,3,1122,18703,25,26884,11,7709,0,169,1101,6608,7709,12,0,13,25,20,216,27111,0,0,320,320,0,0,0,0
L2D_FRAME,17,STATIC,100,1,16,0,16,37,124,3,1108,18693,25,26679,11,7511,0,174,1086,6425,7511,12,0,13,25,216,415,27105,0,0,320,320,0,0,0,0
L2D_FRAME,18,STATIC,100,1,17,0,26,74,126,4,1154,18589,25,26679,15,7561,0,169,1128,6433,7561,12,0,13,25,19,207,26901,0,0,320,320,0,0,0,0
L2D_FRAME,19,STATIC,100,1,18,0,16,34,128,3,1149,18777,25,26813,11,7570,0,182,1127,6443,7570,12,0,13,25,20,229,27053,0,0,320,320,0,0,0,0
L2D_FRAME,20,STATIC,100,1,19,0,16,35,151,3,1111,18602,24,26610,11,7508,0,152,1091,6417,7508,11,0,13,24,18,197,26818,0,0,320,320,0,0,0,0
L2D_FRAME,21,STATIC,100,1,20,0,16,35,126,3,1140,18755,24,26780,10,7558,0,166,1120,6438,7558,11,0,13,24,20,215,27005,0,0,320,320,0,0,0,0
L2D_FRAME,22,STATIC,100,1,21,0,16,33,159,3,1122,18628,24,26667,10,7543,0,153,1101,6442,7543,11,0,13,24,20,195,26872,0,0,320,320,0,0,0,0
L2D_FRAME,23,STATIC,100,1,22,0,13,33,126,3,1111,18741,25,26730,11,7524,0,169,1090,6434,7524,12,0,13,25,20,217,26958,0,0,320,320,0,0,0,0
L2D_FRAME,24,STATIC,100,1,23,0,17,38,150,4,1124,18625,25,26650,15,7526,0,164,1102,6424,7526,12,0,13,25,14,202,26867,0,0,320,320,0,0,0,0
L2D_FRAME,25,STATIC,100,1,24,0,16,34,128,3,1123,18728,24,26740,11,7541,0,151,1103,6438,7541,11,0,13,24,20,194,26945,0,0,320,320,0,0,0,0
L2D_FRAME,26,STATIC,100,1,25,0,16,39,153,3,1117,18620,26,26641,15,7523,0,159,1096,6427,7523,12,0,14,26,15,196,26852,0,0,320,320,0,0,0,0
L2D_FRAME,27,STATIC,100,1,26,0,16,35,127,3,1146,18746,25,26760,10,7542,0,152,1124,6418,7542,12,0,13,25,15,193,26963,0,0,320,320,0,0,0,0
L2D_FRAME,28,STATIC,100,1,27,0,17,37,150,3,1139,18580,25,26626,15,7538,0,164,1117,6421,7538,12,0,13,25,14,205,26846,0,0,320,320,0,0,0,0
L2D_FRAME,29,STATIC,100,1,28,0,16,37,126,3,1115,18711,24,26717,11,7530,0,152,1094,6436,7530,11,0,13,24,24,198,26926,0,0,320,320,0,0,0,0
L2D_FRAME,30,STATIC,100,1,29,0,17,35,127,3,1127,18689,24,26705,15,7545,0,164,1106,6439,7545,11,0,13,24,14,208,26928,0,0,320,320,0,0,0,0
L2D_FRAME,31,STATIC,100,1,30,0,17,33,126,3,1116,18595,24,26647,11,7593,0,150,1095,6498,7593,11,0,13,24,20,192,26850,0,0,320,320,0,0,0,0
L2D_FRAME,32,STATIC,100,1,31,0,17,34,126,3,1142,18746,25,26771,10,7547,0,185,1116,6431,7547,12,0,13,25,18,233,27014,0,0,320,320,0,0,0,0
L2D_FRAME,33,STATIC,100,1,32,0,16,38,126,3,1113,18548,25,26595,11,7569,0,157,1091,6478,7569,12,0,13,25,19,199,26805,0,0,320,320,0,0,0,0
L2D_FRAME,34,STATIC,100,1,33,0,16,34,126,3,1150,18724,25,26768,15,7576,0,155,1129,6447,7576,12,0,13,25,18,203,26986,0,0,320,320,0,0,0,0
L2D_FRAME,35,STATIC,100,1,34,0,24,35,125,3,1146,18571,24,26668,11,7625,0,161,1126,6499,7625,11,0,13,24,20,203,26882,0,0,320,320,0,0,0,0
L2D_FRAME,36,STATIC,100,1,35,0,16,37,125,3,1115,18688,25,26686,15,7523,0,155,1094,6429,7523,12,0,13,25,16,194,26895,0,0,320,320,0,0,0,0
L2D_FRAME,37,STATIC,100,1,36,0,25,34,155,3,1117,18599,25,26614,11,7520,0,148,1096,6424,7520,12,0,13,25,20,197,26822,0,0,320,320,0,0,0,0
L2D_FRAME,38,STATIC,100,1,37,0,16,35,123,3,1137,18772,25,26778,10,7537,0,153,1115,6422,7537,12,0,13,25,20,203,26991,0,0,320,320,0,0,0,0
L2D_FRAME,39,STATIC,100,1,38,0,16,38,150,3,1148,18539,25,26585,10,7551,0,157,1126,6425,7551,12,0,13,25,19,205,26800,0,0,320,320,0,0,0,0
L2D_FRAME,40,STATIC,100,1,39,0,24,34,127,3,1153,18807,25,26851,10,7569,0,168,1132,6437,7569,12,0,13,25,24,218,27079,0,0,320,320,0,0,0,0
L2D_FRAME,41,STATIC,100,1,40,0,17,36,160,3,1139,18612,25,26674,15,7557,0,151,1113,6444,7557,12,0,13,25,15,190,26879,0,0,320,320,0,0,0,0
L2D_FRAME,42,STATIC,100,1,41,0,17,34,127,3,1152,18673,25,26702,11,7559,0,146,1130,6429,7559,12,0,13,25,20,188,26901,0,0,320,320,0,0,0,0
L2D_FRAME,43,STATIC,100,1,42,0,17,34,125,3,1126,18638,25,26639,11,7532,0,151,1104,6428,7532,12,0,13,25,20,191,26841,0,0,320,320,0,0,0,0
L2D_FRAME,44,STATIC,100,1,43,0,24,39,125,3,1111,18565,26,26623,11,7579,0,154,1090,6489,7579,12,0,14,26,19,196,26830,0,0,320,320,0,0,0,0
L2D_FRAME,45,STATIC,100,1,44,0,17,35,127,3,1152,18739,25,26790,14,7579,0,169,1130,6449,7579,12,0,13,25,14,211,27015,0,0,320,320,0,0,0,0
L2D_FRAME,46,STATIC,100,1,45,0,24,35,126,3,1141,18550,25,26636,11,7605,0,154,1119,6486,7605,12,0,13,25,20,199,26846,0,0,320,320,0,0,0,0
L2D_FRAME,47,STATIC,100,1,46,0,17,35,126,3,1155,18726,25,26752,15,7545,0,170,1129,6416,7545,12,0,13,25,20,219,26986,0,0,320,320,0,0,0,0
L2D_FRAME,48,STATIC,100,1,47,0,17,34,140,3,1146,18597,24,26695,10,7621,0,154,1125,6496,7621,11,0,13,24,20,197,26902,0,0,320,320,0,0,0,0
L2D_FRAME,49,STATIC,100,1,48,0,24,35,125,3,1146,18708,25,26743,11,7561,0,149,1124,6437,7561,12,0,13,25,16,190,26944,0,0,320,320,0,0,0,0
L2D_FRAME,50,STATIC,100,1,49,0,16,34,93,3,1110,18701,25,26730,15,7588,0,162,1088,6500,7588,12,0,13,25,15,197,26942,0,0,320,320,0,0,0,0
L2D_FRAME,51,STATIC,100,1,50,0,17,43,127,4,894,18788,26,26572,15,7300,0,157,872,6428,7300,12,0,14,26,15,193,26780,0,0,320,320,0,0,0,0
L2D_FRAME,52,STATIC,100,1,51,0,25,34,104,3,981,18664,24,26578,15,7457,0,156,961,6496,7457,11,0,13,24,16,193,26786,0,0,320,320,0,0,0,0
L2D_FRAME,53,STATIC,100,1,52,0,17,34,93,4,1066,18761,25,26665,14,7475,0,160,1044,6431,7475,12,0,13,25,15,198,26877,0,0,320,320,0,0,0,0
L2D_FRAME,54,STATIC,100,1,53,0,24,35,122,3,1115,18641,24,26630,15,7518,0,159,1094,6424,7518,11,0,13,24,14,202,26847,0,0,320,320,0,0,0,0
L2D_FRAME,55,STATIC,100,1,54,0,16,34,126,3,1145,18799,25,26830,10,7547,0,165,1124,6423,7547,12,0,13,25,20,208,27048,0,0,320,320,0,0,0,0
L2D_SUMMARY,STATIC,100,1,slot_wait_us,50,0.00,0,0,0,0,0
L2D_SUMMARY,STATIC,100,1,controller_us,50,18.40,17,25,26,12,26
L2D_SUMMARY,STATIC,100,1,rt30_us,50,39.44,35,76,79,33,79
L2D_SUMMARY,STATIC,100,1,hierarchy_vertex_us,50,128.60,126,155,160,93,160
L2D_SUMMARY,STATIC,100,1,bounds_us,50,3.10,3,4,4,3,4
L2D_SUMMARY,STATIC,100,1,clear_us,50,1123.56,1127,1154,1158,894,1158
L2D_SUMMARY,STATIC,100,1,raster_us,50,18678.94,18689,18790,18807,18539,18807
I (5593) l2d_profile: STATIC scale=100 round=1 raster_us avg=18679 p95=18790 p99=18807 max=18807
L2D_SUMMARY,STATIC,100,1,cache_sync_us,50,25.02,25,26,32,24,32
L2D_SUMMARY,STATIC,100,1,producer_total_us,50,26744.20,26717,26967,27066,26572,27066
I (5614) l2d_profile: STATIC scale=100 round=1 producer_total_us avg=26744 p95=26967 p99=27066 max=27066
L2D_SUMMARY,STATIC,100,1,publish_consume_us,50,12.72,11,15,24,10,24
L2D_SUMMARY,STATIC,100,1,ppa_wait_us,50,7584.94,7558,7813,7819,7300,7819
L2D_SUMMARY,STATIC,100,1,ppa_blend_us,50,0.00,0,0,0,0,0
L2D_SUMMARY,STATIC,100,1,panel_submit_us,50,159.80,157,179,185,146,185
L2D_SUMMARY,STATIC,100,1,frame_drop,50,0.00,0,0,0,0,0
L2D_SUMMARY,STATIC,100,1,ppa_fill_us,50,1101.92,1106,1130,1137,872,1137
L2D_SUMMARY,STATIC,100,1,ppa_srm_us,50,6483.02,6438,6695,6711,6416,6711
L2D_SUMMARY,STATIC,100,1,ppa_total_us,50,7584.94,7558,7813,7819,7300,7819
L2D_SUMMARY,STATIC,100,1,clear_cache_sync_us,50,11.74,12,12,12,11,12
L2D_SUMMARY,STATIC,100,1,convert_cache_sync_us,50,0.00,0,0,0,0,0
L2D_SUMMARY,STATIC,100,1,flush_cache_sync_us,50,13.28,13,14,21,13,21
L2D_SUMMARY,STATIC,100,1,cache_sync_total_us,50,25.02,25,26,32,24,32
L2D_SUMMARY,STATIC,100,1,display_lock_wait_us,50,96.12,20,616,869,14,869
L2D_SUMMARY,STATIC,100,1,flush_total_us,50,280.92,200,812,1081,182,1081
L2D_SUMMARY,STATIC,100,1,frame_total_us,50,27037.84,26942,27750,28054,26780,28054
L2D_SUMMARY,STATIC,100,1,slot_miss,50,0.00,0,0,0,0,0
L2D_SUMMARY,STATIC,100,1,lock_skip,50,0.00,0,0,0,0,0
L2D_SUMMARY,STATIC,100,1,deadline_miss,50,0.00,0,0,0,0,0
I (5729) l2d_profile: done STATIC scale=100 round=1
L2D_FRAME,61,EYE_L_SWEEP,100,1,5,0,57,679,4636,3,1610,18581,25,32259,15,8013,0,160,1588,6425,8013,12,0,13,25,14,200,32474,0,0,320,320,0,0,0,0
L2D_FRAME,62,EYE_L_SWEEP,100,1,6,0,56,679,4623,3,1603,18624,25,32281,11,8011,0,152,1579,6432,8011,12,0,13,25,15,194,32486,0,0,320,320,0,0,0,0
L2D_FRAME,63,EYE_L_SWEEP,100,1,7,0,57,691,4641,4,1596,18508,26,32193,15,8008,0,152,1574,6434,8008,12,0,14,26,15,189,32397,0,0,320,320,0,0,0,0
L2D_FRAME,64,EYE_L_SWEEP,100,1,8,0,56,679,4627,3,1607,18601,25,32290,14,8013,0,159,1585,6428,8013,12,0,13,25,16,204,32508,0,0,320,320,0,0,0,0
L2D_FRAME,65,EYE_L_SWEEP,100,1,9,0,57,709,4636,3,1480,18443,25,32052,11,7894,0,149,1458,6436,7894,12,0,13,25,19,196,32259,0,0,320,320,0,0,0,0
L2D_FRAME,66,EYE_L_SWEEP,100,1,10,0,57,673,4637,3,1612,18628,25,32324,11,8025,0,151,1590,6435,8025,12,0,13,25,14,195,32530,0,0,320,320,0,0,0,0
L2D_FRAME,67,EYE_L_SWEEP,100,1,11,0,57,709,4650,3,1593,18469,26,32204,15,8007,0,164,1572,6435,8007,13,0,13,26,18,203,32422,0,0,320,320,0,0,0,0
L2D_FRAME,68,EYE_L_SWEEP,100,1,12,0,57,691,4642,4,1592,18653,26,32354,15,8019,0,159,1571,6448,8019,12,0,14,26,19,201,32570,0,0,320,320,0,0,0,0
L2D_FRAME,69,EYE_L_SWEEP,100,1,13,0,57,697,4654,3,1605,18483,26,32209,15,8030,0,165,1584,6446,8030,12,0,14,26,14,200,32424,0,0,320,320,0,0,0,0
L2D_FRAME,70,EYE_L_SWEEP,100,1,14,0,57,671,4650,3,1584,18580,25,32269,15,7995,0,155,1562,6433,7995,12,0,13,25,15,189,32473,0,0,320,320,0,0,0,0
L2D_FRAME,71,EYE_L_SWEEP,100,1,15,0,57,692,4642,3,1605,18481,26,32186,11,8022,0,161,1584,6438,8022,13,0,13,26,18,208,32405,0,0,320,320,0,0,0,0
L2D_FRAME,72,EYE_L_SWEEP,100,1,16,0,57,679,4645,3,1595,18556,24,32275,10,8023,0,153,1575,6448,8023,11,0,13,24,19,200,32485,0,0,320,320,0,0,0,0
L2D_FRAME,73,EYE_L_SWEEP,100,1,17,0,57,697,4643,3,1609,18501,25,32213,11,8031,0,151,1588,6443,8031,12,0,13,25,18,198,32422,0,0,320,320,0,0,0,0
L2D_FRAME,74,EYE_L_SWEEP,100,1,18,0,57,669,4650,3,1619,18629,26,32334,15,8041,0,150,1598,6443,8041,12,0,14,26,14,189,32538,0,0,320,320,0,0,0,0
L2D_FRAME,75,EYE_L_SWEEP,100,1,19,0,57,703,4651,3,1611,18469,25,32236,11,8075,0,161,1590,6485,8075,12,0,13,25,18,204,32451,0,0,320,320,0,0,0,0
L2D_FRAME,76,EYE_L_SWEEP,100,1,20,0,65,677,4654,3,1600,18642,25,32488,14,8163,0,164,1579,6584,8163,12,0,13,25,15,201,32703,0,0,320,320,0,0,0,0
L2D_FRAME,77,EYE_L_SWEEP,100,1,21,0,56,681,4649,3,1605,18520,25,32388,15,8173,0,166,1584,6589,8173,12,0,13,25,1076,1263,33666,0,0,320,320,0,0,0,1
L2D_FRAME,78,EYE_L_SWEEP,100,1,22,0,54,618,4573,3,1614,18661,24,32509,15,8293,0,165,1593,6700,8293,11,0,13,24,14,202,32726,0,0,320,320,0,0,0,0
L2D_FRAME,79,EYE_L_SWEEP,100,1,23,0,57,590,4628,3,1624,18690,35,32569,14,8293,0,149,1593,6700,8293,22,0,13,35,15,185,32768,0,0,320,320,0,0,0,0
L2D_FRAME,80,EYE_L_SWEEP,100,1,24,0,57,668,4616,3,1563,18574,25,32495,15,8253,0,165,1542,6711,8253,12,0,13,25,1091,1283,33793,0,0,320,320,0,0,0,1
L2D_FRAME,81,EYE_L_SWEEP,100,1,25,0,54,606,4583,3,1610,18631,25,32215,15,8041,0,147,1588,6453,8041,12,0,13,25,18,216,32446,0,0,320,320,0,0,0,0
L2D_FRAME,82,EYE_L_SWEEP,100,1,26,0,57,671,4644,3,1586,18719,24,32378,15,7996,0,169,1566,6430,7996,11,0,13,24,14,212,32605,0,0,320,320,0,0,0,0
L2D_FRAME,83,EYE_L_SWEEP,100,1,27,0,57,706,4599,3,1589,18600,25,32283,11,7991,0,148,1566,6425,7991,12,0,13,25,16,194,32488,0,0,320,320,0,0,0,0
L2D_FRAME,84,EYE_L_SWEEP,100,1,28,0,57,680,4619,3,1587,18755,25,32423,11,8020,0,156,1566,6454,8020,12,0,13,25,14,195,32629,0,0,320,320,0,0,0,0
L2D_FRAME,85,EYE_L_SWEEP,100,1,29,0,58,699,4638,3,1599,18563,26,32248,11,8007,0,157,1578,6429,8007,12,0,14,26,16,203,32462,0,0,320,320,0,0,0,0
L2D_FRAME,86,EYE_L_SWEEP,100,1,30,0,57,669,4629,3,1570,18736,25,32393,15,7994,0,156,1549,6445,7994,11,0,14,25,15,197,32605,0,0,320,320,0,0,0,0
L2D_FRAME,87,EYE_L_SWEEP,100,1,31,0,57,679,4616,3,1612,18552,25,32244,11,8020,0,162,1590,6430,8020,12,0,13,25,19,204,32459,0,0,320,320,0,0,0,0
L2D_FRAME,88,EYE_L_SWEEP,100,1,32,0,57,671,4631,4,1584,18645,25,32294,11,8002,0,153,1560,6442,8002,12,0,13,25,20,196,32501,0,0,320,320,0,0,0,0
L2D_FRAME,89,EYE_L_SWEEP,100,1,33,0,57,685,4627,3,1616,18494,24,32171,15,8028,0,160,1592,6436,8028,11,0,13,24,14,204,32390,0,0,320,320,0,0,0,0
L2D_FRAME,90,EYE_L_SWEEP,100,1,34,0,54,679,4643,3,1597,18594,26,32266,11,8008,0,154,1576,6432,8008,12,0,14,26,20,202,32479,0,0,320,320,0,0,0,0
L2D_FRAME,91,EYE_L_SWEEP,100,1,35,0,57,696,4630,3,1624,18400,25,32130,15,8048,0,159,1604,6444,8048,11,0,14,25,15,206,32351,0,0,320,320,0,0,0,0
L2D_FRAME,92,EYE_L_SWEEP,100,1,36,0,57,687,4652,3,1611,18604,25,32317,11,8026,0,154,1590,6436,8026,12,0,13,25,20,201,32529,0,0,320,320,0,0,0,0
L2D_FRAME,93,EYE_L_SWEEP,100,1,37,0,57,684,4641,3,1570,18456,25,32142,11,7990,0,154,1548,6442,7990,12,0,13,25,18,200,32353,0,0,320,320,0,0,0,0
L2D_FRAME,94,EYE_L_SWEEP,100,1,38,0,57,697,4659,3,1579,18637,24,32332,15,7996,0,159,1559,6437,7996,11,0,13,24,16,203,32550,0,0,320,320,0,0,0,0
L2D_FRAME,95,EYE_L_SWEEP,100,1,39,0,57,682,4650,3,1555,18431,26,32121,11,7978,0,157,1534,6444,7978,12,0,14,26,19,199,32331,0,0,320,320,0,0,0,0
L2D_FRAME,96,EYE_L_SWEEP,100,1,40,0,57,690,4639,3,1566,18599,26,32255,11,7980,0,156,1544,6436,7980,13,0,13,26,23,200,32466,0,0,320,320,0,0,0,0
L2D_FRAME,97,EYE_L_SWEEP,100,1,41,0,57,695,4657,3,1588,18431,25,32133,11,7999,0,151,1563,6436,7999,12,0,13,25,14,199,32343,0,0,320,320,0,0,0,0
L2D_FRAME,98,EYE_L_SWEEP,100,1,42,0,66,686,4644,3,1573,18596,25,32288,14,7988,0,155,1552,6436,7988,12,0,13,25,15,190,32492,0,0,320,320,0,0,0,0
L2D_FRAME,99,EYE_L_SWEEP,100,1,43,0,56,703,4646,3,1599,18519,25,32244,11,8031,0,150,1578,6453,8031,12,0,13,25,18,193,32448,0,0,320,320,0,0,0,0
L2D_FRAME,100,EYE_L_SWEEP,100,1,44,0,65,687,4643,3,1609,18634,25,32336,11,8017,0,162,1588,6429,8017,11,0,14,25,18,206,32553,0,0,320,320,0,0,0,0
L2D_FRAME,101,EYE_L_SWEEP,100,1,45,0,57,674,4643,3,1625,18492,55,32202,15,8011,0,165,1574,6437,8011,41,0,14,55,18,206,32423,0,0,320,320,0,0,0,0
L2D_FRAME,102,EYE_L_SWEEP,100,1,46,0,57,681,4650,3,1592,18674,25,32455,14,8104,0,149,1571,6533,8104,12,0,13,25,14,186,32655,0,0,320,320,0,0,0,0
L2D_FRAME,103,EYE_L_SWEEP,100,1,47,0,57,678,4650,3,1585,18514,25,32441,15,8254,0,151,1564,6690,8254,12,0,13,25,14,189,32645,0,0,320,320,0,0,0,0
L2D_FRAME,104,EYE_L_SWEEP,100,1,48,0,57,674,4647,3,1602,18740,27,32580,11,8166,0,154,1574,6592,8166,13,0,14,27,16,200,32791,0,0,320,320,0,0,0,0
L2D_FRAME,105,EYE_L_SWEEP,100,1,49,0,57,674,4660,3,1596,18627,25,32661,30,8343,0,150,1571,6772,8343,12,0,13,25,14,183,32874,0,0,320,320,0,0,0,0
L2D_FRAME,106,EYE_L_SWEEP,100,1,50,0,57,678,4640,3,1579,18680,25,32595,14,8249,0,162,1558,6691,8249,12,0,13,25,18,203,32812,0,0,320,320,0,0,0,0
L2D_FRAME,107,EYE_L_SWEEP,100,1,51,0,57,688,4642,3,1631,18669,25,32658,15,8296,0,154,1609,6687,8296,12,0,13,25,14,194,32867,0,0,320,320,0,0,0,0
L2D_FRAME,108,EYE_L_SWEEP,100,1,52,0,56,629,4593,3,1617,18593,30,32459,15,8287,0,150,1587,6700,8287,16,0,14,30,14,191,32665,0,0,320,320,0,0,0,0
L2D_FRAME,109,EYE_L_SWEEP,100,1,53,0,57,684,4609,3,1580,18713,26,32624,15,8269,0,155,1559,6710,8269,13,0,13,26,14,195,32834,0,0,320,320,0,0,0,0
L2D_FRAME,110,EYE_L_SWEEP,100,1,54,0,57,690,4609,3,1580,18620,25,32524,15,8259,0,148,1558,6701,8259,12,0,13,25,14,188,32727,0,0,320,320,0,0,0,0
L2D_SUMMARY,EYE_L_SWEEP,100,1,slot_wait_us,50,0.00,0,0,0,0,0
L2D_SUMMARY,EYE_L_SWEEP,100,1,controller_us,50,57.24,57,65,66,54,66
L2D_SUMMARY,EYE_L_SWEEP,100,1,rt30_us,50,679.08,681,706,709,590,709
L2D_SUMMARY,EYE_L_SWEEP,100,1,hierarchy_vertex_us,50,4635.60,4642,4657,4660,4573,4660
L2D_SUMMARY,EYE_L_SWEEP,100,1,bounds_us,50,3.06,3,4,4,3,4
L2D_SUMMARY,EYE_L_SWEEP,100,1,clear_us,50,1594.76,1597,1624,1631,1480,1631
L2D_SUMMARY,EYE_L_SWEEP,100,1,raster_us,50,18584.22,18596,18736,18755,18400,18755
I (8191) l2d_profile: EYE_L_SWEEP scale=100 round=1 raster_us avg=18584 p95=18736 p99=18755 max=18755
L2D_SUMMARY,EYE_L_SWEEP,100,1,cache_sync_us,50,26.06,25,30,55,24,55
L2D_SUMMARY,EYE_L_SWEEP,100,1,producer_total_us,50,32330.80,32288,32624,32661,32052,32661
I (8214) l2d_profile: EYE_L_SWEEP scale=100 round=1 producer_total_us avg=32331 p95=32624 p99=32661 max=32661
L2D_SUMMARY,EYE_L_SWEEP,100,1,publish_consume_us,50,13.48,14,15,30,10,30
L2D_SUMMARY,EYE_L_SWEEP,100,1,ppa_wait_us,50,8075.60,8022,8293,8343,7894,8343
L2D_SUMMARY,EYE_L_SWEEP,100,1,ppa_blend_us,50,0.00,0,0,0,0,0
L2D_SUMMARY,EYE_L_SWEEP,100,1,panel_submit_us,50,156.16,155,165,169,147,169
L2D_SUMMARY,EYE_L_SWEEP,100,1,frame_drop,50,0.00,0,0,0,0,0
L2D_SUMMARY,EYE_L_SWEEP,100,1,ppa_fill_us,50,1572.10,1574,1598,1609,1458,1609
L2D_SUMMARY,EYE_L_SWEEP,100,1,ppa_srm_us,50,6503.50,6443,6710,6772,6425,6772
L2D_SUMMARY,EYE_L_SWEEP,100,1,ppa_total_us,50,8075.60,8022,8293,8343,7894,8343
L2D_SUMMARY,EYE_L_SWEEP,100,1,clear_cache_sync_us,50,12.80,12,16,41,11,41
L2D_SUMMARY,EYE_L_SWEEP,100,1,convert_cache_sync_us,50,0.00,0,0,0,0,0
L2D_SUMMARY,EYE_L_SWEEP,100,1,flush_cache_sync_us,50,13.26,13,14,14,13,14
L2D_SUMMARY,EYE_L_SWEEP,100,1,cache_sync_total_us,50,26.06,25,30,55,24,55
L2D_SUMMARY,EYE_L_SWEEP,100,1,display_lock_wait_us,50,58.98,16,23,1091,14,1091
L2D_SUMMARY,EYE_L_SWEEP,100,1,flush_total_us,50,241.18,200,216,1283,183,1283
L2D_SUMMARY,EYE_L_SWEEP,100,1,frame_total_us,50,32585.46,32492,32874,33793,32259,33793
L2D_SUMMARY,EYE_L_SWEEP,100,1,slot_miss,50,0.00,0,0,0,0,0
L2D_SUMMARY,EYE_L_SWEEP,100,1,lock_skip,50,0.00,0,0,0,0,0
L2D_SUMMARY,EYE_L_SWEEP,100,1,deadline_miss,50,0.04,0,0,1,0,1
I (8338) l2d_profile: done EYE_L_SWEEP scale=100 round=1
L2D_FRAME,116,NECK_SWEEP,100,1,5,0,65,688,4879,3,1599,19008,24,33198,10,8266,0,187,1578,6688,8266,11,0,13,24,18,232,33440,0,0,320,320,0,0,0,1
L2D_FRAME,117,NECK_SWEEP,100,1,6,0,57,606,4862,4,1590,18847,26,32910,11,8252,0,161,1568,6684,8252,12,0,14,26,20,207,33128,0,0,320,320,0,0,0,0
L2D_FRAME,118,NECK_SWEEP,100,1,7,0,57,607,4862,3,1581,18767,25,32889,15,8254,0,162,1559,6695,8254,12,0,13,25,14,197,33101,0,0,320,320,0,0,0,0
L2D_FRAME,119,NECK_SWEEP,100,1,8,0,53,697,4837,3,1561,18792,60,32898,15,8213,0,173,1533,6680,8213,18,0,42,60,15,245,33158,0,0,320,320,0,0,0,0
L2D_FRAME,120,NECK_SWEEP,100,1,9,0,53,707,4834,3,1563,18878,21,32978,24,7982,0,150,1542,6440,7982,12,0,9,21,206,378,33380,0,0,320,320,0,0,0,1
L2D_FRAME,121,NECK_SWEEP,100,1,10,0,53,681,4853,3,1577,18734,24,32671,15,8058,0,151,1557,6501,8058,11,0,13,24,15,185,32871,0,0,320,320,0,0,0,0
L2D_FRAME,122,NECK_SWEEP,100,1,11,0,62,686,4860,3,1615,18841,24,32768,11,8034,0,158,1594,6440,8034,11,0,13,24,20,199,32978,0,0,320,320,0,0,0,0
L2D_FRAME,123,NECK_SWEEP,100,1,12,0,60,702,4855,3,1559,18807,24,32683,11,7967,0,159,1535,6432,7967,11,0,13,24,16,202,32896,0,0,320,320,0,0,0,0
L2D_FRAME,124,NECK_SWEEP,100,1,13,0,53,727,4825,3,1603,18725,25,32672,11,8009,0,157,1581,6428,8009,12,0,13,25,14,196,32879,0,0,320,320,0,0,0,0
L2D_FRAME,125,NECK_SWEEP,100,1,14,0,53,702,4648,3,1586,18796,25,32517,11,8010,0,155,1561,6449,8010,12,0,13,25,20,207,32735,0,0,320,320,0,0,0,0
L2D_FRAME,126,NECK_SWEEP,100,1,15,0,53,696,4852,3,1610,18755,25,32754,14,8095,0,151,1589,6506,8095,12,0,13,25,15,195,32963,0,0,320,320,0,0,0,0
L2D_FRAME,127,NECK_SWEEP,100,1,16,0,53,681,4859,3,1587,18885,25,32801,10,8012,0,158,1565,6447,8012,12,0,13,25,15,199,33010,0,0,320,320,0,0,0,0
L2D_FRAME,128,NECK_SWEEP,100,1,17,0,53,688,4861,3,1591,18903,24,32968,11,8158,0,161,1570,6588,8158,11,0,13,24,14,205,33184,0,0,320,320,0,0,0,0
L2D_FRAME,129,NECK_SWEEP,100,1,18,0,61,718,4835,3,1601,18770,25,32987,14,8274,0,153,1579,6695,8274,12,0,13,25,24,199,33200,0,0,320,320,0,0,0,0
L2D_FRAME,130,NECK_SWEEP,100,1,19,0,53,687,4875,3,1572,18861,24,32992,11,8237,0,154,1551,6686,8237,11,0,13,24,14,197,33200,0,0,320,320,0,0,0,0
L2D_FRAME,131,NECK_SWEEP,100,1,20,0,53,625,4851,4,1595,18881,25,32954,15,8259,0,156,1574,6685,8259,12,0,13,25,14,193,33162,0,0,320,320,0,0,0,0
L2D_FRAME,132,NECK_SWEEP,100,1,21,0,57,707,4827,3,1550,18796,25,32918,11,8239,0,158,1528,6711,8239,12,0,13,25,18,203,33132,0,0,320,320,0,0,0,0
L2D_FRAME,133,NECK_SWEEP,100,1,22,0,53,702,4844,3,1563,18846,25,32841,15,8098,0,158,1542,6556,8098,12,0,13,25,566,753,33609,0,0,320,320,0,0,0,1
L2D_FRAME,134,NECK_SWEEP,100,1,23,0,53,611,4842,4,1612,18792,24,32638,14,8043,0,161,1591,6452,8043,11,0,13,24,15,199,32851,0,0,320,320,0,0,0,0
L2D_FRAME,135,NECK_SWEEP,100,1,24,0,53,726,4818,3,1595,18736,24,32657,11,8001,0,153,1574,6427,8001,11,0,13,24,14,193,32861,0,0,320,320,0,0,0,0
L2D_FRAME,136,NECK_SWEEP,100,1,25,0,53,689,4843,3,1611,18917,24,32802,11,8008,0,167,1590,6418,8008,11,0,13,24,16,209,33022,0,0,320,320,0,0,0,0
L2D_FRAME,137,NECK_SWEEP,100,1,26,0,53,700,4872,3,1606,18759,25,32751,11,8080,0,158,1585,6495,8080,12,0,13,25,16,200,32962,0,0,320,320,0,0,0,0
L2D_FRAME,138,NECK_SWEEP,100,1,27,0,53,693,4868,3,1612,18826,25,32773,11,8037,0,154,1591,6446,8037,11,0,14,25,20,196,32980,0,0,320,320,0,0,0,0
L2D_FRAME,139,NECK_SWEEP,100,1,28,0,66,693,4873,3,1592,18977,24,32978,11,8079,0,168,1572,6507,8079,11,0,13,24,14,209,33198,0,0,320,320,0,0,0,0
L2D_FRAME,140,NECK_SWEEP,100,1,29,0,57,720,4861,3,1608,18831,25,32924,10,8162,0,162,1583,6579,8162,12,0,13,25,1070,1265,34199,0,0,320,320,0,0,0,1
L2D_FRAME,141,NECK_SWEEP,100,1,30,0,54,585,4791,3,1613,18867,24,32866,10,8275,0,169,1592,6683,8275,11,0,13,24,16,217,33093,0,0,320,320,0,0,0,0
L2D_FRAME,142,NECK_SWEEP,100,1,31,0,56,698,4836,3,1557,18796,25,32920,11,8249,0,165,1536,6713,8249,12,0,13,25,20,214,33145,0,0,320,320,0,0,0,0
L2D_FRAME,143,NECK_SWEEP,100,1,32,0,57,698,4842,3,1575,18892,25,32944,10,8174,0,177,1554,6620,8174,12,0,13,25,696,900,33854,0,0,320,320,0,0,0,1
L2D_FRAME,144,NECK_SWEEP,100,1,33,0,53,590,4838,3,1579,18610,25,32458,15,8081,0,156,1559,6522,8081,12,0,13,25,16,192,32665,0,0,320,320,0,0,0,0
L2D_FRAME,145,NECK_SWEEP,100,1,34,0,57,689,4845,3,1603,18798,25,32726,14,8030,0,149,1582,6448,8030,12,0,13,25,15,186,32926,0,0,320,320,0,0,0,0
L2D_FRAME,146,NECK_SWEEP,100,1,35,0,57,683,4843,3,1578,18723,24,32597,10,7991,0,157,1557,6434,7991,11,0,13,24,15,197,32804,0,0,320,320,0,0,0,0
L2D_FRAME,147,NECK_SWEEP,100,1,36,0,57,688,4880,3,1544,18732,26,32605,11,7964,0,187,1523,6441,7964,12,0,14,26,14,237,32853,0,0,320,320,0,0,0,0
L2D_FRAME,148,NECK_SWEEP,100,1,37,0,57,691,4870,3,1583,18856,26,32761,11,8004,0,151,1562,6442,8004,12,0,14,26,19,197,32969,0,0,320,320,0,0,0,0
L2D_FRAME,149,NECK_SWEEP,100,1,38,0,57,714,4864,3,1622,18787,26,32805,14,8087,0,153,1596,6491,8087,13,0,13,26,14,201,33020,0,0,320,320,0,0,0,0
L2D_FRAME,150,NECK_SWEEP,100,1,39,0,57,693,4867,3,1627,18855,25,32977,11,8215,0,158,1606,6609,8215,12,0,13,25,15,204,33192,0,0,320,320,0,0,0,0
L2D_FRAME,151,NECK_SWEEP,100,1,40,0,57,696,4867,3,1594,18972,32,33145,15,8265,0,163,1573,6692,8265,11,0,21,32,16,210,33370,0,0,320,320,0,0,0,1
L2D_FRAME,152,NECK_SWEEP,100,1,41,0,57,526,4829,4,1639,18685,41,32761,15,8362,0,158,1597,6765,8362,28,0,13,41,14,201,32977,0,0,320,320,0,0,0,0
L2D_FRAME,153,NECK_SWEEP,100,1,42,0,57,691,4837,3,1557,18827,25,32933,22,8237,0,156,1535,6702,8237,12,0,13,25,14,193,33148,0,0,320,320,0,0,0,0
L2D_FRAME,154,NECK_SWEEP,100,1,43,0,86,690,4830,3,1554,18843,25,32923,11,8191,0,164,1533,6658,8191,12,0,13,25,783,987,33921,0,0,320,320,0,0,0,1
L2D_FRAME,155,NECK_SWEEP,100,1,44,0,53,577,4839,3,1618,18843,24,32634,11,8030,0,157,1598,6432,8030,11,0,13,24,18,206,32851,0,0,320,320,0,0,0,0
L2D_FRAME,156,NECK_SWEEP,100,1,45,0,56,725,4833,3,1594,18718,25,32650,11,7989,0,158,1570,6419,7989,12,0,13,25,15,197,32858,0,0,320,320,0,0,0,0
L2D_FRAME,157,NECK_SWEEP,100,1,46,0,56,694,4858,3,1610,18828,25,32736,11,8011,0,151,1590,6421,8011,11,0,14,25,14,193,32940,0,0,320,320,0,0,0,0
L2D_FRAME,158,NECK_SWEEP,100,1,47,0,57,713,4872,3,1578,18765,25,32758,15,8050,0,152,1556,6494,8050,12,0,13,25,16,190,32963,0,0,320,320,0,0,0,0
L2D_FRAME,159,NECK_SWEEP,100,1,48,0,57,689,4882,3,1624,18888,26,32824,11,8019,0,153,1602,6417,8019,12,0,14,26,16,199,33034,0,0,320,320,0,0,0,0
L2D_FRAME,160,NECK_SWEEP,100,1,49,0,57,693,4879,3,1617,18923,24,33023,11,8173,0,153,1596,6577,8173,11,0,13,24,23,208,33242,0,0,320,320,0,0,0,0
L2D_FRAME,161,NECK_SWEEP,100,1,50,0,57,727,4870,3,1597,18889,25,33171,11,8334,0,169,1577,6757,8334,11,0,14,25,16,210,33392,0,0,320,320,0,0,0,1
L2D_FRAME,162,NECK_SWEEP,100,1,51,0,53,657,4854,3,1597,18855,26,32987,15,8270,0,153,1576,6694,8270,12,0,14,26,15,190,33192,0,0,320,320,0,0,0,0
L2D_FRAME,163,NECK_SWEEP,100,1,52,0,87,597,4873,3,1593,18941,25,33079,11,8274,0,150,1572,6702,8274,12,0,13,25,16,192,33282,0,0,320,320,0,0,0,0
L2D_FRAME,164,NECK_SWEEP,100,1,53,0,57,715,4852,3,1555,18752,26,32968,11,8303,0,155,1533,6770,8303,13,0,13,26,30,211,33190,0,0,320,320,0,0,0,0
L2D_FRAME,165,NECK_SWEEP,100,1,54,0,57,705,4853,3,1581,18892,26,32796,11,8002,0,156,1559,6443,8002,13,0,13,26,20,203,33010,0,0,320,320,0,0,0,0
L2D_SUMMARY,NECK_SWEEP,100,1,slot_wait_us,50,0.00,0,0,0,0,0
L2D_SUMMARY,NECK_SWEEP,100,1,controller_us,50,57.12,57,66,87,53,87
L2D_SUMMARY,NECK_SWEEP,100,1,rt30_us,50,679.26,693,726,727,526,727
L2D_SUMMARY,NECK_SWEEP,100,1,hierarchy_vertex_us,50,4848.00,4853,4879,4882,4648,4882
L2D_SUMMARY,NECK_SWEEP,100,1,bounds_us,50,3.08,3,4,4,3,4
L2D_SUMMARY,NECK_SWEEP,100,1,clear_us,50,1590.56,1593,1624,1639,1544,1639
L2D_SUMMARY,NECK_SWEEP,100,1,raster_us,50,18825.34,18828,18972,19008,18610,19008
I (10828) l2d_profile: NECK_SWEEP scale=100 round=1 raster_us avg=18825 p95=18972 p99=19008 max=19008
L2D_SUMMARY,NECK_SWEEP,100,1,cache_sync_us,50,25.96,25,32,60,21,60
L2D_SUMMARY,NECK_SWEEP,100,1,producer_total_us,50,32839.38,32824,33145,33198,32458,33198
I (10851) l2d_profile: NECK_SWEEP scale=100 round=1 producer_total_us avg=32839 p95=33145 p99=33198 max=33198
L2D_SUMMARY,NECK_SWEEP,100,1,publish_consume_us,50,12.46,11,15,24,10,24
L2D_SUMMARY,NECK_SWEEP,100,1,ppa_wait_us,50,8128.14,8087,8303,8362,7964,8362
L2D_SUMMARY,NECK_SWEEP,100,1,ppa_blend_us,50,0.00,0,0,0,0,0
L2D_SUMMARY,NECK_SWEEP,100,1,panel_submit_us,50,159.10,157,177,187,149,187
L2D_SUMMARY,NECK_SWEEP,100,1,frame_drop,50,0.00,0,0,0,0,0
L2D_SUMMARY,NECK_SWEEP,100,1,ppa_fill_us,50,1568.52,1572,1598,1606,1523,1606
L2D_SUMMARY,NECK_SWEEP,100,1,ppa_srm_us,50,6559.62,6507,6757,6770,6417,6770
L2D_SUMMARY,NECK_SWEEP,100,1,ppa_total_us,50,8128.14,8087,8303,8362,7964,8362
L2D_SUMMARY,NECK_SWEEP,100,1,clear_cache_sync_us,50,12.14,12,13,28,11,28
L2D_SUMMARY,NECK_SWEEP,100,1,convert_cache_sync_us,50,0.00,0,0,0,0,0
L2D_SUMMARY,NECK_SWEEP,100,1,flush_cache_sync_us,50,13.82,13,14,42,9,42
L2D_SUMMARY,NECK_SWEEP,100,1,cache_sync_total_us,50,25.96,25,32,60,21,60
L2D_SUMMARY,NECK_SWEEP,100,1,display_lock_wait_us,50,81.38,16,696,1070,14,1070
L2D_SUMMARY,NECK_SWEEP,100,1,flush_total_us,50,267.96,201,900,1265,185,1265
L2D_SUMMARY,NECK_SWEEP,100,1,frame_total_us,50,33119.80,33034,33854,34199,32665,34199
L2D_SUMMARY,NECK_SWEEP,100,1,slot_miss,50,0.00,0,0,0,0,0
L2D_SUMMARY,NECK_SWEEP,100,1,lock_skip,50,0.00,0,0,0,0,0
L2D_SUMMARY,NECK_SWEEP,100,1,deadline_miss,50,0.16,0,1,1,0,1
I (10973) l2d_profile: done NECK_SWEEP scale=100 round=1
L2D_FRAME,171,FACE_SWEEP,100,1,5,0,55,1001,4645,3,1612,18861,25,32889,11,8025,0,162,1589,6436,8025,12,0,13,25,15,207,33107,0,0,320,320,0,0,0,0
L2D_FRAME,172,FACE_SWEEP,100,1,6,0,53,1005,4624,3,1580,18914,25,32886,11,8000,0,152,1558,6442,8000,12,0,13,25,14,193,33090,0,0,320,320,0,0,0,0
L2D_FRAME,173,FACE_SWEEP,100,1,7,0,60,1010,4624,3,1613,18663,26,32816,15,8170,0,171,1591,6579,8170,12,0,14,26,15,220,33051,0,0,320,320,0,0,0,0
L2D_FRAME,174,FACE_SWEEP,100,1,8,0,53,985,4612,4,1622,18870,25,33103,15,8294,0,151,1600,6694,8294,12,0,13,25,16,194,33312,0,0,320,320,0,0,0,0
L2D_FRAME,175,FACE_SWEEP,100,1,9,0,49,939,4626,3,1593,18736,26,32902,14,8252,0,171,1571,6681,8252,13,0,13,26,18,219,33135,0,0,320,320,0,0,0,0
L2D_FRAME,176,FACE_SWEEP,100,1,10,0,53,942,4626,3,1590,18702,25,32902,14,8264,0,166,1566,6698,8264,12,0,13,25,1098,1286,34202,0,0,320,320,0,0,0,1
L2D_FRAME,177,FACE_SWEEP,100,1,11,0,53,919,4622,3,1645,18718,26,32640,11,8033,0,148,1622,6411,8033,12,0,14,26,16,190,32841,0,0,320,320,0,0,0,0
L2D_FRAME,178,FACE_SWEEP,100,1,12,0,53,997,4626,1,1594,18745,25,32739,11,8012,0,151,1572,6440,8012,12,0,13,25,14,192,32942,0,0,320,320,0,0,0,0
L2D_FRAME,179,FACE_SWEEP,100,1,13,0,53,997,4624,13,1617,18544,26,32644,15,8124,0,149,1594,6530,8124,12,0,14,26,16,186,32845,0,0,320,320,0,0,0,0
L2D_FRAME,180,FACE_SWEEP,100,1,14,0,53,1000,4635,3,1593,18700,25,32870,15,8004,0,155,1572,6432,8004,11,0,14,25,16,192,33077,0,0,320,320,0,0,0,0
L2D_FRAME,181,FACE_SWEEP,100,1,15,0,52,972,4627,3,1617,18804,26,32793,15,8037,0,161,1593,6444,8037,12,0,14,26,15,201,33009,0,0,320,320,0,0,0,0
L2D_FRAME,182,FACE_SWEEP,100,1,16,0,53,1006,4634,3,1603,18707,25,32713,11,8022,0,160,1581,6441,8022,12,0,13,25,16,205,32929,0,0,320,320,0,0,0,0
L2D_FRAME,183,FACE_SWEEP,100,1,17,0,53,999,4639,3,1600,18729,26,32729,15,8014,0,152,1579,6435,8014,12,0,14,26,16,195,32939,0,0,320,320,0,0,0,0
L2D_FRAME,184,FACE_SWEEP,100,1,18,0,61,995,4627,3,1611,18613,25,32841,15,8260,0,157,1589,6671,8260,12,0,13,25,14,198,33054,0,0,320,320,0,0,0,0
L2D_FRAME,185,FACE_SWEEP,100,1,19,0,50,1001,4632,3,1570,18817,25,33038,14,8240,0,187,1548,6692,8240,12,0,13,25,14,224,33276,0,0,320,320,0,0,0,0
L2D_FRAME,186,FACE_SWEEP,100,1,20,0,53,995,4619,3,1617,18821,25,33077,11,8294,0,157,1594,6700,8294,12,0,13,25,18,200,33288,0,0,320,320,0,0,0,0
L2D_FRAME,187,FACE_SWEEP,100,1,21,0,53,892,4602,3,1609,18492,25,32703,15,8362,0,156,1588,6774,8362,12,0,13,25,16,193,32911,0,0,320,320,0,0,0,0
L2D_FRAME,188,FACE_SWEEP,100,1,22,0,53,911,4614,3,1588,18695,26,32832,15,8266,0,147,1567,6699,8266,12,0,14,26,15,186,33033,0,0,320,320,0,0,0,0
L2D_FRAME,189,FACE_SWEEP,100,1,23,0,57,943,4607,3,1557,18701,25,32832,15,8231,0,177,1536,6695,8231,12,0,13,25,14,214,33061,0,0,320,320,0,0,0,0
L2D_FRAME,190,FACE_SWEEP,100,1,24,0,53,957,4578,3,1580,18584,25,32625,11,8117,0,151,1558,6559,8117,12,0,13,25,20,195,32831,0,0,320,320,0,0,0,0
L2D_FRAME,191,FACE_SWEEP,100,1,25,0,53,995,4614,3,1599,18632,26,32606,11,8012,0,150,1578,6434,8012,12,0,14,26,77,257,32874,0,0,320,320,0,0,0,0
L2D_FRAME,192,FACE_SWEEP,100,1,26,0,57,991,4608,3,1598,18436,25,32426,11,8046,0,153,1576,6470,8046,12,0,13,25,16,193,32630,0,0,320,320,0,0,0,0
L2D_FRAME,193,FACE_SWEEP,100,1,27,0,53,997,4605,3,1587,18585,25,32529,11,7995,0,161,1562,6433,7995,12,0,13,25,23,221,32761,0,0,320,320,0,0,0,0
L2D_FRAME,194,FACE_SWEEP,100,1,28,0,57,1008,4617,3,1561,18534,26,32545,15,8045,0,149,1539,6506,8045,12,0,14,26,15,197,32757,0,0,320,320,0,0,0,0
L2D_FRAME,195,FACE_SWEEP,100,1,29,0,57,987,4624,3,1597,18579,25,32541,15,7998,0,152,1576,6422,7998,12,0,13,25,14,189,32745,0,0,320,320,0,0,0,0
L2D_FRAME,196,FACE_SWEEP,100,1,30,0,57,996,4625,4,1608,18600,24,32589,11,8013,0,149,1587,6426,8013,11,0,13,24,20,196,32796,0,0,320,320,0,0,0,0
L2D_FRAME,197,FACE_SWEEP,100,1,31,0,57,1043,4597,3,1531,18633,26,32611,15,7943,0,150,1508,6435,7943,13,0,13,26,16,186,32812,0,0,320,320,0,0,0,0
L2D_FRAME,198,FACE_SWEEP,100,1,32,0,57,999,4623,3,1611,18734,25,32745,15,8032,0,154,1590,6442,8032,11,0,14,25,15,189,32949,0,0,320,320,0,0,0,0
L2D_FRAME,199,FACE_SWEEP,100,1,33,0,57,978,4621,3,1602,18679,25,32737,14,8072,0,155,1580,6492,8072,12,0,13,25,16,194,32945,0,0,320,320,0,0,0,0
L2D_FRAME,200,FACE_SWEEP,100,1,34,0,57,1002,4620,3,1573,18754,26,32880,10,8139,0,154,1550,6589,8139,13,0,13,26,15,194,33084,0,0,320,320,0,0,0,0
L2D_FRAME,201,FACE_SWEEP,100,1,35,0,56,982,4635,3,1619,18855,24,33091,11,8279,0,160,1599,6680,8279,11,0,13,24,16,203,33305,0,0,320,320,0,0,0,0
L2D_FRAME,202,FACE_SWEEP,100,1,36,0,57,838,4622,3,1458,18583,25,32587,11,8186,0,154,1434,6752,8186,11,0,14,25,20,202,32800,0,0,320,320,0,0,0,0
L2D_FRAME,203,FACE_SWEEP,100,1,37,0,57,899,4629,3,1615,18616,25,32783,15,8285,0,149,1594,6691,8285,12,0,13,25,16,186,32984,0,0,320,320,0,0,0,0
L2D_FRAME,204,FACE_SWEEP,100,1,38,0,57,921,4614,3,1547,18734,25,32852,15,8213,0,175,1526,6687,8213,12,0,13,25,14,212,33079,0,0,320,320,0,0,0,0
L2D_FRAME,205,FACE_SWEEP,100,1,39,0,57,965,4623,3,1578,18596,26,32640,11,8103,0,162,1555,6548,8103,13,0,13,26,14,201,32852,0,0,320,320,0,0,0,0
L2D_FRAME,206,FACE_SWEEP,100,1,40,0,64,1000,4630,3,1576,18774,25,32752,11,7995,0,160,1551,6444,7995,12,0,13,25,20,202,32965,0,0,320,320,0,0,0,0
L2D_FRAME,207,FACE_SWEEP,100,1,41,0,65,992,4619,3,1610,18668,25,32728,11,8101,0,154,1588,6513,8101,12,0,13,25,16,202,32941,0,0,320,320,0,0,0,0
L2D_FRAME,208,FACE_SWEEP,100,1,42,0,65,1005,4618,3,1585,18713,26,32694,11,8006,0,153,1563,6443,8006,12,0,14,26,15,193,32898,0,0,320,320,0,0,0,0
L2D_FRAME,209,FACE_SWEEP,100,1,43,0,53,999,4615,3,1596,18758,25,32721,14,8001,0,155,1571,6430,8001,12,0,13,25,14,192,32927,0,0,320,320,0,0,0,0
L2D_FRAME,210,FACE_SWEEP,100,1,44,0,57,1018,4591,3,1593,18664,26,32650,15,7986,0,152,1567,6419,7986,13,0,13,26,15,192,32857,0,0,320,320,0,0,0,0
L2D_FRAME,211,FACE_SWEEP,100,1,45,0,56,1000,4637,3,1615,18812,25,32830,11,8031,0,163,1594,6437,8031,12,0,13,25,20,206,33047,0,0,320,320,0,0,0,0
L2D_FRAME,212,FACE_SWEEP,100,1,46,0,57,995,4626,3,1602,18736,25,32818,15,8104,0,160,1581,6523,8104,12,0,13,25,18,201,33034,0,0,320,320,0,0,0,0
L2D_FRAME,213,FACE_SWEEP,100,1,47,0,57,1001,4636,3,1594,18855,25,32985,26,8148,0,158,1572,6576,8148,12,0,13,25,18,200,33211,0,0,320,320,0,0,0,0
L2D_FRAME,214,FACE_SWEEP,100,1,48,0,86,980,4632,3,1615,18883,32,33154,14,8280,0,153,1586,6694,8280,19,0,13,32,15,190,33358,0,0,320,320,0,0,0,1
L2D_FRAME,215,FACE_SWEEP,100,1,49,0,53,937,4621,3,1597,18691,25,32937,15,8341,0,154,1576,6765,8341,12,0,13,25,24,200,33152,0,0,320,320,0,0,0,0
L2D_FRAME,216,FACE_SWEEP,100,1,50,0,57,910,4620,3,1593,18741,25,32909,11,8281,0,179,1571,6710,8281,12,0,13,25,16,221,33141,0,0,320,320,0,0,0,0
L2D_FRAME,217,FACE_SWEEP,100,1,51,0,57,939,4617,3,1546,18756,25,32877,14,8215,0,175,1525,6690,8215,12,0,13,25,16,213,33104,0,0,320,320,0,0,0,0
L2D_FRAME,218,FACE_SWEEP,100,1,52,0,56,950,4618,3,1567,18728,25,32785,27,8144,0,172,1544,6600,8144,12,0,13,25,528,729,33541,0,0,320,320,0,0,0,1
L2D_FRAME,219,FACE_SWEEP,100,1,53,0,56,919,4592,3,1571,18773,24,32683,11,8014,0,160,1550,6464,8014,11,0,13,24,15,201,32895,0,0,320,320,0,0,0,0
L2D_FRAME,220,FACE_SWEEP,100,1,54,0,62,988,4629,3,1585,18826,24,32790,15,7999,0,162,1564,6435,7999,11,0,13,24,14,198,33003,0,0,320,320,0,0,0,0
L2D_SUMMARY,FACE_SWEEP,100,1,slot_wait_us,50,0.00,0,0,0,0,0
L2D_SUMMARY,FACE_SWEEP,100,1,controller_us,50,56.40,56,65,86,49,86
L2D_SUMMARY,FACE_SWEEP,100,1,rt30_us,50,974.00,992,1010,1043,838,1043
L2D_SUMMARY,FACE_SWEEP,100,1,hierarchy_vertex_us,50,4620.42,4622,4637,4645,4578,4645
L2D_SUMMARY,FACE_SWEEP,100,1,bounds_us,50,3.20,3,4,13,1,13
L2D_SUMMARY,FACE_SWEEP,100,1,clear_us,50,1590.80,1594,1619,1645,1458,1645
L2D_SUMMARY,FACE_SWEEP,100,1,raster_us,50,18706.88,18713,18870,18914,18436,18914
I (13459) l2d_profile: FACE_SWEEP scale=100 round=1 raster_us avg=18707 p95=18870 p99=18914 max=18914
L2D_SUMMARY,FACE_SWEEP,100,1,cache_sync_us,50,25.34,25,26,32,24,32
L2D_SUMMARY,FACE_SWEEP,100,1,producer_total_us,50,32780.98,32783,33091,33154,32426,33154
I (13482) l2d_profile: FACE_SWEEP scale=100 round=1 producer_total_us avg=32781 p95=33091 p99=33154 max=33154
L2D_SUMMARY,FACE_SWEEP,100,1,publish_consume_us,50,13.62,14,15,27,10,27
L2D_SUMMARY,FACE_SWEEP,100,1,ppa_wait_us,50,8120.56,8101,8294,8362,7943,8362
L2D_SUMMARY,FACE_SWEEP,100,1,ppa_blend_us,50,0.00,0,0,0,0,0
L2D_SUMMARY,FACE_SWEEP,100,1,panel_submit_us,50,158.36,155,177,187,147,187
L2D_SUMMARY,FACE_SWEEP,100,1,frame_drop,50,0.00,0,0,0,0,0
L2D_SUMMARY,FACE_SWEEP,100,1,ppa_fill_us,50,1568.50,1572,1599,1622,1434,1622
L2D_SUMMARY,FACE_SWEEP,100,1,ppa_srm_us,50,6552.06,6513,6752,6774,6411,6774
L2D_SUMMARY,FACE_SWEEP,100,1,ppa_total_us,50,8120.56,8101,8294,8362,7943,8362
L2D_SUMMARY,FACE_SWEEP,100,1,clear_cache_sync_us,50,12.10,12,13,19,11,19
L2D_SUMMARY,FACE_SWEEP,100,1,convert_cache_sync_us,50,0.00,0,0,0,0,0
L2D_SUMMARY,FACE_SWEEP,100,1,flush_cache_sync_us,50,13.24,13,14,14,13,14
L2D_SUMMARY,FACE_SWEEP,100,1,cache_sync_total_us,50,25.34,25,26,32,24,32
L2D_SUMMARY,FACE_SWEEP,100,1,display_lock_wait_us,50,49.34,16,77,1098,14,1098
L2D_SUMMARY,FACE_SWEEP,100,1,flush_total_us,50,233.00,198,257,1286,186,1286
L2D_SUMMARY,FACE_SWEEP,100,1,frame_total_us,50,33027.60,32984,33358,34202,32630,34202
L2D_SUMMARY,FACE_SWEEP,100,1,slot_miss,50,0.00,0,0,0,0,0
L2D_SUMMARY,FACE_SWEEP,100,1,lock_skip,50,0.00,0,0,0,0,0
L2D_SUMMARY,FACE_SWEEP,100,1,deadline_miss,50,0.06,0,1,1,0,1
I (13604) l2d_profile: done FACE_SWEEP scale=100 round=1
L2D_FRAME,226,MULTI_AXIS,100,1,5,0,60,966,4851,3,1576,18327,26,32723,15,8230,0,167,1555,6675,8230,12,0,14,26,16,210,32948,0,0,320,320,0,0,0,0
L2D_FRAME,227,MULTI_AXIS,100,1,6,0,55,947,4852,3,1563,18371,24,32741,11,8211,0,167,1543,6668,8211,11,0,13,24,14,218,32970,0,0,320,320,0,0,0,0
L2D_FRAME,228,MULTI_AXIS,100,1,7,0,54,953,4843,3,1568,18285,25,32743,11,8314,0,164,1546,6768,8314,12,0,13,25,20,210,32964,0,0,320,320,0,0,0,0
L2D_FRAME,229,MULTI_AXIS,100,1,8,0,55,952,4839,3,1579,18337,25,32508,11,8041,0,147,1557,6484,8041,12,0,13,25,16,189,32708,0,0,320,320,0,0,0,0
L2D_FRAME,230,MULTI_AXIS,100,1,9,0,59,1001,4844,3,1612,18310,25,32538,11,8017,0,163,1585,6432,8017,12,0,13,25,73,262,32811,0,0,320,320,0,0,0,0
L2D_FRAME,231,MULTI_AXIS,100,1,10,0,61,1016,4841,3,1620,18229,50,32457,11,8022,0,163,1594,6428,8022,12,0,38,50,20,240,32708,0,0,320,320,0,0,0,0
L2D_FRAME,232,MULTI_AXIS,100,1,11,0,62,1006,4846,3,1597,18378,24,32587,14,8010,0,157,1576,6434,8010,11,0,13,24,15,195,32796,0,0,320,320,0,0,0,0
L2D_FRAME,233,MULTI_AXIS,100,1,12,0,62,1038,4816,3,1590,18229,26,32420,11,7982,0,167,1569,6413,7982,12,0,14,26,20,209,32640,0,0,320,320,0,0,0,0
L2D_FRAME,234,MULTI_AXIS,100,1,13,0,57,1004,4836,3,1608,18374,26,32559,11,7991,0,163,1587,6404,7991,12,0,14,26,15,203,32773,0,0,320,320,0,0,0,0
L2D_FRAME,235,MULTI_AXIS,100,1,14,0,58,1006,4846,3,1598,18240,25,32509,11,8060,0,151,1576,6484,8060,12,0,13,25,16,199,32719,0,0,320,320,0,0,0,0
L2D_FRAME,236,MULTI_AXIS,100,1,15,0,61,1053,4854,3,1495,18333,25,32471,11,7880,0,159,1469,6411,7880,12,0,13,25,20,199,32681,0,0,320,320,0,0,0,0
L2D_FRAME,237,MULTI_AXIS,100,1,16,0,62,1011,4848,3,1606,18552,25,32769,14,8010,0,152,1584,6426,8010,12,0,13,25,16,190,32973,0,0,320,320,0,0,0,0
L2D_FRAME,238,MULTI_AXIS,100,1,17,0,61,1011,4848,3,1586,18372,26,32579,11,7992,0,155,1564,6428,7992,13,0,13,26,20,197,32787,0,0,320,320,0,0,0,0
L2D_FRAME,239,MULTI_AXIS,100,1,18,0,62,1008,4823,3,1582,18497,25,32788,14,8106,0,172,1560,6546,8106,12,0,13,25,14,210,33012,0,0,320,320,0,0,0,0
L2D_FRAME,240,MULTI_AXIS,100,1,19,0,62,1023,4852,3,1618,18525,22,33355,14,8381,0,146,1593,6788,8381,12,0,10,22,20,187,33556,0,0,320,320,0,0,0,1
L2D_FRAME,241,MULTI_AXIS,100,1,20,0,68,875,4814,3,1425,18497,24,32673,11,8092,0,149,1404,6688,8092,11,0,13,24,20,192,32876,0,0,320,320,0,0,0,0
L2D_FRAME,242,MULTI_AXIS,100,1,21,0,70,945,4834,3,1566,18675,25,33074,11,8255,0,160,1545,6710,8255,12,0,13,25,20,211,33296,0,0,320,320,0,0,0,0
L2D_FRAME,243,MULTI_AXIS,100,1,22,0,62,960,4838,3,1548,18714,25,33021,11,8152,0,163,1524,6628,8152,12,0,13,25,735,925,33957,0,0,320,320,0,0,0,1
L2D_FRAME,244,MULTI_AXIS,100,1,23,0,59,928,4835,3,1598,18569,24,32771,11,8095,0,145,1577,6518,8095,11,0,13,24,20,188,32970,0,0,320,320,0,0,0,0
L2D_FRAME,245,MULTI_AXIS,100,1,24,0,62,1010,4840,3,1613,18588,25,32814,11,8022,0,172,1588,6434,8022,11,0,14,25,19,212,33037,0,0,320,320,0,0,0,0
L2D_FRAME,246,MULTI_AXIS,100,1,25,0,62,999,4856,3,1623,18668,25,32931,11,8057,0,161,1599,6458,8057,12,0,13,25,16,203,33145,0,0,320,320,0,0,0,0
L2D_FRAME,247,MULTI_AXIS,100,1,26,0,58,1018,4835,3,1616,18602,25,32940,15,8127,0,154,1595,6532,8127,12,0,13,25,16,190,33145,0,0,320,320,0,0,0,0
L2D_FRAME,248,MULTI_AXIS,100,1,27,0,62,1024,4852,3,1593,18757,26,33143,15,8150,0,156,1572,6578,8150,12,0,14,26,15,193,33351,0,0,320,320,0,0,0,1
L2D_FRAME,249,MULTI_AXIS,100,1,28,0,62,967,4850,3,1645,18756,26,33224,15,8301,0,165,1619,6682,8301,12,0,14,26,14,202,33441,0,0,320,320,0,0,0,1
L2D_FRAME,250,MULTI_AXIS,100,1,29,0,61,932,4630,3,1583,18506,25,32767,15,8343,0,173,1561,6782,8343,12,0,13,25,15,210,32992,0,0,320,320,0,0,0,0
L2D_FRAME,251,MULTI_AXIS,100,1,30,0,62,938,4831,3,1607,18633,25,33053,11,8282,0,192,1586,6696,8282,12,0,13,25,16,234,33298,0,0,320,320,0,0,0,0
L2D_FRAME,252,MULTI_AXIS,100,1,31,0,77,911,4837,3,1518,18637,25,32819,14,8072,0,164,1497,6575,8072,12,0,13,25,597,787,33620,0,0,320,320,0,0,0,1
L2D_FRAME,253,MULTI_AXIS,100,1,32,0,55,945,4828,3,1632,18559,25,32723,15,8041,0,159,1611,6430,8041,12,0,13,25,14,194,32932,0,0,320,320,0,0,0,0
L2D_FRAME,254,MULTI_AXIS,100,1,33,0,59,1025,4847,3,1613,18453,24,32713,15,8044,0,153,1593,6451,8044,11,0,13,24,14,188,32916,0,0,320,320,0,0,0,0
L2D_FRAME,255,MULTI_AXIS,100,1,34,0,69,995,4843,3,1624,18496,25,32740,11,8043,0,153,1600,6443,8043,12,0,13,25,15,192,32943,0,0,320,320,0,0,0,0
L2D_FRAME,256,MULTI_AXIS,100,1,35,0,70,1013,4842,3,1592,18500,26,32798,14,8074,0,143,1569,6505,8074,13,0,13,26,14,185,32997,0,0,320,320,0,0,0,0
L2D_FRAME,257,MULTI_AXIS,100,1,36,0,58,1011,4856,4,1603,18663,26,32911,11,8030,0,176,1581,6449,8030,13,0,13,26,14,216,33138,0,0,320,320,0,0,0,0
L2D_FRAME,258,MULTI_AXIS,100,1,37,0,92,990,4855,3,1604,18584,25,32946,11,8136,0,155,1583,6553,8136,12,0,13,25,20,201,33158,0,0,320,320,0,0,0,0
L2D_FRAME,259,MULTI_AXIS,100,1,38,0,58,1033,4855,3,1589,18492,25,32960,11,8226,0,153,1568,6658,8226,12,0,13,25,14,194,33165,0,0,320,320,0,0,0,0
L2D_FRAME,260,MULTI_AXIS,100,1,39,0,58,1013,4862,3,1589,18567,25,33047,11,8262,0,158,1567,6695,8262,12,0,13,25,16,204,33262,0,0,320,320,0,0,0,0
L2D_FRAME,261,MULTI_AXIS,100,1,40,0,70,983,4845,3,1580,18538,25,32986,11,8257,0,158,1558,6699,8257,12,0,13,25,28,216,33213,0,0,320,320,0,0,0,0
L2D_FRAME,262,MULTI_AXIS,100,1,41,0,62,969,4849,3,1598,18420,26,32874,11,8282,0,151,1574,6708,8282,12,0,14,26,1095,1278,34163,0,0,320,320,0,0,0,1
L2D_FRAME,263,MULTI_AXIS,100,1,42,0,59,954,4851,3,1611,18453,25,32626,11,8020,0,164,1590,6430,8020,11,0,14,25,20,205,32842,0,0,320,320,0,0,0,0
L2D_FRAME,264,MULTI_AXIS,100,1,43,0,62,1008,4855,3,1591,18490,26,32712,11,8001,0,154,1570,6431,8001,12,0,14,26,14,195,32918,0,0,320,320,0,0,0,0
L2D_FRAME,265,MULTI_AXIS,100,1,44,0,62,1004,4840,3,1606,18387,25,32681,11,8083,0,157,1582,6501,8083,12,0,13,25,14,197,32889,0,0,320,320,0,0,0,0
L2D_FRAME,266,MULTI_AXIS,100,1,45,0,62,1011,4845,3,1604,18524,25,32739,15,8004,0,157,1582,6422,8004,12,0,13,25,15,195,32949,0,0,320,320,0,0,0,0
L2D_FRAME,267,MULTI_AXIS,100,1,46,0,62,999,4850,3,1631,18681,25,32925,11,8041,0,152,1609,6432,8041,12,0,13,25,16,198,33134,0,0,320,320,0,0,0,0
L2D_FRAME,268,MULTI_AXIS,100,1,47,0,62,1022,4852,3,1608,18601,26,32855,11,8029,0,167,1587,6442,8029,12,0,14,26,15,207,33073,0,0,320,320,0,0,0,0
L2D_FRAME,269,MULTI_AXIS,100,1,48,0,62,1001,4860,3,1597,18699,25,33048,10,8133,0,152,1573,6560,8133,12,0,13,25,24,203,33261,0,0,320,320,0,0,0,0
L2D_FRAME,270,MULTI_AXIS,100,1,49,0,62,1024,4859,4,1579,18791,25,33284,11,8252,0,161,1557,6695,8252,12,0,13,25,23,208,33503,0,0,320,320,0,0,0,1
L2D_FRAME,271,MULTI_AXIS,100,1,50,0,70,860,4857,3,1434,18599,25,32829,14,8151,0,165,1408,6743,8151,12,0,13,25,15,203,33046,0,0,320,320,0,0,0,0
L2D_FRAME,272,MULTI_AXIS,100,1,51,0,58,939,4847,3,1592,18668,25,33055,15,8259,0,194,1570,6689,8259,12,0,13,25,14,231,33301,0,0,320,320,0,0,0,0
L2D_FRAME,273,MULTI_AXIS,100,1,52,0,62,910,4839,3,1582,18712,25,32816,15,7993,0,159,1557,6436,7993,12,0,13,25,282,473,33304,0,0,320,320,0,0,0,0
L2D_FRAME,274,MULTI_AXIS,100,1,53,0,55,924,4838,3,1634,18694,25,32850,11,8052,0,176,1613,6439,8052,12,0,13,25,14,216,33077,0,0,320,320,0,0,0,0
L2D_FRAME,275,MULTI_AXIS,100,1,54,0,58,1027,4840,3,1590,18458,25,32676,11,8006,0,165,1569,6437,8006,12,0,13,25,16,208,32895,0,0,320,320,0,0,0,0
L2D_SUMMARY,MULTI_AXIS,100,1,slot_wait_us,50,0.00,0,0,0,0,0
L2D_SUMMARY,MULTI_AXIS,100,1,controller_us,50,62.06,62,70,92,54,92
L2D_SUMMARY,MULTI_AXIS,100,1,rt30_us,50,983.24,1001,1033,1053,860,1053
L2D_SUMMARY,MULTI_AXIS,100,1,hierarchy_vertex_us,50,4840.12,4845,4859,4862,4630,4862
L2D_SUMMARY,MULTI_AXIS,100,1,bounds_us,50,3.04,3,3,4,3,4
L2D_SUMMARY,MULTI_AXIS,100,1,clear_us,50,1588.32,1597,1632,1645,1425,1645
L2D_SUMMARY,MULTI_AXIS,100,1,raster_us,50,18519.80,18524,18756,18791,18229,18791
I (16097) l2d_profile: MULTI_AXIS scale=100 round=1 raster_us avg=18520 p95=18756 p99=18791 max=18791
L2D_SUMMARY,MULTI_AXIS,100,1,cache_sync_us,50,25.56,25,26,50,22,50
L2D_SUMMARY,MULTI_AXIS,100,1,producer_total_us,50,32815.42,32788,33224,33355,32420,33355
I (16120) l2d_profile: MULTI_AXIS scale=100 round=1 producer_total_us avg=32815 p95=33224 p99=33355 max=33355
L2D_SUMMARY,MULTI_AXIS,100,1,publish_consume_us,50,12.20,11,15,15,10,15
L2D_SUMMARY,MULTI_AXIS,100,1,ppa_wait_us,50,8112.28,8072,8314,8381,7880,8381
L2D_SUMMARY,MULTI_AXIS,100,1,ppa_blend_us,50,0.00,0,0,0,0,0
L2D_SUMMARY,MULTI_AXIS,100,1,panel_submit_us,50,160.58,159,176,194,143,194
L2D_SUMMARY,MULTI_AXIS,100,1,frame_drop,50,0.00,0,0,0,0,0
L2D_SUMMARY,MULTI_AXIS,100,1,ppa_fill_us,50,1565.92,1573,1611,1619,1404,1619
L2D_SUMMARY,MULTI_AXIS,100,1,ppa_srm_us,50,6546.36,6501,6768,6788,6404,6788
L2D_SUMMARY,MULTI_AXIS,100,1,ppa_total_us,50,8112.28,8072,8314,8381,7880,8381
L2D_SUMMARY,MULTI_AXIS,100,1,clear_cache_sync_us,50,11.92,12,13,13,11,13
L2D_SUMMARY,MULTI_AXIS,100,1,convert_cache_sync_us,50,0.00,0,0,0,0,0
L2D_SUMMARY,MULTI_AXIS,100,1,flush_cache_sync_us,50,13.64,13,14,38,10,38
L2D_SUMMARY,MULTI_AXIS,100,1,cache_sync_total_us,50,25.56,25,26,50,22,50
L2D_SUMMARY,MULTI_AXIS,100,1,display_lock_wait_us,50,70.88,16,597,1095,14,1095
L2D_SUMMARY,MULTI_AXIS,100,1,flush_total_us,50,257.44,203,787,1278,185,1278
L2D_SUMMARY,MULTI_AXIS,100,1,frame_total_us,50,33085.06,32997,33620,34163,32640,34163
L2D_SUMMARY,MULTI_AXIS,100,1,slot_miss,50,0.00,0,0,0,0,0
L2D_SUMMARY,MULTI_AXIS,100,1,lock_skip,50,0.00,0,0,0,0,0
L2D_SUMMARY,MULTI_AXIS,100,1,deadline_miss,50,0.14,0,1,1,0,1
I (16242) l2d_profile: done MULTI_AXIS scale=100 round=1
L2D_DONE
