I (2048) sys_monitor: CPU monitor started (FreeRTOS idle run time, 1 s windows)
I (2591) l2d_baseline: model file loaded: /sdcard/esp.live (798660 bytes)
L2D_META_BEGIN
esp_commit=63a616b7edf43f691964d3e04b2707c676dc2a29
model_sha256=786b18e342f3a7b3e67042822f138824aaad610d6c46130f58f5c59bbb379b0b
model_size=798660
L2D_META_END
L2D_DONE
I (39418) l2d_baseline: perf window=0 fps=30.88 eye=28 neck=18 face=12 mouth=3 frames=31 over_budget=0 batch_fail=0 avg_us axis=61 clear=1045 fill=1019 sync=11 pose=877 physical=4874 sort=84 draw=13163 engine=19091 render=20136 convert=6409 flush=198 total=26878 budget_remain=6454 actual_wait=5443 period=32378 max_total=27208 cpu0=79 cpu1=0
I (40439) l2d_baseline: perf window=1 fps=30.36 eye=3 neck=15 face=7 mouth=28 frames=31 over_budget=0 batch_fail=0 avg_us axis=61 clear=989 fill=964 sync=12 pose=874 physical=4874 sort=83 draw=13132 engine=19062 render=20052 convert=6417 flush=196 total=26800 budget_remain=6532 actual_wait=5441 period=32297 max_total=27006 cpu0=69 cpu1=0
I (41461) l2d_baseline: perf window=2 fps=30.33 eye=24 neck=12 face=16 mouth=1 frames=31 over_budget=0 batch_fail=0 avg_us axis=60 clear=1029 fill=1004 sync=11 pose=877 physical=4873 sort=84 draw=13134 engine=19060 render=20090 convert=6410 flush=198 total=26832 budget_remain=6500 actual_wait=5449 period=32337 max_total=27060 cpu0=69 cpu1=0
I (42484) l2d_baseline: perf window=3 fps=30.30 eye=7 neck=21 face=25 mouth=26 frames=31 over_budget=0 batch_fail=0 avg_us axis=60 clear=1018 fill=994 sync=11 pose=875 physical=4878 sort=84 draw=13161 engine=19099 render=20118 convert=6418 flush=199 total=26869 budget_remain=6464 actual_wait=5436 period=32360 max_total=27125 cpu0=68 cpu1=0
I (43506) l2d_baseline: perf window=4 fps=30.33 eye=20 neck=6 face=16 mouth=5 frames=31 over_budget=0 batch_fail=0 avg_us axis=61 clear=1056 fill=1030 sync=12 pose=879 physical=4876 sort=85 draw=13150 engine=19080 render=20137 convert=6409 flush=198 total=26877 budget_remain=6455 actual_wait=5398 period=32331 max_total=27127 cpu0=68 cpu1=0
I (44535) l2d_baseline: perf window=5 fps=30.13 eye=11 neck=27 face=7 mouth=22 frames=31 over_budget=0 batch_fail=0 avg_us axis=60 clear=1061 fill=1036 sync=11 pose=871 physical=4877 sort=84 draw=13150 engine=19083 render=20144 convert=6481 flush=232 total=26993 budget_remain=6339 actual_wait=5508 period=32557 max_total=28384 cpu0=68 cpu1=0
I (45562) l2d_baseline: perf window=6 fps=30.19 eye=16 neck=2 face=12 mouth=9 frames=31 over_budget=0 batch_fail=0 avg_us axis=60 clear=1060 fill=1035 sync=11 pose=877 physical=4879 sort=84 draw=13136 engine=19071 render=20131 convert=6465 flush=326 total=27056 budget_remain=6276 actual_wait=5379 period=32491 max_total=28221 cpu0=68 cpu1=0
I (46593) l2d_baseline: perf window=7 fps=30.07 eye=15 neck=25 face=21 mouth=18 frames=31 over_budget=0 batch_fail=0 avg_us axis=60 clear=1090 fill=1064 sync=11 pose=878 physical=4879 sort=84 draw=13144 engine=19087 render=20177 convert=6486 flush=257 total=27054 budget_remain=6278 actual_wait=5512 period=32622 max_total=28012 cpu0=68 cpu1=0
I (47595) l2d_baseline: perf window=8 fps=29.94 eye=13 neck=7 face=19 mouth=12 frames=30 over_budget=0 batch_fail=0 avg_us axis=60 clear=1130 fill=1105 sync=11 pose=883 physical=4885 sort=82 draw=13158 engine=19100 render=20230 convert=6532 flush=318 total=27215 budget_remain=6117 actual_wait=5466 period=32738 max_total=28138 cpu0=67 cpu1=0
I (48596) l2d_baseline: perf window=9 fps=29.97 eye=17 neck=21 face=9 mouth=16 frames=30 over_budget=0 batch_fail=0 avg_us axis=60 clear=1106 fill=1080 sync=11 pose=883 physical=4879 sort=84 draw=13143 engine=19089 render=20195 convert=6487 flush=269 total=27088 budget_remain=6244 actual_wait=5563 period=32706 max_total=28172 cpu0=68 cpu1=0
I (49596) l2d_baseline: perf window=10 fps=30.00 eye=11 neck=11 face=11 mouth=14 frames=30 over_budget=0 batch_fail=0 avg_us axis=61 clear=1083 fill=1058 sync=11 pose=884 physical=4885 sort=84 draw=13127 engine=19073 render=20157 convert=6477 flush=250 total=27020 budget_remain=6312 actual_wait=5595 period=32672 max_total=27937 cpu0=67 cpu1=0
I (50596) l2d_baseline: perf window=11 fps=30.00 eye=19 neck=17 face=21 mouth=14 frames=30 over_budget=0 batch_fail=0 avg_us axis=60 clear=1100 fill=1075 sync=11 pose=882 physical=4879 sort=83 draw=13116 engine=19061 render=20161 convert=6529 flush=411 total=27236 budget_remain=6096 actual_wait=5374 period=32666 max_total=28436 cpu0=68 cpu1=0
I (51597) l2d_baseline: perf window=12 fps=29.97 eye=9 neck=15 face=19 mouth=16 frames=30 over_budget=0 batch_fail=0 avg_us axis=60 clear=1102 fill=1078 sync=11 pose=885 physical=4873 sort=84 draw=13123 engine=19058 render=20161 convert=6578 flush=410 total=27284 budget_remain=6048 actual_wait=5361 period=32700 max_total=28389 cpu0=68 cpu1=0
I (52623) l2d_baseline: perf window=13 fps=30.21 eye=22 neck=12 face=10 mouth=11 frames=31 over_budget=0 batch_fail=0 avg_us axis=61 clear=1078 fill=1053 sync=11 pose=877 physical=4877 sort=85 draw=13128 engine=19065 render=20143 convert=6453 flush=235 total=26966 budget_remain=6366 actual_wait=5434 period=32455 max_total=28321 cpu0=68 cpu1=0
