ESP-ROM:esp32p4-eco2-20240710
Build:Jul 10 2024
rst:0x1 (POWERON),boot:0x30f (SPI_FAST_FLASH_BOOT)
SPI mode:DIO, clock div:1
load:0x4ff33ce0,len:0x514
load:0x4ff29ed0,len:0xbbc
load:0x4ff2cbd0,len:0x3114
entry 0x4ff29ed0
I (336) hex_psram: vendor id    : 0x0d (AP)
I (336) hex_psram: Latency      : 0x01 (Fixed)
I (336) hex_psram: DriveStr.    : 0x00 (25 Ohm)
I (337) hex_psram: dev id       : 0x03 (generation 4)
I (341) hex_psram: density      : 0x07 (256 Mbit)
I (346) hex_psram: good-die     : 0x06 (Pass)
I (350) hex_psram: SRF          : 0x02 (Slow Refresh)
I (355) hex_psram: BurstType    : 0x00 ( Wrap)
I (359) hex_psram: BurstLen     : 0x03 (2048 Byte)
I (363) hex_psram: BitMode      : 0x01 (X16 Mode)
I (368) hex_psram: Readlatency  : 0x04 (14 cycles@Fixed)
I (373) hex_psram: DriveStrength: 0x00 (1/1)
I (377) MSPI Timing: Enter psram timing tuning
I (551) esp_psram: Found 32MB PSRAM device
I (551) esp_psram: Speed: 200MHz
I (552) hex_psram: psram CS IO is dedicated
I (552) cpu_start: Multicore app
I (1459) esp_psram: SPI SRAM memory test OK
I (1470) cpu_start: GPIO 38 and 37 are used as console UART I/O pins
I (1470) cpu_start: Pro cpu start user code
I (1471) cpu_start: cpu freq: 360000000 Hz
I (1473) app_init: Application information:
I (1477) app_init: Project name:     live2d_rt30_baseline
I (1482) app_init: App version:      2cbe719
I (1486) app_init: Compile time:     Sep 28 2026 21:06:28
I (1491) app_init: ELF file SHA256:  beb1ce9e5...
I (1495) app_init: ESP-IDF:          v5.5.2
I (1499) efuse_init: Min chip rev:     v0.1
I (1503) efuse_init: Max chip rev:     v1.99 
I (1507) efuse_init: Chip rev:         v1.3
I (1511) heap_init: Initializing. RAM available for dynamic allocation:
I (1517) heap_init: At 4FF1ED00 len 0001C2C0 (112 KiB): RETENT_RAM
I (1523) heap_init: At 4FF3AFC0 len 00004BF0 (18 KiB): RAM
I (1528) heap_init: At 4FF40000 len 00060000 (384 KiB): RAM
I (1534) heap_init: At 501080A0 len 00007F60 (31 KiB): RTCRAM
I (1539) heap_init: At 30100084 len 00001F7C (7 KiB): TCM
I (1545) esp_psram: Adding pool of 32768K of PSRAM memory to heap allocator
I (1552) spi_flash: detected chip: generic
I (1555) spi_flash: flash io: dio
I (1558) sleep_gpio: Configure to isolate all GPIO pins in sleep state
I (1564) sleep_gpio: Enable automatic switching of GPIO sleep configuration
I (1571) main_task: Started on CPU0
I (1595) esp_psram: Reserving pool of 256K of internal memory for DMA/internal allocations
I (1596) main_task: Calling app_main()
I (1596) l2d_baseline: === Live2D RT30 baseline ===
I (1600) l2d_baseline: ========================================
I (1606) l2d_baseline:  Live2D RT30 baseline, target=30 fps, core=0
I (1612) l2d_baseline:  model=/sdcard/esp.live
I (1616) l2d_baseline: ========================================
I (1621) l2d_baseline: heap boot: psram_free=33551716 psram_min=33551716 internal_free=507115
I (1656) sys_storage: Mounting SD card at /sdcard
I (1657) main_task: Returned from app_main()
I (1712) sys_storage: Storage subsystem ready (NVS + SD at /sdcard)
I (1712) sys_sdio: ready: SD serial task core=0 prio=4 queue=20
I (1714) sys_storage: font cache found: /sdcard/fonts/noto_sans_sc_16.bin (955208 bytes)
I (1720) l2d_baseline: storage ready at /sdcard
I (1726) esp_lvgl:adapter: LVGL adapter initialized successfully
I (1803) GT911: TouchPad_ID:0x39,0x31,0x31
I (1803) GT911: TouchPad_Config_Version:101
W (1803) ledc: GPIO 20 is not usable, maybe conflict with others
I (1806) WT99P4C5_S1_BOARD: MIPI DSI PHY Powered on
I (1811) WT99P4C5_S1_BOARD: Install MIPI DSI LCD control panel
I (1816) WT99P4C5_S1_BOARD: Install EK79007 LCD control panel
I (1821) WT99P4C5_S1_BOARD: MIPI DSI DPI clock: 80.00 MHz
I (1826) ek79007: version: 1.0.4
I (2000) WT99P4C5_S1_BOARD: Display initialized
I (2000) WT99P4C5_S1_BOARD: Display resolution 1024x600
I (2004) esp_lvgl:bridge_v9: Initializing hardware resources
I (2004) esp_lvgl:bridge_v9: Hardware resources initialized successfully
I (2015) WT99P4C5_S1_BOARD: GT911 touch ready on GPIO 21
W (2015) esp_lvgl:touch: LV_USE_GESTURE_RECOGNITION is disabled; only single-point pointer events are available
I (2025) esp_lvgl:touch: Touch input device registered successfully (IRQ mode: disabled)
I (2033) esp_lvgl:adapter: LVGL task started successfully
I (2038) sys_display: Display + LVGL initialized (custom config)
I (2043) WT99P4C5_S1_BOARD: Setting LCD backlight: 80%
I (2048) sys_monitor: CPU monitor started (FreeRTOS idle run time, 1 s windows)
I (2055) sys_monitor: FPS tracking attached to display
I (2594) l2d_baseline: model file loaded: /sdcard/esp.live (798660 bytes)
I (2595) l2d_baseline: model CRC32_LE=0x06dce0ed
I (2646) l2d_baseline: model SHA256=786b18e342f3a7b3e67042822f138824aaad610d6c46130f58f5c59bbb379b0b
I (2646) live2d_engine: Live2D engine pool allocated in PSRAM: 16777216 bytes
I (2651) live2d_engine: Importing PainterEngine Live2D model, file size=798660 bytes, pool free=16777216 bytes
I (2705) live2d_engine: Model loaded: id='esp', size=320x320, layers=11, textures=12, animations=1, pool free=15944312 bytes
I (2706) live2d_engine: Using nearest-neighbor pixel shader for ESP renderer
I (2712) live2d_engine: RT30 realtime axes: 4
I (2716) live2d_engine:   axis[0] id='left_eye' default=0 middle=15 bindings=2 sampleBytes=360 stride=12 vidx=0 Q(coord=4 rot=6 stretch=14)
I (2729) live2d_engine:     binding[0] layer=6 id='right_eye' mask=0x0050 vertices=0 sample_offset=0
I (2737) live2d_engine:     binding[1] layer=8 id='left_eyeup' mask=0x0010 vertices=0 sample_offset=6
I (2746) live2d_engine:   axis[1] id='right_eye' default=0 middle=15 bindings=2 sampleBytes=240 stride=8 vidx=0 Q(coord=4 rot=6 stretch=14)
I (2759) live2d_engine:     binding[0] layer=5 id='left_eye' mask=0x0040 vertices=0 sample_offset=0
I (2767) live2d_engine:     binding[1] layer=7 id='right_eyeup' mask=0x0010 vertices=0 sample_offset=2
I (2776) live2d_engine:   axis[2] id='neck' default=15 middle=15 bindings=1 sampleBytes=960 stride=32 vidx=7 Q(coord=4 rot=6 stretch=14)
I (2788) live2d_engine:     binding[0] layer=3 id='neck' mask=0x0028 vertices=7 sample_offset=0
I (2797) live2d_engine:   axis[3] id='face' default=15 middle=15 bindings=11 sampleBytes=27240 stride=908 vidx=227 Q(coord=4 rot=6 stretch=14)
I (2809) live2d_engine:     binding[0] layer=0 id='back_hair' mask=0x0008 vertices=42 sample_offset=0
I (2818) live2d_engine:     binding[1] layer=1 id='cloth' mask=0x0008 vertices=25 sample_offset=168
I (2827) live2d_engine:     binding[2] layer=2 id='face' mask=0x0008 vertices=15 sample_offset=268
I (2836) live2d_engine:     binding[3] layer=3 id='neck' mask=0x0008 vertices=8 sample_offset=328
I (2844) live2d_engine:     binding[4] layer=4 id='mouth' mask=0x0008 vertices=5 sample_offset=360
I (2853) live2d_engine:     binding[5] layer=5 id='left_eye' mask=0x0008 vertices=11 sample_offset=380
I (2862) live2d_engine:     binding[6] layer=6 id='right_eye' mask=0x0008 vertices=10 sample_offset=424
I (2871) live2d_engine:     binding[7] layer=7 id='right_eyeup' mask=0x0008 vertices=13 sample_offset=464
I (2880) live2d_engine:     binding[8] layer=8 id='left_eyeup' mask=0x0008 vertices=13 sample_offset=516
I (2890) live2d_engine:     binding[9] layer=9 id='front_hair' mask=0x0008 vertices=64 sample_offset=568
I (2899) live2d_engine:     binding[10] layer=10 id='hairwear' mask=0x0008 vertices=21 sample_offset=824
I (2909) live2d_engine: Playing default animation index 1/1
I (2913) l2d_baseline: model ready id='esp' size=320x320 layers=11 textures=12 animations=1 load=262ms pool_free=15944312
I (2924) l2d_baseline: RT30 axis_count=4 static=29524 runtime=2392 selectedSample=0
I (2932) l2d_baseline: axis handles: left_eye=0 right_eye=1 neck=2 face=3 mouth=-1
I (2939) l2d_baseline: benchmark axes=4, mouth=absent (mouth sweep skipped)
I (2945) l2d_baseline: render ROI: 320x320 at (352,140), lcd=1024x600
I (2952) sys_display_buf: PSRAM before alloc: total=33554432  free=14282532 largest=13369344
I (2960) sys_display_buf: buffers created: 320x320  ARGB=409600  RGB565=204800 bytes (PSRAM DMA=yes)
I (2968) sys_display_buf: PSRAM after alloc: total=33554432  free=13668124 largest=13369344
I (2979) sys_display_flush: Flush path: 320x320 at (352,140) -> panel direct draw
I (2984) live2d_engine: Internal render scale set to 1.000
I (2996) live2d_renderer: PPA fill transparent clear enabled
I (2997) live2d_renderer: Renderer initialized: 320x320 ARGB8888 -> RGB565 via PPA SRM, rgb_swap=0, byte_swap=0, source block=320x320@(0,0)
I (3007) l2d_baseline: PPA mode: hardware transparent clear + hardware ARGB->RGB565 convert
I (3015) l2d_baseline: heap ready: psram_free=13667128 psram_min=13479712 internal_free=382463
I (3023) l2d_baseline: continuous RT30 drive active on 4 model axes
L2D_META_BEGIN
esp_commit=2cbe719f58270767b09eb007db2c4ff09cf5a5a0
live2d_commit=78fc634
idf=v5.5.2
chip=ESP32-P4
cpu_mhz=360
psram_mhz=200
optimization=-O2
render_task=core0,priority6
lvgl_task=core0,priority4
canvas=320x320
slot=none,synchronous ARGB+RGB565 buffers
display=direct panel RGB565
ppa=fill+SRM clients,blocking,blend unused
model_sha256=786b18e342f3a7b3e67042822f138824aaad610d6c46130f58f5c59bbb379b0b
model_size=798660
model_load_us=262445
layers=11
vertices=227
triangles=257
textures=12
texture_pixels=184235
axes=4
sampler=fast-nearest
profile_stage=1
profile_mode=fine_diagnostic
default_clear=PPA
default_convert=PPA
backend_ids=0:PPA/PPA,1:CPU/PPA,2:PPA/CPU,3:CPU/CPU
warmup=5
measure=50
rounds=1
L2D_META_END
L2D_FRAME_HEADER,frame_id,scenario,scale_q100,round,frame,slot_wait_us,controller_us,rt30_us,hierarchy_vertex_us,bounds_us,clear_us,raster_us,cache_sync_us,producer_total_us,publish_consume_us,ppa_wait_us,ppa_blend_us,panel_submit_us,ppa_fill_us,ppa_srm_us,ppa_total_us,clear_cache_sync_us,convert_cache_sync_us,flush_cache_sync_us,cache_sync_total_us,display_lock_wait_us,flush_total_us,frame_total_us,dirty_x,dirty_y,dirty_w,dirty_h,frame_drop,slot_miss,lock_skip,deadline_miss,backend,convert_us,keypoint_us,visual_transform_us,stretch_us,vertex_transform_us,uv_update_us
L2D_SUMMARY_HEADER,scenario,scale_q100,round,metric,count,avg,p50,p95,p99,min,max,backend
L2D_SUMMARY,LOAD,0,0,load_us,1,262445,262445,262445,262445,262445,262445,0
I (3160) l2d_profile: profile suite: stage=1 rounds=1 frames=50
I (3166) live2d_engine: Internal render scale set to 1.000
L2D_FRAME,6,STATIC,100,1,5,0,20,42,161,3,1124,18620,29,26959,15,7807,0,162,1101,6706,7807,11,0,18,29,20,209,27183,0,0,320,320,0,0,0,0,0,6736,0,0,0,0,0
L2D_FRAME,7,STATIC,100,1,6,0,17,46,131,3,1106,18748,21,27050,19,7808,0,157,1087,6721,7808,11,0,10,21,23,198,27267,0,0,320,320,0,0,0,0,0,6751,0,0,0,0,0
L2D_FRAME,8,STATIC,100,1,7,0,21,47,135,3,1102,18700,21,27082,18,7877,0,154,1083,6794,7877,11,0,10,21,24,196,27296,0,0,320,320,0,0,0,0,0,6826,0,0,0,0,0
L2D_FRAME,9,STATIC,100,1,8,0,17,51,131,3,1109,18741,22,27038,19,7806,0,159,1090,6716,7806,11,0,11,22,23,197,27254,0,0,320,320,0,0,0,0,0,6743,0,0,0,0,0
L2D_FRAME,10,STATIC,100,1,9,0,17,46,131,3,1107,18617,22,26961,28,7854,0,161,1083,6771,7854,12,0,10,22,19,202,27191,0,0,320,320,0,0,0,0,0,6802,0,0,0,0,0
L2D_FRAME,11,STATIC,100,1,10,0,17,43,131,4,1106,18722,29,26944,18,7735,0,162,1087,6648,7735,11,0,18,29,20,207,27169,0,0,320,320,0,0,0,0,0,6678,0,0,0,0,0
L2D_FRAME,12,STATIC,100,1,11,0,17,42,131,3,1113,18748,29,26766,12,7542,0,162,1094,6448,7542,11,0,18,29,208,403,27181,0,0,320,320,0,0,0,0,0,6472,0,0,0,0,0
L2D_FRAME,13,STATIC,100,1,12,0,26,46,157,3,1108,18585,21,26638,16,7519,0,165,1086,6433,7519,11,0,10,21,23,205,26859,0,0,320,320,0,0,0,0,0,6464,0,0,0,0,0
L2D_FRAME,14,STATIC,100,1,13,0,17,42,129,3,1107,18742,21,26750,16,7527,0,165,1088,6439,7527,11,0,10,21,22,205,26971,0,0,320,320,0,0,0,0,0,6467,0,0,0,0,0
L2D_FRAME,15,STATIC,100,1,14,0,17,46,166,3,1108,18610,20,26673,17,7537,0,161,1089,6448,7537,10,0,10,20,24,205,26895,0,0,320,320,0,0,0,0,0,6476,0,0,0,0,0
L2D_FRAME,16,STATIC,100,1,15,0,17,46,132,3,1114,18765,21,26813,14,7552,0,165,1095,6457,7552,11,0,10,21,19,204,27031,0,0,320,320,0,0,0,0,0,6485,0,0,0,0,0
L2D_FRAME,17,STATIC,100,1,16,0,17,46,158,3,1116,18606,21,26670,17,7554,0,153,1097,6457,7554,11,0,10,21,24,193,26880,0,0,320,320,0,0,0,0,0,6481,0,0,0,0,0
L2D_FRAME,18,STATIC,100,1,17,0,17,46,135,3,1114,18762,21,26807,19,7549,0,165,1096,6453,7549,10,0,11,21,18,201,27027,0,0,320,320,0,0,0,0,0,6486,0,0,0,0,0
L2D_FRAME,19,STATIC,100,1,18,0,17,46,158,3,1106,18599,21,26639,18,7529,0,163,1087,6442,7529,11,0,10,21,18,200,26857,0,0,320,320,0,0,0,0,0,6473,0,0,0,0,0
L2D_FRAME,20,STATIC,100,1,19,0,21,46,131,3,1109,18727,22,26763,16,7546,0,153,1090,6456,7546,11,0,11,22,24,197,26976,0,0,320,320,0,0,0,0,0,6483,0,0,0,0,0
L2D_FRAME,21,STATIC,100,1,20,0,17,47,165,3,1113,18590,22,26667,19,7548,0,159,1090,6458,7548,11,0,11,22,23,199,26885,0,0,320,320,0,0,0,0,0,6488,0,0,0,0,0
L2D_FRAME,22,STATIC,100,1,21,0,17,46,126,4,1105,18747,21,26764,16,7532,0,154,1086,6446,7532,11,0,10,21,22,194,26974,0,0,320,320,0,0,0,0,0,6478,0,0,0,0,0
L2D_FRAME,23,STATIC,100,1,22,0,21,46,157,3,1105,18678,21,26727,19,7531,0,154,1086,6445,7531,11,0,10,21,22,199,26945,0,0,320,320,0,0,0,0,0,6476,0,0,0,0,0
L2D_FRAME,24,STATIC,100,1,23,0,17,46,100,3,1053,18787,21,26735,18,7489,0,160,1034,6455,7489,11,0,10,21,22,201,26954,0,0,320,320,0,0,0,0,0,6482,0,0,0,0,0
L2D_FRAME,25,STATIC,100,1,24,0,17,48,132,3,854,18674,22,26520,15,7351,0,154,835,6516,7351,12,0,10,22,20,194,26729,0,0,320,320,0,0,0,0,0,6543,0,0,0,0,0
L2D_FRAME,26,STATIC,100,1,25,0,17,57,109,3,944,18753,21,26610,19,7379,0,157,925,6454,7379,11,0,10,21,18,198,26827,0,0,320,320,0,0,0,0,0,6484,0,0,0,0,0
L2D_FRAME,27,STATIC,100,1,26,0,17,46,102,3,1018,18683,22,26616,15,7451,0,151,998,6453,7451,12,0,10,22,23,201,26832,0,0,320,320,0,0,0,0,0,6480,0,0,0,0,0
L2D_FRAME,28,STATIC,100,1,27,0,17,44,99,3,1115,18800,21,26791,19,7533,0,174,1092,6441,7533,11,0,10,21,20,218,27028,0,0,320,320,0,0,0,0,0,6469,0,0,0,0,0
L2D_FRAME,29,STATIC,100,1,28,0,17,50,134,3,894,18699,21,26548,15,7326,0,158,876,6450,7326,11,0,10,21,23,205,26768,0,0,320,320,0,0,0,0,0,6474,0,0,0,0,0
L2D_FRAME,30,STATIC,100,1,29,0,21,46,112,3,982,18804,21,26700,18,7427,0,161,963,6464,7427,11,0,10,21,20,199,26917,0,0,320,320,0,0,0,0,0,6492,0,0,0,0,0
L2D_FRAME,31,STATIC,100,1,30,0,21,44,97,3,1067,18758,22,26731,19,7512,0,162,1048,6464,7512,11,0,11,22,23,201,26951,0,0,320,320,0,0,0,0,0,6492,0,0,0,0,0
L2D_FRAME,32,STATIC,100,1,31,0,21,56,126,3,861,18751,21,26550,16,7293,0,158,842,6451,7293,11,0,10,21,18,193,26759,0,0,320,320,0,0,0,0,0,6483,0,0,0,0,0
L2D_FRAME,33,STATIC,100,1,32,0,17,46,112,4,951,18729,21,26592,17,7395,0,158,932,6463,7395,11,0,10,21,24,202,26811,0,0,320,320,0,0,0,0,0,6491,0,0,0,0,0
L2D_FRAME,34,STATIC,100,1,33,0,17,42,101,3,1030,18713,21,26728,13,7548,0,149,1010,6538,7548,11,0,10,21,27,195,26936,0,0,320,320,0,0,0,0,0,6566,0,0,0,0,0
L2D_FRAME,35,STATIC,100,1,34,0,17,55,140,3,897,18750,21,26589,15,7333,0,153,874,6459,7333,11,0,10,21,24,197,26801,0,0,320,320,0,0,0,0,0,6485,0,0,0,0,0
L2D_FRAME,36,STATIC,100,1,35,0,17,46,131,3,931,18699,29,26610,17,7414,0,152,903,6511,7414,19,0,10,29,22,191,26818,0,0,320,320,0,0,0,0,0,6542,0,0,0,0,0
L2D_FRAME,37,STATIC,100,1,36,0,17,46,100,3,995,18793,21,26709,18,7440,0,152,977,6463,7440,11,0,10,21,20,190,26917,0,0,320,320,0,0,0,0,0,6495,0,0,0,0,0
L2D_FRAME,38,STATIC,100,1,37,0,17,46,129,3,1092,18664,22,26673,16,7524,0,158,1073,6451,7524,11,0,11,22,26,205,26894,0,0,320,320,0,0,0,0,0,6484,0,0,0,0,0
L2D_FRAME,39,STATIC,100,1,38,0,17,50,137,3,1110,18743,21,26800,16,7562,0,162,1090,6472,7562,11,0,10,21,24,203,27019,0,0,320,320,0,0,0,0,0,6503,0,0,0,0,0
L2D_FRAME,40,STATIC,100,1,39,0,21,45,106,3,960,18711,21,26585,19,7383,0,160,941,6442,7383,11,0,10,21,19,195,26799,0,0,320,320,0,0,0,0,0,6469,0,0,0,0,0
L2D_FRAME,41,STATIC,100,1,40,0,17,46,100,3,1043,18809,21,26745,14,7480,0,158,1024,6456,7480,11,0,10,21,24,203,26962,0,0,320,320,0,0,0,0,0,6484,0,0,0,0,0
L2D_FRAME,42,STATIC,100,1,41,0,17,59,144,3,864,18651,21,26504,19,7298,0,150,845,6453,7298,11,0,10,21,20,187,26710,0,0,320,320,0,0,0,0,0,6484,0,0,0,0,0
L2D_FRAME,43,STATIC,100,1,42,0,21,44,111,3,931,18818,29,26672,19,7364,0,154,904,6460,7364,19,0,10,29,18,189,26880,0,0,320,320,0,0,0,0,0,6487,0,0,0,0,0
L2D_FRAME,44,STATIC,100,1,43,0,17,46,101,3,1011,18745,22,26656,19,7432,0,161,988,6444,7432,11,0,11,22,24,202,26877,0,0,320,320,0,0,0,0,0,6470,0,0,0,0,0
L2D_FRAME,45,STATIC,100,1,44,0,17,46,97,3,1103,18709,21,26781,19,7611,0,154,1084,6527,7611,11,0,10,21,19,195,26995,0,0,320,320,0,0,0,0,0,6558,0,0,0,0,0
L2D_FRAME,46,STATIC,100,1,45,0,17,54,128,3,887,18768,22,26580,19,7319,0,153,867,6452,7319,12,0,10,22,18,194,26793,0,0,320,320,0,0,0,0,0,6479,0,0,0,0,0
L2D_FRAME,47,STATIC,100,1,46,0,17,42,113,3,973,18697,22,26626,19,7465,0,165,954,6511,7465,11,0,11,22,20,202,26847,0,0,320,320,0,0,0,0,0,6539,0,0,0,0,0
L2D_FRAME,48,STATIC,100,1,47,0,17,46,95,3,1057,18822,21,26763,18,7488,0,155,1035,6453,7488,11,0,10,21,19,192,26973,0,0,320,320,0,0,0,0,0,6481,0,0,0,0,0
L2D_FRAME,49,STATIC,100,1,48,0,17,46,141,3,856,18685,21,26541,13,7348,0,166,837,6511,7348,11,0,10,21,20,205,26759,0,0,320,320,0,0,0,0,0,6549,0,0,0,0,0
L2D_FRAME,50,STATIC,100,1,49,0,17,56,100,4,940,18787,28,26616,16,7355,0,159,914,6441,7355,18,0,10,28,22,199,26831,0,0,320,320,0,0,0,0,0,6473,0,0,0,0,0
L2D_FRAME,51,STATIC,100,1,50,0,17,45,101,3,1028,18678,21,26623,18,7456,0,154,1005,6451,7456,11,0,10,21,18,190,26831,0,0,320,320,0,0,0,0,0,6479,0,0,0,0,0
L2D_FRAME,52,STATIC,100,1,51,0,17,44,99,3,1109,18767,20,26775,16,7550,0,170,1091,6459,7550,10,0,10,20,22,208,26999,0,0,320,320,0,0,0,0,0,6487,0,0,0,0,0
L2D_FRAME,53,STATIC,100,1,52,0,21,46,129,3,908,18667,21,26543,17,7346,0,153,889,6457,7346,11,0,10,21,23,193,26753,0,0,320,320,0,0,0,0,0,6485,0,0,0,0,0
L2D_FRAME,54,STATIC,100,1,53,0,17,46,100,3,982,18814,21,26709,12,7425,0,162,963,6462,7425,11,0,10,21,24,209,26930,0,0,320,320,0,0,0,0,0,6490,0,0,0,0,0
L2D_FRAME,55,STATIC,100,1,54,0,21,45,136,3,954,18679,22,26584,19,7388,0,158,935,6453,7388,11,0,11,22,22,197,26800,0,0,320,320,0,0,0,0,0,6480,0,0,0,0,0
L2D_SUMMARY,STATIC,100,1,slot_wait_us,50,0.00,0,0,0,0,0,0
L2D_SUMMARY,STATIC,100,1,controller_us,50,18.04,17,21,26,17,26,0
L2D_SUMMARY,STATIC,100,1,rt30_us,50,46.88,46,56,59,42,59,0
L2D_SUMMARY,STATIC,100,1,hierarchy_vertex_us,50,124.54,129,161,166,95,166,0
L2D_SUMMARY,STATIC,100,1,bounds_us,50,3.08,3,4,4,3,4,0
L2D_SUMMARY,STATIC,100,1,clear_us,50,1027.44,1053,1115,1124,854,1124,0
L2D_SUMMARY,STATIC,100,1,raster_us,50,18718.28,18727,18814,18822,18585,18822,0
I (5686) l2d_profile: STATIC scale=100 round=1 raster_us avg=18718 p95=18814 p99=18822 max=18822
L2D_SUMMARY,STATIC,100,1,convert_us,50,6522.48,6484,6751,6826,6464,6826,0
L2D_SUMMARY,STATIC,100,1,cache_sync_us,50,22.14,21,29,29,20,29,0
L2D_SUMMARY,STATIC,100,1,producer_total_us,50,26710.32,26673,27038,27082,26504,27082,0
I (5714) l2d_profile: STATIC scale=100 round=1 producer_total_us avg=26710 p95=27038 p99=27082 max=27082
L2D_SUMMARY,STATIC,100,1,publish_consume_us,50,17.16,17,19,28,12,28,0
L2D_SUMMARY,STATIC,100,1,ppa_wait_us,50,7500.76,7489,7808,7877,7293,7877,0
L2D_SUMMARY,STATIC,100,1,ppa_blend_us,50,0.00,0,0,0,0,0,0
L2D_SUMMARY,STATIC,100,1,panel_submit_us,50,158.50,158,166,174,149,174,0
L2D_SUMMARY,STATIC,100,1,frame_drop,50,0.00,0,0,0,0,0,0
L2D_SUMMARY,STATIC,100,1,ppa_fill_us,50,1007.26,1034,1096,1101,835,1101,0
L2D_SUMMARY,STATIC,100,1,ppa_srm_us,50,6493.50,6456,6721,6794,6433,6794,0
L2D_SUMMARY,STATIC,100,1,ppa_total_us,50,7500.76,7489,7808,7877,7293,7877,0
L2D_SUMMARY,STATIC,100,1,clear_cache_sync_us,50,11.48,11,18,19,10,19,0
L2D_SUMMARY,STATIC,100,1,convert_cache_sync_us,50,0.00,0,0,0,0,0,0
L2D_SUMMARY,STATIC,100,1,flush_cache_sync_us,50,10.66,10,18,18,10,18,0
L2D_SUMMARY,STATIC,100,1,cache_sync_total_us,50,22.14,21,29,29,20,29,0
L2D_SUMMARY,STATIC,100,1,display_lock_wait_us,50,25.24,22,26,208,18,208,0
L2D_SUMMARY,STATIC,100,1,flush_total_us,50,203.34,199,209,403,187,403,0
L2D_SUMMARY,STATIC,100,1,frame_total_us,50,26930.82,26895,27254,27296,26710,27296,0
L2D_SUMMARY,STATIC,100,1,keypoint_us,50,0.00,0,0,0,0,0,0
L2D_SUMMARY,STATIC,100,1,visual_transform_us,50,0.00,0,0,0,0,0,0
L2D_SUMMARY,STATIC,100,1,stretch_us,50,0.00,0,0,0,0,0,0
L2D_SUMMARY,STATIC,100,1,vertex_transform_us,50,0.00,0,0,0,0,0,0
L2D_SUMMARY,STATIC,100,1,uv_update_us,50,0.00,0,0,0,0,0,0
L2D_SUMMARY,STATIC,100,1,slot_miss,50,0.00,0,0,0,0,0,0
L2D_SUMMARY,STATIC,100,1,lock_skip,50,0.00,0,0,0,0,0,0
L2D_SUMMARY,STATIC,100,1,deadline_miss,50,0.00,0,0,0,0,0,0
I (5859) l2d_profile: done STATIC scale=100 round=1
L2D_FRAME,61,EYE_L_SWEEP,100,1,5,0,59,670,5130,3,1582,18735,22,32918,16,8028,0,152,1559,6469,8028,11,0,11,22,20,189,33123,0,0,320,320,0,0,0,0,0,6496,82,3615,243,421,70
L2D_FRAME,62,EYE_L_SWEEP,100,1,6,0,57,678,5119,3,1590,18616,21,32957,18,8184,0,150,1567,6617,8184,11,0,10,21,22,191,33166,0,0,320,320,0,0,0,0,0,6648,81,3587,230,424,67
L2D_FRAME,63,EYE_L_SWEEP,100,1,7,0,57,683,5119,4,1584,18751,25,33170,15,8276,0,161,1561,6715,8276,15,0,10,25,18,211,33396,0,0,320,320,0,0,0,1,0,6745,79,3604,229,447,74
L2D_FRAME,64,EYE_L_SWEEP,100,1,8,0,58,562,5106,3,1557,18568,21,32853,18,8259,0,161,1538,6721,8259,11,0,10,21,19,198,33069,0,0,320,320,0,0,0,0,0,6748,79,3611,232,421,78
L2D_FRAME,65,EYE_L_SWEEP,100,1,9,0,58,659,5100,3,1564,18560,22,32944,19,8278,0,156,1545,6733,8278,11,0,11,22,20,193,33156,0,0,320,320,0,0,0,0,0,6760,79,3586,239,435,77
L2D_FRAME,66,EYE_L_SWEEP,100,1,10,0,58,681,5103,3,1558,18591,21,32975,17,8255,0,196,1539,6716,8255,11,0,10,21,870,1084,34076,0,0,320,320,0,0,0,1,0,6743,78,3568,270,433,70
L2D_FRAME,67,EYE_L_SWEEP,100,1,11,0,57,585,5089,3,1566,18495,21,32531,14,8004,0,153,1548,6456,8004,11,0,10,21,19,193,32738,0,0,320,320,0,0,0,0,0,6488,78,3606,232,418,78
L2D_FRAME,68,EYE_L_SWEEP,100,1,12,0,58,676,5133,3,1601,18405,22,32676,16,8114,0,147,1582,6532,8114,11,0,11,22,20,184,32876,0,0,320,320,0,0,0,0,0,6563,80,3635,234,421,70
L2D_FRAME,69,EYE_L_SWEEP,100,1,13,0,57,682,5119,3,1593,18469,21,32664,13,8048,0,157,1574,6474,8048,11,0,10,21,27,207,32884,0,0,320,320,0,0,0,0,0,6501,79,3630,231,420,73
L2D_FRAME,70,EYE_L_SWEEP,100,1,14,0,57,679,5126,3,1607,18552,21,32757,18,8053,0,150,1588,6465,8053,11,0,10,21,23,191,32966,0,0,320,320,0,0,0,0,0,6496,78,3626,237,425,71
L2D_FRAME,71,EYE_L_SWEEP,100,1,15,0,57,678,5112,3,1601,18493,21,32706,16,8042,0,161,1582,6460,8042,11,0,10,21,20,198,32920,0,0,320,320,0,0,0,0,0,6488,78,3597,226,423,68
L2D_FRAME,72,EYE_L_SWEEP,100,1,16,0,57,689,5122,3,1612,18543,21,32768,18,8064,0,154,1589,6475,8064,11,0,10,21,24,199,32985,0,0,320,320,0,0,0,0,0,6507,81,3619,239,423,72
L2D_FRAME,73,EYE_L_SWEEP,100,1,17,0,57,674,5131,3,1595,18556,21,32974,19,8251,0,153,1572,6679,8251,11,0,10,21,22,192,33185,0,0,320,320,0,0,0,0,0,6711,79,3642,236,412,75
L2D_FRAME,74,EYE_L_SWEEP,100,1,18,0,57,694,5131,3,1588,18641,21,33108,18,8289,0,179,1570,6719,8289,11,0,10,21,24,221,33347,0,0,320,320,0,0,0,1,0,6751,80,3597,253,429,71
L2D_FRAME,75,EYE_L_SWEEP,100,1,19,0,58,599,5103,3,1588,18545,21,32875,14,8285,0,166,1569,6716,8285,11,0,10,21,19,208,33097,0,0,320,320,0,0,0,0,0,6743,91,3614,225,423,75
L2D_FRAME,76,EYE_L_SWEEP,100,1,20,0,57,660,5101,3,1572,18522,21,32976,18,8286,0,157,1553,6733,8286,11,0,10,21,19,194,33188,0,0,320,320,0,0,0,0,0,6766,81,3593,230,439,74
L2D_FRAME,77,EYE_L_SWEEP,100,1,21,0,58,683,5103,3,1552,18619,21,32969,17,8218,0,156,1533,6685,8218,11,0,10,21,22,202,33188,0,0,320,320,0,0,0,0,0,6708,80,3580,232,420,71
L2D_FRAME,78,EYE_L_SWEEP,100,1,22,0,58,674,5117,3,1599,18646,21,32830,16,8037,0,155,1576,6461,8037,11,0,10,21,75,252,33098,0,0,320,320,0,0,0,0,0,6492,80,3627,225,423,71
L2D_FRAME,79,EYE_L_SWEEP,100,1,23,0,58,676,5114,3,1582,18530,21,32763,16,8080,0,149,1559,6521,8080,11,0,10,21,23,188,32967,0,0,320,320,0,0,0,0,0,6552,80,3625,234,417,69
L2D_FRAME,80,EYE_L_SWEEP,100,1,24,0,57,678,5117,3,1598,18654,21,32830,19,8035,0,158,1579,6456,8035,11,0,10,21,18,198,33047,0,0,320,320,0,0,0,0,0,6483,79,3615,225,427,72
L2D_FRAME,81,EYE_L_SWEEP,100,1,25,0,57,680,5128,3,1588,18633,21,32819,16,8031,0,161,1570,6461,8031,11,0,10,21,18,196,33031,0,0,320,320,0,0,0,0,0,6492,81,3580,231,459,74
L2D_FRAME,82,EYE_L_SWEEP,100,1,26,0,58,721,5126,3,1579,18659,21,32952,19,8106,0,149,1560,6546,8106,11,0,10,21,18,186,33157,0,0,320,320,0,0,0,0,0,6573,79,3597,229,449,75
L2D_FRAME,83,EYE_L_SWEEP,100,1,27,0,57,673,5134,3,1624,18790,31,33017,19,8067,0,165,1595,6472,8067,21,0,10,31,22,204,33240,0,0,320,320,0,0,0,0,0,6499,78,3601,238,453,68
L2D_FRAME,84,EYE_L_SWEEP,100,1,28,0,58,673,5147,3,1593,18798,21,33144,14,8181,0,158,1574,6607,8181,11,0,10,21,18,196,33354,0,0,320,320,0,0,0,1,0,6637,81,3619,266,420,72
L2D_FRAME,85,EYE_L_SWEEP,100,1,29,0,58,557,5119,3,1441,18660,21,32919,18,8223,0,164,1418,6805,8223,11,0,10,21,22,204,33141,0,0,320,320,0,0,0,0,0,6833,78,3632,220,445,73
L2D_FRAME,86,EYE_L_SWEEP,100,1,30,0,58,623,5112,3,1595,18627,21,33013,15,8301,0,159,1572,6729,8301,11,0,10,21,45,227,33255,0,0,320,320,0,0,0,0,0,6756,80,3582,230,423,98
L2D_FRAME,87,EYE_L_SWEEP,100,1,31,0,58,674,5109,4,1555,18629,21,33020,19,8252,0,149,1532,6720,8252,11,0,10,21,19,186,33225,0,0,320,320,0,0,0,0,0,6748,78,3624,223,428,73
L2D_FRAME,88,EYE_L_SWEEP,100,1,32,0,72,667,5094,3,1562,18579,21,32869,30,8159,0,152,1543,6616,8159,11,0,10,21,528,697,33596,0,0,320,320,0,0,0,1,0,6644,79,3621,226,427,67
L2D_FRAME,89,EYE_L_SWEEP,100,1,33,0,58,624,5093,3,1599,18628,21,32745,12,8047,0,158,1581,6466,8047,11,0,10,21,22,203,32960,0,0,320,320,0,0,0,0,0,6497,88,3606,227,422,73
L2D_FRAME,90,EYE_L_SWEEP,100,1,34,0,58,679,5108,3,1590,18561,21,32711,16,8022,0,154,1567,6455,8022,11,0,10,21,26,200,32927,0,0,320,320,0,0,0,0,0,6483,80,3592,224,444,71
L2D_FRAME,91,EYE_L_SWEEP,100,1,35,0,58,671,5133,4,1582,18495,21,32752,15,8098,0,158,1559,6539,8098,11,0,10,21,18,199,32966,0,0,320,320,0,0,0,0,0,6566,81,3610,223,439,83
L2D_FRAME,92,EYE_L_SWEEP,100,1,36,0,58,689,5128,3,1546,18561,21,32705,18,7979,0,163,1527,6452,7979,11,0,10,21,19,206,32929,0,0,320,320,0,0,0,0,0,6479,80,3608,229,439,67
L2D_FRAME,93,EYE_L_SWEEP,100,1,37,0,58,675,5131,4,1632,18652,21,32867,17,8061,0,162,1609,6452,8061,11,0,10,21,20,199,33083,0,0,320,320,0,0,0,0,0,6482,78,3609,224,439,81
L2D_FRAME,94,EYE_L_SWEEP,100,1,38,0,57,704,5148,3,1571,18517,21,32986,15,8261,0,150,1548,6713,8261,11,0,10,21,23,193,33194,0,0,320,320,0,0,0,0,0,6740,78,3636,230,422,71
L2D_FRAME,95,EYE_L_SWEEP,100,1,39,0,57,663,5158,3,1587,18632,21,33108,19,8301,0,153,1568,6733,8301,11,0,10,21,18,190,33317,0,0,320,320,0,0,0,0,0,6764,84,3641,226,428,70
L2D_FRAME,96,EYE_L_SWEEP,100,1,40,0,57,682,5156,3,1586,18511,21,32992,18,8296,0,153,1567,6729,8296,11,0,10,21,18,189,33199,0,0,320,320,0,0,0,0,0,6759,77,3599,260,432,68
L2D_FRAME,97,EYE_L_SWEEP,100,1,41,0,58,649,5121,3,1582,18472,21,32887,18,8298,0,154,1556,6742,8298,11,0,10,21,19,195,33100,0,0,320,320,0,0,0,0,0,6773,79,3613,234,416,74
L2D_FRAME,98,EYE_L_SWEEP,100,1,42,0,57,674,5116,3,1541,18497,21,32885,19,8246,0,155,1522,6724,8246,11,0,10,21,18,192,33096,0,0,320,320,0,0,0,0,0,6754,80,3586,272,422,71
L2D_FRAME,99,EYE_L_SWEEP,100,1,43,0,58,691,5123,4,1554,18586,21,32901,17,8157,0,159,1531,6626,8157,11,0,10,21,668,849,33767,0,0,320,320,0,0,0,1,0,6653,78,3628,219,442,72
L2D_FRAME,100,EYE_L_SWEEP,100,1,44,0,58,590,5113,3,1574,18430,21,32588,12,8096,0,147,1551,6545,8096,11,0,10,21,22,188,32788,0,0,320,320,0,0,0,0,0,6591,77,3630,235,415,79
L2D_FRAME,101,EYE_L_SWEEP,100,1,45,0,58,679,5137,3,1601,18559,21,32768,19,8042,0,157,1582,6460,8042,11,0,10,21,22,201,32988,0,0,320,320,0,0,0,0,0,6486,81,3632,228,423,82
L2D_FRAME,102,EYE_L_SWEEP,100,1,46,0,58,676,5121,4,1602,18597,22,32808,16,8053,0,152,1584,6469,8053,11,0,11,22,23,196,33020,0,0,320,320,0,0,0,0,0,6496,87,3616,230,430,71
L2D_FRAME,103,EYE_L_SWEEP,100,1,47,0,58,711,5129,3,1538,18589,21,32755,19,7982,0,150,1519,6463,7982,11,0,10,21,20,187,32961,0,0,320,320,0,0,0,0,0,6490,78,3621,226,430,70
L2D_FRAME,104,EYE_L_SWEEP,100,1,48,0,58,689,5126,3,1591,18658,21,32835,15,8018,0,164,1564,6454,8018,11,0,10,21,20,204,33054,0,0,320,320,0,0,0,0,0,6481,78,3587,272,416,77
L2D_FRAME,105,EYE_L_SWEEP,100,1,49,0,57,685,5138,3,1604,18689,26,33042,12,8191,0,154,1581,6610,8191,15,0,11,26,23,198,33252,0,0,320,320,0,0,0,0,0,6637,81,3633,234,420,71
L2D_FRAME,106,EYE_L_SWEEP,100,1,50,0,57,667,5132,3,1595,18667,21,33129,19,8298,0,161,1572,6726,8298,11,0,10,21,18,201,33349,0,0,320,320,0,0,0,1,0,6753,81,3592,216,440,73
L2D_FRAME,107,EYE_L_SWEEP,100,1,51,0,58,683,5133,3,1575,18624,21,33069,15,8289,0,153,1556,6733,8289,11,0,10,21,18,195,33279,0,0,320,320,0,0,0,0,0,6761,77,3585,258,432,71
L2D_FRAME,108,EYE_L_SWEEP,100,1,52,0,58,600,5120,3,1587,18734,21,33094,15,8294,0,149,1564,6730,8294,11,0,10,21,18,191,33300,0,0,320,320,0,0,0,0,0,6760,78,3582,223,468,70
L2D_FRAME,109,EYE_L_SWEEP,100,1,53,0,58,596,5131,3,1550,18702,21,33019,17,8227,0,171,1527,6700,8227,11,0,10,21,828,1017,34053,0,0,320,320,0,0,0,1,0,6736,87,3619,233,414,73
L2D_FRAME,110,EYE_L_SWEEP,100,1,54,0,58,560,5139,3,1524,18693,21,32694,15,7962,0,153,1506,6456,7962,11,0,10,21,18,191,32900,0,0,320,320,0,0,0,0,0,6480,81,3605,220,461,72
L2D_SUMMARY,EYE_L_SWEEP,100,1,slot_wait_us,50,0.00,0,0,0,0,0,0
L2D_SUMMARY,EYE_L_SWEEP,100,1,controller_us,50,57.92,58,58,72,57,72,0
L2D_SUMMARY,EYE_L_SWEEP,100,1,rt30_us,50,661.30,675,704,721,557,721,0
L2D_SUMMARY,EYE_L_SWEEP,100,1,hierarchy_vertex_us,50,5121.96,5121,5148,5158,5089,5158,0
L2D_SUMMARY,EYE_L_SWEEP,100,1,bounds_us,50,3.12,3,4,4,3,4,0
L2D_SUMMARY,EYE_L_SWEEP,100,1,clear_us,50,1578.74,1586,1612,1632,1441,1632,0
L2D_SUMMARY,EYE_L_SWEEP,100,1,raster_us,50,18598.40,18591,18751,18798,18405,18798,0
I (8470) l2d_profile: EYE_L_SWEEP scale=100 round=1 raster_us avg=18598 p95=18751 p99=18798 max=18798
L2D_SUMMARY,EYE_L_SWEEP,100,1,convert_us,50,6623.84,6637,6766,6833,6479,6833,0
L2D_SUMMARY,EYE_L_SWEEP,100,1,cache_sync_us,50,21.46,21,25,31,21,31,0
L2D_SUMMARY,EYE_L_SWEEP,100,1,producer_total_us,50,32886.74,32885,33129,33170,32531,33170,0
I (8500) l2d_profile: EYE_L_SWEEP scale=100 round=1 producer_total_us avg=32887 p95=33129 p99=33170 max=33170
L2D_SUMMARY,EYE_L_SWEEP,100,1,publish_consume_us,50,16.86,17,19,30,12,30,0
L2D_SUMMARY,EYE_L_SWEEP,100,1,ppa_wait_us,50,8152.48,8157,8298,8301,7962,8301,0
L2D_SUMMARY,EYE_L_SWEEP,100,1,ppa_blend_us,50,0.00,0,0,0,0,0,0
L2D_SUMMARY,EYE_L_SWEEP,100,1,panel_submit_us,50,157.16,155,171,196,147,196,0
L2D_SUMMARY,EYE_L_SWEEP,100,1,frame_drop,50,0.00,0,0,0,0,0,0
L2D_SUMMARY,EYE_L_SWEEP,100,1,ppa_fill_us,50,1557.76,1564,1589,1609,1418,1609,0
L2D_SUMMARY,EYE_L_SWEEP,100,1,ppa_srm_us,50,6594.72,6607,6733,6805,6452,6805,0
L2D_SUMMARY,EYE_L_SWEEP,100,1,ppa_total_us,50,8152.48,8157,8298,8301,7962,8301,0
L2D_SUMMARY,EYE_L_SWEEP,100,1,clear_cache_sync_us,50,11.36,11,15,21,11,21,0
L2D_SUMMARY,EYE_L_SWEEP,100,1,convert_cache_sync_us,50,0.00,0,0,0,0,0,0
L2D_SUMMARY,EYE_L_SWEEP,100,1,flush_cache_sync_us,50,10.10,10,11,11,10,11,0
L2D_SUMMARY,EYE_L_SWEEP,100,1,cache_sync_total_us,50,21.46,21,25,31,21,31,0
L2D_SUMMARY,EYE_L_SWEEP,100,1,display_lock_wait_us,50,78.26,20,668,870,18,870,0
L2D_SUMMARY,EYE_L_SWEEP,100,1,flush_total_us,50,255.46,198,849,1084,184,1084,0
L2D_SUMMARY,EYE_L_SWEEP,100,1,frame_total_us,50,33159.06,33100,33767,34076,32738,34076,0
L2D_SUMMARY,EYE_L_SWEEP,100,1,keypoint_us,50,80.10,79,87,91,77,91,0
L2D_SUMMARY,EYE_L_SWEEP,100,1,visual_transform_us,50,3609.26,3610,3636,3642,3568,3642,0
L2D_SUMMARY,EYE_L_SWEEP,100,1,stretch_us,50,234.16,230,270,272,216,272,0
L2D_SUMMARY,EYE_L_SWEEP,100,1,vertex_transform_us,50,429.98,425,459,468,412,468,0
L2D_SUMMARY,EYE_L_SWEEP,100,1,uv_update_us,50,73.12,72,82,98,67,98,0
L2D_SUMMARY,EYE_L_SWEEP,100,1,slot_miss,50,0.00,0,0,0,0,0,0
L2D_SUMMARY,EYE_L_SWEEP,100,1,lock_skip,50,0.00,0,0,0,0,0,0
L2D_SUMMARY,EYE_L_SWEEP,100,1,deadline_miss,50,0.16,0,1,1,0,1,0
I (8660) l2d_profile: done EYE_L_SWEEP scale=100 round=1
L2D_FRAME,116,NECK_SWEEP,100,1,5,0,59,607,5338,3,1575,18875,21,33172,14,7994,0,159,1538,6456,7994,11,0,10,21,289,472,33658,0,0,320,320,0,0,0,1,0,6484,89,3842,220,439,74
L2D_FRAME,117,NECK_SWEEP,100,1,6,0,57,720,5344,3,1582,18739,21,33240,16,8086,0,154,1563,6523,8086,11,0,10,21,19,189,33445,0,0,320,320,0,0,0,1,0,6554,80,3831,241,429,74
L2D_FRAME,118,NECK_SWEEP,100,1,7,0,58,619,5351,4,1574,18823,21,33135,16,8000,0,179,1555,6445,8000,11,0,10,21,18,222,33373,0,0,320,320,0,0,0,1,0,6473,91,3855,227,431,74
L2D_FRAME,119,NECK_SWEEP,100,1,8,0,58,612,5348,3,1587,18840,21,33269,17,8116,0,154,1564,6552,8116,11,0,10,21,18,188,33474,0,0,320,320,0,0,0,1,0,6579,91,3840,236,427,68
L2D_FRAME,120,NECK_SWEEP,100,1,9,0,57,608,5333,3,1589,18928,21,33744,17,8304,0,160,1567,6737,8304,11,0,10,21,24,200,33961,0,0,320,320,0,0,0,1,0,6764,90,3810,225,466,68
L2D_FRAME,121,NECK_SWEEP,100,1,10,0,67,514,5335,3,1390,18800,21,33090,17,8090,0,150,1367,6723,8090,11,0,10,21,18,187,33294,0,0,320,320,0,0,0,0,0,6749,81,3843,222,437,75
L2D_FRAME,122,NECK_SWEEP,100,1,11,0,58,577,5328,3,1478,18862,21,33043,18,7923,0,162,1452,6471,7923,11,0,10,21,76,264,33325,0,0,320,320,0,0,0,0,0,6498,80,3847,214,443,73
L2D_FRAME,123,NECK_SWEEP,100,1,12,0,57,647,5324,3,1589,18733,25,33169,17,8114,0,157,1562,6552,8114,15,0,10,25,22,196,33382,0,0,320,320,0,0,0,1,0,6579,92,3824,232,428,69
L2D_FRAME,124,NECK_SWEEP,100,1,13,0,57,614,5325,3,1599,18840,21,33186,15,8050,0,191,1580,6470,8050,11,0,10,21,20,234,33435,0,0,320,320,0,0,0,1,0,6500,90,3822,237,429,68
L2D_FRAME,125,NECK_SWEEP,100,1,14,0,57,630,5126,3,1501,18760,25,32928,19,8072,0,158,1478,6594,8072,15,0,10,25,30,206,33153,0,0,320,320,0,0,0,0,0,6621,79,3654,227,427,65
L2D_FRAME,126,NECK_SWEEP,100,1,15,0,58,694,5361,3,1611,18916,22,33633,16,8306,0,166,1588,6718,8306,12,0,10,22,18,202,33851,0,0,320,320,0,0,0,1,0,6749,79,3829,242,433,66
L2D_FRAME,127,NECK_SWEEP,100,1,16,0,64,537,5328,4,1528,18811,21,33256,13,8220,0,158,1505,6715,8220,11,0,10,21,18,200,33469,0,0,320,320,0,0,0,1,0,6743,81,3832,246,423,72
L2D_FRAME,128,NECK_SWEEP,100,1,17,0,57,629,5327,4,1572,18712,21,33147,18,8126,0,159,1549,6577,8126,11,0,10,21,339,520,33685,0,0,320,320,0,0,0,1,0,6605,92,3825,236,427,70
L2D_FRAME,129,NECK_SWEEP,100,1,18,0,58,701,5337,3,1592,18732,21,33155,16,8034,0,179,1573,6461,8034,11,0,10,21,20,218,33389,0,0,320,320,0,0,0,1,0,6493,79,3834,227,433,70
L2D_FRAME,130,NECK_SWEEP,100,1,19,0,57,607,5355,3,1602,18741,21,33084,17,8025,0,154,1579,6446,8025,11,0,10,21,24,198,33299,0,0,320,320,0,0,0,0,0,6478,91,3849,224,440,73
L2D_FRAME,131,NECK_SWEEP,100,1,20,0,58,618,5345,3,1580,18883,21,33304,17,8102,0,150,1561,6541,8102,11,0,10,21,22,193,33514,0,0,320,320,0,0,0,1,0,6572,89,3850,235,425,68
L2D_FRAME,132,NECK_SWEEP,100,1,21,0,57,620,5337,4,1602,18903,21,33512,14,8304,0,155,1579,6725,8304,11,0,10,21,22,197,33723,0,0,320,320,0,0,0,1,0,6753,91,3847,218,434,68
L2D_FRAME,133,NECK_SWEEP,100,1,22,0,57,733,5329,4,1593,18701,21,33510,12,8394,0,149,1574,6820,8394,11,0,10,21,22,196,33718,0,0,320,320,0,0,0,1,0,6852,79,3829,222,439,67
L2D_FRAME,134,NECK_SWEEP,100,1,23,0,57,624,5323,3,1529,18751,21,33232,15,8191,0,162,1506,6685,8191,11,0,10,21,46,228,33475,0,0,320,320,0,0,0,1,0,6712,80,3822,242,421,79
L2D_FRAME,135,NECK_SWEEP,100,1,24,0,58,611,5320,4,1576,18747,21,33048,16,8028,0,165,1557,6471,8028,11,0,10,21,18,201,33265,0,0,320,320,0,0,0,0,0,6497,90,3825,229,433,69
L2D_FRAME,136,NECK_SWEEP,100,1,25,0,57,692,5336,3,1595,18894,22,33312,16,8033,0,151,1572,6461,8033,11,0,11,22,23,193,33521,0,0,320,320,0,0,0,1,0,6488,81,3812,220,452,71
L2D_FRAME,137,NECK_SWEEP,100,1,26,0,58,733,5350,3,1599,18816,21,33360,15,8110,0,158,1577,6533,8110,11,0,10,21,23,201,33576,0,0,320,320,0,0,0,1,0,6564,79,3840,231,430,67
L2D_FRAME,138,NECK_SWEEP,100,1,27,0,57,674,5333,3,1539,18833,21,33348,19,8152,0,152,1516,6636,8152,11,0,10,21,22,196,33563,0,0,320,320,0,0,0,1,0,6667,90,3838,236,426,69
L2D_FRAME,139,NECK_SWEEP,100,1,28,0,57,647,5334,3,1584,18883,21,33501,17,8290,0,158,1565,6725,8290,11,0,10,21,18,194,33712,0,0,320,320,0,0,0,1,0,6752,90,3800,259,436,74
L2D_FRAME,140,NECK_SWEEP,100,1,29,0,58,700,5320,3,1569,18813,21,33449,16,8264,0,157,1550,6714,8264,11,0,10,21,19,192,33657,0,0,320,320,0,0,0,1,0,6745,78,3829,232,422,70
L2D_FRAME,141,NECK_SWEEP,100,1,30,0,57,621,5299,3,1558,18897,21,33279,16,8122,0,171,1539,6583,8122,11,0,10,21,543,732,34027,0,0,320,320,0,0,0,1,0,6610,89,3808,236,423,67
L2D_FRAME,142,NECK_SWEEP,100,1,31,0,58,576,5324,3,1503,18811,21,33011,18,7941,0,154,1480,6461,7941,11,0,10,21,19,190,33219,0,0,320,320,0,0,0,0,0,6501,81,3829,226,446,69
L2D_FRAME,143,NECK_SWEEP,100,1,32,0,58,696,5354,3,1581,18769,22,33206,16,8039,0,159,1559,6480,8039,11,0,11,22,22,199,33421,0,0,320,320,0,0,0,1,0,6512,79,3807,233,440,68
L2D_FRAME,144,NECK_SWEEP,100,1,33,0,58,705,5349,3,1501,18805,21,33157,16,7948,0,157,1479,6469,7948,11,0,10,21,19,194,33367,0,0,320,320,0,0,0,1,0,6500,90,3816,238,425,65
L2D_FRAME,145,NECK_SWEEP,100,1,34,0,57,613,5337,3,1609,18877,21,33493,17,8318,0,159,1590,6728,8318,11,0,10,21,18,194,33704,0,0,320,320,0,0,0,1,0,6754,92,3839,215,446,67
L2D_FRAME,146,NECK_SWEEP,100,1,35,0,57,695,5327,4,1599,18836,21,33511,15,8302,0,150,1576,6726,8302,11,0,10,21,22,196,33722,0,0,320,320,0,0,0,1,0,6757,78,3815,215,446,72
L2D_FRAME,147,NECK_SWEEP,100,1,36,0,57,643,5326,3,1547,18708,21,33364,13,8330,0,161,1520,6810,8330,11,0,10,21,24,207,33584,0,0,320,320,0,0,0,1,0,6837,90,3829,236,427,73
L2D_FRAME,148,NECK_SWEEP,100,1,37,0,57,613,5328,3,1623,18729,25,33085,15,8069,0,182,1600,6469,8069,15,0,10,25,18,220,33320,0,0,320,320,0,0,0,0,0,6496,88,3830,236,424,71
L2D_FRAME,149,NECK_SWEEP,100,1,38,0,57,597,5316,3,1597,18716,21,33026,16,8035,0,150,1578,6457,8035,11,0,10,21,18,185,33227,0,0,320,320,0,0,0,0,0,6493,91,3823,227,434,68
L2D_FRAME,150,NECK_SWEEP,100,1,39,0,58,696,5359,3,1570,18866,21,33274,13,7998,0,149,1547,6451,7998,11,0,10,21,24,199,33486,0,0,320,320,0,0,0,1,0,6482,80,3845,234,434,67
L2D_FRAME,151,NECK_SWEEP,100,1,40,0,57,732,5333,4,1602,18792,21,33405,15,8200,0,153,1579,6621,8200,11,0,10,21,22,195,33615,0,0,320,320,0,0,0,1,0,6652,78,3839,231,428,71
L2D_FRAME,152,NECK_SWEEP,100,1,41,0,57,667,5330,3,1594,18833,21,33473,15,8295,0,149,1575,6720,8295,11,0,10,21,18,187,33675,0,0,320,320,0,0,0,1,0,6750,79,3828,227,440,70
L2D_FRAME,153,NECK_SWEEP,100,1,42,0,57,708,5330,3,1564,18781,21,33440,16,8272,0,157,1545,6727,8272,11,0,10,21,22,196,33652,0,0,320,320,0,0,0,1,0,6754,78,3830,237,421,69
L2D_FRAME,154,NECK_SWEEP,100,1,43,0,58,611,5315,4,1551,18867,21,33359,17,8218,0,164,1528,6690,8218,11,0,10,21,794,978,34354,0,0,320,320,0,0,0,1,0,6718,79,3824,242,416,76
L2D_FRAME,155,NECK_SWEEP,100,1,44,0,57,606,5327,3,1581,18818,21,33130,18,8030,0,158,1562,6468,8030,11,0,10,21,20,200,33348,0,0,320,320,0,0,0,1,0,6499,90,3799,224,471,69
L2D_FRAME,156,NECK_SWEEP,100,1,45,0,57,610,5343,3,1586,18886,21,33218,14,8026,0,155,1563,6463,8026,11,0,10,21,19,196,33428,0,0,320,320,0,0,0,1,0,6494,90,3848,230,429,71
L2D_FRAME,157,NECK_SWEEP,100,1,46,0,58,641,5340,3,1559,18811,22,33395,16,8251,0,147,1536,6715,8251,11,0,11,22,26,190,33601,0,0,320,320,0,0,0,1,0,6747,91,3840,221,440,69
L2D_FRAME,158,NECK_SWEEP,100,1,47,0,57,652,5339,3,1604,18846,26,33490,16,8305,0,150,1581,6724,8305,15,0,11,26,19,189,33695,0,0,320,320,0,0,0,1,0,6756,81,3827,236,443,67
L2D_FRAME,159,NECK_SWEEP,100,1,48,0,58,639,5339,3,1586,18812,21,33415,19,8275,0,149,1567,6708,8275,11,0,10,21,18,185,33619,0,0,320,320,0,0,0,1,0,6738,90,3810,265,415,70
L2D_FRAME,160,NECK_SWEEP,100,1,49,0,57,605,5338,3,1542,18832,35,33178,16,8060,0,155,1520,6540,8060,14,0,21,35,528,720,33914,0,0,320,320,0,0,0,1,0,6571,78,3840,243,418,81
L2D_FRAME,161,NECK_SWEEP,100,1,50,0,57,700,5358,3,1599,18805,21,33226,16,8019,0,164,1580,6439,8019,11,0,10,21,22,203,33445,0,0,320,320,0,0,0,1,0,6471,80,3840,228,432,71
L2D_FRAME,162,NECK_SWEEP,100,1,51,0,57,648,5358,3,1579,18760,21,33214,17,8097,0,155,1560,6537,8097,11,0,10,21,20,195,33426,0,0,320,320,0,0,0,1,0,6565,92,3841,244,419,73
L2D_FRAME,163,NECK_SWEEP,100,1,52,0,57,617,5345,3,1606,18846,21,33193,16,8037,0,191,1583,6454,8037,11,0,10,21,20,231,33440,0,0,320,320,0,0,0,1,0,6487,86,3855,233,419,71
L2D_FRAME,164,NECK_SWEEP,100,1,53,0,57,605,5339,3,1565,18971,20,33533,13,8273,0,157,1547,6726,8273,10,0,10,20,22,198,33744,0,0,320,320,0,0,0,1,0,6754,87,3849,223,438,71
L2D_FRAME,165,NECK_SWEEP,100,1,54,0,58,698,5346,4,1600,18848,21,33545,15,8301,0,157,1581,6720,8301,11,0,10,21,22,199,33759,0,0,320,320,0,0,0,1,0,6751,78,3838,235,427,62
L2D_SUMMARY,NECK_SWEEP,100,1,slot_wait_us,50,0.00,0,0,0,0,0,0
L2D_SUMMARY,NECK_SWEEP,100,1,controller_us,50,57.72,57,59,67,57,67,0
L2D_SUMMARY,NECK_SWEEP,100,1,rt30_us,50,643.24,629,732,733,514,733,0
L2D_SUMMARY,NECK_SWEEP,100,1,hierarchy_vertex_us,50,5331.72,5335,5358,5361,5126,5361,0
L2D_SUMMARY,NECK_SWEEP,100,1,bounds_us,50,3.20,3,4,4,3,4,0
L2D_SUMMARY,NECK_SWEEP,100,1,clear_us,50,1570.82,1581,1609,1623,1390,1623,0
L2D_SUMMARY,NECK_SWEEP,100,1,raster_us,50,18817.16,18816,18916,18971,18701,18971,0
I (11306) l2d_profile: NECK_SWEEP scale=100 round=1 raster_us avg=18817 p95=18916 p99=18971 max=18971
L2D_SUMMARY,NECK_SWEEP,100,1,convert_us,50,6622.40,6579,6764,6852,6471,6852,0
L2D_SUMMARY,NECK_SWEEP,100,1,cache_sync_us,50,21.68,21,25,35,20,35,0
L2D_SUMMARY,NECK_SWEEP,100,1,producer_total_us,50,33288.94,33256,33545,33744,32928,33744,0
I (11336) l2d_profile: NECK_SWEEP scale=100 round=1 producer_total_us avg=33289 p95=33545 p99=33744 max=33744
L2D_SUMMARY,NECK_SWEEP,100,1,publish_consume_us,50,15.94,16,19,19,12,19,0
L2D_SUMMARY,NECK_SWEEP,100,1,ppa_wait_us,50,8141.78,8110,8318,8394,7923,8394,0
L2D_SUMMARY,NECK_SWEEP,100,1,ppa_blend_us,50,0.00,0,0,0,0,0,0
L2D_SUMMARY,NECK_SWEEP,100,1,panel_submit_us,50,159.00,157,182,191,147,191,0
L2D_SUMMARY,NECK_SWEEP,100,1,frame_drop,50,0.00,0,0,0,0,0,0
L2D_SUMMARY,NECK_SWEEP,100,1,ppa_fill_us,50,1549.04,1562,1588,1600,1367,1600,0
L2D_SUMMARY,NECK_SWEEP,100,1,ppa_srm_us,50,6592.74,6552,6737,6820,6439,6820,0
L2D_SUMMARY,NECK_SWEEP,100,1,ppa_total_us,50,8141.78,8110,8318,8394,7923,8394,0
L2D_SUMMARY,NECK_SWEEP,100,1,clear_cache_sync_us,50,11.38,11,15,15,10,15,0
L2D_SUMMARY,NECK_SWEEP,100,1,convert_cache_sync_us,50,0.00,0,0,0,0,0,0
L2D_SUMMARY,NECK_SWEEP,100,1,flush_cache_sync_us,50,10.30,10,11,21,10,21,0
L2D_SUMMARY,NECK_SWEEP,100,1,cache_sync_total_us,50,21.68,21,25,35,20,35,0
L2D_SUMMARY,NECK_SWEEP,100,1,display_lock_wait_us,50,70.14,22,528,794,18,794,0
L2D_SUMMARY,NECK_SWEEP,100,1,flush_total_us,50,249.30,198,720,978,185,978,0
L2D_SUMMARY,NECK_SWEEP,100,1,frame_total_us,50,33554.18,33514,33961,34354,33153,34354,0
L2D_SUMMARY,NECK_SWEEP,100,1,keypoint_us,50,84.94,86,92,92,78,92,0
L2D_SUMMARY,NECK_SWEEP,100,1,visual_transform_us,50,3827.56,3830,3850,3855,3654,3855,0
L2D_SUMMARY,NECK_SWEEP,100,1,stretch_us,50,231.90,232,246,265,214,265,0
L2D_SUMMARY,NECK_SWEEP,100,1,vertex_transform_us,50,432.62,430,452,471,415,471,0
L2D_SUMMARY,NECK_SWEEP,100,1,uv_update_us,50,70.18,70,76,81,62,81,0
L2D_SUMMARY,NECK_SWEEP,100,1,slot_miss,50,0.00,0,0,0,0,0,0
L2D_SUMMARY,NECK_SWEEP,100,1,lock_skip,50,0.00,0,0,0,0,0,0
L2D_SUMMARY,NECK_SWEEP,100,1,deadline_miss,50,0.84,1,1,1,0,1,0
I (11494) l2d_profile: done NECK_SWEEP scale=100 round=1
L2D_FRAME,171,FACE_SWEEP,100,1,5,0,61,1024,5119,4,1593,18710,21,33313,13,8104,0,150,1570,6534,8104,11,0,10,21,20,191,33517,0,0,320,320,0,0,0,1,0,6568,81,3645,226,427,68
L2D_FRAME,172,FACE_SWEEP,100,1,6,0,57,929,5129,3,1557,18822,21,33220,13,8004,0,151,1538,6466,8004,11,0,10,21,49,218,33451,0,0,320,320,0,0,0,1,0,6493,113,3599,240,419,71
L2D_FRAME,173,FACE_SWEEP,100,1,7,0,58,932,5110,3,1587,18847,21,33519,18,8283,0,154,1568,6715,8283,11,0,10,21,22,194,33731,0,0,320,320,0,0,0,1,0,6747,78,3618,232,430,69
L2D_FRAME,174,FACE_SWEEP,100,1,8,0,57,942,5116,3,1574,18736,21,33393,19,8250,0,149,1555,6695,8250,11,0,10,21,22,189,33601,0,0,320,320,0,0,0,1,0,6727,78,3609,228,434,65
L2D_FRAME,175,FACE_SWEEP,100,1,9,0,57,936,5107,4,1550,18764,21,33401,16,8254,0,149,1527,6727,8254,11,0,10,21,24,190,33607,0,0,320,320,0,0,0,1,0,6755,78,3623,232,423,69
L2D_FRAME,176,FACE_SWEEP,100,1,10,0,58,951,5113,3,1601,18695,22,33211,18,8105,0,159,1582,6523,8105,12,0,10,22,18,196,33425,0,0,320,320,0,0,0,1,0,6555,80,3614,245,415,77
L2D_FRAME,177,FACE_SWEEP,100,1,11,0,57,926,5101,3,1592,18784,21,33193,19,8035,0,188,1569,6466,8035,11,0,10,21,18,231,33443,0,0,320,320,0,0,0,1,0,6496,110,3575,230,430,72
L2D_FRAME,178,FACE_SWEEP,100,1,12,0,57,922,5115,3,1576,18835,21,33245,19,8025,0,155,1557,6468,8025,11,0,10,21,24,196,33460,0,0,320,320,0,0,0,1,0,6499,77,3620,230,424,71
L2D_FRAME,179,FACE_SWEEP,100,1,13,0,57,936,5120,3,1584,18806,21,33371,14,8170,0,150,1561,6609,8170,11,0,10,21,18,192,33577,0,0,320,320,0,0,0,1,0,6636,78,3628,225,433,70
L2D_FRAME,180,FACE_SWEEP,100,1,14,0,58,923,5123,3,1587,18806,22,33676,18,8303,0,150,1568,6735,8303,12,0,10,22,20,188,33882,0,0,320,320,0,0,0,1,0,6766,93,3589,225,464,66
L2D_FRAME,181,FACE_SWEEP,100,1,15,0,58,937,5109,3,1601,18704,21,33472,18,8376,0,153,1582,6794,8376,11,0,10,21,18,192,33682,0,0,320,320,0,0,0,1,0,6821,81,3616,234,424,74
L2D_FRAME,182,FACE_SWEEP,100,1,16,0,57,932,5109,3,1563,18678,21,33067,16,8002,0,186,1540,6462,8002,11,0,10,21,19,222,33305,0,0,320,320,0,0,0,0,0,6490,111,3584,234,425,72
L2D_FRAME,183,FACE_SWEEP,100,1,17,0,58,918,5106,4,1587,18695,21,33093,16,8031,0,150,1569,6462,8031,11,0,10,21,20,186,33295,0,0,320,320,0,0,0,0,0,6489,77,3619,235,413,69
L2D_FRAME,184,FACE_SWEEP,100,1,18,0,57,925,5124,3,1590,18612,22,33026,15,8008,0,151,1571,6437,8008,11,0,11,22,19,190,33231,0,0,320,320,0,0,0,0,0,6477,83,3615,234,438,68
L2D_FRAME,185,FACE_SWEEP,100,1,19,0,58,1017,5127,3,1584,18724,21,33319,15,8103,0,154,1565,6538,8103,11,0,10,21,22,200,33534,0,0,320,320,0,0,0,1,0,6565,80,3649,243,409,67
L2D_FRAME,186,FACE_SWEEP,100,1,20,0,58,955,5120,3,1589,18833,21,33499,14,8242,0,155,1566,6676,8242,11,0,10,21,19,202,33715,0,0,320,320,0,0,0,1,0,6707,80,3579,226,452,66
L2D_FRAME,187,FACE_SWEEP,100,1,21,0,58,934,5115,3,1600,18691,22,33382,19,8298,0,153,1581,6717,8298,11,0,11,22,19,193,33594,0,0,320,320,0,0,0,1,0,6745,78,3612,234,425,71
L2D_FRAME,188,FACE_SWEEP,100,1,22,0,57,921,5117,3,1579,18714,22,33375,15,8274,0,163,1560,6714,8274,11,0,11,22,23,204,33594,0,0,320,320,0,0,0,1,0,6746,78,3617,224,429,68
L2D_FRAME,189,FACE_SWEEP,100,1,23,0,58,933,5111,3,1587,18772,21,33167,15,8010,0,161,1568,6442,8010,11,0,10,21,18,203,33385,0,0,320,320,0,0,0,1,0,6469,79,3587,231,457,74
L2D_FRAME,190,FACE_SWEEP,100,1,24,0,58,960,5104,3,1568,18614,22,33097,19,8067,0,161,1549,6518,8067,11,0,11,22,19,197,33313,0,0,320,320,0,0,0,0,0,6550,79,3608,238,422,73
L2D_FRAME,191,FACE_SWEEP,100,1,25,0,57,934,5115,3,1571,18676,21,33079,16,8008,0,183,1552,6456,8008,11,0,10,21,28,232,33327,0,0,320,320,0,0,0,0,0,6484,114,3587,217,446,67
L2D_FRAME,192,FACE_SWEEP,100,1,26,0,57,927,5126,3,1584,18657,22,33196,16,8146,0,156,1561,6585,8146,11,0,11,22,19,193,33405,0,0,320,320,0,0,0,1,0,6613,79,3629,231,423,82
L2D_FRAME,193,FACE_SWEEP,100,1,27,0,57,933,5124,3,1578,18624,21,33306,15,8273,0,165,1559,6714,8273,11,0,10,21,20,205,33526,0,0,320,320,0,0,0,1,0,6745,79,3635,242,420,70
L2D_FRAME,194,FACE_SWEEP,100,1,28,0,57,874,5107,4,1586,18613,22,33222,17,8280,0,158,1563,6717,8280,12,0,10,22,22,200,33439,0,0,320,320,0,0,0,1,0,6743,80,3623,217,434,70
L2D_FRAME,195,FACE_SWEEP,100,1,29,0,57,929,5112,4,1555,18569,21,33043,28,8090,0,155,1536,6554,8090,11,0,10,21,520,696,33767,0,0,320,320,0,0,0,1,0,6580,79,3627,231,421,73
L2D_FRAME,196,FACE_SWEEP,100,1,30,0,58,940,5114,3,1609,18657,21,33088,19,8034,0,176,1583,6451,8034,11,0,10,21,19,213,33320,0,0,320,320,0,0,0,0,0,6478,81,3587,239,420,66
L2D_FRAME,197,FACE_SWEEP,100,1,31,0,58,926,5128,3,1583,18695,21,33104,17,8011,0,157,1565,6446,8011,11,0,10,21,20,201,33322,0,0,320,320,0,0,0,0,0,6470,78,3629,234,420,75
L2D_FRAME,198,FACE_SWEEP,100,1,32,0,57,917,5119,3,1636,18690,23,33171,16,8094,0,159,1616,6478,8094,12,0,11,23,23,198,33385,0,0,320,320,0,0,0,1,0,6511,80,3621,241,419,70
L2D_FRAME,199,FACE_SWEEP,100,1,33,0,57,928,5135,4,1581,18771,21,33451,19,8269,0,151,1562,6707,8269,11,0,10,21,20,191,33661,0,0,320,320,0,0,0,1,0,6737,79,3597,249,454,69
L2D_FRAME,200,FACE_SWEEP,100,1,34,0,58,948,5120,3,1594,18606,21,33382,15,8369,0,153,1575,6794,8369,11,0,10,21,18,194,33591,0,0,320,320,0,0,0,1,0,6825,80,3626,233,428,72
L2D_FRAME,201,FACE_SWEEP,100,1,35,0,58,931,5123,3,1541,18774,21,33381,14,8206,0,166,1518,6688,8206,11,0,10,21,18,207,33602,0,0,320,320,0,0,0,1,0,6716,111,3597,229,422,79
L2D_FRAME,202,FACE_SWEEP,100,1,36,0,57,936,5121,3,1585,18673,21,33105,16,8030,0,154,1566,6464,8030,11,0,10,21,18,192,33313,0,0,320,320,0,0,0,0,0,6495,80,3631,237,421,69
L2D_FRAME,203,FACE_SWEEP,100,1,37,0,57,933,5120,3,1589,18568,22,32973,27,8010,0,158,1570,6440,8010,12,0,10,22,18,193,33193,0,0,320,320,0,0,0,0,0,6467,78,3631,240,419,70
L2D_FRAME,204,FACE_SWEEP,100,1,38,0,57,1030,5130,3,1603,18673,21,33300,18,8116,0,147,1584,6532,8116,11,0,10,21,22,187,33505,0,0,320,320,0,0,0,1,0,6563,80,3653,230,420,71
L2D_FRAME,205,FACE_SWEEP,100,1,39,0,57,942,5143,3,1587,18724,21,33338,19,8182,0,149,1564,6618,8182,11,0,10,21,22,189,33546,0,0,320,320,0,0,0,1,0,6641,78,3613,244,424,66
L2D_FRAME,206,FACE_SWEEP,100,1,40,0,58,933,5140,3,1590,18779,21,33498,16,8296,0,154,1571,6725,8296,11,0,10,21,19,190,33704,0,0,320,320,0,0,0,1,0,6757,79,3628,247,427,74
L2D_FRAME,207,FACE_SWEEP,100,1,41,0,58,890,5127,4,1616,18768,21,33448,18,8319,0,159,1597,6722,8319,11,0,10,21,18,198,33664,0,0,320,320,0,0,0,1,0,6753,79,3632,226,433,71
L2D_FRAME,208,FACE_SWEEP,100,1,42,0,57,935,5121,3,1556,18720,23,33262,16,8137,0,165,1533,6604,8137,12,0,11,23,614,801,34079,0,0,320,320,0,0,0,1,0,6631,80,3595,249,431,80
L2D_FRAME,209,FACE_SWEEP,100,1,43,0,58,893,5122,3,1541,18755,21,33098,17,7980,0,149,1519,6461,7980,11,0,10,21,18,184,33299,0,0,320,320,0,0,0,0,0,6487,79,3637,226,426,70
L2D_FRAME,210,FACE_SWEEP,100,1,44,0,58,955,5126,3,1606,18786,22,33322,15,8106,0,150,1586,6520,8106,12,0,10,22,23,201,33538,0,0,320,320,0,0,0,1,0,6550,80,3597,229,459,73
L2D_FRAME,211,FACE_SWEEP,100,1,45,0,57,932,5125,3,1593,19037,21,33590,18,8144,0,150,1574,6570,8144,11,0,10,21,18,186,33794,0,0,320,320,0,0,0,1,0,6601,81,3595,227,437,67
L2D_FRAME,212,FACE_SWEEP,100,1,46,0,58,936,5118,3,1611,18763,21,33453,16,8292,0,154,1588,6704,8292,11,0,10,21,19,193,33662,0,0,320,320,0,0,0,1,0,6731,79,3626,224,435,65
L2D_FRAME,213,FACE_SWEEP,100,1,47,0,58,891,5107,3,1588,18790,21,33419,18,8277,0,158,1566,6711,8277,11,0,10,21,18,197,33634,0,0,320,320,0,0,0,1,0,6743,79,3623,222,432,70
L2D_FRAME,214,FACE_SWEEP,100,1,48,0,72,928,5109,3,1554,18760,21,33132,16,7979,0,167,1535,6444,7979,11,0,10,21,268,457,33605,0,0,320,320,0,0,0,1,0,6472,79,3594,234,422,73
L2D_FRAME,215,FACE_SWEEP,100,1,49,0,57,970,5101,3,1591,18687,21,33194,15,8092,0,150,1573,6519,8092,10,0,11,21,19,192,33401,0,0,320,320,0,0,0,1,0,6546,80,3607,237,425,70
L2D_FRAME,216,FACE_SWEEP,100,1,50,0,57,938,5113,3,1590,18827,21,33262,46,8036,0,157,1572,6464,8036,11,0,10,21,24,208,33516,0,0,320,320,0,0,0,1,0,6495,111,3586,238,425,73
L2D_FRAME,217,FACE_SWEEP,100,1,51,0,57,935,5113,3,1563,18775,21,33251,18,8080,0,159,1544,6536,8080,11,0,10,21,20,200,33469,0,0,320,320,0,0,0,1,0,6567,80,3630,228,422,69
L2D_FRAME,218,FACE_SWEEP,100,1,52,0,58,928,5121,3,1605,18826,21,33536,18,8307,0,162,1586,6721,8307,11,0,10,21,20,200,33754,0,0,320,320,0,0,0,1,0,6749,80,3617,232,440,72
L2D_FRAME,219,FACE_SWEEP,100,1,53,0,58,895,5109,4,1571,18786,21,33408,18,8271,0,153,1552,6719,8271,11,0,10,21,18,194,33620,0,0,320,320,0,0,0,1,0,6751,77,3626,233,419,66
L2D_FRAME,220,FACE_SWEEP,100,1,54,0,57,950,5114,3,1542,18712,22,33324,16,8200,0,166,1523,6677,8200,11,0,11,22,606,797,34137,0,0,320,320,0,0,0,1,0,6708,78,3627,219,433,72
L2D_SUMMARY,FACE_SWEEP,100,1,slot_wait_us,50,0.00,0,0,0,0,0,0
L2D_SUMMARY,FACE_SWEEP,100,1,controller_us,50,57.82,57,58,72,57,72,0
L2D_SUMMARY,FACE_SWEEP,100,1,rt30_us,50,935.80,933,1017,1030,874,1030,0
L2D_SUMMARY,FACE_SWEEP,100,1,hierarchy_vertex_us,50,5117.96,5118,5135,5143,5101,5143,0
L2D_SUMMARY,FACE_SWEEP,100,1,bounds_us,50,3.16,3,4,4,3,4,0
L2D_SUMMARY,FACE_SWEEP,100,1,clear_us,50,1582.96,1587,1611,1636,1541,1636,0
L2D_SUMMARY,FACE_SWEEP,100,1,raster_us,50,18731.66,18724,18835,19037,18568,19037,0
I (14141) l2d_profile: FACE_SWEEP scale=100 round=1 raster_us avg=18732 p95=18835 p99=19037 max=19037
L2D_SUMMARY,FACE_SWEEP,100,1,convert_us,50,6618.20,6580,6766,6825,6467,6825,0
L2D_SUMMARY,FACE_SWEEP,100,1,cache_sync_us,50,21.30,21,22,23,21,23,0
L2D_SUMMARY,FACE_SWEEP,100,1,producer_total_us,50,33287.50,33300,33536,33676,32973,33676,0
I (14171) l2d_profile: FACE_SWEEP scale=100 round=1 producer_total_us avg=33288 p95=33536 p99=33676 max=33676
L2D_SUMMARY,FACE_SWEEP,100,1,publish_consume_us,50,17.64,16,27,46,13,46,0
L2D_SUMMARY,FACE_SWEEP,100,1,ppa_wait_us,50,8151.56,8116,8319,8376,7979,8376,0
L2D_SUMMARY,FACE_SWEEP,100,1,ppa_blend_us,50,0.00,0,0,0,0,0,0
L2D_SUMMARY,FACE_SWEEP,100,1,panel_submit_us,50,157.64,155,183,188,147,188,0
L2D_SUMMARY,FACE_SWEEP,100,1,frame_drop,50,0.00,0,0,0,0,0,0
L2D_SUMMARY,FACE_SWEEP,100,1,ppa_fill_us,50,1562.78,1566,1588,1616,1518,1616,0
L2D_SUMMARY,FACE_SWEEP,100,1,ppa_srm_us,50,6588.78,6554,6735,6794,6437,6794,0
L2D_SUMMARY,FACE_SWEEP,100,1,ppa_total_us,50,8151.56,8116,8319,8376,7979,8376,0
L2D_SUMMARY,FACE_SWEEP,100,1,clear_cache_sync_us,50,11.12,11,12,12,10,12,0
L2D_SUMMARY,FACE_SWEEP,100,1,convert_cache_sync_us,50,0.00,0,0,0,0,0,0
L2D_SUMMARY,FACE_SWEEP,100,1,flush_cache_sync_us,50,10.18,10,11,11,10,11,0
L2D_SUMMARY,FACE_SWEEP,100,1,cache_sync_total_us,50,21.30,21,22,23,21,23,0
L2D_SUMMARY,FACE_SWEEP,100,1,display_lock_wait_us,50,59.20,20,520,614,18,614,0
L2D_SUMMARY,FACE_SWEEP,100,1,flush_total_us,50,237.26,196,696,801,184,801,0
L2D_SUMMARY,FACE_SWEEP,100,1,frame_total_us,50,33542.40,33534,33882,34137,33193,34137,0
L2D_SUMMARY,FACE_SWEEP,100,1,keypoint_us,50,83.38,79,111,114,77,114,0
L2D_SUMMARY,FACE_SWEEP,100,1,visual_transform_us,50,3614.24,3617,3645,3653,3575,3653,0
L2D_SUMMARY,FACE_SWEEP,100,1,stretch_us,50,232.62,232,247,249,217,249,0
L2D_SUMMARY,FACE_SWEEP,100,1,vertex_transform_us,50,429.00,425,457,464,409,464,0
L2D_SUMMARY,FACE_SWEEP,100,1,uv_update_us,50,70.68,70,79,82,65,82,0
L2D_SUMMARY,FACE_SWEEP,100,1,slot_miss,50,0.00,0,0,0,0,0,0
L2D_SUMMARY,FACE_SWEEP,100,1,lock_skip,50,0.00,0,0,0,0,0,0
L2D_SUMMARY,FACE_SWEEP,100,1,deadline_miss,50,0.80,1,1,1,0,1,0
I (14329) l2d_profile: done FACE_SWEEP scale=100 round=1
L2D_FRAME,226,MULTI_AXIS,100,1,5,0,60,964,5345,3,1618,18434,22,33164,19,8065,0,158,1592,6473,8065,12,0,10,22,20,195,33378,0,0,320,320,0,0,0,1,0,6500,81,3812,260,441,74
L2D_FRAME,227,MULTI_AXIS,100,1,6,0,59,949,5350,3,1630,18461,21,33424,12,8310,0,161,1604,6706,8310,11,0,10,21,19,203,33639,0,0,320,320,0,0,0,1,0,6738,79,3850,215,452,68
L2D_FRAME,228,MULTI_AXIS,100,1,7,0,58,948,5332,3,1603,18374,21,33301,13,8294,0,158,1580,6714,8294,11,0,10,21,22,199,33513,0,0,320,320,0,0,0,1,0,6742,77,3825,249,416,69
L2D_FRAME,229,MULTI_AXIS,100,1,8,0,55,975,5321,3,1524,18222,22,33100,14,8205,0,158,1505,6700,8205,11,0,11,22,20,202,33316,0,0,320,320,0,0,0,0,0,6745,79,3788,253,446,74
L2D_FRAME,230,MULTI_AXIS,100,1,9,0,59,923,5331,3,1567,18257,22,32853,16,7985,0,169,1544,6441,7985,12,0,10,22,22,209,33078,0,0,320,320,0,0,0,0,0,6469,113,3802,231,426,73
L2D_FRAME,231,MULTI_AXIS,100,1,10,0,59,987,5332,3,1642,18322,21,33080,17,8087,0,163,1619,6468,8087,11,0,10,21,22,203,33300,0,0,320,320,0,0,0,0,0,6495,76,3849,226,426,69
L2D_FRAME,232,MULTI_AXIS,100,1,11,0,59,943,5346,3,1606,18433,21,33109,15,8035,0,161,1583,6452,8035,11,0,10,21,18,200,33324,0,0,320,320,0,0,0,0,0,6484,79,3834,256,424,75
L2D_FRAME,233,MULTI_AXIS,100,1,12,0,59,976,5340,4,1596,18294,21,33109,16,8153,0,162,1573,6580,8153,11,0,10,21,22,201,33326,0,0,320,320,0,0,0,0,0,6607,80,3836,222,448,70
L2D_FRAME,234,MULTI_AXIS,100,1,13,0,58,940,5343,3,1626,18389,22,33352,12,8331,0,156,1599,6732,8331,12,0,10,22,18,194,33558,0,0,320,320,0,0,0,1,0,6759,80,3796,248,429,72
L2D_FRAME,235,MULTI_AXIS,100,1,14,0,59,921,5321,3,1572,18317,26,33174,15,8255,0,153,1549,6706,8255,15,0,11,26,18,194,33383,0,0,320,320,0,0,0,1,0,6737,78,3826,248,413,67
L2D_FRAME,236,MULTI_AXIS,100,1,15,0,59,903,5317,3,1563,18314,22,33114,16,8224,0,170,1539,6685,8224,12,0,10,22,816,1009,34139,0,0,320,320,0,0,0,1,0,6713,78,3827,230,432,69
L2D_FRAME,237,MULTI_AXIS,100,1,16,0,59,904,5323,3,1606,18360,21,32994,18,8043,0,153,1583,6460,8043,11,0,10,21,22,197,33209,0,0,320,320,0,0,0,0,0,6491,80,3825,229,432,72
L2D_FRAME,238,MULTI_AXIS,100,1,17,0,58,1018,5327,3,1603,18387,21,33181,16,8099,0,149,1580,6519,8099,11,0,10,21,20,186,33383,0,0,320,320,0,0,0,1,0,6546,78,3848,217,442,69
L2D_FRAME,239,MULTI_AXIS,100,1,18,0,59,962,5316,3,1585,18545,21,33210,16,8016,0,195,1558,6458,8016,11,0,10,21,20,232,33458,0,0,320,320,0,0,0,1,0,6486,78,3796,238,422,68
L2D_FRAME,240,MULTI_AXIS,100,1,19,0,58,965,5347,3,1594,18571,22,33738,16,8276,0,146,1571,6705,8276,12,0,10,22,24,187,33941,0,0,320,320,0,0,0,1,0,6741,79,3844,228,438,74
L2D_FRAME,241,MULTI_AXIS,100,1,20,0,59,870,5325,3,1412,18549,21,33189,16,8092,0,148,1389,6703,8092,11,0,10,21,24,193,33398,0,0,320,320,0,0,0,1,0,6731,80,3824,223,430,80
L2D_FRAME,242,MULTI_AXIS,100,1,21,0,59,927,5327,3,1567,18583,22,33212,16,7993,0,156,1544,6449,7993,11,0,11,22,240,416,33644,0,0,320,320,0,0,0,1,0,6480,78,3834,223,438,70
L2D_FRAME,243,MULTI_AXIS,100,1,22,0,59,966,5330,3,1598,18619,21,33294,16,8029,0,162,1575,6454,8029,11,0,10,21,24,207,33517,0,0,320,320,0,0,0,1,0,6482,79,3831,222,447,68
L2D_FRAME,244,MULTI_AXIS,100,1,23,0,59,1001,5335,3,1605,18636,21,33422,18,8105,0,154,1582,6523,8105,11,0,10,21,20,192,33632,0,0,320,320,0,0,0,1,0,6550,79,3838,227,442,68
L2D_FRAME,245,MULTI_AXIS,100,1,24,0,59,952,5335,3,1556,18697,21,33488,17,8145,0,164,1533,6612,8145,11,0,10,21,18,199,33704,0,0,320,320,0,0,0,1,0,6639,108,3815,228,427,70
L2D_FRAME,246,MULTI_AXIS,100,1,25,0,58,956,5341,3,1637,18675,22,33657,12,8336,0,159,1610,6726,8336,11,0,11,22,18,202,33871,0,0,320,320,0,0,0,1,0,6750,81,3797,257,453,69
L2D_FRAME,247,MULTI_AXIS,100,1,26,0,59,925,5335,3,1622,18686,22,33622,16,8328,0,154,1599,6729,8328,11,0,11,22,19,193,33831,0,0,320,320,0,0,0,1,0,6756,80,3831,233,427,70
L2D_FRAME,248,MULTI_AXIS,100,1,27,0,59,972,5322,3,1543,18704,21,33443,17,8096,0,164,1520,6576,8096,11,0,10,21,547,729,34189,0,0,320,320,0,0,0,1,0,6602,78,3830,231,434,68
L2D_FRAME,249,MULTI_AXIS,100,1,28,0,59,932,5326,3,1598,18633,21,33301,16,8039,0,156,1576,6463,8039,11,0,10,21,20,201,33518,0,0,320,320,0,0,0,1,0,6495,78,3831,242,421,68
L2D_FRAME,250,MULTI_AXIS,100,1,29,0,59,997,5118,3,1608,18611,26,33195,19,8111,0,145,1582,6529,8111,15,0,11,26,24,186,33400,0,0,320,320,0,0,0,1,0,6561,79,3597,257,433,69
L2D_FRAME,251,MULTI_AXIS,100,1,30,0,58,962,5341,3,1603,18728,21,33572,17,8189,0,149,1580,6609,8189,11,0,10,21,18,188,33777,0,0,320,320,0,0,0,1,0,6639,79,3809,240,430,70
L2D_FRAME,252,MULTI_AXIS,100,1,31,0,59,970,5338,3,1582,18618,21,33562,16,8288,0,155,1559,6729,8288,11,0,10,21,25,198,33776,0,0,320,320,0,0,0,1,0,6757,78,3810,234,432,103
L2D_FRAME,253,MULTI_AXIS,100,1,32,0,59,921,5322,4,1590,18524,21,33418,16,8299,0,158,1567,6732,8299,11,0,10,21,19,192,33626,0,0,320,320,0,0,0,1,0,6757,80,3825,236,422,72
L2D_FRAME,254,MULTI_AXIS,100,1,33,0,58,953,5331,4,1540,18572,26,33190,15,7973,0,160,1516,6457,7973,15,0,11,26,309,494,33699,0,0,320,320,0,0,0,1,0,6485,80,3826,239,426,71
L2D_FRAME,255,MULTI_AXIS,100,1,34,0,58,989,5338,3,1587,18424,21,33222,16,8117,0,147,1569,6548,8117,10,0,11,21,20,188,33426,0,0,320,320,0,0,0,1,0,6575,80,3832,227,442,72
L2D_FRAME,256,MULTI_AXIS,100,1,35,0,59,959,5347,3,1606,18539,50,33237,16,8046,0,159,1587,6459,8046,11,0,39,50,20,225,33478,0,0,320,320,0,0,0,1,0,6486,80,3799,238,446,69
L2D_FRAME,257,MULTI_AXIS,100,1,36,0,58,956,5346,3,1607,18567,21,33374,16,8154,0,151,1588,6566,8154,11,0,10,21,22,190,33580,0,0,320,320,0,0,0,1,0,6597,79,3819,216,453,101
L2D_FRAME,258,MULTI_AXIS,100,1,37,0,59,943,5364,3,1585,18611,21,33570,16,8302,0,158,1562,6740,8302,11,0,10,21,22,202,33788,0,0,320,320,0,0,0,1,0,6768,80,3857,228,444,69
L2D_FRAME,259,MULTI_AXIS,100,1,38,0,59,921,5338,4,1574,18505,22,33401,16,8278,0,149,1550,6728,8278,12,0,10,22,20,190,33607,0,0,320,320,0,0,0,1,0,6756,79,3834,245,424,73
L2D_FRAME,260,MULTI_AXIS,100,1,39,0,58,968,5332,4,1536,18462,21,33351,16,8238,0,160,1517,6721,8238,11,0,10,21,661,837,34204,0,0,320,320,0,0,0,1,0,6748,79,3804,270,423,70
L2D_FRAME,261,MULTI_AXIS,100,1,40,0,59,955,5339,3,1597,18428,22,33191,15,8112,0,153,1574,6538,8112,11,0,11,22,19,194,33400,0,0,320,320,0,0,0,1,0,6570,80,3835,233,436,74
L2D_FRAME,262,MULTI_AXIS,100,1,41,0,59,945,5361,3,1592,18536,50,33239,18,8040,0,162,1573,6467,8040,11,0,39,50,23,235,33492,0,0,320,320,0,0,0,1,0,6499,78,3824,219,451,71
L2D_FRAME,263,MULTI_AXIS,100,1,42,0,58,962,5344,3,1536,18540,21,33327,12,8122,0,152,1517,6605,8122,11,0,10,21,28,199,33538,0,0,320,320,0,0,0,1,0,6634,80,3851,217,446,66
L2D_FRAME,264,MULTI_AXIS,100,1,43,0,59,954,5351,3,1606,18539,21,33519,17,8322,0,158,1583,6739,8322,11,0,10,21,22,200,33736,0,0,320,320,0,0,0,1,0,6765,78,3822,229,442,68
L2D_FRAME,265,MULTI_AXIS,100,1,44,0,59,900,5323,3,1597,18526,23,33413,15,8304,0,159,1578,6726,8304,12,0,11,23,23,200,33628,0,0,320,320,0,0,0,1,0,6754,80,3818,240,429,70
L2D_FRAME,266,MULTI_AXIS,100,1,45,0,58,965,5349,4,1571,18494,22,33240,16,8086,0,156,1548,6538,8086,11,0,11,22,304,477,33733,0,0,320,320,0,0,0,1,0,6566,80,3811,264,439,69
L2D_FRAME,267,MULTI_AXIS,100,1,46,0,59,954,5348,3,1584,18578,49,33244,15,8008,0,157,1565,6443,8008,11,0,38,49,22,227,33486,0,0,320,320,0,0,0,1,0,6470,78,3810,240,431,72
L2D_FRAME,268,MULTI_AXIS,100,1,47,0,58,945,5359,3,1586,18621,21,33295,16,8021,0,155,1563,6458,8021,11,0,10,21,19,193,33504,0,0,320,320,0,0,0,1,0,6486,81,3856,230,439,68
L2D_FRAME,269,MULTI_AXIS,100,1,48,0,59,954,5345,3,1600,18652,21,33457,17,8151,0,158,1577,6574,8151,11,0,10,21,18,198,33672,0,0,320,320,0,0,0,1,0,6601,78,3845,237,433,68
L2D_FRAME,270,MULTI_AXIS,100,1,49,0,59,956,5349,3,1607,18704,21,33656,15,8287,0,161,1584,6703,8287,11,0,10,21,20,202,33873,0,0,320,320,0,0,0,1,0,6733,80,3849,240,431,68
L2D_FRAME,271,MULTI_AXIS,100,1,50,0,59,955,5344,3,1591,18595,21,33594,16,8359,0,160,1568,6791,8359,11,0,10,21,20,198,33808,0,0,320,320,0,0,0,1,0,6818,80,3836,237,437,72
L2D_FRAME,272,MULTI_AXIS,100,1,51,0,59,959,5335,3,1539,18729,21,33497,14,8103,0,149,1520,6583,8103,11,0,10,21,20,189,33700,0,0,320,320,0,0,0,1,0,6615,112,3810,232,426,74
L2D_FRAME,273,MULTI_AXIS,100,1,52,0,59,960,5342,3,1590,18697,21,33386,16,8029,0,161,1567,6462,8029,11,0,10,21,18,201,33603,0,0,320,320,0,0,0,1,0,6493,80,3833,246,423,71
L2D_FRAME,274,MULTI_AXIS,100,1,53,0,59,961,5331,4,1582,18655,21,33330,17,8020,0,154,1563,6457,8020,11,0,10,21,18,194,33541,0,0,320,320,0,0,0,1,0,6488,81,3828,229,429,70
L2D_FRAME,275,MULTI_AXIS,100,1,54,0,58,963,5353,4,1603,18724,21,33429,17,8041,0,155,1580,6461,8041,11,0,10,21,24,195,33641,0,0,320,320,0,0,0,1,0,6492,79,3847,228,447,71
L2D_SUMMARY,MULTI_AXIS,100,1,slot_wait_us,50,0.00,0,0,0,0,0,0
L2D_SUMMARY,MULTI_AXIS,100,1,controller_us,50,58.66,59,59,60,55,60,0
L2D_SUMMARY,MULTI_AXIS,100,1,rt30_us,50,952.12,955,997,1018,870,1018,0
L2D_SUMMARY,MULTI_AXIS,100,1,hierarchy_vertex_us,50,5333.10,5338,5359,5364,5118,5364,0
L2D_SUMMARY,MULTI_AXIS,100,1,bounds_us,50,3.16,3,4,4,3,4,0
L2D_SUMMARY,MULTI_AXIS,100,1,clear_us,50,1585.44,1592,1630,1642,1412,1642,0
L2D_SUMMARY,MULTI_AXIS,100,1,raster_us,50,18532.82,18545,18724,18729,18222,18729,0
I (16976) l2d_profile: MULTI_AXIS scale=100 round=1 raster_us avg=18533 p95=18724 p99=18729 max=18729
L2D_SUMMARY,MULTI_AXIS,100,1,convert_us,50,6617.02,6601,6765,6818,6469,6818,0
L2D_SUMMARY,MULTI_AXIS,100,1,cache_sync_us,50,23.30,21,49,50,21,50,0
L2D_SUMMARY,MULTI_AXIS,100,1,producer_total_us,50,33328.80,33301,33656,33738,32853,33738,0
I (17006) l2d_profile: MULTI_AXIS scale=100 round=1 producer_total_us avg=33329 p95=33656 p99=33738 max=33738
L2D_SUMMARY,MULTI_AXIS,100,1,publish_consume_us,50,15.80,16,18,19,12,19,0
L2D_SUMMARY,MULTI_AXIS,100,1,ppa_wait_us,50,8150.82,8112,8331,8359,7973,8359,0
L2D_SUMMARY,MULTI_AXIS,100,1,ppa_blend_us,50,0.00,0,0,0,0,0,0
L2D_SUMMARY,MULTI_AXIS,100,1,panel_submit_us,50,157.40,158,169,195,145,195,0
L2D_SUMMARY,MULTI_AXIS,100,1,frame_drop,50,0.00,0,0,0,0,0,0
L2D_SUMMARY,MULTI_AXIS,100,1,ppa_fill_us,50,1562.88,1571,1604,1619,1389,1619,0
L2D_SUMMARY,MULTI_AXIS,100,1,ppa_srm_us,50,6587.94,6574,6739,6791,6441,6791,0
L2D_SUMMARY,MULTI_AXIS,100,1,ppa_total_us,50,8150.82,8112,8331,8359,7973,8359,0
L2D_SUMMARY,MULTI_AXIS,100,1,clear_cache_sync_us,50,11.36,11,15,15,10,15,0
L2D_SUMMARY,MULTI_AXIS,100,1,convert_cache_sync_us,50,0.00,0,0,0,0,0,0
L2D_SUMMARY,MULTI_AXIS,100,1,flush_cache_sync_us,50,11.94,10,38,39,10,39,0
L2D_SUMMARY,MULTI_AXIS,100,1,cache_sync_total_us,50,23.30,21,49,50,21,50,0
L2D_SUMMARY,MULTI_AXIS,100,1,display_lock_wait_us,50,75.82,20,547,816,18,816,0
L2D_SUMMARY,MULTI_AXIS,100,1,flush_total_us,50,254.70,199,729,1009,186,1009,0
L2D_SUMMARY,MULTI_AXIS,100,1,frame_total_us,50,33599.30,33580,34139,34204,33078,34204,0
L2D_SUMMARY,MULTI_AXIS,100,1,keypoint_us,50,81.08,79,108,113,76,113,0
L2D_SUMMARY,MULTI_AXIS,100,1,visual_transform_us,50,3821.52,3826,3851,3857,3597,3857,0
L2D_SUMMARY,MULTI_AXIS,100,1,stretch_us,50,235.74,233,260,270,215,270,0
L2D_SUMMARY,MULTI_AXIS,100,1,vertex_transform_us,50,434.40,432,452,453,413,453,0
L2D_SUMMARY,MULTI_AXIS,100,1,uv_update_us,50,71.70,70,80,103,66,103,0
L2D_SUMMARY,MULTI_AXIS,100,1,slot_miss,50,0.00,0,0,0,0,0,0
L2D_SUMMARY,MULTI_AXIS,100,1,lock_skip,50,0.00,0,0,0,0,0,0
L2D_SUMMARY,MULTI_AXIS,100,1,deadline_miss,50,0.88,1,1,1,0,1,0
I (17165) l2d_profile: done MULTI_AXIS scale=100 round=1
L2D_DONE
