ESP-ROM:esp32p4-eco2-20240710
Build:Jul 10 2024
rst:0x1 (POWERON),boot:0x30f (SPI_FAST_FLASH_BOOT)
SPI mode:DIO, clock div:1
load:0x4ff33ce0,len:0x514
load:0x4ff29ed0,len:0xbbc
load:0x4ff2cbd0,len:0x3114
entry 0x4ff29ed0
I (337) hex_psram: vendor id    : 0x0d (AP)
I (337) hex_psram: Latency      : 0x01 (Fixed)
I (338) hex_psram: DriveStr.    : 0x00 (25 Ohm)
I (338) hex_psram: dev id       : 0x03 (generation 4)
I (343) hex_psram: density      : 0x07 (256 Mbit)
I (347) hex_psram: good-die     : 0x06 (Pass)
I (351) hex_psram: SRF          : 0x02 (Slow Refresh)
I (356) hex_psram: BurstType    : 0x00 ( Wrap)
I (360) hex_psram: BurstLen     : 0x03 (2048 Byte)
I (365) hex_psram: BitMode      : 0x01 (X16 Mode)
I (369) hex_psram: Readlatency  : 0x04 (14 cycles@Fixed)
I (374) hex_psram: DriveStrength: 0x00 (1/1)
I (378) MSPI Timing: Enter psram timing tuning
I (553) esp_psram: Found 32MB PSRAM device
I (553) esp_psram: Speed: 200MHz
I (553) hex_psram: psram CS IO is dedicated
I (554) cpu_start: Multicore app
I (1461) esp_psram: SPI SRAM memory test OK
I (1472) cpu_start: GPIO 38 and 37 are used as console UART I/O pins
I (1472) cpu_start: Pro cpu start user code
I (1472) cpu_start: cpu freq: 360000000 Hz
I (1474) app_init: Application information:
I (1478) app_init: Project name:     live2d_rt30_baseline
I (1483) app_init: App version:      b9e8f4b-dirty
I (1488) app_init: Compile time:     Sep 29 2026 20:43:58
I (1493) app_init: ELF file SHA256:  d87a6688b...
I (1497) app_init: ESP-IDF:          v5.5.2
I (1501) efuse_init: Min chip rev:     v0.1
I (1505) efuse_init: Max chip rev:     v1.99
I (1509) efuse_init: Chip rev:         v1.3
I (1513) heap_init: Initializing. RAM available for dynamic allocation:
I (1519) heap_init: At 4FF1ED00 len 0001C2C0 (112 KiB): RETENT_RAM
I (1525) heap_init: At 4FF3AFC0 len 00004BF0 (18 KiB): RAM
I (1530) heap_init: At 4FF40000 len 00060000 (384 KiB): RAM
I (1536) heap_init: At 501080A0 len 00007F60 (31 KiB): RTCRAM
I (1541) heap_init: At 30100084 len 00001F7C (7 KiB): TCM
I (1547) esp_psram: Adding pool of 32768K of PSRAM memory to heap allocator
I (1554) spi_flash: detected chip: generic
I (1557) spi_flash: flash io: dio
I (1560) sleep_gpio: Configure to isolate all GPIO pins in sleep state
I (1566) sleep_gpio: Enable automatic switching of GPIO sleep configuration
I (1573) main_task: Started on CPU0
I (1597) esp_psram: Reserving pool of 256K of internal memory for DMA/internal allocations
I (1598) main_task: Calling app_main()
I (1598) l2d_baseline: === Live2D RT30 baseline ===
I (1602) l2d_baseline: ========================================
I (1608) l2d_baseline:  Live2D RT30 baseline, target=30 fps, core=0
I (1614) l2d_baseline:  model=/sdcard/esp.live
I (1618) l2d_baseline: ========================================
I (1623) l2d_baseline: heap boot: psram_free=33551716 psram_min=33551716 internal_free=507115
I (1658) sys_storage: Mounting SD card at /sdcard
I (1660) main_task: Returned from app_main()
I (1714) sys_storage: Storage subsystem ready (NVS + SD at /sdcard)
I (1714) sys_sdio: ready: SD serial task core=0 prio=4 queue=20
I (1716) sys_storage: font cache found: /sdcard/fonts/noto_sans_sc_16.bin (955208 bytes)
I (1722) l2d_baseline: storage ready at /sdcard
I (1728) esp_lvgl:adapter: LVGL adapter initialized successfully
I (1805) GT911: TouchPad_ID:0x39,0x31,0x31
I (1805) GT911: TouchPad_Config_Version:101
W (1805) ledc: GPIO 20 is not usable, maybe conflict with others
I (1808) WT99P4C5_S1_BOARD: MIPI DSI PHY Powered on
I (1813) WT99P4C5_S1_BOARD: Install MIPI DSI LCD control panel
I (1818) WT99P4C5_S1_BOARD: Install EK79007 LCD control panel
I (1823) WT99P4C5_S1_BOARD: MIPI DSI DPI clock: 80.00 MHz
I (1828) ek79007: version: 1.0.4
I (2002) WT99P4C5_S1_BOARD: Display initialized
I (2002) WT99P4C5_S1_BOARD: Display resolution 1024x600
I (2006) esp_lvgl:bridge_v9: Initializing hardware resources
I (2006) esp_lvgl:bridge_v9: Hardware resources initialized successfully
I (2017) WT99P4C5_S1_BOARD: GT911 touch ready on GPIO 21
W (2017) esp_lvgl:touch: LV_USE_GESTURE_RECOGNITION is disabled; only single-point pointer events are available
I (2027) esp_lvgl:touch: Touch input device registered successfully (IRQ mode: disabled)
I (2035) esp_lvgl:adapter: LVGL task started successfully
I (2040) sys_display: Display + LVGL initialized (custom config)
I (2045) WT99P4C5_S1_BOARD: Setting LCD backlight: 80%
I (2050) sys_monitor: CPU monitor started (FreeRTOS idle run time, 1 s windows)
I (2057) sys_monitor: FPS tracking attached to display
I (2594) l2d_baseline: model file loaded: /sdcard/esp.live (800796 bytes)
I (2594) l2d_baseline: model CRC32_LE=0x5f25edc0
I (2646) l2d_baseline: model SHA256=1d7f21471dcedee2d205904791df7147c63760269462ad5d7169a97afe386100
I (2646) live2d_engine: allocated runtime pool: 16777216 bytes
I (2649) live2d_engine: Importing PainterEngine Live2D model, file size=800796 bytes, pool free=16777216 bytes
I (2708) live2d_engine: Model loaded: id='esp', size=320x320, layers=11, textures=12, animations=1, pool free=15941368 bytes
I (2709) live2d_engine: Using nearest-neighbor pixel shader for ESP renderer
I (2715) live2d_engine: RT30 realtime axes: 5
I (2719) live2d_engine:   axis[0] id='left_eye' default=0 middle=15 bindings=2 sampleBytes=360 stride=12 vidx=0 Q(coord=4 rot=6 stretch=14)
I (2732) live2d_engine:     binding[0] layer=6 id='right_eye' mask=0x0050 vertices=0 sample_offset=0
I (2740) live2d_engine:     binding[1] layer=8 id='left_eyeup' mask=0x0010 vertices=0 sample_offset=6
I (2749) live2d_engine:   axis[1] id='right_eye' default=0 middle=15 bindings=2 sampleBytes=240 stride=8 vidx=0 Q(coord=4 rot=6 stretch=14)
I (2762) live2d_engine:     binding[0] layer=5 id='left_eye' mask=0x0040 vertices=0 sample_offset=0
I (2770) live2d_engine:     binding[1] layer=7 id='right_eyeup' mask=0x0010 vertices=0 sample_offset=2
I (2779) live2d_engine:   axis[2] id='neck' default=15 middle=15 bindings=1 sampleBytes=960 stride=32 vidx=7 Q(coord=4 rot=6 stretch=14)
I (2791) live2d_engine:     binding[0] layer=3 id='neck' mask=0x0028 vertices=7 sample_offset=0
I (2800) live2d_engine:   axis[3] id='face' default=15 middle=15 bindings=11 sampleBytes=28560 stride=952 vidx=227 Q(coord=4 rot=6 stretch=14)
I (2812) live2d_engine:     binding[0] layer=0 id='back_hair' mask=0x0009 vertices=42 sample_offset=0
I (2821) live2d_engine:     binding[1] layer=1 id='cloth' mask=0x0009 vertices=25 sample_offset=172
I (2830) live2d_engine:     binding[2] layer=2 id='face' mask=0x0009 vertices=15 sample_offset=276
I (2839) live2d_engine:     binding[3] layer=3 id='neck' mask=0x0009 vertices=8 sample_offset=340
I (2847) live2d_engine:     binding[4] layer=4 id='mouth' mask=0x0009 vertices=5 sample_offset=376
I (2856) live2d_engine:     binding[5] layer=5 id='left_eye' mask=0x0009 vertices=11 sample_offset=400
I (2865) live2d_engine:     binding[6] layer=6 id='right_eye' mask=0x0009 vertices=10 sample_offset=448
I (2874) live2d_engine:     binding[7] layer=7 id='right_eyeup' mask=0x0009 vertices=13 sample_offset=492
I (2883) live2d_engine:     binding[8] layer=8 id='left_eyeup' mask=0x0009 vertices=13 sample_offset=548
I (2893) live2d_engine:     binding[9] layer=9 id='front_hair' mask=0x0009 vertices=64 sample_offset=604
I (2902) live2d_engine:     binding[10] layer=10 id='hairwear' mask=0x0009 vertices=21 sample_offset=864
I (2911) live2d_engine:   axis[4] id='mouth' default=15 middle=15 bindings=1 sampleBytes=720 stride=24 vidx=5 Q(coord=4 rot=6 stretch=14)
I (2923) live2d_engine:     binding[0] layer=4 id='mouth' mask=0x0048 vertices=5 sample_offset=0
I (2932) live2d_engine: Playing default animation index 1/1
I (2937) live2d_engine: allocated runtime pool: 1048576 bytes
I (2943) l2d_baseline: model ready id='esp' size=320x320 layers=11 textures=12 animations=1 load=290ms pool_free=1017664
I (2953) l2d_baseline: RT30 axis_count=5 static=31590 runtime=0 selectedSample=0
I (2961) l2d_baseline: axis handles: left_eye=0 right_eye=1 neck=2 face=3 mouth=4
I (2967) l2d_baseline: benchmark model_path=/sdcard/esp.live axis_count=5
I (2974) l2d_baseline: render ROI: 320x320 at (352,140), lcd=1024x600
I (2980) sys_display_buf: PSRAM before alloc: total=33554432  free=13226356 largest=12320768
I (2988) sys_display_buf: buffers created: 320x320  ARGB=409600  RGB565=204800 bytes (PSRAM DMA=yes)
I (2997) sys_display_buf: PSRAM after alloc: total=33554432  free=12611948 largest=12320768
I (3007) sys_display_flush: Flush path: 320x320 at (352,140) -> panel direct draw
I (3013) live2d_engine: Internal render scale set to 1.000
I (3025) live2d_renderer: PPA fill transparent clear enabled
I (3025) live2d_renderer: Renderer initialized: 320x320 ARGB8888 -> RGB565 via PPA SRM, rgb_swap=0, byte_swap=0, source block=320x320@(0,0)
I (3035) l2d_baseline: render backends: clear=PPA convert=PPA
I (3040) l2d_baseline: heap ready: psram_free=12610888 psram_min=12610888 internal_free=386179
I (3049) l2d_baseline: continuous RT30 drive active on 5 model axes
L2D_META_BEGIN
esp_commit=b9e8f4bbe304c24cf9ee4eaf518fb70983576e9e
live2d_commit=78fc634
idf=v5.5.2
chip=ESP32-P4
cpu_mhz=360
psram_mhz=200
optimization=-O2
render_task=core0,priority6
lvgl_task=core0,priority4
canvas=320x320
slot=none,synchronous ARGB+RGB565 buffers
display=direct panel RGB565
ppa=fill+SRM clients,blocking,blend unused
model_path=/sdcard/esp.live
model_sha256=1d7f21471dcedee2d205904791df7147c63760269462ad5d7169a97afe386100
model_size=800796
model_load_us=290645
axis_count=5
layer_count=11
vertex_count=227
triangle_count=257
texture_count=12
layers=11
vertices=227
triangles=257
textures=12
texture_pixels=184235
axes=5
sampler=fast-nearest
profile_stage=0
profile_mode=timing
srm_roi=1
default_clear=PPA
default_convert=PPA
backend_ids=0:PPA/PPA,1:CPU/PPA,2:PPA/CPU,3:CPU/CPU
warmup=5
measure=50
rounds=1
L2D_META_END
L2D_FRAME_HEADER,frame_id,scenario,scale_q100,round,frame,slot_wait_us,controller_us,rt30_us,hierarchy_vertex_us,bounds_us,clear_us,raster_us,cache_sync_us,producer_total_us,publish_consume_us,ppa_wait_us,ppa_blend_us,panel_submit_us,ppa_fill_us,ppa_srm_us,ppa_total_us,clear_cache_sync_us,convert_cache_sync_us,flush_cache_sync_us,cache_sync_total_us,display_lock_wait_us,flush_total_us,frame_total_us,dirty_x,dirty_y,dirty_w,dirty_h,frame_drop,slot_miss,lock_skip,deadline_miss,backend,convert_us,keypoint_us,visual_transform_us,stretch_us,vertex_transform_us,uv_update_us,trig_cache_hit,trig_cache_miss
L2D_SUMMARY_HEADER,scenario,scale_q100,round,metric,count,avg,p50,p95,p99,min,max,backend
L2D_ROI_HEADER,frame_id,scenario,scale_q100,round,frame,current_valid,current_min_x,current_min_y,current_max_x,current_max_y,current_w,current_h,current_area,previous_valid,previous_min_x,previous_min_y,previous_max_x,previous_max_y,union_min_x,union_min_y,union_max_x,union_max_y,union_w,union_h,union_area,current_area_ratio_q10000,union_area_ratio_q10000,force_full
L2D_SUMMARY,LOAD,0,0,load_us,1,290645,290645,290645,290645,290645,290645,0
I (3231) l2d_profile: profile suite: stage=0 rounds=1 frames=50
I (3237) live2d_engine: Internal render scale set to 1.000
L2D_FRAME,6,STATIC,100,1,5,0,9,38,138,3,1120,19426,24,25664,15,5545,0,147,1096,4449,5545,11,0,13,24,16,188,25867,0,0,320,320,0,0,0,0,0,4482,0,0,0,0,0,0,0
L2D_FRAME,7,STATIC,100,1,6,0,9,38,142,3,1127,19683,25,25924,16,5547,0,152,1102,4445,5547,12,0,13,25,16,201,26141,0,0,320,320,0,0,0,0,0,4478,0,0,0,0,0,0,0
L2D_FRAME,8,STATIC,100,1,7,0,9,38,141,3,1136,19451,25,25696,14,5557,0,147,1111,4446,5557,12,0,13,25,20,192,25902,0,0,320,320,0,0,0,0,0,4479,0,0,0,0,0,0,0
L2D_FRAME,9,STATIC,100,1,8,0,9,41,138,3,1134,19515,28,25753,11,5547,0,147,1105,4442,5547,15,0,13,28,20,196,25960,0,0,320,320,0,0,0,0,0,4475,0,0,0,0,0,0,0
L2D_FRAME,10,STATIC,100,1,9,0,9,42,166,3,1138,19343,26,25735,20,5650,0,150,1116,4534,5650,12,0,14,26,16,191,25946,0,0,320,320,0,0,0,0,0,4566,0,0,0,0,0,0,0
L2D_FRAME,11,STATIC,100,1,10,0,9,43,140,3,1140,19488,30,25751,16,5552,0,152,1113,4439,5552,17,0,13,30,270,450,26217,0,0,320,320,0,0,0,0,0,4472,0,0,0,0,0,0,0
L2D_FRAME,12,STATIC,100,1,11,0,10,40,140,3,1125,19549,25,25798,14,5552,0,154,1097,4455,5552,12,0,13,25,20,199,26011,0,0,320,320,0,0,0,0,0,4487,0,0,0,0,0,0,0
L2D_FRAME,13,STATIC,100,1,12,0,6,52,137,3,1142,19475,30,25736,15,5566,0,140,1113,4453,5566,16,0,14,30,20,184,25935,0,0,320,320,0,0,0,0,0,4487,0,0,0,0,0,0,0
L2D_FRAME,14,STATIC,100,1,13,0,9,38,138,3,1140,19465,25,25726,10,5571,0,157,1111,4460,5571,12,0,13,25,24,206,25942,0,0,320,320,0,0,0,0,0,4493,0,0,0,0,0,0,0
L2D_FRAME,15,STATIC,100,1,14,0,6,38,166,3,1137,19337,25,25563,14,5508,0,144,1111,4397,5508,12,0,13,25,16,188,25765,0,0,320,320,0,0,0,0,0,4430,0,0,0,0,0,0,0
L2D_FRAME,16,STATIC,100,1,15,0,9,40,137,3,1134,19518,29,25705,11,5496,0,159,1109,4387,5496,16,0,13,29,780,967,26683,0,0,320,320,0,0,0,0,0,4420,0,0,0,0,0,0,0
L2D_FRAME,17,STATIC,100,1,16,0,9,43,140,3,1127,19420,43,25675,11,5543,0,150,1101,4442,5543,12,0,31,43,20,212,25898,0,0,320,320,0,0,0,0,0,4476,0,0,0,0,0,0,0
L2D_FRAME,18,STATIC,100,1,17,0,9,43,139,3,1121,19486,25,25561,22,5378,0,145,1100,4278,5378,11,0,14,25,541,718,26301,0,0,320,320,0,0,0,0,0,4311,0,0,0,0,0,0,0
L2D_FRAME,19,STATIC,100,1,18,0,5,38,139,3,1125,19421,25,25601,15,5473,0,148,1097,4376,5473,11,0,14,25,19,195,25811,0,0,320,320,0,0,0,0,0,4409,0,0,0,0,0,0,0
L2D_FRAME,20,STATIC,100,1,19,0,10,39,141,4,1129,19558,24,25791,20,5537,0,161,1104,4433,5537,11,0,13,24,863,1048,26859,0,0,320,320,0,0,0,0,0,4466,0,0,0,0,0,0,0
L2D_FRAME,21,STATIC,100,1,20,0,10,39,139,4,1131,19406,25,25660,14,5551,0,172,1102,4449,5551,12,0,13,25,20,220,25894,0,0,320,320,0,0,0,0,0,4482,0,0,0,0,0,0,0
L2D_FRAME,22,STATIC,100,1,21,0,5,42,139,3,1125,19524,26,25636,21,5416,0,151,1103,4313,5416,12,0,14,26,17,191,25848,0,0,320,320,0,0,0,0,0,4350,0,0,0,0,0,0,0
L2D_FRAME,23,STATIC,100,1,22,0,5,41,138,3,1121,19401,25,25637,20,5533,0,146,1095,4438,5533,12,0,13,25,16,186,25843,0,0,320,320,0,0,0,0,0,4476,0,0,0,0,0,0,0
L2D_FRAME,24,STATIC,100,1,23,0,9,38,164,3,1139,19415,25,25786,14,5646,0,146,1113,4533,5646,12,0,13,25,20,191,25991,0,0,320,320,0,0,0,0,0,4583,0,0,0,0,0,0,0
L2D_FRAME,25,STATIC,100,1,24,0,9,49,139,3,1128,19467,25,25560,15,5386,0,155,1103,4283,5386,12,0,13,25,16,196,25771,0,0,320,320,0,0,0,0,0,4321,0,0,0,0,0,0,0
L2D_FRAME,26,STATIC,100,1,25,0,9,38,168,3,1133,19377,25,25655,20,5548,0,147,1104,4444,5548,12,0,13,25,16,187,25862,0,0,320,320,0,0,0,0,0,4478,0,0,0,0,0,0,0
L2D_FRAME,27,STATIC,100,1,26,0,6,39,140,4,1136,19516,25,25758,14,5560,0,160,1114,4446,5560,12,0,13,25,1077,1265,27037,0,0,320,320,0,0,0,0,0,4479,0,0,0,0,0,0,0
L2D_FRAME,28,STATIC,100,1,27,0,5,41,167,3,1118,19337,26,25503,15,5433,0,144,1092,4341,5433,12,0,14,26,16,185,25703,0,0,320,320,0,0,0,0,0,4375,0,0,0,0,0,0,0
L2D_FRAME,29,STATIC,100,1,28,0,5,38,137,3,1131,19495,24,25616,15,5437,0,152,1103,4334,5437,11,0,13,24,660,839,26470,0,0,320,320,0,0,0,0,0,4368,0,0,0,0,0,0,0
L2D_FRAME,30,STATIC,100,1,29,0,5,38,139,3,1137,19392,25,25644,10,5556,0,154,1112,4444,5556,12,0,13,25,24,206,25860,0,0,320,320,0,0,0,0,0,4476,0,0,0,0,0,0,0
L2D_FRAME,31,STATIC,100,1,30,0,9,42,140,3,1127,19608,24,25882,14,5579,0,147,1103,4476,5579,11,0,13,24,20,192,26088,0,0,320,320,0,0,0,0,0,4509,0,0,0,0,0,0,0
L2D_FRAME,32,STATIC,100,1,31,0,9,39,137,3,1135,19452,25,25565,15,5425,0,143,1106,4319,5425,12,0,13,25,20,187,25767,0,0,320,320,0,0,0,0,0,4353,0,0,0,0,0,0,0
L2D_FRAME,33,STATIC,100,1,32,0,9,42,144,3,1122,19559,25,25716,20,5466,0,148,1097,4369,5466,12,0,13,25,774,946,26682,0,0,320,320,0,0,0,0,0,4402,0,0,0,0,0,0,0
L2D_FRAME,34,STATIC,100,1,33,0,10,39,140,3,1141,19439,25,25692,17,5546,0,149,1111,4435,5546,12,0,13,25,16,189,25898,0,0,320,320,0,0,0,0,0,4468,0,0,0,0,0,0,0
L2D_FRAME,35,STATIC,100,1,34,0,9,43,143,3,1123,19566,25,25603,15,5341,0,145,1101,4240,5341,12,0,13,25,20,189,25807,0,0,320,320,0,0,0,0,0,4273,0,0,0,0,0,0,0
L2D_FRAME,36,STATIC,100,1,35,0,10,48,137,3,1133,19393,25,25583,15,5483,0,142,1107,4376,5483,12,0,13,25,16,183,25781,0,0,320,320,0,0,0,0,0,4410,0,0,0,0,0,0,0
L2D_FRAME,37,STATIC,100,1,36,0,9,44,172,4,1139,19375,25,25749,20,5631,0,143,1113,4518,5631,12,0,13,25,16,183,25952,0,0,320,320,0,0,0,0,0,4554,0,0,0,0,0,0,0
L2D_FRAME,38,STATIC,100,1,37,0,5,44,138,3,1120,19510,25,25524,14,5326,0,141,1099,4227,5326,12,0,13,25,16,182,25720,0,0,320,320,0,0,0,0,0,4260,0,0,0,0,0,0,0
L2D_FRAME,39,STATIC,100,1,38,0,9,44,162,4,1135,19403,24,25617,14,5496,0,147,1110,4386,5496,11,0,13,24,16,188,25819,0,0,320,320,0,0,0,0,0,4419,0,0,0,0,0,0,0
L2D_FRAME,40,STATIC,100,1,39,0,10,39,138,3,1126,19507,25,25693,15,5496,0,152,1104,4392,5496,12,0,13,25,821,1001,26709,0,0,320,320,0,0,0,0,0,4425,0,0,0,0,0,0,0
L2D_FRAME,41,STATIC,100,1,40,0,9,42,143,3,1125,19416,24,25656,15,5536,0,165,1100,4436,5536,11,0,13,24,16,206,25877,0,0,320,320,0,0,0,0,0,4469,0,0,0,0,0,0,0
L2D_FRAME,42,STATIC,100,1,41,0,9,43,140,3,1129,19554,26,25612,20,5363,0,149,1104,4259,5363,12,0,14,26,541,713,26345,0,0,320,320,0,0,0,0,0,4292,0,0,0,0,0,0,0
L2D_FRAME,43,STATIC,100,1,42,0,9,37,137,3,1139,19431,25,25608,11,5487,0,151,1110,4377,5487,12,0,13,25,20,204,25823,0,0,320,320,0,0,0,0,0,4413,0,0,0,0,0,0,0
L2D_FRAME,44,STATIC,100,1,43,0,9,43,141,3,1135,19618,25,25826,15,5511,0,163,1110,4401,5511,12,0,13,25,836,1026,26867,0,0,320,320,0,0,0,0,0,4435,0,0,0,0,0,0,0
L2D_FRAME,45,STATIC,100,1,44,0,8,38,139,3,1125,19389,25,25659,11,5558,0,143,1100,4458,5558,12,0,13,25,20,190,25860,0,0,320,320,0,0,0,0,0,4492,0,0,0,0,0,0,0
L2D_FRAME,46,STATIC,100,1,45,0,10,43,167,3,1141,19397,29,25772,14,5649,0,152,1107,4542,5649,16,0,13,29,20,197,25983,0,0,320,320,0,0,0,0,0,4574,0,0,0,0,0,0,0
L2D_FRAME,47,STATIC,100,1,46,0,10,48,138,3,1138,19433,25,25673,20,5542,0,147,1112,4430,5542,12,0,13,25,16,187,25880,0,0,320,320,0,0,0,0,0,4463,0,0,0,0,0,0,0
L2D_FRAME,48,STATIC,100,1,47,0,9,40,141,3,1132,19561,25,25557,14,5300,0,141,1111,4189,5300,12,0,13,25,16,185,25756,0,0,320,320,0,0,0,0,0,4226,0,0,0,0,0,0,0
L2D_FRAME,49,STATIC,100,1,48,0,9,42,138,3,1128,19459,25,25555,15,5409,0,147,1102,4307,5409,12,0,13,25,20,191,25761,0,0,320,320,0,0,0,0,0,4341,0,0,0,0,0,0,0
L2D_FRAME,50,STATIC,100,1,49,0,6,40,169,3,1131,19388,25,25677,15,5563,0,143,1110,4453,5563,12,0,13,25,16,183,25875,0,0,320,320,0,0,0,0,0,4491,0,0,0,0,0,0,0
L2D_FRAME,51,STATIC,100,1,50,0,9,47,139,4,1140,19503,25,25764,11,5568,0,160,1110,4458,5568,12,0,13,25,1096,1284,27059,0,0,320,320,0,0,0,0,0,4491,0,0,0,0,0,0,0
L2D_FRAME,52,STATIC,100,1,51,0,6,41,169,3,1116,19334,28,25495,15,5427,0,154,1088,4339,5427,15,0,13,28,16,194,25704,0,0,320,320,0,0,0,0,0,4373,0,0,0,0,0,0,0
L2D_FRAME,53,STATIC,100,1,52,0,10,41,140,4,1125,19535,25,25661,14,5431,0,145,1099,4332,5431,12,0,13,25,656,829,26504,0,0,320,320,0,0,0,0,0,4364,0,0,0,0,0,0,0
L2D_FRAME,54,STATIC,100,1,53,0,9,42,138,3,1128,19382,28,25625,14,5545,0,147,1099,4446,5545,15,0,13,28,24,196,25835,0,0,320,320,0,0,0,0,0,4478,0,0,0,0,0,0,0
L2D_FRAME,55,STATIC,100,1,54,0,9,38,137,3,1125,19623,24,25883,15,5570,0,159,1104,4466,5570,11,0,13,24,20,204,26102,0,0,320,320,0,0,0,0,0,4499,0,0,0,0,0,0,0
L2D_ROI,6,STATIC,100,1,5,1,59,14,257,298,199,285,56715,1,59,14,257,298,59,14,257,298,199,285,56715,5538,5538,0
L2D_ROI,7,STATIC,100,1,6,1,59,14,257,298,199,285,56715,1,59,14,257,298,59,14,257,298,199,285,56715,5538,5538,0
L2D_ROI,8,STATIC,100,1,7,1,59,14,257,298,199,285,56715,1,59,14,257,298,59,14,257,298,199,285,56715,5538,5538,0
L2D_ROI,9,STATIC,100,1,8,1,59,14,257,298,199,285,56715,1,59,14,257,298,59,14,257,298,199,285,56715,5538,5538,0
L2D_ROI,10,STATIC,100,1,9,1,59,14,257,298,199,285,56715,1,59,14,257,298,59,14,257,298,199,285,56715,5538,5538,0
L2D_ROI,11,STATIC,100,1,10,1,59,14,257,298,199,285,56715,1,59,14,257,298,59,14,257,298,199,285,56715,5538,5538,0
L2D_ROI,12,STATIC,100,1,11,1,59,14,257,298,199,285,56715,1,59,14,257,298,59,14,257,298,199,285,56715,5538,5538,0
L2D_ROI,13,STATIC,100,1,12,1,59,14,257,298,199,285,56715,1,59,14,257,298,59,14,257,298,199,285,56715,5538,5538,0
L2D_ROI,14,STATIC,100,1,13,1,59,14,257,298,199,285,56715,1,59,14,257,298,59,14,257,298,199,285,56715,5538,5538,0
L2D_ROI,15,STATIC,100,1,14,1,59,14,257,298,199,285,56715,1,59,14,257,298,59,14,257,298,199,285,56715,5538,5538,0
L2D_ROI,16,STATIC,100,1,15,1,59,14,257,298,199,285,56715,1,59,14,257,298,59,14,257,298,199,285,56715,5538,5538,0
L2D_ROI,17,STATIC,100,1,16,1,59,14,257,298,199,285,56715,1,59,14,257,298,59,14,257,298,199,285,56715,5538,5538,0
L2D_ROI,18,STATIC,100,1,17,1,59,14,257,298,199,285,56715,1,59,14,257,298,59,14,257,298,199,285,56715,5538,5538,0
L2D_ROI,19,STATIC,100,1,18,1,59,14,257,298,199,285,56715,1,59,14,257,298,59,14,257,298,199,285,56715,5538,5538,0
L2D_ROI,20,STATIC,100,1,19,1,59,14,257,298,199,285,56715,1,59,14,257,298,59,14,257,298,199,285,56715,5538,5538,0
L2D_ROI,21,STATIC,100,1,20,1,59,14,257,298,199,285,56715,1,59,14,257,298,59,14,257,298,199,285,56715,5538,5538,0
L2D_ROI,22,STATIC,100,1,21,1,59,14,257,298,199,285,56715,1,59,14,257,298,59,14,257,298,199,285,56715,5538,5538,0
L2D_ROI,23,STATIC,100,1,22,1,59,14,257,298,199,285,56715,1,59,14,257,298,59,14,257,298,199,285,56715,5538,5538,0
L2D_ROI,24,STATIC,100,1,23,1,59,14,257,298,199,285,56715,1,59,14,257,298,59,14,257,298,199,285,56715,5538,5538,0
L2D_ROI,25,STATIC,100,1,24,1,59,14,257,298,199,285,56715,1,59,14,257,298,59,14,257,298,199,285,56715,5538,5538,0
L2D_ROI,26,STATIC,100,1,25,1,59,14,257,298,199,285,56715,1,59,14,257,298,59,14,257,298,199,285,56715,5538,5538,0
L2D_ROI,27,STATIC,100,1,26,1,59,14,257,298,199,285,56715,1,59,14,257,298,59,14,257,298,199,285,56715,5538,5538,0
L2D_ROI,28,STATIC,100,1,27,1,59,14,257,298,199,285,56715,1,59,14,257,298,59,14,257,298,199,285,56715,5538,5538,0
L2D_ROI,29,STATIC,100,1,28,1,59,14,257,298,199,285,56715,1,59,14,257,298,59,14,257,298,199,285,56715,5538,5538,0
L2D_ROI,30,STATIC,100,1,29,1,59,14,257,298,199,285,56715,1,59,14,257,298,59,14,257,298,199,285,56715,5538,5538,0
L2D_ROI,31,STATIC,100,1,30,1,59,14,257,298,199,285,56715,1,59,14,257,298,59,14,257,298,199,285,56715,5538,5538,0
L2D_ROI,32,STATIC,100,1,31,1,59,14,257,298,199,285,56715,1,59,14,257,298,59,14,257,298,199,285,56715,5538,5538,0
L2D_ROI,33,STATIC,100,1,32,1,59,14,257,298,199,285,56715,1,59,14,257,298,59,14,257,298,199,285,56715,5538,5538,0
L2D_ROI,34,STATIC,100,1,33,1,59,14,257,298,199,285,56715,1,59,14,257,298,59,14,257,298,199,285,56715,5538,5538,0
L2D_ROI,35,STATIC,100,1,34,1,59,14,257,298,199,285,56715,1,59,14,257,298,59,14,257,298,199,285,56715,5538,5538,0
L2D_ROI,36,STATIC,100,1,35,1,59,14,257,298,199,285,56715,1,59,14,257,298,59,14,257,298,199,285,56715,5538,5538,0
L2D_ROI,37,STATIC,100,1,36,1,59,14,257,298,199,285,56715,1,59,14,257,298,59,14,257,298,199,285,56715,5538,5538,0
L2D_ROI,38,STATIC,100,1,37,1,59,14,257,298,199,285,56715,1,59,14,257,298,59,14,257,298,199,285,56715,5538,5538,0
L2D_ROI,39,STATIC,100,1,38,1,59,14,257,298,199,285,56715,1,59,14,257,298,59,14,257,298,199,285,56715,5538,5538,0
L2D_ROI,40,STATIC,100,1,39,1,59,14,257,298,199,285,56715,1,59,14,257,298,59,14,257,298,199,285,56715,5538,5538,0
L2D_ROI,41,STATIC,100,1,40,1,59,14,257,298,199,285,56715,1,59,14,257,298,59,14,257,298,199,285,56715,5538,5538,0
L2D_ROI,42,STATIC,100,1,41,1,59,14,257,298,199,285,56715,1,59,14,257,298,59,14,257,298,199,285,56715,5538,5538,0
L2D_ROI,43,STATIC,100,1,42,1,59,14,257,298,199,285,56715,1,59,14,257,298,59,14,257,298,199,285,56715,5538,5538,0
L2D_ROI,44,STATIC,100,1,43,1,59,14,257,298,199,285,56715,1,59,14,257,298,59,14,257,298,199,285,56715,5538,5538,0
L2D_ROI,45,STATIC,100,1,44,1,59,14,257,298,199,285,56715,1,59,14,257,298,59,14,257,298,199,285,56715,5538,5538,0
L2D_ROI,46,STATIC,100,1,45,1,59,14,257,298,199,285,56715,1,59,14,257,298,59,14,257,298,199,285,56715,5538,5538,0
L2D_ROI,47,STATIC,100,1,46,1,59,14,257,298,199,285,56715,1,59,14,257,298,59,14,257,298,199,285,56715,5538,5538,0
L2D_ROI,48,STATIC,100,1,47,1,59,14,257,298,199,285,56715,1,59,14,257,298,59,14,257,298,199,285,56715,5538,5538,0
L2D_ROI,49,STATIC,100,1,48,1,59,14,257,298,199,285,56715,1,59,14,257,298,59,14,257,298,199,285,56715,5538,5538,0
L2D_ROI,50,STATIC,100,1,49,1,59,14,257,298,199,285,56715,1,59,14,257,298,59,14,257,298,199,285,56715,5538,5538,0
L2D_ROI,51,STATIC,100,1,50,1,59,14,257,298,199,285,56715,1,59,14,257,298,59,14,257,298,199,285,56715,5538,5538,0
L2D_ROI,52,STATIC,100,1,51,1,59,14,257,298,199,285,56715,1,59,14,257,298,59,14,257,298,199,285,56715,5538,5538,0
L2D_ROI,53,STATIC,100,1,52,1,59,14,257,298,199,285,56715,1,59,14,257,298,59,14,257,298,199,285,56715,5538,5538,0
L2D_ROI,54,STATIC,100,1,53,1,59,14,257,298,199,285,56715,1,59,14,257,298,59,14,257,298,199,285,56715,5538,5538,0
L2D_ROI,55,STATIC,100,1,54,1,59,14,257,298,199,285,56715,1,59,14,257,298,59,14,257,298,199,285,56715,5538,5538,0
L2D_SUMMARY,STATIC,100,1,slot_wait_us,50,0.00,0,0,0,0,0,0
L2D_SUMMARY,STATIC,100,1,controller_us,50,8.30,9,10,10,5,10,0
L2D_SUMMARY,STATIC,100,1,rt30_us,50,41.26,41,48,52,37,52,0
L2D_SUMMARY,STATIC,100,1,hierarchy_vertex_us,50,144.78,140,169,172,137,172,0
L2D_SUMMARY,STATIC,100,1,bounds_us,50,3.14,3,4,4,3,4,0
L2D_SUMMARY,STATIC,100,1,clear_us,50,1130.64,1131,1141,1142,1116,1142,0
L2D_SUMMARY,STATIC,100,1,raster_us,50,19466.00,19452,19618,19683,19334,19683,0
I (6273) l2d_profile: STATIC scale=100 round=1 raster_us avg=19466 p95=19618 p99=19683 max=19683
L2D_SUMMARY,STATIC,100,1,convert_us,50,4435.86,4468,4566,4583,4226,4583,0
L2D_SUMMARY,STATIC,100,1,cache_sync_us,50,25.84,25,30,43,24,43,0
L2D_SUMMARY,STATIC,100,1,producer_total_us,50,25675.62,25661,25882,25924,25495,25924,0
I (6301) l2d_profile: STATIC scale=100 round=1 producer_total_us avg=25676 p95=25882 p99=25924 max=25924
L2D_SUMMARY,STATIC,100,1,publish_consume_us,50,15.20,15,20,22,10,22,0
L2D_SUMMARY,STATIC,100,1,ppa_wait_us,50,5506.72,5537,5646,5650,5300,5650,0
L2D_SUMMARY,STATIC,100,1,ppa_blend_us,50,0.00,0,0,0,0,0,0
L2D_SUMMARY,STATIC,100,1,panel_submit_us,50,150.06,148,163,172,140,172,0
L2D_SUMMARY,STATIC,100,1,frame_drop,50,0.00,0,0,0,0,0,0
L2D_SUMMARY,STATIC,100,1,ppa_fill_us,50,1104.88,1104,1113,1116,1088,1116,0
L2D_SUMMARY,STATIC,100,1,ppa_srm_us,50,4401.84,4435,4533,4542,4189,4542,0
L2D_SUMMARY,STATIC,100,1,ppa_total_us,50,5506.72,5537,5646,5650,5300,5650,0
L2D_SUMMARY,STATIC,100,1,clear_cache_sync_us,50,12.34,12,16,17,11,17,0
L2D_SUMMARY,STATIC,100,1,convert_cache_sync_us,50,0.00,0,0,0,0,0,0
L2D_SUMMARY,STATIC,100,1,flush_cache_sync_us,50,13.50,13,14,31,13,31,0
L2D_SUMMARY,STATIC,100,1,cache_sync_total_us,50,25.84,25,30,43,24,43,0
L2D_SUMMARY,STATIC,100,1,display_lock_wait_us,50,192.22,20,863,1096,16,1096,0
L2D_SUMMARY,STATIC,100,1,flush_total_us,50,368.60,195,1048,1284,182,1284,0
L2D_SUMMARY,STATIC,100,1,frame_total_us,50,26059.42,25898,26867,27059,25703,27059,0
L2D_SUMMARY,STATIC,100,1,keypoint_us,50,0.00,0,0,0,0,0,0
L2D_SUMMARY,STATIC,100,1,visual_transform_us,50,0.00,0,0,0,0,0,0
L2D_SUMMARY,STATIC,100,1,stretch_us,50,0.00,0,0,0,0,0,0
L2D_SUMMARY,STATIC,100,1,vertex_transform_us,50,0.00,0,0,0,0,0,0
L2D_SUMMARY,STATIC,100,1,uv_update_us,50,0.00,0,0,0,0,0,0
L2D_SUMMARY,STATIC,100,1,trig_cache_hit,50,0.00,0,0,0,0,0,0
L2D_SUMMARY,STATIC,100,1,trig_cache_miss,50,0.00,0,0,0,0,0,0
L2D_SUMMARY,STATIC,100,1,slot_miss,50,0.00,0,0,0,0,0,0
L2D_SUMMARY,STATIC,100,1,lock_skip,50,0.00,0,0,0,0,0,0
L2D_SUMMARY,STATIC,100,1,deadline_miss,50,0.00,0,0,0,0,0,0
L2D_SUMMARY,STATIC,100,1,roi.current_area,50,56715.00,56715,56715,56715,56715,56715,0
L2D_SUMMARY,STATIC,100,1,roi.union_area,50,56715.00,56715,56715,56715,56715,56715,0
L2D_SUMMARY,STATIC,100,1,roi.current_area_ratio_q10000,50,5538.00,5538,5538,5538,5538,5538,0
L2D_SUMMARY,STATIC,100,1,roi.union_area_ratio_q10000,50,5538.00,5538,5538,5538,5538,5538,0
L2D_SUMMARY,STATIC,100,1,roi.current_w,50,199.00,199,199,199,199,199,0
L2D_SUMMARY,STATIC,100,1,roi.current_h,50,285.00,285,285,285,285,285,0
L2D_SUMMARY,STATIC,100,1,roi.union_w,50,199.00,199,199,199,199,199,0
L2D_SUMMARY,STATIC,100,1,roi.union_h,50,285.00,285,285,285,285,285,0
I (6513) l2d_profile: done STATIC scale=100 round=1
L2D_FRAME,61,EYE_L_SWEEP,100,1,5,0,45,567,1206,3,1122,19329,28,27008,11,5367,0,140,1098,4269,5367,15,0,13,28,20,185,27204,0,0,320,320,0,0,0,0,0,4309,0,0,0,0,0,51,0
L2D_FRAME,62,EYE_L_SWEEP,100,1,6,0,46,564,1207,3,1129,19349,26,26990,11,5316,0,148,1100,4216,5316,12,0,14,26,20,192,27193,0,0,320,320,0,0,0,0,0,4249,0,0,0,0,0,51,0
L2D_FRAME,63,EYE_L_SWEEP,100,1,7,0,47,567,1249,4,1134,19418,25,27092,14,5316,0,140,1109,4207,5316,12,0,13,25,20,185,27291,0,0,320,320,0,0,0,0,0,4240,0,0,0,0,0,51,0
L2D_FRAME,64,EYE_L_SWEEP,100,1,8,0,46,568,1208,3,1138,19303,37,26949,15,5316,0,145,1109,4207,5316,16,0,21,37,16,193,27157,0,0,320,320,0,0,0,0,0,4240,0,0,0,0,0,51,0
L2D_FRAME,65,EYE_L_SWEEP,100,1,9,0,45,564,1242,3,1138,19420,25,27103,14,5319,0,147,1110,4209,5319,12,0,13,25,16,188,27305,0,0,320,320,0,0,0,0,0,4242,0,0,0,0,0,51,0
L2D_FRAME,66,EYE_L_SWEEP,100,1,10,0,46,576,1216,3,1133,19298,27,26935,14,5304,0,140,1109,4195,5304,14,0,13,27,23,191,27140,0,0,320,320,0,0,0,0,0,4232,0,0,0,0,0,51,0
L2D_FRAME,67,EYE_L_SWEEP,100,1,11,0,47,575,1252,3,1137,19370,25,27119,20,5373,0,142,1108,4265,5373,12,0,13,25,16,182,27321,0,0,320,320,0,0,0,0,0,4298,0,0,0,0,0,51,0
L2D_FRAME,68,EYE_L_SWEEP,100,1,12,0,46,557,1216,3,1132,19323,33,26946,15,5310,0,147,1107,4203,5310,12,0,21,33,17,199,27160,0,0,320,320,0,0,0,0,0,4236,0,0,0,0,0,51,0
L2D_FRAME,69,EYE_L_SWEEP,100,1,13,0,46,528,1234,3,1137,19171,29,27013,14,5463,0,139,1107,4356,5463,16,0,13,29,16,183,27210,0,0,320,320,0,0,0,0,0,4393,0,0,0,0,0,51,0
L2D_FRAME,70,EYE_L_SWEEP,100,1,14,0,46,552,1203,3,1053,19290,28,26980,15,5373,0,142,1028,4345,5373,14,0,14,28,20,191,27186,0,0,320,320,0,0,0,0,0,4378,0,0,0,0,0,51,0
L2D_FRAME,71,EYE_L_SWEEP,100,1,15,0,46,597,1189,4,910,19441,24,27117,16,5350,0,140,885,4465,5350,11,0,13,24,16,180,27313,0,0,320,320,0,0,0,0,0,4498,0,0,0,0,0,51,0
L2D_FRAME,72,EYE_L_SWEEP,100,1,16,0,46,570,1197,4,940,19301,23,26953,28,5337,0,149,914,4423,5337,12,0,11,23,194,366,27347,0,0,320,320,0,0,0,0,0,4457,0,0,0,0,0,51,0
L2D_FRAME,73,EYE_L_SWEEP,100,1,17,0,46,556,1226,3,1017,19279,25,27022,15,5355,0,147,992,4363,5355,12,0,13,25,16,190,27227,0,0,320,320,0,0,0,0,0,4399,0,0,0,0,0,51,0
L2D_FRAME,74,EYE_L_SWEEP,100,1,18,0,56,581,1198,4,930,19401,25,27108,14,5374,0,148,904,4470,5374,12,0,13,25,57,233,27355,0,0,320,320,0,0,0,0,0,4506,0,0,0,0,0,51,0
L2D_FRAME,75,EYE_L_SWEEP,100,1,19,0,46,578,1233,4,902,19293,24,27057,16,5344,0,140,877,4467,5344,11,0,13,24,16,180,27253,0,0,320,320,0,0,0,0,0,4500,0,0,0,0,0,51,0
L2D_FRAME,76,EYE_L_SWEEP,100,1,20,0,47,574,1196,3,977,19453,25,27174,11,5404,0,145,957,4447,5404,12,0,13,25,17,189,27374,0,0,320,320,0,0,0,0,0,4480,0,0,0,0,0,51,0
L2D_FRAME,77,EYE_L_SWEEP,100,1,21,0,44,524,1194,3,1080,19288,37,26985,18,5398,0,147,1043,4355,5398,24,0,13,37,16,188,27191,0,0,320,320,0,0,0,0,0,4388,0,0,0,0,0,51,0
L2D_FRAME,78,EYE_L_SWEEP,100,1,22,0,46,568,1192,3,884,19570,26,27194,15,5326,0,143,861,4465,5326,13,0,13,26,16,191,27400,0,0,320,320,0,0,0,0,0,4502,0,0,0,0,0,51,0
L2D_FRAME,79,EYE_L_SWEEP,100,1,23,0,46,565,1193,3,949,19383,25,27144,15,5453,0,143,925,4528,5453,11,0,14,25,16,187,27346,0,0,320,320,0,0,0,0,0,4560,0,0,0,0,0,51,0
L2D_FRAME,80,EYE_L_SWEEP,100,1,24,0,47,590,1189,3,1038,19591,28,27392,15,5466,0,145,1010,4456,5466,15,0,13,28,23,193,27600,0,0,320,320,0,0,0,0,0,4493,0,0,0,0,0,51,0
L2D_FRAME,81,EYE_L_SWEEP,100,1,25,0,46,502,1192,4,1117,19342,27,27044,15,5443,0,143,1093,4350,5443,14,0,13,27,20,188,27247,0,0,320,320,0,0,0,0,0,4382,0,0,0,0,0,51,0
L2D_FRAME,82,EYE_L_SWEEP,100,1,26,0,46,607,1192,3,918,19667,29,27365,14,5342,0,151,885,4457,5342,16,0,13,29,16,191,27570,0,0,320,320,0,0,0,0,0,4493,0,0,0,0,0,51,0
L2D_FRAME,83,EYE_L_SWEEP,100,1,27,0,47,572,1188,3,994,19513,24,27253,15,5431,0,152,970,4461,5431,11,0,13,24,24,199,27467,0,0,320,320,0,0,0,0,0,4494,0,0,0,0,0,51,0
L2D_FRAME,84,EYE_L_SWEEP,100,1,28,0,46,516,1240,4,1084,19620,68,27360,11,5443,0,146,1055,4388,5443,19,0,49,68,16,231,27602,0,0,320,320,0,0,0,0,0,4420,0,0,0,0,0,51,0
L2D_FRAME,85,EYE_L_SWEEP,100,1,29,0,46,493,1199,3,1137,19462,29,27179,15,5480,0,149,1107,4373,5480,16,0,13,29,16,197,27391,0,0,320,320,0,0,0,0,0,4405,0,0,0,0,0,51,0
L2D_FRAME,86,EYE_L_SWEEP,100,1,30,0,46,533,1210,3,1140,19404,25,27248,15,5561,0,151,1111,4450,5561,12,0,13,25,17,192,27455,0,0,320,320,0,0,0,0,0,4484,0,0,0,0,0,51,0
L2D_FRAME,87,EYE_L_SWEEP,100,1,31,0,47,603,1198,3,1139,19558,28,27376,14,5466,0,140,1111,4355,5466,15,0,13,28,20,184,27574,0,0,320,320,0,0,0,0,0,4397,0,0,0,0,0,51,0
L2D_FRAME,88,EYE_L_SWEEP,100,1,32,0,46,574,1211,3,1141,19388,26,27031,15,5316,0,141,1111,4205,5316,12,0,14,26,16,189,27235,0,0,320,320,0,0,0,0,0,4242,0,0,0,0,0,51,0
L2D_FRAME,89,EYE_L_SWEEP,100,1,33,0,46,552,1202,3,1136,19458,31,27212,20,5454,0,142,1108,4346,5454,18,0,13,31,16,186,27418,0,0,320,320,0,0,0,0,0,4379,0,0,0,0,0,51,0
L2D_FRAME,90,EYE_L_SWEEP,100,1,34,0,47,575,1199,3,1147,19343,24,27105,14,5448,0,148,1123,4325,5448,11,0,13,24,74,247,27366,0,0,320,320,0,0,0,0,0,4358,0,0,0,0,0,51,0
L2D_FRAME,91,EYE_L_SWEEP,100,1,35,0,45,580,1242,3,1126,19424,26,27137,15,5350,0,141,1101,4249,5350,12,0,14,26,20,185,27337,0,0,320,320,0,0,0,0,0,4282,0,0,0,0,0,51,0
L2D_FRAME,92,EYE_L_SWEEP,100,1,36,0,46,558,1205,3,1127,19338,25,26941,15,5302,0,147,1103,4199,5302,12,0,13,25,23,199,27155,0,0,320,320,0,0,0,0,0,4236,0,0,0,0,0,51,0
L2D_FRAME,93,EYE_L_SWEEP,100,1,37,0,47,545,1234,3,1127,19374,25,27164,14,5468,0,140,1101,4367,5468,12,0,13,25,16,183,27361,0,0,320,320,0,0,0,0,0,4399,0,0,0,0,0,51,0
L2D_FRAME,94,EYE_L_SWEEP,100,1,38,0,47,553,1211,3,1139,19328,28,27006,15,5369,0,145,1111,4258,5369,15,0,13,28,16,186,27207,0,0,320,320,0,0,0,0,0,4298,0,0,0,0,0,51,0
L2D_FRAME,95,EYE_L_SWEEP,100,1,39,0,46,497,1230,4,1134,19218,25,27036,16,5486,0,148,1109,4377,5486,12,0,13,25,20,192,27244,0,0,320,320,0,0,0,0,0,4415,0,0,0,0,0,51,0
L2D_FRAME,96,EYE_L_SWEEP,100,1,40,0,46,556,1189,3,959,19374,39,27052,15,5378,0,143,920,4458,5378,26,0,13,39,20,191,27258,0,0,320,320,0,0,0,0,0,4491,0,0,0,0,0,51,0
L2D_FRAME,97,EYE_L_SWEEP,100,1,41,0,46,563,1240,3,1038,19168,25,26967,22,5364,0,140,1009,4355,5364,12,0,13,25,16,181,27170,0,0,320,320,0,0,0,0,0,4392,0,0,0,0,0,51,0
L2D_FRAME,98,EYE_L_SWEEP,100,1,42,0,47,579,1197,4,944,19391,25,27117,15,5388,0,148,915,4473,5388,12,0,13,25,50,226,27358,0,0,320,320,0,0,0,0,0,4506,0,0,0,0,0,51,0
L2D_FRAME,99,EYE_L_SWEEP,100,1,43,0,46,575,1225,3,918,19248,31,27018,11,5354,0,148,889,4465,5354,18,0,13,31,24,196,27225,0,0,320,320,0,0,0,0,0,4497,0,0,0,0,0,51,0
L2D_FRAME,100,EYE_L_SWEEP,100,1,44,0,46,563,1201,3,1099,19348,27,27196,15,5545,0,145,1075,4470,5545,14,0,13,27,24,194,27405,0,0,320,320,0,0,0,0,0,4507,0,0,0,0,0,51,0
L2D_FRAME,101,EYE_L_SWEEP,100,1,45,0,46,574,1229,3,976,19390,26,27157,11,5414,0,145,950,4464,5414,12,0,14,26,17,189,27357,0,0,320,320,0,0,0,0,0,4497,0,0,0,0,0,51,0
L2D_FRAME,102,EYE_L_SWEEP,100,1,46,0,46,566,1193,3,891,19462,25,27089,17,5328,0,151,862,4466,5328,12,0,13,25,20,195,27301,0,0,320,320,0,0,0,0,0,4499,0,0,0,0,0,51,0
L2D_FRAME,103,EYE_L_SWEEP,100,1,47,0,46,569,1194,3,956,19556,25,27327,15,5455,0,138,927,4528,5455,12,0,13,25,16,179,27521,0,0,320,320,0,0,0,0,0,4561,0,0,0,0,0,51,0
L2D_FRAME,104,EYE_L_SWEEP,100,1,48,0,46,584,1196,3,1042,19540,25,27304,11,5437,0,144,1017,4420,5437,12,0,13,25,20,188,27503,0,0,320,320,0,0,0,0,0,4453,0,0,0,0,0,51,0
L2D_FRAME,105,EYE_L_SWEEP,100,1,49,0,47,501,1214,3,1142,19376,25,27125,15,5470,0,136,1116,4354,5470,12,0,13,25,20,183,27323,0,0,320,320,0,0,0,0,0,4391,0,0,0,0,0,51,0
L2D_FRAME,106,EYE_L_SWEEP,100,1,50,0,46,518,1240,4,1129,19568,24,27332,15,5468,0,146,1104,4364,5468,11,0,13,24,57,230,27577,0,0,320,320,0,0,0,0,0,4397,0,0,0,0,0,51,0
L2D_FRAME,107,EYE_L_SWEEP,100,1,51,0,46,566,1201,3,1131,19442,24,27214,15,5460,0,144,1103,4357,5460,11,0,13,24,20,188,27417,0,0,320,320,0,0,0,0,0,4395,0,0,0,0,0,51,0
L2D_FRAME,108,EYE_L_SWEEP,100,1,52,0,47,577,1205,3,1142,19395,26,27170,15,5453,0,134,1117,4336,5453,13,0,13,26,20,179,27364,0,0,320,320,0,0,0,0,0,4369,0,0,0,0,0,51,0
L2D_FRAME,109,EYE_L_SWEEP,100,1,53,0,46,591,1218,3,1140,19593,29,27273,14,5319,0,144,1110,4209,5319,16,0,13,29,16,185,27472,0,0,320,320,0,0,0,0,0,4243,0,0,0,0,0,51,0
L2D_FRAME,110,EYE_L_SWEEP,100,1,54,0,46,566,1211,3,1130,19511,25,27135,14,5308,0,150,1104,4204,5308,12,0,13,25,16,194,27343,0,0,320,320,0,0,0,0,0,4237,0,0,0,0,0,51,0
L2D_ROI,61,EYE_L_SWEEP,100,1,5,1,59,14,257,298,199,285,56715,1,59,14,257,298,59,14,257,298,199,285,56715,5538,5538,0
L2D_ROI,62,EYE_L_SWEEP,100,1,6,1,59,14,257,298,199,285,56715,1,59,14,257,298,59,14,257,298,199,285,56715,5538,5538,0
L2D_ROI,63,EYE_L_SWEEP,100,1,7,1,59,14,257,298,199,285,56715,1,59,14,257,298,59,14,257,298,199,285,56715,5538,5538,0
L2D_ROI,64,EYE_L_SWEEP,100,1,8,1,59,14,257,298,199,285,56715,1,59,14,257,298,59,14,257,298,199,285,56715,5538,5538,0
L2D_ROI,65,EYE_L_SWEEP,100,1,9,1,59,14,257,298,199,285,56715,1,59,14,257,298,59,14,257,298,199,285,56715,5538,5538,0
L2D_ROI,66,EYE_L_SWEEP,100,1,10,1,59,14,257,298,199,285,56715,1,59,14,257,298,59,14,257,298,199,285,56715,5538,5538,0
L2D_ROI,67,EYE_L_SWEEP,100,1,11,1,59,14,257,298,199,285,56715,1,59,14,257,298,59,14,257,298,199,285,56715,5538,5538,0
L2D_ROI,68,EYE_L_SWEEP,100,1,12,1,59,14,257,298,199,285,56715,1,59,14,257,298,59,14,257,298,199,285,56715,5538,5538,0
L2D_ROI,69,EYE_L_SWEEP,100,1,13,1,59,14,257,298,199,285,56715,1,59,14,257,298,59,14,257,298,199,285,56715,5538,5538,0
L2D_ROI,70,EYE_L_SWEEP,100,1,14,1,59,14,257,298,199,285,56715,1,59,14,257,298,59,14,257,298,199,285,56715,5538,5538,0
L2D_ROI,71,EYE_L_SWEEP,100,1,15,1,59,14,257,298,199,285,56715,1,59,14,257,298,59,14,257,298,199,285,56715,5538,5538,0
L2D_ROI,72,EYE_L_SWEEP,100,1,16,1,59,14,257,298,199,285,56715,1,59,14,257,298,59,14,257,298,199,285,56715,5538,5538,0
L2D_ROI,73,EYE_L_SWEEP,100,1,17,1,59,14,257,298,199,285,56715,1,59,14,257,298,59,14,257,298,199,285,56715,5538,5538,0
L2D_ROI,74,EYE_L_SWEEP,100,1,18,1,59,14,257,298,199,285,56715,1,59,14,257,298,59,14,257,298,199,285,56715,5538,5538,0
L2D_ROI,75,EYE_L_SWEEP,100,1,19,1,59,14,257,298,199,285,56715,1,59,14,257,298,59,14,257,298,199,285,56715,5538,5538,0
L2D_ROI,76,EYE_L_SWEEP,100,1,20,1,59,14,257,298,199,285,56715,1,59,14,257,298,59,14,257,298,199,285,56715,5538,5538,0
L2D_ROI,77,EYE_L_SWEEP,100,1,21,1,59,14,257,298,199,285,56715,1,59,14,257,298,59,14,257,298,199,285,56715,5538,5538,0
L2D_ROI,78,EYE_L_SWEEP,100,1,22,1,59,14,257,298,199,285,56715,1,59,14,257,298,59,14,257,298,199,285,56715,5538,5538,0
L2D_ROI,79,EYE_L_SWEEP,100,1,23,1,59,14,257,298,199,285,56715,1,59,14,257,298,59,14,257,298,199,285,56715,5538,5538,0
L2D_ROI,80,EYE_L_SWEEP,100,1,24,1,59,14,257,298,199,285,56715,1,59,14,257,298,59,14,257,298,199,285,56715,5538,5538,0
L2D_ROI,81,EYE_L_SWEEP,100,1,25,1,59,14,257,298,199,285,56715,1,59,14,257,298,59,14,257,298,199,285,56715,5538,5538,0
L2D_ROI,82,EYE_L_SWEEP,100,1,26,1,59,14,257,298,199,285,56715,1,59,14,257,298,59,14,257,298,199,285,56715,5538,5538,0
L2D_ROI,83,EYE_L_SWEEP,100,1,27,1,59,14,257,298,199,285,56715,1,59,14,257,298,59,14,257,298,199,285,56715,5538,5538,0
L2D_ROI,84,EYE_L_SWEEP,100,1,28,1,59,14,257,298,199,285,56715,1,59,14,257,298,59,14,257,298,199,285,56715,5538,5538,0
L2D_ROI,85,EYE_L_SWEEP,100,1,29,1,59,14,257,298,199,285,56715,1,59,14,257,298,59,14,257,298,199,285,56715,5538,5538,0
L2D_ROI,86,EYE_L_SWEEP,100,1,30,1,59,14,257,298,199,285,56715,1,59,14,257,298,59,14,257,298,199,285,56715,5538,5538,0
L2D_ROI,87,EYE_L_SWEEP,100,1,31,1,59,14,257,298,199,285,56715,1,59,14,257,298,59,14,257,298,199,285,56715,5538,5538,0
L2D_ROI,88,EYE_L_SWEEP,100,1,32,1,59,14,257,298,199,285,56715,1,59,14,257,298,59,14,257,298,199,285,56715,5538,5538,0
L2D_ROI,89,EYE_L_SWEEP,100,1,33,1,59,14,257,298,199,285,56715,1,59,14,257,298,59,14,257,298,199,285,56715,5538,5538,0
L2D_ROI,90,EYE_L_SWEEP,100,1,34,1,59,14,257,298,199,285,56715,1,59,14,257,298,59,14,257,298,199,285,56715,5538,5538,0
L2D_ROI,91,EYE_L_SWEEP,100,1,35,1,59,14,257,298,199,285,56715,1,59,14,257,298,59,14,257,298,199,285,56715,5538,5538,0
L2D_ROI,92,EYE_L_SWEEP,100,1,36,1,59,14,257,298,199,285,56715,1,59,14,257,298,59,14,257,298,199,285,56715,5538,5538,0
L2D_ROI,93,EYE_L_SWEEP,100,1,37,1,59,14,257,298,199,285,56715,1,59,14,257,298,59,14,257,298,199,285,56715,5538,5538,0
L2D_ROI,94,EYE_L_SWEEP,100,1,38,1,59,14,257,298,199,285,56715,1,59,14,257,298,59,14,257,298,199,285,56715,5538,5538,0
L2D_ROI,95,EYE_L_SWEEP,100,1,39,1,59,14,257,298,199,285,56715,1,59,14,257,298,59,14,257,298,199,285,56715,5538,5538,0
L2D_ROI,96,EYE_L_SWEEP,100,1,40,1,59,14,257,298,199,285,56715,1,59,14,257,298,59,14,257,298,199,285,56715,5538,5538,0
L2D_ROI,97,EYE_L_SWEEP,100,1,41,1,59,14,257,298,199,285,56715,1,59,14,257,298,59,14,257,298,199,285,56715,5538,5538,0
L2D_ROI,98,EYE_L_SWEEP,100,1,42,1,59,14,257,298,199,285,56715,1,59,14,257,298,59,14,257,298,199,285,56715,5538,5538,0
L2D_ROI,99,EYE_L_SWEEP,100,1,43,1,59,14,257,298,199,285,56715,1,59,14,257,298,59,14,257,298,199,285,56715,5538,5538,0
L2D_ROI,100,EYE_L_SWEEP,100,1,44,1,59,14,257,298,199,285,56715,1,59,14,257,298,59,14,257,298,199,285,56715,5538,5538,0
L2D_ROI,101,EYE_L_SWEEP,100,1,45,1,59,14,257,298,199,285,56715,1,59,14,257,298,59,14,257,298,199,285,56715,5538,5538,0
L2D_ROI,102,EYE_L_SWEEP,100,1,46,1,59,14,257,298,199,285,56715,1,59,14,257,298,59,14,257,298,199,285,56715,5538,5538,0
L2D_ROI,103,EYE_L_SWEEP,100,1,47,1,59,14,257,298,199,285,56715,1,59,14,257,298,59,14,257,298,199,285,56715,5538,5538,0
L2D_ROI,104,EYE_L_SWEEP,100,1,48,1,59,14,257,298,199,285,56715,1,59,14,257,298,59,14,257,298,199,285,56715,5538,5538,0
L2D_ROI,105,EYE_L_SWEEP,100,1,49,1,59,14,257,298,199,285,56715,1,59,14,257,298,59,14,257,298,199,285,56715,5538,5538,0
L2D_ROI,106,EYE_L_SWEEP,100,1,50,1,59,14,257,298,199,285,56715,1,59,14,257,298,59,14,257,298,199,285,56715,5538,5538,0
L2D_ROI,107,EYE_L_SWEEP,100,1,51,1,59,14,257,298,199,285,56715,1,59,14,257,298,59,14,257,298,199,285,56715,5538,5538,0
L2D_ROI,108,EYE_L_SWEEP,100,1,52,1,59,14,257,298,199,285,56715,1,59,14,257,298,59,14,257,298,199,285,56715,5538,5538,0
L2D_ROI,109,EYE_L_SWEEP,100,1,53,1,59,14,257,298,199,285,56715,1,59,14,257,298,59,14,257,298,199,285,56715,5538,5538,0
L2D_ROI,110,EYE_L_SWEEP,100,1,54,1,59,14,257,298,199,285,56715,1,59,14,257,298,59,14,257,298,199,285,56715,5538,5538,0
L2D_SUMMARY,EYE_L_SWEEP,100,1,slot_wait_us,50,0.00,0,0,0,0,0,0
L2D_SUMMARY,EYE_L_SWEEP,100,1,controller_us,50,46.34,46,47,56,44,56,0
L2D_SUMMARY,EYE_L_SWEEP,100,1,rt30_us,50,560.58,566,597,607,493,607,0
L2D_SUMMARY,EYE_L_SWEEP,100,1,hierarchy_vertex_us,50,1210.92,1205,1242,1252,1188,1252,0
L2D_SUMMARY,EYE_L_SWEEP,100,1,bounds_us,50,3.20,3,4,4,3,4,0
L2D_SUMMARY,EYE_L_SWEEP,100,1,clear_us,50,1062.46,1122,1142,1147,884,1147,0
L2D_SUMMARY,EYE_L_SWEEP,100,1,raster_us,50,19401.40,19388,19593,19667,19168,19667,0
I (9565) l2d_profile: EYE_L_SWEEP scale=100 round=1 raster_us avg=19401 p95=19593 p99=19667 max=19667
L2D_SUMMARY,EYE_L_SWEEP,100,1,convert_us,50,4394.38,4397,4507,4561,4232,4561,0
L2D_SUMMARY,EYE_L_SWEEP,100,1,cache_sync_us,50,27.72,25,37,68,23,68,0
L2D_SUMMARY,EYE_L_SWEEP,100,1,producer_total_us,50,27124.28,27117,27365,27392,26935,27392,0
I (9595) l2d_profile: EYE_L_SWEEP scale=100 round=1 producer_total_us avg=27124 p95=27365 p99=27392 max=27392
L2D_SUMMARY,EYE_L_SWEEP,100,1,publish_consume_us,50,14.98,15,20,28,11,28,0
L2D_SUMMARY,EYE_L_SWEEP,100,1,ppa_wait_us,50,5395.28,5374,5486,5561,5302,5561,0
L2D_SUMMARY,EYE_L_SWEEP,100,1,ppa_blend_us,50,0.00,0,0,0,0,0,0
L2D_SUMMARY,EYE_L_SWEEP,100,1,panel_submit_us,50,144.34,145,151,152,134,152,0
L2D_SUMMARY,EYE_L_SWEEP,100,1,frame_drop,50,0.00,0,0,0,0,0,0
L2D_SUMMARY,EYE_L_SWEEP,100,1,ppa_fill_us,50,1035.40,1098,1116,1123,861,1123,0
L2D_SUMMARY,EYE_L_SWEEP,100,1,ppa_srm_us,50,4359.88,4357,4473,4528,4195,4528,0
L2D_SUMMARY,EYE_L_SWEEP,100,1,ppa_total_us,50,5395.28,5374,5486,5561,5302,5561,0
L2D_SUMMARY,EYE_L_SWEEP,100,1,clear_cache_sync_us,50,13.60,12,19,26,11,26,0
L2D_SUMMARY,EYE_L_SWEEP,100,1,convert_cache_sync_us,50,0.00,0,0,0,0,0,0
L2D_SUMMARY,EYE_L_SWEEP,100,1,flush_cache_sync_us,50,14.12,13,21,49,11,49,0
L2D_SUMMARY,EYE_L_SWEEP,100,1,cache_sync_total_us,50,27.72,25,37,68,23,68,0
L2D_SUMMARY,EYE_L_SWEEP,100,1,display_lock_wait_us,50,25.14,17,57,194,16,194,0
L2D_SUMMARY,EYE_L_SWEEP,100,1,flush_total_us,50,196.66,189,233,366,179,366,0
L2D_SUMMARY,EYE_L_SWEEP,100,1,frame_total_us,50,27335.92,27337,27577,27602,27140,27602,0
L2D_SUMMARY,EYE_L_SWEEP,100,1,keypoint_us,50,0.00,0,0,0,0,0,0
L2D_SUMMARY,EYE_L_SWEEP,100,1,visual_transform_us,50,0.00,0,0,0,0,0,0
L2D_SUMMARY,EYE_L_SWEEP,100,1,stretch_us,50,0.00,0,0,0,0,0,0
L2D_SUMMARY,EYE_L_SWEEP,100,1,vertex_transform_us,50,0.00,0,0,0,0,0,0
L2D_SUMMARY,EYE_L_SWEEP,100,1,uv_update_us,50,0.00,0,0,0,0,0,0
L2D_SUMMARY,EYE_L_SWEEP,100,1,trig_cache_hit,50,51.00,51,51,51,51,51,0
L2D_SUMMARY,EYE_L_SWEEP,100,1,trig_cache_miss,50,0.00,0,0,0,0,0,0
L2D_SUMMARY,EYE_L_SWEEP,100,1,slot_miss,50,0.00,0,0,0,0,0,0
L2D_SUMMARY,EYE_L_SWEEP,100,1,lock_skip,50,0.00,0,0,0,0,0,0
L2D_SUMMARY,EYE_L_SWEEP,100,1,deadline_miss,50,0.00,0,0,0,0,0,0
L2D_SUMMARY,EYE_L_SWEEP,100,1,roi.current_area,50,56715.00,56715,56715,56715,56715,56715,0
L2D_SUMMARY,EYE_L_SWEEP,100,1,roi.union_area,50,56715.00,56715,56715,56715,56715,56715,0
L2D_SUMMARY,EYE_L_SWEEP,100,1,roi.current_area_ratio_q10000,50,5538.00,5538,5538,5538,5538,5538,0
L2D_SUMMARY,EYE_L_SWEEP,100,1,roi.union_area_ratio_q10000,50,5538.00,5538,5538,5538,5538,5538,0
L2D_SUMMARY,EYE_L_SWEEP,100,1,roi.current_w,50,199.00,199,199,199,199,199,0
L2D_SUMMARY,EYE_L_SWEEP,100,1,roi.current_h,50,285.00,285,285,285,285,285,0
L2D_SUMMARY,EYE_L_SWEEP,100,1,roi.union_w,50,199.00,199,199,199,199,199,0
L2D_SUMMARY,EYE_L_SWEEP,100,1,roi.union_h,50,285.00,285,285,285,285,285,0
I (9822) l2d_profile: done EYE_L_SWEEP scale=100 round=1
L2D_FRAME,116,MULTI_AXIS,100,1,5,0,48,942,1348,3,1053,19162,25,27589,16,5578,0,144,1027,4551,5578,12,0,13,25,530,698,28303,0,0,320,320,0,0,0,0,0,4591,0,0,0,0,0,50,1
L2D_FRAME,117,MULTI_AXIS,100,1,6,0,46,945,1385,3,1115,19143,25,27623,15,5608,0,144,1090,4518,5608,12,0,13,25,16,184,27822,0,0,320,320,0,0,0,0,0,4551,0,0,0,0,0,50,1
L2D_FRAME,118,MULTI_AXIS,100,1,7,0,46,929,1349,3,1136,19196,29,27578,17,5523,0,139,1103,4420,5523,16,0,13,29,16,179,27774,0,0,320,320,0,0,0,0,0,4453,0,0,0,0,0,50,1
L2D_FRAME,119,MULTI_AXIS,100,1,8,0,46,893,1345,3,1122,19109,25,27418,11,5536,0,139,1101,4435,5536,12,0,13,25,16,183,27612,0,0,320,320,0,0,0,0,0,4468,0,0,0,0,0,50,1
L2D_FRAME,120,MULTI_AXIS,100,1,9,0,45,941,1383,4,1138,19281,25,28324,15,5505,0,143,1112,4393,5505,12,0,13,25,16,186,28525,0,0,320,320,0,0,0,0,0,4430,0,0,0,0,0,50,1
L2D_FRAME,121,MULTI_AXIS,100,1,10,0,47,934,1363,3,1135,19109,29,27300,15,5339,0,143,1103,4236,5339,16,0,13,29,16,184,27499,0,0,320,320,0,0,0,0,0,4274,0,0,0,0,0,50,1
L2D_FRAME,122,MULTI_AXIS,100,1,11,0,46,939,1388,3,1124,19104,25,27430,17,5447,0,144,1102,4345,5447,12,0,13,25,17,183,27630,0,0,320,320,0,0,0,0,0,4377,0,0,0,0,0,50,1
L2D_FRAME,123,MULTI_AXIS,100,1,12,0,47,973,1359,3,1138,19297,25,27553,15,5377,0,140,1110,4267,5377,12,0,13,25,16,180,27748,0,0,320,320,0,0,0,0,0,4304,0,0,0,0,0,50,1
L2D_FRAME,124,MULTI_AXIS,100,1,13,0,48,927,1362,3,1150,19140,24,27290,11,5304,0,151,1121,4183,5304,11,0,13,24,16,195,27496,0,0,320,320,0,0,0,0,0,4217,0,0,0,0,0,50,1
L2D_FRAME,125,MULTI_AXIS,100,1,14,0,46,943,1396,3,1133,19276,29,27470,16,5307,0,142,1100,4207,5307,16,0,13,29,17,182,27668,0,0,320,320,0,0,0,0,0,4239,0,0,0,0,0,50,1
L2D_FRAME,126,MULTI_AXIS,100,1,15,0,46,937,1349,3,1133,19216,26,27432,15,5372,0,153,1107,4265,5372,12,0,14,26,17,194,27641,0,0,320,320,0,0,0,0,0,4300,0,0,0,0,0,50,1
L2D_FRAME,127,MULTI_AXIS,100,1,16,0,46,944,1383,3,1125,19111,26,27375,16,5370,0,140,1096,4274,5370,12,0,14,26,20,185,27576,0,0,320,320,0,0,0,0,0,4312,0,0,0,0,0,50,1
L2D_FRAME,128,MULTI_AXIS,100,1,17,0,50,975,1354,4,1131,19268,25,27447,11,5298,0,136,1105,4193,5298,12,0,13,25,16,182,27640,0,0,320,320,0,0,0,0,0,4226,0,0,0,0,0,50,1
L2D_FRAME,129,MULTI_AXIS,100,1,18,0,46,937,1345,4,1147,19227,28,27297,14,5229,0,140,1114,4115,5229,15,0,13,28,16,181,27492,0,0,320,320,0,0,0,0,0,4148,0,0,0,0,0,50,1
L2D_FRAME,130,MULTI_AXIS,100,1,19,0,46,947,1387,3,1135,19486,25,27540,20,5170,0,153,1106,4064,5170,12,0,13,25,16,192,27752,0,0,320,320,0,0,0,0,0,4098,0,0,0,0,0,50,1
L2D_FRAME,131,MULTI_AXIS,100,1,20,0,45,950,1358,3,1132,19343,29,27426,14,5226,0,143,1099,4127,5226,16,0,13,29,17,185,27625,0,0,320,320,0,0,0,0,0,4159,0,0,0,0,0,50,1
L2D_FRAME,132,MULTI_AXIS,100,1,21,0,45,963,1382,3,1127,19358,25,27661,14,5409,0,138,1106,4303,5409,12,0,13,25,20,183,27858,0,0,320,320,0,0,0,0,0,4340,0,0,0,0,0,50,1
L2D_FRAME,133,MULTI_AXIS,100,1,22,0,46,984,1348,3,1134,19553,30,28329,15,5882,0,152,1101,4781,5882,16,0,14,30,202,378,28722,0,0,320,320,0,0,0,0,0,4818,0,0,0,0,0,50,1
L2D_FRAME,134,MULTI_AXIS,100,1,23,0,48,952,1354,3,1133,19337,26,27770,15,5580,0,140,1107,4473,5580,13,0,13,26,20,184,27969,0,0,320,320,0,0,0,0,0,4506,0,0,0,0,0,50,1
L2D_FRAME,135,MULTI_AXIS,100,1,24,0,49,982,1357,3,1127,19475,25,27617,15,5264,0,146,1103,4161,5264,12,0,13,25,534,703,28335,0,0,320,320,0,0,0,0,0,4195,0,0,0,0,0,50,1
L2D_FRAME,136,MULTI_AXIS,100,1,25,0,46,971,1350,4,1123,19317,25,27587,11,5406,0,140,1101,4305,5406,12,0,13,25,20,185,27783,0,0,320,320,0,0,0,0,0,4338,0,0,0,0,0,50,1
L2D_FRAME,137,MULTI_AXIS,100,1,26,0,46,942,1388,3,1127,19613,25,27870,15,5389,0,156,1106,4283,5389,12,0,13,25,742,925,28810,0,0,320,320,0,0,0,0,0,4319,0,0,0,0,0,50,1
L2D_FRAME,138,MULTI_AXIS,100,1,27,0,49,963,1351,3,1124,19467,25,27788,11,5464,0,148,1099,4365,5464,12,0,13,25,239,415,28214,0,0,320,320,0,0,0,0,0,4402,0,0,0,0,0,50,1
L2D_FRAME,139,MULTI_AXIS,100,1,28,0,46,962,1376,3,1151,19529,26,27675,16,5265,0,144,1121,4144,5265,13,0,13,26,16,187,27878,0,0,320,320,0,0,0,0,0,4177,0,0,0,0,0,50,1
L2D_FRAME,140,MULTI_AXIS,100,1,29,0,45,945,1242,3,1125,19350,25,27511,11,5427,0,143,1099,4328,5427,12,0,13,25,17,187,27709,0,0,320,320,0,0,0,0,0,4361,0,0,0,0,0,50,1
L2D_FRAME,141,MULTI_AXIS,100,1,30,0,48,945,1380,3,1139,19406,25,27786,11,5510,0,167,1109,4401,5510,12,0,13,25,20,211,28008,0,0,320,320,0,0,0,0,0,4435,0,0,0,0,0,50,1
L2D_FRAME,142,MULTI_AXIS,100,1,31,0,49,938,1354,3,1136,19379,25,28174,10,5961,0,141,1111,4850,5961,12,0,13,25,16,185,28369,0,0,320,320,0,0,0,0,0,4883,0,0,0,0,0,50,1
L2D_FRAME,143,MULTI_AXIS,100,1,32,0,46,952,1383,3,1130,19307,25,27788,14,5603,0,155,1103,4500,5603,12,0,13,25,16,196,27998,0,0,320,320,0,0,0,0,0,4532,0,0,0,0,0,50,1
L2D_FRAME,144,MULTI_AXIS,100,1,33,0,50,942,1355,3,1120,19425,25,27651,11,5386,0,144,1099,4287,5386,12,0,13,25,16,188,27850,0,0,320,320,0,0,0,0,0,4319,0,0,0,0,0,50,1
L2D_FRAME,145,MULTI_AXIS,100,1,34,0,48,934,1393,3,1139,19210,25,27593,15,5496,0,144,1108,4388,5496,12,0,13,25,16,185,27793,0,0,320,320,0,0,0,0,0,4421,0,0,0,0,0,50,1
L2D_FRAME,146,MULTI_AXIS,100,1,35,0,46,981,1353,3,1134,19377,26,27699,11,5426,0,158,1107,4319,5426,12,0,14,26,551,739,28449,0,0,320,320,0,0,0,0,0,4356,0,0,0,0,0,50,1
L2D_FRAME,147,MULTI_AXIS,100,1,36,0,47,963,1354,3,1121,19256,25,27737,17,5621,0,140,1096,4525,5621,12,0,13,25,16,180,27934,0,0,320,320,0,0,0,0,0,4558,0,0,0,0,0,50,1
L2D_FRAME,148,MULTI_AXIS,100,1,37,0,47,970,1357,4,1145,19411,25,27636,14,5354,0,153,1116,4238,5354,12,0,13,25,218,399,28049,0,0,320,320,0,0,0,0,0,4271,0,0,0,0,0,50,1
L2D_FRAME,149,MULTI_AXIS,100,1,38,0,49,945,1392,3,1144,19245,30,27547,11,5423,0,144,1115,4308,5423,16,0,14,30,20,188,27746,0,0,320,320,0,0,0,0,0,4342,0,0,0,0,0,50,1
L2D_FRAME,150,MULTI_AXIS,100,1,39,0,45,972,1355,3,1127,19387,25,27743,14,5467,0,142,1102,4365,5467,12,0,13,25,16,183,27940,0,0,320,320,0,0,0,0,0,4398,0,0,0,0,0,50,1
L2D_FRAME,151,MULTI_AXIS,100,1,40,0,59,948,1392,3,1137,19186,25,27591,11,5500,0,142,1108,4392,5500,12,0,13,25,16,185,27787,0,0,320,320,0,0,0,0,0,4424,0,0,0,0,0,50,1
L2D_FRAME,152,MULTI_AXIS,100,1,41,0,47,976,1353,4,1132,19388,24,27740,10,5477,0,146,1107,4370,5477,11,0,13,24,20,191,27941,0,0,320,320,0,0,0,0,0,4402,0,0,0,0,0,50,1
L2D_FRAME,153,MULTI_AXIS,100,1,42,0,50,941,1396,3,1131,19188,26,27651,11,5570,0,137,1107,4463,5570,12,0,14,26,19,182,27844,0,0,320,320,0,0,0,0,0,4497,0,0,0,0,0,50,1
L2D_FRAME,154,MULTI_AXIS,100,1,43,0,46,985,1351,3,1150,19339,29,27735,16,5514,0,141,1121,4393,5514,16,0,13,29,16,181,27932,0,0,320,320,0,0,0,0,0,4426,0,0,0,0,0,50,1
L2D_FRAME,155,MULTI_AXIS,100,1,44,0,47,952,1394,3,1132,19279,24,27824,15,5663,0,148,1108,4555,5663,11,0,13,24,16,188,28027,0,0,320,320,0,0,0,0,0,4588,0,0,0,0,0,50,1
L2D_FRAME,156,MULTI_AXIS,100,1,45,0,47,941,1368,3,1125,19427,26,27867,11,5589,0,154,1103,4486,5589,12,0,14,26,21,203,28081,0,0,320,320,0,0,0,0,0,4520,0,0,0,0,0,50,1
L2D_FRAME,157,MULTI_AXIS,100,1,46,0,46,898,1386,3,1133,19535,25,28018,14,5637,0,147,1104,4533,5637,12,0,13,25,16,188,28220,0,0,320,320,0,0,0,0,0,4573,0,0,0,0,0,50,1
L2D_FRAME,158,MULTI_AXIS,100,1,47,0,47,925,1353,3,1120,19443,24,28101,10,5831,0,140,1096,4735,5831,11,0,13,24,16,184,28295,0,0,320,320,0,0,0,0,0,4772,0,0,0,0,0,50,1
L2D_FRAME,159,MULTI_AXIS,100,1,48,0,47,891,1383,3,1139,19675,29,28930,17,6432,0,145,1107,5325,6432,16,0,13,29,24,192,29139,0,0,320,320,0,0,0,0,0,5358,0,0,0,0,0,50,1
L2D_FRAME,160,MULTI_AXIS,100,1,49,0,46,939,1358,4,1022,19529,28,27928,11,5551,0,141,993,4558,5551,15,0,13,28,16,194,28133,0,0,320,320,0,0,0,0,0,4591,0,0,0,0,0,50,1
L2D_FRAME,161,MULTI_AXIS,100,1,50,0,63,964,1360,3,949,19618,25,27756,16,5259,0,140,925,4334,5259,12,0,13,25,16,180,27952,0,0,320,320,0,0,0,0,0,4367,0,0,0,0,0,50,1
L2D_FRAME,162,MULTI_AXIS,100,1,51,0,47,945,1388,3,1141,19446,31,27819,15,5421,0,155,1113,4308,5421,18,0,13,31,16,196,28030,0,0,320,320,0,0,0,0,0,4344,0,0,0,0,0,50,1
L2D_FRAME,163,MULTI_AXIS,100,1,52,0,47,938,1355,3,1127,19540,24,27927,10,5556,0,150,1103,4453,5556,11,0,13,24,210,384,28321,0,0,320,320,0,0,0,0,0,4486,0,0,0,0,0,50,1
L2D_FRAME,164,MULTI_AXIS,100,1,53,0,47,964,1384,3,1136,19385,29,27913,11,5631,0,154,1107,4524,5631,16,0,13,29,16,198,28122,0,0,320,320,0,0,0,0,0,4557,0,0,0,0,0,50,1
L2D_FRAME,165,MULTI_AXIS,100,1,54,0,49,942,1361,3,1143,19496,30,27826,11,5480,0,152,1116,4364,5480,17,0,13,30,217,401,28238,0,0,320,320,0,0,0,0,0,4398,0,0,0,0,0,50,1
L2D_ROI,116,MULTI_AXIS,100,1,5,1,73,15,272,298,200,284,56800,1,71,14,270,298,71,14,272,298,202,285,57570,5546,5622,0
L2D_ROI,117,MULTI_AXIS,100,1,6,1,75,15,274,298,200,284,56800,1,73,15,272,298,73,15,274,298,202,284,57368,5546,5602,0
L2D_ROI,118,MULTI_AXIS,100,1,7,1,77,16,276,298,200,283,56600,1,75,15,274,298,75,15,276,298,202,284,57368,5527,5602,0
L2D_ROI,119,MULTI_AXIS,100,1,8,1,79,16,277,298,199,283,56317,1,77,16,276,298,77,16,277,298,201,283,56883,5499,5554,0
L2D_ROI,120,MULTI_AXIS,100,1,9,1,78,17,276,298,199,282,56118,1,79,16,277,298,78,16,277,298,200,283,56600,5480,5527,0
L2D_ROI,121,MULTI_AXIS,100,1,10,1,78,17,276,298,199,282,56118,1,78,17,276,298,78,17,276,298,199,282,56118,5480,5480,0
L2D_ROI,122,MULTI_AXIS,100,1,11,1,77,18,275,298,199,281,55919,1,78,17,276,298,77,17,276,298,200,282,56400,5460,5507,0
L2D_ROI,123,MULTI_AXIS,100,1,12,1,77,18,275,298,199,281,55919,1,77,18,275,298,77,18,275,298,199,281,55919,5460,5460,0
L2D_ROI,124,MULTI_AXIS,100,1,13,1,76,19,275,298,200,280,56000,1,77,18,275,298,76,18,275,298,200,281,56200,5468,5488,0
L2D_ROI,125,MULTI_AXIS,100,1,14,1,76,20,274,298,199,279,55521,1,76,19,275,298,76,19,275,298,200,280,56000,5421,5468,0
L2D_ROI,126,MULTI_AXIS,100,1,15,1,75,21,274,298,200,278,55600,1,76,20,274,298,75,20,274,298,200,279,55800,5429,5449,0
L2D_ROI,127,MULTI_AXIS,100,1,16,1,74,20,272,298,199,279,55521,1,75,21,274,298,74,20,274,298,201,279,56079,5421,5476,0
L2D_ROI,128,MULTI_AXIS,100,1,17,1,72,19,269,298,198,280,55440,1,74,20,272,298,72,19,272,298,201,280,56280,5414,5496,0
L2D_ROI,129,MULTI_AXIS,100,1,18,1,70,19,267,298,198,280,55440,1,72,19,269,298,70,19,269,298,200,280,56000,5414,5468,0
L2D_ROI,130,MULTI_AXIS,100,1,19,1,68,18,266,298,199,281,55919,1,70,19,267,298,68,18,267,298,200,281,56200,5460,5488,0
L2D_ROI,131,MULTI_AXIS,100,1,20,1,66,17,264,298,199,282,56118,1,68,18,266,298,66,17,266,298,201,282,56682,5480,5535,0
L2D_ROI,132,MULTI_AXIS,100,1,21,1,65,17,263,298,199,282,56118,1,66,17,264,298,65,17,264,298,200,282,56400,5480,5507,0
L2D_ROI,133,MULTI_AXIS,100,1,22,1,63,17,261,298,199,282,56118,1,65,17,263,298,63,17,263,298,201,282,56682,5480,5535,0
L2D_ROI,134,MULTI_AXIS,100,1,23,1,61,16,259,298,199,283,56317,1,63,17,261,298,61,16,261,298,201,283,56883,5499,5554,0
L2D_ROI,135,MULTI_AXIS,100,1,24,1,60,15,258,298,199,284,56516,1,61,16,259,298,60,15,259,298,200,284,56800,5519,5546,0
L2D_ROI,136,MULTI_AXIS,100,1,25,1,58,15,256,298,199,284,56516,1,60,15,258,298,58,15,258,298,201,284,57084,5519,5574,0
L2D_ROI,137,MULTI_AXIS,100,1,26,1,56,14,254,298,199,285,56715,1,58,15,256,298,56,14,256,298,201,285,57285,5538,5594,0
L2D_ROI,138,MULTI_AXIS,100,1,27,1,54,14,252,298,199,285,56715,1,56,14,254,298,54,14,254,298,201,285,57285,5538,5594,0
L2D_ROI,139,MULTI_AXIS,100,1,28,1,52,14,250,298,199,285,56715,1,54,14,252,298,52,14,252,298,201,285,57285,5538,5594,0
L2D_ROI,140,MULTI_AXIS,100,1,29,1,50,13,248,298,199,286,56914,1,52,14,250,298,50,13,250,298,201,286,57486,5558,5613,0
L2D_ROI,141,MULTI_AXIS,100,1,30,1,48,13,247,298,200,286,57200,1,50,13,248,298,48,13,248,298,201,286,57486,5585,5613,0
L2D_ROI,142,MULTI_AXIS,100,1,31,1,47,12,245,298,199,287,57113,1,48,13,247,298,47,12,247,298,201,287,57687,5577,5633,0
L2D_ROI,143,MULTI_AXIS,100,1,32,1,45,12,243,298,199,287,57113,1,47,12,245,298,45,12,245,298,201,287,57687,5577,5633,0
L2D_ROI,144,MULTI_AXIS,100,1,33,1,43,11,242,298,200,288,57600,1,45,12,243,298,43,11,243,298,201,288,57888,5625,5653,0
L2D_ROI,145,MULTI_AXIS,100,1,34,1,41,11,240,298,200,288,57600,1,43,11,242,298,41,11,242,298,202,288,58176,5625,5681,0
L2D_ROI,146,MULTI_AXIS,100,1,35,1,40,11,238,298,199,288,57312,1,41,11,240,298,40,11,240,298,201,288,57888,5596,5653,0
L2D_ROI,147,MULTI_AXIS,100,1,36,1,38,10,237,298,200,289,57800,1,40,11,238,298,38,10,238,298,201,289,58089,5644,5672,0
L2D_ROI,148,MULTI_AXIS,100,1,37,1,36,10,235,298,200,289,57800,1,38,10,237,298,36,10,237,298,202,289,58378,5644,5700,0
L2D_ROI,149,MULTI_AXIS,100,1,38,1,37,10,236,298,200,289,57800,1,36,10,235,298,36,10,236,298,201,289,58089,5644,5672,0
L2D_ROI,150,MULTI_AXIS,100,1,39,1,38,10,237,298,200,289,57800,1,37,10,236,298,37,10,237,298,201,289,58089,5644,5672,0
L2D_ROI,151,MULTI_AXIS,100,1,40,1,39,10,238,298,200,289,57800,1,38,10,237,298,38,10,238,298,201,289,58089,5644,5672,0
L2D_ROI,152,MULTI_AXIS,100,1,41,1,40,10,239,298,200,289,57800,1,39,10,238,298,39,10,239,298,201,289,58089,5644,5672,0
L2D_ROI,153,MULTI_AXIS,100,1,42,1,40,10,240,298,201,289,58089,1,40,10,239,298,40,10,240,298,201,289,58089,5672,5672,0
L2D_ROI,154,MULTI_AXIS,100,1,43,1,41,10,241,298,201,289,58089,1,40,10,240,298,40,10,241,298,202,289,58378,5672,5700,0
L2D_ROI,155,MULTI_AXIS,100,1,44,1,41,10,241,298,201,289,58089,1,41,10,241,298,41,10,241,298,201,289,58089,5672,5672,0
L2D_ROI,156,MULTI_AXIS,100,1,45,1,44,10,243,298,200,289,57800,1,41,10,241,298,41,10,243,298,203,289,58667,5644,5729,0
L2D_ROI,157,MULTI_AXIS,100,1,46,1,45,10,245,298,201,289,58089,1,44,10,243,298,44,10,245,298,202,289,58378,5672,5700,0
L2D_ROI,158,MULTI_AXIS,100,1,47,1,47,10,247,298,201,289,58089,1,45,10,245,298,45,10,247,298,203,289,58667,5672,5729,0
L2D_ROI,159,MULTI_AXIS,100,1,48,1,49,10,248,298,200,289,57800,1,47,10,247,298,47,10,248,298,202,289,58378,5644,5700,0
L2D_ROI,160,MULTI_AXIS,100,1,49,1,50,11,250,298,201,288,57888,1,49,10,248,298,49,10,250,298,202,289,58378,5653,5700,0
L2D_ROI,161,MULTI_AXIS,100,1,50,1,52,11,252,298,201,288,57888,1,50,11,250,298,50,11,252,298,203,288,58464,5653,5709,0
L2D_ROI,162,MULTI_AXIS,100,1,51,1,53,11,253,298,201,288,57888,1,52,11,252,298,52,11,253,298,202,288,58176,5653,5681,0
L2D_ROI,163,MULTI_AXIS,100,1,52,1,55,11,255,298,201,288,57888,1,53,11,253,298,53,11,255,298,203,288,58464,5653,5709,0
L2D_ROI,164,MULTI_AXIS,100,1,53,1,56,11,256,298,201,288,57888,1,55,11,255,298,55,11,256,298,202,288,58176,5653,5681,0
L2D_ROI,165,MULTI_AXIS,100,1,54,1,58,12,258,298,201,287,57687,1,56,11,256,298,56,11,258,298,203,288,58464,5633,5709,0
L2D_SUMMARY,MULTI_AXIS,100,1,slot_wait_us,50,0.00,0,0,0,0,0,0
L2D_SUMMARY,MULTI_AXIS,100,1,controller_us,50,47.48,47,50,63,45,63,0
L2D_SUMMARY,MULTI_AXIS,100,1,rt30_us,50,948.22,945,982,985,891,985,0
L2D_SUMMARY,MULTI_AXIS,100,1,hierarchy_vertex_us,50,1365.20,1359,1394,1396,1242,1396,0
L2D_SUMMARY,MULTI_AXIS,100,1,bounds_us,50,3.14,3,4,4,3,4,0
L2D_SUMMARY,MULTI_AXIS,100,1,clear_us,50,1125.40,1132,1150,1151,949,1151,0
L2D_SUMMARY,MULTI_AXIS,100,1,raster_us,50,19346.88,19343,19613,19675,19104,19675,0
I (12876) l2d_profile: MULTI_AXIS scale=100 round=1 raster_us avg=19347 p95=19613 p99=19675 max=19675
L2D_SUMMARY,MULTI_AXIS,100,1,convert_us,50,4428.42,4398,4818,5358,4098,5358,0
L2D_SUMMARY,MULTI_AXIS,100,1,cache_sync_us,50,26.14,25,30,31,24,31,0
L2D_SUMMARY,MULTI_AXIS,100,1,producer_total_us,50,27717.60,27661,28324,28930,27290,28930,0
I (12906) l2d_profile: MULTI_AXIS scale=100 round=1 producer_total_us avg=27718 p95=28324 p99=28930 max=28930
L2D_SUMMARY,MULTI_AXIS,100,1,publish_consume_us,50,13.56,14,17,20,10,20,0
L2D_SUMMARY,MULTI_AXIS,100,1,ppa_wait_us,50,5492.66,5467,5882,6432,5170,6432,0
L2D_SUMMARY,MULTI_AXIS,100,1,ppa_blend_us,50,0.00,0,0,0,0,0,0
L2D_SUMMARY,MULTI_AXIS,100,1,panel_submit_us,50,145.62,144,156,167,136,167,0
L2D_SUMMARY,MULTI_AXIS,100,1,frame_drop,50,0.00,0,0,0,0,0,0
L2D_SUMMARY,MULTI_AXIS,100,1,ppa_fill_us,50,1098.46,1105,1121,1121,925,1121,0
L2D_SUMMARY,MULTI_AXIS,100,1,ppa_srm_us,50,4394.20,4365,4781,5325,4064,5325,0
L2D_SUMMARY,MULTI_AXIS,100,1,ppa_total_us,50,5492.66,5467,5882,6432,5170,6432,0
L2D_SUMMARY,MULTI_AXIS,100,1,clear_cache_sync_us,50,13.00,12,16,18,11,18,0
L2D_SUMMARY,MULTI_AXIS,100,1,convert_cache_sync_us,50,0.00,0,0,0,0,0,0
L2D_SUMMARY,MULTI_AXIS,100,1,flush_cache_sync_us,50,13.14,13,14,14,13,14,0
L2D_SUMMARY,MULTI_AXIS,100,1,cache_sync_total_us,50,26.14,25,30,31,24,31,0
L2D_SUMMARY,MULTI_AXIS,100,1,display_lock_wait_us,50,82.96,16,534,742,16,742,0
L2D_SUMMARY,MULTI_AXIS,100,1,flush_total_us,50,254.42,187,703,925,179,925,0
L2D_SUMMARY,MULTI_AXIS,100,1,frame_total_us,50,27985.58,27934,28722,29139,27492,29139,0
L2D_SUMMARY,MULTI_AXIS,100,1,keypoint_us,50,0.00,0,0,0,0,0,0
L2D_SUMMARY,MULTI_AXIS,100,1,visual_transform_us,50,0.00,0,0,0,0,0,0
L2D_SUMMARY,MULTI_AXIS,100,1,stretch_us,50,0.00,0,0,0,0,0,0
L2D_SUMMARY,MULTI_AXIS,100,1,vertex_transform_us,50,0.00,0,0,0,0,0,0
L2D_SUMMARY,MULTI_AXIS,100,1,uv_update_us,50,0.00,0,0,0,0,0,0
L2D_SUMMARY,MULTI_AXIS,100,1,trig_cache_hit,50,50.00,50,50,50,50,50,0
L2D_SUMMARY,MULTI_AXIS,100,1,trig_cache_miss,50,1.00,1,1,1,1,1,0
L2D_SUMMARY,MULTI_AXIS,100,1,slot_miss,50,0.00,0,0,0,0,0,0
L2D_SUMMARY,MULTI_AXIS,100,1,lock_skip,50,0.00,0,0,0,0,0,0
L2D_SUMMARY,MULTI_AXIS,100,1,deadline_miss,50,0.00,0,0,0,0,0,0
L2D_SUMMARY,MULTI_AXIS,100,1,roi.current_area,50,56974.08,56914,58089,58089,55440,58089,0
L2D_SUMMARY,MULTI_AXIS,100,1,roi.union_area,50,57421.20,57486,58464,58667,55800,58667,0
L2D_SUMMARY,MULTI_AXIS,100,1,roi.current_area_ratio_q10000,50,5563.38,5558,5672,5672,5414,5672,0
L2D_SUMMARY,MULTI_AXIS,100,1,roi.union_area_ratio_q10000,50,5607.00,5613,5709,5729,5449,5729,0
L2D_SUMMARY,MULTI_AXIS,100,1,roi.current_w,50,199.72,200,201,201,198,201,0
L2D_SUMMARY,MULTI_AXIS,100,1,roi.current_h,50,285.26,286,289,289,278,289,0
L2D_SUMMARY,MULTI_AXIS,100,1,roi.union_w,50,201.16,201,203,203,199,203,0
L2D_SUMMARY,MULTI_AXIS,100,1,roi.union_h,50,285.44,286,289,289,279,289,0
I (13129) l2d_profile: done MULTI_AXIS scale=100 round=1
L2D_DONE
