ESP-ROM:esp32p4-eco2-20240710
Build:Jul 10 2024
rst:0x1 (POWERON),boot:0x30f (SPI_FAST_FLASH_BOOT)
SPI mode:DIO, clock div:1
load:0x4ff33ce0,len:0x514
load:0x4ff29ed0,len:0xbbc
load:0x4ff2cbd0,len:0x3114
entry 0x4ff29ed0
I (336) hex_psram: vendor id    : 0x0d (AP)
I (337) hex_psram: Latency      : 0x01 (Fixed)
I (337) hex_psram: DriveStr.    : 0x00 (25 Ohm)
I (337) hex_psram: dev id       : 0x03 (generation 4)
I (342) hex_psram: density      : 0x07 (256 Mbit)
I (347) hex_psram: good-die     : 0x06 (Pass)
I (351) hex_psram: SRF          : 0x02 (Slow Refresh)
I (355) hex_psram: BurstType    : 0x00 ( Wrap)
I (360) hex_psram: BurstLen     : 0x03 (2048 Byte)
I (364) hex_psram: BitMode      : 0x01 (X16 Mode)
I (369) hex_psram: Readlatency  : 0x04 (14 cycles@Fixed)
I (374) hex_psram: DriveStrength: 0x00 (1/1)
I (378) MSPI Timing: Enter psram timing tuning
I (552) esp_psram: Found 32MB PSRAM device
I (552) esp_psram: Speed: 200MHz
I (553) hex_psram: psram CS IO is dedicated
I (553) cpu_start: Multicore app
I (1460) esp_psram: SPI SRAM memory test OK
I (1471) cpu_start: GPIO 38 and 37 are used as console UART I/O pins
I (1471) cpu_start: Pro cpu start user code
I (1471) cpu_start: cpu freq: 360000000 Hz
I (1473) app_init: Application information:
I (1477) app_init: Project name:     live2d_rt30_baseline
I (1482) app_init: App version:      adbc38a-dirty
I (1487) app_init: Compile time:     Sep 29 2026 16:27:40
I (1492) app_init: ELF file SHA256:  a64cc2df7...
I (1496) app_init: ESP-IDF:          v5.5.2
I (1500) efuse_init: Min chip rev:     v0.1
I (1504) efuse_init: Max chip rev:     v1.99 
I (1508) efuse_init: Chip rev:         v1.3
I (1512) heap_init: Initializing. RAM available for dynamic allocation:
I (1519) heap_init: At 4FF1ED00 len 0001C2C0 (112 KiB): RETENT_RAM
I (1524) heap_init: At 4FF3AFC0 len 00004BF0 (18 KiB): RAM
I (1530) heap_init: At 4FF40000 len 00060000 (384 KiB): RAM
I (1535) heap_init: At 501080A0 len 00007F60 (31 KiB): RTCRAM
I (1540) heap_init: At 30100084 len 00001F7C (7 KiB): TCM
I (1546) esp_psram: Adding pool of 32768K of PSRAM memory to heap allocator
I (1553) spi_flash: detected chip: generic
I (1556) spi_flash: flash io: dio
I (1559) sleep_gpio: Configure to isolate all GPIO pins in sleep state
I (1566) sleep_gpio: Enable automatic switching of GPIO sleep configuration
I (1573) main_task: Started on CPU0
I (1597) esp_psram: Reserving pool of 256K of internal memory for DMA/internal allocations
I (1598) main_task: Calling app_main()
I (1598) l2d_baseline: === Live2D RT30 baseline ===
I (1602) l2d_baseline: ========================================
I (1608) l2d_baseline:  Live2D RT30 baseline, target=30 fps, core=0
I (1614) l2d_baseline:  model=/sdcard/esp.live
I (1618) l2d_baseline: ========================================
I (1623) l2d_baseline: heap boot: psram_free=33551716 psram_min=33551716 internal_free=507115
I (1658) sys_storage: Mounting SD card at /sdcard
I (1659) main_task: Returned from app_main()
I (1714) sys_storage: Storage subsystem ready (NVS + SD at /sdcard)
I (1714) sys_sdio: ready: SD serial task core=0 prio=4 queue=20
I (1716) sys_storage: font cache found: /sdcard/fonts/noto_sans_sc_16.bin (955208 bytes)
I (1722) l2d_baseline: storage ready at /sdcard
I (1728) esp_lvgl:adapter: LVGL adapter initialized successfully
I (1805) GT911: TouchPad_ID:0x39,0x31,0x31
I (1805) GT911: TouchPad_Config_Version:101
W (1805) ledc: GPIO 20 is not usable, maybe conflict with others
I (1808) WT99P4C5_S1_BOARD: MIPI DSI PHY Powered on
I (1813) WT99P4C5_S1_BOARD: Install MIPI DSI LCD control panel
I (1818) WT99P4C5_S1_BOARD: Install EK79007 LCD control panel
I (1823) WT99P4C5_S1_BOARD: MIPI DSI DPI clock: 80.00 MHz
I (1828) ek79007: version: 1.0.4
I (2002) WT99P4C5_S1_BOARD: Display initialized
I (2002) WT99P4C5_S1_BOARD: Display resolution 1024x600
I (2006) esp_lvgl:bridge_v9: Initializing hardware resources
I (2006) esp_lvgl:bridge_v9: Hardware resources initialized successfully
I (2017) WT99P4C5_S1_BOARD: GT911 touch ready on GPIO 21
W (2017) esp_lvgl:touch: LV_USE_GESTURE_RECOGNITION is disabled; only single-point pointer events are available
I (2027) esp_lvgl:touch: Touch input device registered successfully (IRQ mode: disabled)
I (2035) esp_lvgl:adapter: LVGL task started successfully
I (2040) sys_display: Display + LVGL initialized (custom config)
I (2045) WT99P4C5_S1_BOARD: Setting LCD backlight: 80%
I (2050) sys_monitor: CPU monitor started (FreeRTOS idle run time, 1 s windows)
I (2057) sys_monitor: FPS tracking attached to display
I (2594) l2d_baseline: model file loaded: /sdcard/esp.live (800796 bytes)
I (2595) l2d_baseline: model CRC32_LE=0x5f25edc0
I (2647) l2d_baseline: model SHA256=1d7f21471dcedee2d205904791df7147c63760269462ad5d7169a97afe386100
I (2647) live2d_engine: Live2D engine pool allocated in PSRAM: 16777216 bytes
I (2652) live2d_engine: Importing PainterEngine Live2D model, file size=800796 bytes, pool free=16777216 bytes
I (2707) live2d_engine: Model loaded: id='esp', size=320x320, layers=11, textures=12, animations=1, pool free=15941368 bytes
I (2708) live2d_engine: Using nearest-neighbor pixel shader for ESP renderer
I (2714) live2d_engine: RT30 realtime axes: 5
I (2718) live2d_engine:   axis[0] id='left_eye' default=0 middle=15 bindings=2 sampleBytes=360 stride=12 vidx=0 Q(coord=4 rot=6 stretch=14)
I (2731) live2d_engine:     binding[0] layer=6 id='right_eye' mask=0x0050 vertices=0 sample_offset=0
I (2740) live2d_engine:     binding[1] layer=8 id='left_eyeup' mask=0x0010 vertices=0 sample_offset=6
I (2748) live2d_engine:   axis[1] id='right_eye' default=0 middle=15 bindings=2 sampleBytes=240 stride=8 vidx=0 Q(coord=4 rot=6 stretch=14)
I (2761) live2d_engine:     binding[0] layer=5 id='left_eye' mask=0x0040 vertices=0 sample_offset=0
I (2769) live2d_engine:     binding[1] layer=7 id='right_eyeup' mask=0x0010 vertices=0 sample_offset=2
I (2779) live2d_engine:   axis[2] id='neck' default=15 middle=15 bindings=1 sampleBytes=960 stride=32 vidx=7 Q(coord=4 rot=6 stretch=14)
I (2790) live2d_engine:     binding[0] layer=3 id='neck' mask=0x0028 vertices=7 sample_offset=0
I (2799) live2d_engine:   axis[3] id='face' default=15 middle=15 bindings=11 sampleBytes=28560 stride=952 vidx=227 Q(coord=4 rot=6 stretch=14)
I (2811) live2d_engine:     binding[0] layer=0 id='back_hair' mask=0x0009 vertices=42 sample_offset=0
I (2820) live2d_engine:     binding[1] layer=1 id='cloth' mask=0x0009 vertices=25 sample_offset=172
I (2829) live2d_engine:     binding[2] layer=2 id='face' mask=0x0009 vertices=15 sample_offset=276
I (2838) live2d_engine:     binding[3] layer=3 id='neck' mask=0x0009 vertices=8 sample_offset=340
I (2846) live2d_engine:     binding[4] layer=4 id='mouth' mask=0x0009 vertices=5 sample_offset=376
I (2855) live2d_engine:     binding[5] layer=5 id='left_eye' mask=0x0009 vertices=11 sample_offset=400
I (2864) live2d_engine:     binding[6] layer=6 id='right_eye' mask=0x0009 vertices=10 sample_offset=448
I (2873) live2d_engine:     binding[7] layer=7 id='right_eyeup' mask=0x0009 vertices=13 sample_offset=492
I (2882) live2d_engine:     binding[8] layer=8 id='left_eyeup' mask=0x0009 vertices=13 sample_offset=548
I (2892) live2d_engine:     binding[9] layer=9 id='front_hair' mask=0x0009 vertices=64 sample_offset=604
I (2901) live2d_engine:     binding[10] layer=10 id='hairwear' mask=0x0009 vertices=21 sample_offset=864
I (2910) live2d_engine:   axis[4] id='mouth' default=15 middle=15 bindings=1 sampleBytes=720 stride=24 vidx=5 Q(coord=4 rot=6 stretch=14)
I (2922) live2d_engine:     binding[0] layer=4 id='mouth' mask=0x0048 vertices=5 sample_offset=0
I (2931) live2d_engine: Playing default animation index 1/1
I (2936) l2d_baseline: model ready id='esp' size=320x320 layers=11 textures=12 animations=1 load=284ms pool_free=15941368
I (2947) l2d_baseline: RT30 axis_count=5 static=31590 runtime=2392 selectedSample=0
I (2955) l2d_baseline: axis handles: left_eye=0 right_eye=1 neck=2 face=3 mouth=4
I (2961) l2d_baseline: benchmark axes=5, mouth=present
I (2966) l2d_baseline: render ROI: 320x320 at (352,140), lcd=1024x600
I (2972) sys_display_buf: PSRAM before alloc: total=33554432  free=14278816 largest=13369344
I (2980) sys_display_buf: buffers created: 320x320  ARGB=409600  RGB565=204800 bytes (PSRAM DMA=yes)
I (2989) sys_display_buf: PSRAM after alloc: total=33554432  free=13664408 largest=13369344
I (3000) sys_display_flush: Flush path: 320x320 at (352,140) -> panel direct draw
I (3005) live2d_engine: Internal render scale set to 1.000
I (3017) live2d_renderer: PPA fill transparent clear enabled
I (3018) live2d_renderer: Renderer initialized: 320x320 ARGB8888 -> RGB565 via PPA SRM, rgb_swap=0, byte_swap=0, source block=320x320@(0,0)
I (3027) l2d_baseline: render backends: clear=PPA convert=PPA
I (3033) l2d_baseline: heap ready: psram_free=13663400 psram_min=13475996 internal_free=386179
I (3041) l2d_baseline: continuous RT30 drive active on 5 model axes
L2D_META_BEGIN
esp_commit=adbc38aafe3cd5b92ee040dc446f17394e1bbda8
live2d_commit=78fc634
idf=v5.5.2
chip=ESP32-P4
cpu_mhz=360
psram_mhz=200
optimization=-O2
render_task=core0,priority6
lvgl_task=core0,priority4
canvas=320x320
slot=none,synchronous ARGB+RGB565 buffers
display=direct panel RGB565
ppa=fill+SRM clients,blocking,blend unused
model_sha256=1d7f21471dcedee2d205904791df7147c63760269462ad5d7169a97afe386100
model_size=800796
model_load_us=284374
layers=11
vertices=227
triangles=257
textures=12
texture_pixels=184235
axes=5
sampler=fast-nearest
profile_stage=0
profile_mode=timing
srm_roi=1
default_clear=PPA
default_convert=PPA
backend_ids=0:PPA/PPA,1:CPU/PPA,2:PPA/CPU,3:CPU/CPU
warmup=5
measure=50
rounds=1
L2D_META_END
L2D_FRAME_HEADER,frame_id,scenario,scale_q100,round,frame,slot_wait_us,controller_us,rt30_us,hierarchy_vertex_us,bounds_us,clear_us,raster_us,cache_sync_us,producer_total_us,publish_consume_us,ppa_wait_us,ppa_blend_us,panel_submit_us,ppa_fill_us,ppa_srm_us,ppa_total_us,clear_cache_sync_us,convert_cache_sync_us,flush_cache_sync_us,cache_sync_total_us,display_lock_wait_us,flush_total_us,frame_total_us,dirty_x,dirty_y,dirty_w,dirty_h,frame_drop,slot_miss,lock_skip,deadline_miss,backend,convert_us,keypoint_us,visual_transform_us,stretch_us,vertex_transform_us,uv_update_us,trig_cache_hit,trig_cache_miss
L2D_SUMMARY_HEADER,scenario,scale_q100,round,metric,count,avg,p50,p95,p99,min,max,backend
L2D_ROI_HEADER,frame_id,scenario,scale_q100,round,frame,current_valid,current_min_x,current_min_y,current_max_x,current_max_y,current_w,current_h,current_area,previous_valid,previous_min_x,previous_min_y,previous_max_x,previous_max_y,union_min_x,union_min_y,union_max_x,union_max_y,union_w,union_h,union_area,current_area_ratio_q10000,union_area_ratio_q10000,force_full
L2D_SUMMARY,LOAD,0,0,load_us,1,284374,284374,284374,284374,284374,284374,0
I (3213) l2d_profile: profile suite: stage=0 rounds=1 frames=50
I (3219) live2d_engine: Internal render scale set to 1.000
L2D_FRAME,6,STATIC,100,1,5,0,16,37,128,2,1141,19113,23,25403,22,5658,0,158,1115,4543,5658,14,0,9,23,19,195,25620,0,0,320,320,0,0,0,0,0,4572,0,0,0,0,0,0,0
L2D_FRAME,7,STATIC,100,1,6,0,12,41,128,2,1120,19022,24,25185,18,5526,0,144,1090,4436,5526,15,0,9,24,19,180,25383,0,0,320,320,0,0,0,0,0,4466,0,0,0,0,0,0,0
L2D_FRAME,8,STATIC,100,1,7,0,13,37,131,2,1103,19136,23,25290,22,5509,0,175,1078,4431,5509,14,0,9,23,17,209,25521,0,0,320,320,0,0,0,0,0,4459,0,0,0,0,0,0,0
L2D_FRAME,9,STATIC,100,1,8,0,15,38,129,2,1151,19037,25,25190,22,5530,0,144,1121,4409,5530,15,0,10,25,16,178,25390,0,0,320,320,0,0,0,0,0,4439,0,0,0,0,0,0,0
L2D_FRAME,10,STATIC,100,1,9,0,13,42,128,2,1000,18969,25,24980,26,5335,0,148,967,4368,5335,15,0,10,25,15,182,25188,0,0,320,320,0,0,0,0,0,4402,0,0,0,0,0,0,0
L2D_FRAME,11,STATIC,100,1,10,0,15,42,126,1,1144,19084,24,25308,22,5559,0,144,1113,4446,5559,15,0,9,24,19,180,25510,0,0,320,320,0,0,0,0,0,4475,0,0,0,0,0,0,0
L2D_FRAME,12,STATIC,100,1,11,0,13,40,160,2,1110,18902,24,25162,19,5599,0,139,1081,4518,5599,14,0,10,24,19,174,25355,0,0,320,320,0,0,0,0,0,4544,0,0,0,0,0,0,0
L2D_FRAME,13,STATIC,100,1,12,0,13,41,125,2,1070,19155,24,25239,15,5452,0,151,1035,4417,5452,15,0,9,24,21,189,25443,0,0,320,320,0,0,0,0,0,4443,0,0,0,0,0,0,0
L2D_FRAME,14,STATIC,100,1,13,0,18,41,137,1,932,18964,32,24778,18,5171,0,155,894,4277,5171,23,0,9,32,255,430,25226,0,0,320,320,0,0,0,0,0,4306,0,0,0,0,0,0,0
L2D_FRAME,15,STATIC,100,1,14,0,13,37,132,2,1106,19110,24,25278,22,5537,0,147,1076,4461,5537,15,0,9,24,15,178,25478,0,0,320,320,0,0,0,0,0,4491,0,0,0,0,0,0,0
L2D_FRAME,16,STATIC,100,1,15,0,15,37,128,2,1131,18991,24,25145,18,5519,0,143,1101,4418,5519,15,0,9,24,19,179,25342,0,0,320,320,0,0,0,0,0,4448,0,0,0,0,0,0,0
L2D_FRAME,17,STATIC,100,1,16,0,13,39,131,2,983,19073,25,24945,23,5246,0,139,954,4292,5246,15,0,10,25,16,181,25149,0,0,320,320,0,0,0,0,0,4325,0,0,0,0,0,0,0
L2D_FRAME,18,STATIC,100,1,17,0,13,41,128,2,1128,19081,25,25268,19,5541,0,149,1097,4444,5541,15,0,10,25,17,182,25469,0,0,320,320,0,0,0,0,0,4472,0,0,0,0,0,0,0
L2D_FRAME,19,STATIC,100,1,18,0,13,40,131,2,1139,19158,24,25310,23,5515,0,150,1109,4406,5515,14,0,10,24,47,214,25547,0,0,320,320,0,0,0,0,0,4440,0,0,0,0,0,0,0
L2D_FRAME,20,STATIC,100,1,19,0,15,38,128,2,1049,18984,25,24967,30,5348,0,150,1015,4333,5348,15,0,10,25,21,187,25184,0,0,320,320,0,0,0,0,0,4362,0,0,0,0,0,0,0
L2D_FRAME,21,STATIC,100,1,20,0,13,39,130,2,1148,19131,54,25319,23,5546,0,144,1114,4432,5546,15,0,39,54,19,209,25551,0,0,320,320,0,0,0,0,0,4466,0,0,0,0,0,0,0
L2D_FRAME,22,STATIC,100,1,21,0,12,45,128,1,1147,19057,24,25257,22,5554,0,144,1112,4442,5554,15,0,9,24,21,181,25460,0,0,320,320,0,0,0,0,0,4473,0,0,0,0,0,0,0
L2D_FRAME,23,STATIC,100,1,22,0,13,39,130,2,1100,18951,24,25182,18,5567,0,148,1070,4497,5567,15,0,9,24,21,186,25386,0,0,320,320,0,0,0,0,0,4526,0,0,0,0,0,0,0
L2D_FRAME,24,STATIC,100,1,23,0,13,37,136,2,956,19103,24,24944,22,5199,0,151,925,4274,5199,15,0,9,24,19,195,25161,0,0,320,320,0,0,0,0,0,4303,0,0,0,0,0,0,0
L2D_FRAME,25,STATIC,100,1,24,0,15,41,157,2,1148,18947,24,25258,22,5641,0,140,1118,4523,5641,15,0,9,24,21,178,25458,0,0,320,320,0,0,0,0,0,4557,0,0,0,0,0,0,0
L2D_FRAME,26,STATIC,100,1,25,0,13,41,129,2,1143,19100,24,25284,22,5552,0,140,1117,4435,5552,15,0,9,24,16,174,25480,0,0,320,320,0,0,0,0,0,4464,0,0,0,0,0,0,0
L2D_FRAME,27,STATIC,100,1,26,0,15,42,127,2,1026,18976,25,24916,19,5301,0,150,992,4309,5301,15,0,10,25,203,372,25307,0,0,320,320,0,0,0,0,0,4342,0,0,0,0,0,0,0
L2D_FRAME,28,STATIC,100,1,27,0,13,47,128,2,882,18996,23,24820,19,5141,0,152,848,4293,5141,14,0,9,23,21,189,25028,0,0,320,320,0,0,0,0,0,4319,0,0,0,0,0,0,0
L2D_FRAME,29,STATIC,100,1,28,0,13,41,133,2,1158,19030,25,25208,22,5535,0,144,1124,4411,5535,15,0,10,25,16,178,25408,0,0,320,320,0,0,0,0,0,4441,0,0,0,0,0,0,0
L2D_FRAME,30,STATIC,100,1,29,0,13,40,131,2,1060,19176,25,25253,22,5453,0,175,1030,4423,5453,15,0,10,25,20,213,25488,0,0,320,320,0,0,0,0,0,4448,0,0,0,0,0,0,0
L2D_FRAME,31,STATIC,100,1,30,0,13,41,139,2,951,19011,25,24848,19,5191,0,156,918,4273,5191,15,0,10,25,19,192,25059,0,0,320,320,0,0,0,0,0,4300,0,0,0,0,0,0,0
L2D_FRAME,32,STATIC,100,1,31,0,15,40,131,2,1115,19145,24,25326,22,5520,0,141,1084,4436,5520,15,0,9,24,19,206,25554,0,0,320,320,0,0,0,0,0,4471,0,0,0,0,0,0,0
L2D_FRAME,33,STATIC,100,1,32,0,13,40,133,2,1161,19017,24,25209,18,5550,0,136,1127,4423,5550,15,0,9,24,16,178,25405,0,0,320,320,0,0,0,0,0,4452,0,0,0,0,0,0,0
L2D_FRAME,34,STATIC,100,1,33,0,15,39,129,2,976,18954,24,24923,23,5308,0,153,947,4361,5308,14,0,10,24,15,185,25131,0,0,320,320,0,0,0,0,0,4386,0,0,0,0,0,0,0
L2D_FRAME,35,STATIC,100,1,34,0,15,45,131,1,1139,19080,25,25297,19,5545,0,145,1108,4437,5545,15,0,10,25,20,182,25498,0,0,320,320,0,0,0,0,0,4465,0,0,0,0,0,0,0
L2D_FRAME,36,STATIC,100,1,35,0,13,37,158,2,1147,18938,25,25252,22,5644,0,138,1112,4532,5644,15,0,10,25,20,176,25450,0,0,320,320,0,0,0,0,0,4565,0,0,0,0,0,0,0
L2D_FRAME,37,STATIC,100,1,36,0,13,41,132,2,1027,19111,25,25144,19,5383,0,138,992,4391,5383,15,0,10,25,19,175,25338,0,0,320,320,0,0,0,0,0,4420,0,0,0,0,0,0,0
L2D_FRAME,38,STATIC,100,1,37,0,13,37,142,2,902,18966,24,24777,18,5156,0,150,871,4285,5156,15,0,9,24,268,436,25231,0,0,320,320,0,0,0,0,0,4314,0,0,0,0,0,0,0
L2D_FRAME,39,STATIC,100,1,38,0,13,38,130,2,1141,19089,23,25278,23,5559,0,144,1108,4451,5559,14,0,9,23,16,177,25478,0,0,320,320,0,0,0,0,0,4481,0,0,0,0,0,0,0
L2D_FRAME,40,STATIC,100,1,39,0,13,39,128,2,1127,18999,25,25175,19,5544,0,139,1093,4451,5544,15,0,10,25,15,170,25364,0,0,320,320,0,0,0,0,0,4481,0,0,0,0,0,0,0
L2D_FRAME,41,STATIC,100,1,40,0,13,37,128,2,953,19095,24,24934,22,5211,0,149,922,4289,5211,15,0,9,24,24,190,25146,0,0,320,320,0,0,0,0,0,4319,0,0,0,0,0,0,0
L2D_FRAME,42,STATIC,100,1,41,0,13,41,130,2,1116,18985,25,25176,18,5550,0,155,1086,4464,5550,15,0,10,25,15,188,25382,0,0,320,320,0,0,0,0,0,4491,0,0,0,0,0,0,0
L2D_FRAME,43,STATIC,100,1,42,0,15,38,131,2,1131,19124,25,25294,19,5532,0,175,1104,4428,5532,15,0,10,25,20,216,25529,0,0,320,320,0,0,0,0,0,4462,0,0,0,0,0,0,0
L2D_FRAME,44,STATIC,100,1,43,0,15,44,130,2,1020,19072,25,25060,23,5352,0,139,986,4366,5352,15,0,10,25,19,175,25258,0,0,320,320,0,0,0,0,0,4395,0,0,0,0,0,0,0
L2D_FRAME,45,STATIC,100,1,44,0,13,40,130,2,1132,19170,25,25381,23,5545,0,137,1102,4443,5545,15,0,10,25,19,174,25578,0,0,320,320,0,0,0,0,0,4473,0,0,0,0,0,0,0
L2D_FRAME,46,STATIC,100,1,45,0,12,38,131,1,1124,18977,25,25129,23,5514,0,143,1089,4425,5514,15,0,10,25,19,183,25335,0,0,320,320,0,0,0,0,0,4455,0,0,0,0,0,0,0
L2D_FRAME,47,STATIC,100,1,46,0,15,41,129,2,1081,18944,23,25139,18,5530,0,144,1052,4478,5530,14,0,9,23,16,177,25334,0,0,320,320,0,0,0,0,0,4503,0,0,0,0,0,0,0
L2D_FRAME,48,STATIC,100,1,47,0,12,37,134,2,972,19126,25,24991,19,5219,0,144,937,4282,5219,15,0,10,25,15,176,25186,0,0,320,320,0,0,0,0,0,4311,0,0,0,0,0,0,0
L2D_FRAME,49,STATIC,100,1,48,0,13,41,161,2,1118,18888,25,25179,23,5620,0,139,1084,4536,5620,15,0,10,25,19,175,25377,0,0,320,320,0,0,0,0,0,4570,0,0,0,0,0,0,0
L2D_FRAME,50,STATIC,100,1,49,0,15,46,129,2,1147,19104,24,25289,22,5536,0,139,1113,4423,5536,15,0,9,24,17,173,25484,0,0,320,320,0,0,0,0,0,4453,0,0,0,0,0,0,0
L2D_FRAME,51,STATIC,100,1,50,0,13,37,131,2,1002,18971,24,24847,18,5244,0,147,972,4272,5244,15,0,9,24,214,382,25247,0,0,320,320,0,0,0,0,0,4301,0,0,0,0,0,0,0
L2D_FRAME,52,STATIC,100,1,51,0,12,42,130,2,1115,19072,25,25245,19,5522,0,144,1081,4441,5522,15,0,10,25,15,180,25444,0,0,320,320,0,0,0,0,0,4470,0,0,0,0,0,0,0
L2D_FRAME,53,STATIC,100,1,52,0,15,39,130,2,1124,18994,24,25139,18,5504,0,140,1090,4414,5504,15,0,9,24,16,173,25330,0,0,320,320,0,0,0,0,0,4440,0,0,0,0,0,0,0
L2D_FRAME,54,STATIC,100,1,53,0,13,42,130,2,1037,19142,24,25197,18,5426,0,176,1007,4419,5426,15,0,9,24,21,217,25432,0,0,320,320,0,0,0,0,0,4450,0,0,0,0,0,0,0
L2D_FRAME,55,STATIC,100,1,54,0,24,41,138,2,953,18992,24,24834,19,5192,0,164,922,4270,5192,15,0,9,24,21,205,25058,0,0,320,320,0,0,0,0,0,4299,0,0,0,0,0,0,0
L2D_ROI,6,STATIC,100,1,5,1,59,14,257,298,199,285,56715,1,59,14,257,298,59,14,257,298,199,285,56715,5538,5538,0
L2D_ROI,7,STATIC,100,1,6,1,59,14,257,298,199,285,56715,1,59,14,257,298,59,14,257,298,199,285,56715,5538,5538,0
L2D_ROI,8,STATIC,100,1,7,1,59,14,257,298,199,285,56715,1,59,14,257,298,59,14,257,298,199,285,56715,5538,5538,0
L2D_ROI,9,STATIC,100,1,8,1,59,14,257,298,199,285,56715,1,59,14,257,298,59,14,257,298,199,285,56715,5538,5538,0
L2D_ROI,10,STATIC,100,1,9,1,59,14,257,298,199,285,56715,1,59,14,257,298,59,14,257,298,199,285,56715,5538,5538,0
L2D_ROI,11,STATIC,100,1,10,1,59,14,257,298,199,285,56715,1,59,14,257,298,59,14,257,298,199,285,56715,5538,5538,0
L2D_ROI,12,STATIC,100,1,11,1,59,14,257,298,199,285,56715,1,59,14,257,298,59,14,257,298,199,285,56715,5538,5538,0
L2D_ROI,13,STATIC,100,1,12,1,59,14,257,298,199,285,56715,1,59,14,257,298,59,14,257,298,199,285,56715,5538,5538,0
L2D_ROI,14,STATIC,100,1,13,1,59,14,257,298,199,285,56715,1,59,14,257,298,59,14,257,298,199,285,56715,5538,5538,0
L2D_ROI,15,STATIC,100,1,14,1,59,14,257,298,199,285,56715,1,59,14,257,298,59,14,257,298,199,285,56715,5538,5538,0
L2D_ROI,16,STATIC,100,1,15,1,59,14,257,298,199,285,56715,1,59,14,257,298,59,14,257,298,199,285,56715,5538,5538,0
L2D_ROI,17,STATIC,100,1,16,1,59,14,257,298,199,285,56715,1,59,14,257,298,59,14,257,298,199,285,56715,5538,5538,0
L2D_ROI,18,STATIC,100,1,17,1,59,14,257,298,199,285,56715,1,59,14,257,298,59,14,257,298,199,285,56715,5538,5538,0
L2D_ROI,19,STATIC,100,1,18,1,59,14,257,298,199,285,56715,1,59,14,257,298,59,14,257,298,199,285,56715,5538,5538,0
L2D_ROI,20,STATIC,100,1,19,1,59,14,257,298,199,285,56715,1,59,14,257,298,59,14,257,298,199,285,56715,5538,5538,0
L2D_ROI,21,STATIC,100,1,20,1,59,14,257,298,199,285,56715,1,59,14,257,298,59,14,257,298,199,285,56715,5538,5538,0
L2D_ROI,22,STATIC,100,1,21,1,59,14,257,298,199,285,56715,1,59,14,257,298,59,14,257,298,199,285,56715,5538,5538,0
L2D_ROI,23,STATIC,100,1,22,1,59,14,257,298,199,285,56715,1,59,14,257,298,59,14,257,298,199,285,56715,5538,5538,0
L2D_ROI,24,STATIC,100,1,23,1,59,14,257,298,199,285,56715,1,59,14,257,298,59,14,257,298,199,285,56715,5538,5538,0
L2D_ROI,25,STATIC,100,1,24,1,59,14,257,298,199,285,56715,1,59,14,257,298,59,14,257,298,199,285,56715,5538,5538,0
L2D_ROI,26,STATIC,100,1,25,1,59,14,257,298,199,285,56715,1,59,14,257,298,59,14,257,298,199,285,56715,5538,5538,0
L2D_ROI,27,STATIC,100,1,26,1,59,14,257,298,199,285,56715,1,59,14,257,298,59,14,257,298,199,285,56715,5538,5538,0
L2D_ROI,28,STATIC,100,1,27,1,59,14,257,298,199,285,56715,1,59,14,257,298,59,14,257,298,199,285,56715,5538,5538,0
L2D_ROI,29,STATIC,100,1,28,1,59,14,257,298,199,285,56715,1,59,14,257,298,59,14,257,298,199,285,56715,5538,5538,0
L2D_ROI,30,STATIC,100,1,29,1,59,14,257,298,199,285,56715,1,59,14,257,298,59,14,257,298,199,285,56715,5538,5538,0
L2D_ROI,31,STATIC,100,1,30,1,59,14,257,298,199,285,56715,1,59,14,257,298,59,14,257,298,199,285,56715,5538,5538,0
L2D_ROI,32,STATIC,100,1,31,1,59,14,257,298,199,285,56715,1,59,14,257,298,59,14,257,298,199,285,56715,5538,5538,0
L2D_ROI,33,STATIC,100,1,32,1,59,14,257,298,199,285,56715,1,59,14,257,298,59,14,257,298,199,285,56715,5538,5538,0
L2D_ROI,34,STATIC,100,1,33,1,59,14,257,298,199,285,56715,1,59,14,257,298,59,14,257,298,199,285,56715,5538,5538,0
L2D_ROI,35,STATIC,100,1,34,1,59,14,257,298,199,285,56715,1,59,14,257,298,59,14,257,298,199,285,56715,5538,5538,0
L2D_ROI,36,STATIC,100,1,35,1,59,14,257,298,199,285,56715,1,59,14,257,298,59,14,257,298,199,285,56715,5538,5538,0
L2D_ROI,37,STATIC,100,1,36,1,59,14,257,298,199,285,56715,1,59,14,257,298,59,14,257,298,199,285,56715,5538,5538,0
L2D_ROI,38,STATIC,100,1,37,1,59,14,257,298,199,285,56715,1,59,14,257,298,59,14,257,298,199,285,56715,5538,5538,0
L2D_ROI,39,STATIC,100,1,38,1,59,14,257,298,199,285,56715,1,59,14,257,298,59,14,257,298,199,285,56715,5538,5538,0
L2D_ROI,40,STATIC,100,1,39,1,59,14,257,298,199,285,56715,1,59,14,257,298,59,14,257,298,199,285,56715,5538,5538,0
L2D_ROI,41,STATIC,100,1,40,1,59,14,257,298,199,285,56715,1,59,14,257,298,59,14,257,298,199,285,56715,5538,5538,0
L2D_ROI,42,STATIC,100,1,41,1,59,14,257,298,199,285,56715,1,59,14,257,298,59,14,257,298,199,285,56715,5538,5538,0
L2D_ROI,43,STATIC,100,1,42,1,59,14,257,298,199,285,56715,1,59,14,257,298,59,14,257,298,199,285,56715,5538,5538,0
L2D_ROI,44,STATIC,100,1,43,1,59,14,257,298,199,285,56715,1,59,14,257,298,59,14,257,298,199,285,56715,5538,5538,0
L2D_ROI,45,STATIC,100,1,44,1,59,14,257,298,199,285,56715,1,59,14,257,298,59,14,257,298,199,285,56715,5538,5538,0
L2D_ROI,46,STATIC,100,1,45,1,59,14,257,298,199,285,56715,1,59,14,257,298,59,14,257,298,199,285,56715,5538,5538,0
L2D_ROI,47,STATIC,100,1,46,1,59,14,257,298,199,285,56715,1,59,14,257,298,59,14,257,298,199,285,56715,5538,5538,0
L2D_ROI,48,STATIC,100,1,47,1,59,14,257,298,199,285,56715,1,59,14,257,298,59,14,257,298,199,285,56715,5538,5538,0
L2D_ROI,49,STATIC,100,1,48,1,59,14,257,298,199,285,56715,1,59,14,257,298,59,14,257,298,199,285,56715,5538,5538,0
L2D_ROI,50,STATIC,100,1,49,1,59,14,257,298,199,285,56715,1,59,14,257,298,59,14,257,298,199,285,56715,5538,5538,0
L2D_ROI,51,STATIC,100,1,50,1,59,14,257,298,199,285,56715,1,59,14,257,298,59,14,257,298,199,285,56715,5538,5538,0
L2D_ROI,52,STATIC,100,1,51,1,59,14,257,298,199,285,56715,1,59,14,257,298,59,14,257,298,199,285,56715,5538,5538,0
L2D_ROI,53,STATIC,100,1,52,1,59,14,257,298,199,285,56715,1,59,14,257,298,59,14,257,298,199,285,56715,5538,5538,0
L2D_ROI,54,STATIC,100,1,53,1,59,14,257,298,199,285,56715,1,59,14,257,298,59,14,257,298,199,285,56715,5538,5538,0
L2D_ROI,55,STATIC,100,1,54,1,59,14,257,298,199,285,56715,1,59,14,257,298,59,14,257,298,199,285,56715,5538,5538,0
L2D_SUMMARY,STATIC,100,1,slot_wait_us,50,0.00,0,0,0,0,0,0
L2D_SUMMARY,STATIC,100,1,controller_us,50,13.84,13,16,24,12,24,0
L2D_SUMMARY,STATIC,100,1,rt30_us,50,40.08,40,45,47,37,47,0
L2D_SUMMARY,STATIC,100,1,hierarchy_vertex_us,50,132.88,130,158,161,125,161,0
L2D_SUMMARY,STATIC,100,1,bounds_us,50,1.90,2,2,2,1,2,0
L2D_SUMMARY,STATIC,100,1,clear_us,50,1075.72,1115,1151,1161,882,1161,0
L2D_SUMMARY,STATIC,100,1,raster_us,50,19044.24,19037,19158,19176,18888,19176,0
I (6243) l2d_profile: STATIC scale=100 round=1 raster_us avg=19044 p95=19158 p99=19176 max=19176
L2D_SUMMARY,STATIC,100,1,convert_us,50,4434.20,4452,4565,4572,4299,4572,0
L2D_SUMMARY,STATIC,100,1,cache_sync_us,50,25.08,24,25,54,23,54,0
L2D_SUMMARY,STATIC,100,1,producer_total_us,50,25139.04,25182,25326,25403,24777,25403,0
I (6271) l2d_profile: STATIC scale=100 round=1 producer_total_us avg=25139 p95=25326 p99=25403 max=25403
L2D_SUMMARY,STATIC,100,1,publish_consume_us,50,20.68,22,23,30,15,30,0
L2D_SUMMARY,STATIC,100,1,ppa_wait_us,50,5448.62,5520,5641,5658,5141,5658,0
L2D_SUMMARY,STATIC,100,1,ppa_blend_us,50,0.00,0,0,0,0,0,0
L2D_SUMMARY,STATIC,100,1,panel_submit_us,50,147.98,144,175,176,136,176,0
L2D_SUMMARY,STATIC,100,1,frame_drop,50,0.00,0,0,0,0,0,0
L2D_SUMMARY,STATIC,100,1,ppa_fill_us,50,1044.06,1081,1121,1127,848,1127,0
L2D_SUMMARY,STATIC,100,1,ppa_srm_us,50,4404.56,4423,4532,4543,4270,4543,0
L2D_SUMMARY,STATIC,100,1,ppa_total_us,50,5448.62,5520,5641,5658,5141,5658,0
L2D_SUMMARY,STATIC,100,1,clear_cache_sync_us,50,15.00,15,15,23,14,23,0
L2D_SUMMARY,STATIC,100,1,convert_cache_sync_us,50,0.00,0,0,0,0,0,0
L2D_SUMMARY,STATIC,100,1,flush_cache_sync_us,50,10.08,9,10,39,9,39,0
L2D_SUMMARY,STATIC,100,1,cache_sync_total_us,50,25.08,24,25,54,23,54,0
L2D_SUMMARY,STATIC,100,1,display_lock_wait_us,50,36.18,19,214,268,15,268,0
L2D_SUMMARY,STATIC,100,1,flush_total_us,50,203.48,182,382,436,170,436,0
L2D_SUMMARY,STATIC,100,1,frame_total_us,50,25363.20,25383,25554,25620,25028,25620,0
L2D_SUMMARY,STATIC,100,1,keypoint_us,50,0.00,0,0,0,0,0,0
L2D_SUMMARY,STATIC,100,1,visual_transform_us,50,0.00,0,0,0,0,0,0
L2D_SUMMARY,STATIC,100,1,stretch_us,50,0.00,0,0,0,0,0,0
L2D_SUMMARY,STATIC,100,1,vertex_transform_us,50,0.00,0,0,0,0,0,0
L2D_SUMMARY,STATIC,100,1,uv_update_us,50,0.00,0,0,0,0,0,0
L2D_SUMMARY,STATIC,100,1,trig_cache_hit,50,0.00,0,0,0,0,0,0
L2D_SUMMARY,STATIC,100,1,trig_cache_miss,50,0.00,0,0,0,0,0,0
L2D_SUMMARY,STATIC,100,1,slot_miss,50,0.00,0,0,0,0,0,0
L2D_SUMMARY,STATIC,100,1,lock_skip,50,0.00,0,0,0,0,0,0
L2D_SUMMARY,STATIC,100,1,deadline_miss,50,0.00,0,0,0,0,0,0
L2D_SUMMARY,STATIC,100,1,roi.current_area,50,56715.00,56715,56715,56715,56715,56715,0
L2D_SUMMARY,STATIC,100,1,roi.union_area,50,56715.00,56715,56715,56715,56715,56715,0
L2D_SUMMARY,STATIC,100,1,roi.current_area_ratio_q10000,50,5538.00,5538,5538,5538,5538,5538,0
L2D_SUMMARY,STATIC,100,1,roi.union_area_ratio_q10000,50,5538.00,5538,5538,5538,5538,5538,0
L2D_SUMMARY,STATIC,100,1,roi.current_w,50,199.00,199,199,199,199,199,0
L2D_SUMMARY,STATIC,100,1,roi.current_h,50,285.00,285,285,285,285,285,0
L2D_SUMMARY,STATIC,100,1,roi.union_w,50,199.00,199,199,199,199,199,0
L2D_SUMMARY,STATIC,100,1,roi.union_h,50,285.00,285,285,285,285,285,0
I (6482) l2d_profile: done STATIC scale=100 round=1
L2D_FRAME,61,EYE_L_SWEEP,100,1,5,0,62,564,1197,1,1132,18999,23,26669,19,5405,0,136,1106,4299,5405,14,0,9,23,15,169,26857,0,0,320,320,0,0,0,0,0,4329,0,0,0,0,0,51,0
L2D_FRAME,62,EYE_L_SWEEP,100,1,6,0,57,574,1200,2,1122,18840,24,26515,18,5392,0,151,1091,4301,5392,15,0,9,24,16,185,26718,0,0,320,320,0,0,0,0,0,4334,0,0,0,0,0,51,0
L2D_FRAME,63,EYE_L_SWEEP,100,1,7,0,65,594,1198,2,1145,18946,24,26713,19,5466,0,141,1119,4347,5466,15,0,9,24,16,177,26909,0,0,320,320,0,0,0,0,0,4381,0,0,0,0,0,51,0
L2D_FRAME,64,EYE_L_SWEEP,100,1,8,0,54,573,1198,1,1115,18764,24,26407,19,5375,0,137,1088,4287,5375,15,0,9,24,15,172,26598,0,0,320,320,0,0,0,0,0,4312,0,0,0,0,0,51,0
L2D_FRAME,65,EYE_L_SWEEP,100,1,9,0,57,608,1204,1,1142,18928,24,26656,19,5412,0,141,1116,4296,5412,14,0,10,24,20,178,26853,0,0,320,320,0,0,0,0,0,4326,0,0,0,0,0,51,0
L2D_FRAME,66,EYE_L_SWEEP,100,1,10,0,53,568,1198,1,1108,18838,24,26544,22,5442,0,139,1081,4361,5442,15,0,9,24,17,173,26739,0,0,320,320,0,0,0,0,0,4390,0,0,0,0,0,51,0
L2D_FRAME,67,EYE_L_SWEEP,100,1,11,0,63,570,1236,2,1116,18759,24,26683,15,5595,0,134,1090,4505,5595,15,0,9,24,17,174,26872,0,0,320,320,0,0,0,0,0,4534,0,0,0,0,0,51,0
L2D_FRAME,68,EYE_L_SWEEP,100,1,12,0,64,563,1199,2,1145,18891,25,26802,18,5627,0,143,1114,4513,5627,15,0,10,25,791,951,27771,0,0,320,320,0,0,0,0,0,4543,0,0,0,0,0,51,0
L2D_FRAME,69,EYE_L_SWEEP,100,1,13,0,57,561,1199,1,1109,18697,24,26604,18,5635,0,141,1083,4552,5635,15,0,9,24,16,183,26805,0,0,320,320,0,0,0,0,0,4584,0,0,0,0,0,51,0
L2D_FRAME,70,EYE_L_SWEEP,100,1,14,0,69,591,1203,1,1141,18887,25,26886,19,5685,0,149,1114,4571,5685,15,0,10,25,17,183,27088,0,0,320,320,0,0,0,0,0,4601,0,0,0,0,0,51,0
L2D_FRAME,71,EYE_L_SWEEP,100,1,15,0,57,582,1200,2,1147,18685,24,26627,19,5641,0,149,1117,4524,5641,15,0,9,24,20,186,26832,0,0,320,320,0,0,0,0,0,4557,0,0,0,0,0,51,0
L2D_FRAME,72,EYE_L_SWEEP,100,1,16,0,66,597,1204,1,1112,18840,24,26797,19,5646,0,159,1085,4561,5646,15,0,9,24,15,191,27007,0,0,320,320,0,0,0,0,0,4590,0,0,0,0,0,51,0
L2D_FRAME,73,EYE_L_SWEEP,100,1,17,0,57,563,1202,1,1108,18767,26,26513,15,5469,0,136,1081,4388,5469,16,0,10,26,20,177,26705,0,0,320,320,0,0,0,0,0,4413,0,0,0,0,0,51,0
L2D_FRAME,74,EYE_L_SWEEP,100,1,18,0,68,595,1206,2,1140,18880,25,26733,19,5545,0,137,1113,4432,5545,15,0,10,25,21,174,26926,0,0,320,320,0,0,0,0,0,4461,0,0,0,0,0,51,0
L2D_FRAME,75,EYE_L_SWEEP,100,1,19,0,59,564,1198,2,1113,18817,25,26460,19,5375,0,142,1087,4288,5375,15,0,10,25,21,183,26662,0,0,320,320,0,0,0,0,0,4316,0,0,0,0,0,51,0
L2D_FRAME,76,EYE_L_SWEEP,100,1,20,0,57,590,1197,1,1129,18928,24,26615,18,5397,0,140,1098,4299,5397,15,0,9,24,17,174,26807,0,0,320,320,0,0,0,0,0,4326,0,0,0,0,0,51,0
L2D_FRAME,77,EYE_L_SWEEP,100,1,21,0,57,564,1203,1,1143,18858,24,26650,18,5534,0,138,1113,4421,5534,15,0,9,24,15,172,26840,0,0,320,320,0,0,0,0,0,4450,0,0,0,0,0,51,0
L2D_FRAME,78,EYE_L_SWEEP,100,1,22,0,62,561,1234,2,1124,18782,25,26765,15,5665,0,137,1090,4575,5665,15,0,10,25,17,173,26953,0,0,320,320,0,0,0,0,0,4603,0,0,0,0,0,51,0
L2D_FRAME,79,EYE_L_SWEEP,100,1,23,0,53,565,1194,1,1121,18980,24,26635,22,5384,0,137,1087,4297,5384,15,0,9,24,17,171,26828,0,0,320,320,0,0,0,0,0,4327,0,0,0,0,0,51,0
L2D_FRAME,80,EYE_L_SWEEP,100,1,24,0,62,564,1226,2,1153,18843,24,26691,18,5547,0,132,1122,4425,5547,15,0,9,24,21,170,26879,0,0,320,320,0,0,0,0,0,4459,0,0,0,0,0,51,0
L2D_FRAME,81,EYE_L_SWEEP,100,1,25,0,62,568,1195,2,1136,19015,25,26817,19,5528,0,154,1105,4423,5528,15,0,10,25,574,748,27584,0,0,320,320,0,0,0,0,0,4452,0,0,0,0,0,51,0
L2D_FRAME,82,EYE_L_SWEEP,100,1,26,0,54,572,1195,2,1145,18878,25,26826,19,5671,0,149,1115,4556,5671,15,0,10,25,15,181,27026,0,0,320,320,0,0,0,0,0,4585,0,0,0,0,0,51,0
L2D_FRAME,83,EYE_L_SWEEP,100,1,27,0,54,568,1194,2,1121,19102,23,26756,19,5383,0,155,1091,4292,5383,14,0,9,23,244,419,27194,0,0,320,320,0,0,0,0,0,4322,0,0,0,0,0,51,0
L2D_FRAME,84,EYE_L_SWEEP,100,1,28,0,57,559,1227,2,1136,18899,24,26673,14,5482,0,133,1109,4373,5482,15,0,9,24,21,171,26858,0,0,320,320,0,0,0,0,0,4402,0,0,0,0,0,51,0
L2D_FRAME,85,EYE_L_SWEEP,100,1,29,0,57,565,1200,2,1141,19020,24,26688,22,5399,0,140,1110,4289,5399,15,0,9,24,16,172,26882,0,0,320,320,0,0,0,0,0,4320,0,0,0,0,0,51,0
L2D_FRAME,86,EYE_L_SWEEP,100,1,30,0,57,559,1192,1,1114,18894,24,26541,19,5387,0,141,1084,4303,5387,15,0,9,24,17,182,26742,0,0,320,320,0,0,0,0,0,4332,0,0,0,0,0,51,0
L2D_FRAME,87,EYE_L_SWEEP,100,1,31,0,62,606,1199,1,1127,19019,25,26774,19,5432,0,138,1096,4336,5432,15,0,10,25,17,171,26964,0,0,320,320,0,0,0,0,0,4370,0,0,0,0,0,51,0
L2D_FRAME,88,EYE_L_SWEEP,100,1,32,0,53,570,1198,1,1119,18822,24,26479,15,5380,0,140,1092,4288,5380,15,0,9,24,21,178,26672,0,0,320,320,0,0,0,0,0,4321,0,0,0,0,0,51,0
L2D_FRAME,89,EYE_L_SWEEP,100,1,33,0,54,597,1197,2,1115,18996,23,26670,18,5374,0,140,1089,4285,5374,14,0,9,23,21,178,26866,0,0,320,320,0,0,0,0,0,4315,0,0,0,0,0,51,0
L2D_FRAME,90,EYE_L_SWEEP,100,1,34,0,57,570,1193,2,1115,18917,23,26621,22,5435,0,138,1085,4350,5435,14,0,9,23,17,172,26815,0,0,320,320,0,0,0,0,0,4380,0,0,0,0,0,51,0
L2D_FRAME,91,EYE_L_SWEEP,100,1,35,0,63,561,1234,2,1144,18776,23,26701,15,5610,0,132,1110,4500,5610,14,0,9,23,16,172,26888,0,0,320,320,0,0,0,0,0,4528,0,0,0,0,0,51,0
L2D_FRAME,92,EYE_L_SWEEP,100,1,36,0,62,574,1207,1,1151,18901,24,26830,22,5635,0,146,1120,4515,5635,15,0,9,24,770,937,27789,0,0,320,320,0,0,0,0,0,4544,0,0,0,0,0,51,0
L2D_FRAME,93,EYE_L_SWEEP,100,1,37,0,53,576,1201,1,1144,18749,26,26696,18,5653,0,163,1113,4540,5653,16,0,10,26,16,197,26911,0,0,320,320,0,0,0,0,0,4573,0,0,0,0,0,51,0
L2D_FRAME,94,EYE_L_SWEEP,100,1,38,0,68,561,1200,1,1147,18908,24,26688,19,5501,0,144,1121,4380,5501,15,0,9,24,540,701,27408,0,0,320,320,0,0,0,0,0,4409,0,0,0,0,0,51,0
L2D_FRAME,95,EYE_L_SWEEP,100,1,39,0,56,568,1202,1,1125,18696,25,26621,19,5635,0,143,1094,4541,5635,15,0,10,25,15,180,26820,0,0,320,320,0,0,0,0,0,4576,0,0,0,0,0,51,0
L2D_FRAME,96,EYE_L_SWEEP,100,1,40,0,62,588,1202,2,1138,18831,24,26820,19,5689,0,149,1111,4578,5689,15,0,9,24,15,181,27020,0,0,320,320,0,0,0,0,0,4608,0,0,0,0,0,51,0
L2D_FRAME,97,EYE_L_SWEEP,100,1,41,0,57,569,1203,2,1114,18715,26,26500,15,5502,0,144,1087,4415,5502,16,0,10,26,20,181,26696,0,0,320,320,0,0,0,0,0,4445,0,0,0,0,0,51,0
L2D_FRAME,98,EYE_L_SWEEP,100,1,42,0,62,594,1206,1,1142,18831,25,26707,19,5563,0,135,1115,4448,5563,15,0,10,25,20,176,26902,0,0,320,320,0,0,0,0,0,4477,0,0,0,0,0,51,0
L2D_FRAME,99,EYE_L_SWEEP,100,1,43,0,66,590,1200,2,1144,18770,24,26755,18,5669,0,147,1117,4552,5669,15,0,9,24,277,444,27217,0,0,320,320,0,0,0,0,0,4581,0,0,0,0,0,51,0
L2D_FRAME,100,EYE_L_SWEEP,100,1,44,0,58,596,1205,2,1124,18844,24,26591,14,5423,0,135,1098,4325,5423,15,0,9,24,25,180,26785,0,0,320,320,0,0,0,0,0,4355,0,0,0,0,0,51,0
L2D_FRAME,101,EYE_L_SWEEP,100,1,45,0,57,568,1202,1,1118,18800,24,26605,18,5524,0,137,1092,4432,5524,15,0,9,24,17,170,26793,0,0,320,320,0,0,0,0,0,4465,0,0,0,0,0,51,0
L2D_FRAME,102,EYE_L_SWEEP,100,1,46,0,54,559,1232,2,1146,18758,23,26757,19,5698,0,137,1117,4581,5698,14,0,9,23,15,173,26949,0,0,320,320,0,0,0,0,0,4609,0,0,0,0,0,51,0
L2D_FRAME,103,EYE_L_SWEEP,100,1,47,0,59,564,1202,2,1141,18959,24,26626,18,5393,0,137,1108,4285,5393,15,0,9,24,16,171,26815,0,0,320,320,0,0,0,0,0,4315,0,0,0,0,0,51,0
L2D_FRAME,104,EYE_L_SWEEP,100,1,48,0,68,570,1240,2,1154,18884,24,26697,18,5498,0,131,1123,4375,5498,15,0,9,24,16,168,26883,0,0,320,320,0,0,0,0,0,4405,0,0,0,0,0,51,0
L2D_FRAME,105,EYE_L_SWEEP,100,1,49,0,62,571,1201,1,1148,18994,25,26825,23,5545,0,143,1113,4432,5545,15,0,10,25,613,773,27621,0,0,320,320,0,0,0,0,0,4461,0,0,0,0,0,51,0
L2D_FRAME,106,EYE_L_SWEEP,100,1,50,0,54,561,1191,2,1107,18831,24,26739,18,5647,0,136,1080,4567,5647,15,0,9,24,21,174,26931,0,0,320,320,0,0,0,0,0,4603,0,0,0,0,0,51,0
L2D_FRAME,107,EYE_L_SWEEP,100,1,51,0,66,558,1200,2,1153,18986,24,26687,18,5425,0,146,1120,4305,5425,15,0,9,24,341,504,27209,0,0,320,320,0,0,0,0,0,4336,0,0,0,0,0,51,0
L2D_FRAME,108,EYE_L_SWEEP,100,1,52,0,60,567,1235,2,1126,18873,25,26641,19,5448,0,134,1096,4352,5448,15,0,10,25,16,169,26829,0,0,320,320,0,0,0,0,0,4382,0,0,0,0,0,51,0
L2D_FRAME,109,EYE_L_SWEEP,100,1,53,0,57,574,1204,1,1149,19077,25,26746,22,5393,0,153,1122,4271,5393,15,0,10,25,20,191,26959,0,0,320,320,0,0,0,0,0,4301,0,0,0,0,0,51,0
L2D_FRAME,110,EYE_L_SWEEP,100,1,54,0,57,557,1235,1,1139,18956,24,26692,19,5448,0,145,1113,4335,5448,14,0,10,24,16,181,26892,0,0,320,320,0,0,0,0,0,4365,0,0,0,0,0,51,0
L2D_ROI,61,EYE_L_SWEEP,100,1,5,1,59,14,257,298,199,285,56715,1,59,14,257,298,59,14,257,298,199,285,56715,5538,5538,0
L2D_ROI,62,EYE_L_SWEEP,100,1,6,1,59,14,257,298,199,285,56715,1,59,14,257,298,59,14,257,298,199,285,56715,5538,5538,0
L2D_ROI,63,EYE_L_SWEEP,100,1,7,1,59,14,257,298,199,285,56715,1,59,14,257,298,59,14,257,298,199,285,56715,5538,5538,0
L2D_ROI,64,EYE_L_SWEEP,100,1,8,1,59,14,257,298,199,285,56715,1,59,14,257,298,59,14,257,298,199,285,56715,5538,5538,0
L2D_ROI,65,EYE_L_SWEEP,100,1,9,1,59,14,257,298,199,285,56715,1,59,14,257,298,59,14,257,298,199,285,56715,5538,5538,0
L2D_ROI,66,EYE_L_SWEEP,100,1,10,1,59,14,257,298,199,285,56715,1,59,14,257,298,59,14,257,298,199,285,56715,5538,5538,0
L2D_ROI,67,EYE_L_SWEEP,100,1,11,1,59,14,257,298,199,285,56715,1,59,14,257,298,59,14,257,298,199,285,56715,5538,5538,0
L2D_ROI,68,EYE_L_SWEEP,100,1,12,1,59,14,257,298,199,285,56715,1,59,14,257,298,59,14,257,298,199,285,56715,5538,5538,0
L2D_ROI,69,EYE_L_SWEEP,100,1,13,1,59,14,257,298,199,285,56715,1,59,14,257,298,59,14,257,298,199,285,56715,5538,5538,0
L2D_ROI,70,EYE_L_SWEEP,100,1,14,1,59,14,257,298,199,285,56715,1,59,14,257,298,59,14,257,298,199,285,56715,5538,5538,0
L2D_ROI,71,EYE_L_SWEEP,100,1,15,1,59,14,257,298,199,285,56715,1,59,14,257,298,59,14,257,298,199,285,56715,5538,5538,0
L2D_ROI,72,EYE_L_SWEEP,100,1,16,1,59,14,257,298,199,285,56715,1,59,14,257,298,59,14,257,298,199,285,56715,5538,5538,0
L2D_ROI,73,EYE_L_SWEEP,100,1,17,1,59,14,257,298,199,285,56715,1,59,14,257,298,59,14,257,298,199,285,56715,5538,5538,0
L2D_ROI,74,EYE_L_SWEEP,100,1,18,1,59,14,257,298,199,285,56715,1,59,14,257,298,59,14,257,298,199,285,56715,5538,5538,0
L2D_ROI,75,EYE_L_SWEEP,100,1,19,1,59,14,257,298,199,285,56715,1,59,14,257,298,59,14,257,298,199,285,56715,5538,5538,0
L2D_ROI,76,EYE_L_SWEEP,100,1,20,1,59,14,257,298,199,285,56715,1,59,14,257,298,59,14,257,298,199,285,56715,5538,5538,0
L2D_ROI,77,EYE_L_SWEEP,100,1,21,1,59,14,257,298,199,285,56715,1,59,14,257,298,59,14,257,298,199,285,56715,5538,5538,0
L2D_ROI,78,EYE_L_SWEEP,100,1,22,1,59,14,257,298,199,285,56715,1,59,14,257,298,59,14,257,298,199,285,56715,5538,5538,0
L2D_ROI,79,EYE_L_SWEEP,100,1,23,1,59,14,257,298,199,285,56715,1,59,14,257,298,59,14,257,298,199,285,56715,5538,5538,0
L2D_ROI,80,EYE_L_SWEEP,100,1,24,1,59,14,257,298,199,285,56715,1,59,14,257,298,59,14,257,298,199,285,56715,5538,5538,0
L2D_ROI,81,EYE_L_SWEEP,100,1,25,1,59,14,257,298,199,285,56715,1,59,14,257,298,59,14,257,298,199,285,56715,5538,5538,0
L2D_ROI,82,EYE_L_SWEEP,100,1,26,1,59,14,257,298,199,285,56715,1,59,14,257,298,59,14,257,298,199,285,56715,5538,5538,0
L2D_ROI,83,EYE_L_SWEEP,100,1,27,1,59,14,257,298,199,285,56715,1,59,14,257,298,59,14,257,298,199,285,56715,5538,5538,0
L2D_ROI,84,EYE_L_SWEEP,100,1,28,1,59,14,257,298,199,285,56715,1,59,14,257,298,59,14,257,298,199,285,56715,5538,5538,0
L2D_ROI,85,EYE_L_SWEEP,100,1,29,1,59,14,257,298,199,285,56715,1,59,14,257,298,59,14,257,298,199,285,56715,5538,5538,0
L2D_ROI,86,EYE_L_SWEEP,100,1,30,1,59,14,257,298,199,285,56715,1,59,14,257,298,59,14,257,298,199,285,56715,5538,5538,0
L2D_ROI,87,EYE_L_SWEEP,100,1,31,1,59,14,257,298,199,285,56715,1,59,14,257,298,59,14,257,298,199,285,56715,5538,5538,0
L2D_ROI,88,EYE_L_SWEEP,100,1,32,1,59,14,257,298,199,285,56715,1,59,14,257,298,59,14,257,298,199,285,56715,5538,5538,0
L2D_ROI,89,EYE_L_SWEEP,100,1,33,1,59,14,257,298,199,285,56715,1,59,14,257,298,59,14,257,298,199,285,56715,5538,5538,0
L2D_ROI,90,EYE_L_SWEEP,100,1,34,1,59,14,257,298,199,285,56715,1,59,14,257,298,59,14,257,298,199,285,56715,5538,5538,0
L2D_ROI,91,EYE_L_SWEEP,100,1,35,1,59,14,257,298,199,285,56715,1,59,14,257,298,59,14,257,298,199,285,56715,5538,5538,0
L2D_ROI,92,EYE_L_SWEEP,100,1,36,1,59,14,257,298,199,285,56715,1,59,14,257,298,59,14,257,298,199,285,56715,5538,5538,0
L2D_ROI,93,EYE_L_SWEEP,100,1,37,1,59,14,257,298,199,285,56715,1,59,14,257,298,59,14,257,298,199,285,56715,5538,5538,0
L2D_ROI,94,EYE_L_SWEEP,100,1,38,1,59,14,257,298,199,285,56715,1,59,14,257,298,59,14,257,298,199,285,56715,5538,5538,0
L2D_ROI,95,EYE_L_SWEEP,100,1,39,1,59,14,257,298,199,285,56715,1,59,14,257,298,59,14,257,298,199,285,56715,5538,5538,0
L2D_ROI,96,EYE_L_SWEEP,100,1,40,1,59,14,257,298,199,285,56715,1,59,14,257,298,59,14,257,298,199,285,56715,5538,5538,0
L2D_ROI,97,EYE_L_SWEEP,100,1,41,1,59,14,257,298,199,285,56715,1,59,14,257,298,59,14,257,298,199,285,56715,5538,5538,0
L2D_ROI,98,EYE_L_SWEEP,100,1,42,1,59,14,257,298,199,285,56715,1,59,14,257,298,59,14,257,298,199,285,56715,5538,5538,0
L2D_ROI,99,EYE_L_SWEEP,100,1,43,1,59,14,257,298,199,285,56715,1,59,14,257,298,59,14,257,298,199,285,56715,5538,5538,0
L2D_ROI,100,EYE_L_SWEEP,100,1,44,1,59,14,257,298,199,285,56715,1,59,14,257,298,59,14,257,298,199,285,56715,5538,5538,0
L2D_ROI,101,EYE_L_SWEEP,100,1,45,1,59,14,257,298,199,285,56715,1,59,14,257,298,59,14,257,298,199,285,56715,5538,5538,0
L2D_ROI,102,EYE_L_SWEEP,100,1,46,1,59,14,257,298,199,285,56715,1,59,14,257,298,59,14,257,298,199,285,56715,5538,5538,0
L2D_ROI,103,EYE_L_SWEEP,100,1,47,1,59,14,257,298,199,285,56715,1,59,14,257,298,59,14,257,298,199,285,56715,5538,5538,0
L2D_ROI,104,EYE_L_SWEEP,100,1,48,1,59,14,257,298,199,285,56715,1,59,14,257,298,59,14,257,298,199,285,56715,5538,5538,0
L2D_ROI,105,EYE_L_SWEEP,100,1,49,1,59,14,257,298,199,285,56715,1,59,14,257,298,59,14,257,298,199,285,56715,5538,5538,0
L2D_ROI,106,EYE_L_SWEEP,100,1,50,1,59,14,257,298,199,285,56715,1,59,14,257,298,59,14,257,298,199,285,56715,5538,5538,0
L2D_ROI,107,EYE_L_SWEEP,100,1,51,1,59,14,257,298,199,285,56715,1,59,14,257,298,59,14,257,298,199,285,56715,5538,5538,0
L2D_ROI,108,EYE_L_SWEEP,100,1,52,1,59,14,257,298,199,285,56715,1,59,14,257,298,59,14,257,298,199,285,56715,5538,5538,0
L2D_ROI,109,EYE_L_SWEEP,100,1,53,1,59,14,257,298,199,285,56715,1,59,14,257,298,59,14,257,298,199,285,56715,5538,5538,0
L2D_ROI,110,EYE_L_SWEEP,100,1,54,1,59,14,257,298,199,285,56715,1,59,14,257,298,59,14,257,298,199,285,56715,5538,5538,0
L2D_SUMMARY,EYE_L_SWEEP,100,1,slot_wait_us,50,0.00,0,0,0,0,0,0
L2D_SUMMARY,EYE_L_SWEEP,100,1,controller_us,50,59.34,57,68,69,53,69,0
L2D_SUMMARY,EYE_L_SWEEP,100,1,rt30_us,50,573.42,568,597,608,557,608,0
L2D_SUMMARY,EYE_L_SWEEP,100,1,hierarchy_vertex_us,50,1205.76,1201,1235,1240,1191,1240,0
L2D_SUMMARY,EYE_L_SWEEP,100,1,bounds_us,50,1.54,2,2,2,1,2,0
L2D_SUMMARY,EYE_L_SWEEP,100,1,clear_us,50,1131.76,1136,1153,1154,1107,1154,0
L2D_SUMMARY,EYE_L_SWEEP,100,1,raster_us,50,18872.60,18873,19020,19102,18685,19102,0
I (9533) l2d_profile: EYE_L_SWEEP scale=100 round=1 raster_us avg=18873 p95=19020 p99=19102 max=19102
L2D_SUMMARY,EYE_L_SWEEP,100,1,convert_us,50,4439.46,4409,4603,4609,4301,4609,0
L2D_SUMMARY,EYE_L_SWEEP,100,1,cache_sync_us,50,24.26,24,26,26,23,26,0
L2D_SUMMARY,EYE_L_SWEEP,100,1,producer_total_us,50,26674.68,26687,26826,26886,26407,26886,0
I (9563) l2d_profile: EYE_L_SWEEP scale=100 round=1 producer_total_us avg=26675 p95=26826 p99=26886 max=26886
L2D_SUMMARY,EYE_L_SWEEP,100,1,publish_consume_us,50,18.48,19,22,23,14,23,0
L2D_SUMMARY,EYE_L_SWEEP,100,1,ppa_wait_us,50,5512.14,5498,5685,5698,5374,5698,0
L2D_SUMMARY,EYE_L_SWEEP,100,1,ppa_blend_us,50,0.00,0,0,0,0,0,0
L2D_SUMMARY,EYE_L_SWEEP,100,1,panel_submit_us,50,141.68,140,155,163,131,163,0
L2D_SUMMARY,EYE_L_SWEEP,100,1,frame_drop,50,0.00,0,0,0,0,0,0
L2D_SUMMARY,EYE_L_SWEEP,100,1,ppa_fill_us,50,1102.82,1106,1122,1123,1080,1123,0
L2D_SUMMARY,EYE_L_SWEEP,100,1,ppa_srm_us,50,4409.32,4380,4575,4581,4271,4581,0
L2D_SUMMARY,EYE_L_SWEEP,100,1,ppa_total_us,50,5512.14,5498,5685,5698,5374,5698,0
L2D_SUMMARY,EYE_L_SWEEP,100,1,clear_cache_sync_us,50,14.90,15,16,16,14,16,0
L2D_SUMMARY,EYE_L_SWEEP,100,1,convert_cache_sync_us,50,0.00,0,0,0,0,0,0
L2D_SUMMARY,EYE_L_SWEEP,100,1,flush_cache_sync_us,50,9.36,9,10,10,9,10,0
L2D_SUMMARY,EYE_L_SWEEP,100,1,cache_sync_total_us,50,24.26,24,26,26,23,26,0
L2D_SUMMARY,EYE_L_SWEEP,100,1,display_lock_wait_us,50,97.84,17,613,791,15,791,0
L2D_SUMMARY,EYE_L_SWEEP,100,1,flush_total_us,50,258.22,178,773,951,168,951,0
L2D_SUMMARY,EYE_L_SWEEP,100,1,frame_total_us,50,26951.38,26879,27621,27789,26598,27789,0
L2D_SUMMARY,EYE_L_SWEEP,100,1,keypoint_us,50,0.00,0,0,0,0,0,0
L2D_SUMMARY,EYE_L_SWEEP,100,1,visual_transform_us,50,0.00,0,0,0,0,0,0
L2D_SUMMARY,EYE_L_SWEEP,100,1,stretch_us,50,0.00,0,0,0,0,0,0
L2D_SUMMARY,EYE_L_SWEEP,100,1,vertex_transform_us,50,0.00,0,0,0,0,0,0
L2D_SUMMARY,EYE_L_SWEEP,100,1,uv_update_us,50,0.00,0,0,0,0,0,0
L2D_SUMMARY,EYE_L_SWEEP,100,1,trig_cache_hit,50,51.00,51,51,51,51,51,0
L2D_SUMMARY,EYE_L_SWEEP,100,1,trig_cache_miss,50,0.00,0,0,0,0,0,0
L2D_SUMMARY,EYE_L_SWEEP,100,1,slot_miss,50,0.00,0,0,0,0,0,0
L2D_SUMMARY,EYE_L_SWEEP,100,1,lock_skip,50,0.00,0,0,0,0,0,0
L2D_SUMMARY,EYE_L_SWEEP,100,1,deadline_miss,50,0.00,0,0,0,0,0,0
L2D_SUMMARY,EYE_L_SWEEP,100,1,roi.current_area,50,56715.00,56715,56715,56715,56715,56715,0
L2D_SUMMARY,EYE_L_SWEEP,100,1,roi.union_area,50,56715.00,56715,56715,56715,56715,56715,0
L2D_SUMMARY,EYE_L_SWEEP,100,1,roi.current_area_ratio_q10000,50,5538.00,5538,5538,5538,5538,5538,0
L2D_SUMMARY,EYE_L_SWEEP,100,1,roi.union_area_ratio_q10000,50,5538.00,5538,5538,5538,5538,5538,0
L2D_SUMMARY,EYE_L_SWEEP,100,1,roi.current_w,50,199.00,199,199,199,199,199,0
L2D_SUMMARY,EYE_L_SWEEP,100,1,roi.current_h,50,285.00,285,285,285,285,285,0
L2D_SUMMARY,EYE_L_SWEEP,100,1,roi.union_w,50,199.00,199,199,199,199,199,0
L2D_SUMMARY,EYE_L_SWEEP,100,1,roi.union_h,50,285.00,285,285,285,285,285,0
I (9789) l2d_profile: done EYE_L_SWEEP scale=100 round=1
L2D_FRAME,116,MULTI_AXIS,100,1,5,0,64,940,1354,2,1114,18665,24,26979,26,5503,0,152,1087,4416,5503,15,0,9,24,204,372,27377,0,0,320,320,0,0,0,0,0,4442,0,0,0,0,0,50,1
L2D_FRAME,117,MULTI_AXIS,100,1,6,0,58,948,1381,2,1149,18530,23,26917,15,5505,0,144,1123,4382,5505,14,0,9,23,17,181,27113,0,0,320,320,0,0,0,0,0,4407,0,0,0,0,0,50,1
L2D_FRAME,118,MULTI_AXIS,100,1,7,0,60,940,1351,2,1143,18582,25,26930,23,5541,0,147,1116,4425,5541,15,0,10,25,203,370,27323,0,0,320,320,0,0,0,0,0,4454,0,0,0,0,0,50,1
L2D_FRAME,119,MULTI_AXIS,100,1,8,0,60,938,1386,2,1148,18538,24,26976,26,5555,0,138,1121,4434,5555,15,0,9,24,17,175,27177,0,0,320,320,0,0,0,0,0,4459,0,0,0,0,0,50,1
L2D_FRAME,120,MULTI_AXIS,100,1,9,0,61,948,1351,2,1138,18628,24,27561,15,5441,0,133,1108,4333,5441,14,0,10,24,20,169,27745,0,0,320,320,0,0,0,0,0,4363,0,0,0,0,0,50,1
L2D_FRAME,121,MULTI_AXIS,100,1,10,0,58,943,1381,2,1150,18557,25,26925,19,5492,0,160,1123,4369,5492,15,0,10,25,21,197,27141,0,0,320,320,0,0,0,0,0,4395,0,0,0,0,0,50,1
L2D_FRAME,122,MULTI_AXIS,100,1,11,0,59,947,1342,1,1121,18658,24,26966,32,5500,0,154,1091,4409,5500,14,0,10,24,207,380,27378,0,0,320,320,0,0,0,0,0,4435,0,0,0,0,0,50,1
L2D_FRAME,123,MULTI_AXIS,100,1,12,0,59,966,1379,2,1109,18565,31,26950,22,5502,0,136,1082,4420,5502,15,0,16,31,17,177,27149,0,0,320,320,0,0,0,0,0,4444,0,0,0,0,0,50,1
L2D_FRAME,124,MULTI_AXIS,100,1,13,0,60,951,1355,2,1125,18607,25,26850,15,5419,0,150,1094,4325,5419,15,0,10,25,219,394,27259,0,0,320,320,0,0,0,0,0,4350,0,0,0,0,0,50,1
L2D_FRAME,125,MULTI_AXIS,100,1,14,0,59,973,1348,2,1113,18641,24,26887,22,5418,0,149,1086,4332,5418,15,0,9,24,17,183,27092,0,0,320,320,0,0,0,0,0,4358,0,0,0,0,0,50,1
L2D_FRAME,126,MULTI_AXIS,100,1,15,0,59,963,1379,1,1156,18507,25,26908,15,5543,0,153,1121,4422,5543,15,0,10,25,20,197,27120,0,0,320,320,0,0,0,0,0,4449,0,0,0,0,0,50,1
L2D_FRAME,127,MULTI_AXIS,100,1,16,0,68,950,1349,2,1141,18762,24,26809,15,5227,0,153,1115,4112,5227,15,0,9,24,510,688,27512,0,0,320,320,0,0,0,0,0,4138,0,0,0,0,0,50,1
L2D_FRAME,128,MULTI_AXIS,100,1,17,0,59,937,1388,2,1108,18717,24,26877,18,5331,0,150,1081,4250,5331,15,0,9,24,20,186,27081,0,0,320,320,0,0,0,0,0,4276,0,0,0,0,0,50,1
L2D_FRAME,129,MULTI_AXIS,100,1,18,0,58,945,1347,2,1136,18753,24,26742,22,5174,0,159,1110,4064,5174,15,0,9,24,66,246,27010,0,0,320,320,0,0,0,0,0,4090,0,0,0,0,0,50,1
L2D_FRAME,130,MULTI_AXIS,100,1,19,0,70,946,1397,2,1115,18833,24,26791,19,5093,0,151,1088,4005,5093,15,0,9,24,17,185,26995,0,0,320,320,0,0,0,0,0,4031,0,0,0,0,0,50,1
L2D_FRAME,131,MULTI_AXIS,100,1,20,0,60,950,1356,2,1121,18926,24,26848,18,5089,0,147,1090,3999,5089,15,0,9,24,17,181,27047,0,0,320,320,0,0,0,0,0,4033,0,0,0,0,0,50,1
L2D_FRAME,132,MULTI_AXIS,100,1,21,0,60,954,1348,1,1123,19050,24,27138,22,5270,0,138,1092,4178,5270,15,0,9,24,16,170,27330,0,0,320,320,0,0,0,0,0,4205,0,0,0,0,0,50,1
L2D_FRAME,133,MULTI_AXIS,100,1,22,0,58,932,1362,1,1150,18934,24,27697,22,5956,0,138,1123,4833,5956,15,0,9,24,16,174,27893,0,0,320,320,0,0,0,0,0,4860,0,0,0,0,0,50,1
L2D_FRAME,134,MULTI_AXIS,100,1,23,0,61,942,1388,2,1145,18984,24,27232,18,5405,0,166,1120,4285,5405,15,0,9,24,17,207,27457,0,0,320,320,0,0,0,0,0,4314,0,0,0,0,0,50,1
L2D_FRAME,135,MULTI_AXIS,100,1,24,0,59,919,1364,1,1136,18955,23,27051,15,5303,0,145,1110,4193,5303,14,0,9,23,17,182,27248,0,0,320,320,0,0,0,0,0,4226,0,0,0,0,0,50,1
L2D_FRAME,136,MULTI_AXIS,100,1,25,0,61,933,1385,2,1144,18957,24,27104,15,5316,0,145,1117,4199,5316,15,0,9,24,17,182,27301,0,0,320,320,0,0,0,0,0,4229,0,0,0,0,0,50,1
L2D_FRAME,137,MULTI_AXIS,100,1,26,0,60,945,1357,2,1133,18963,24,27087,15,5315,0,138,1107,4208,5315,15,0,9,24,17,174,27276,0,0,320,320,0,0,0,0,0,4234,0,0,0,0,0,50,1
L2D_FRAME,138,MULTI_AXIS,100,1,27,0,69,945,1393,2,1151,18886,24,27069,14,5333,0,141,1124,4209,5333,15,0,9,24,17,181,27264,0,0,320,320,0,0,0,0,0,4235,0,0,0,0,0,50,1
L2D_FRAME,139,MULTI_AXIS,100,1,28,0,60,954,1335,2,1111,18992,31,26956,22,5159,0,143,1081,4078,5159,14,0,17,31,211,379,27357,0,0,320,320,0,0,0,0,0,4104,0,0,0,0,0,50,1
L2D_FRAME,140,MULTI_AXIS,100,1,29,0,58,925,1283,2,1108,18825,24,26758,14,5215,0,142,1081,4134,5215,15,0,9,24,17,179,26951,0,0,320,320,0,0,0,0,0,4160,0,0,0,0,0,50,1
L2D_FRAME,141,MULTI_AXIS,100,1,30,0,58,886,1337,2,1120,18919,24,26942,22,5285,0,137,1093,4192,5285,15,0,9,24,24,178,27142,0,0,320,320,0,0,0,0,0,4222,0,0,0,0,0,50,1
L2D_FRAME,142,MULTI_AXIS,100,1,31,0,69,919,1380,1,1095,18946,24,27740,15,5969,0,144,1069,4900,5969,14,0,10,24,17,181,27936,0,0,320,320,0,0,0,0,0,4925,0,0,0,0,0,50,1
L2D_FRAME,143,MULTI_AXIS,100,1,32,0,60,937,1360,1,876,18864,24,26966,27,5302,0,154,849,4453,5302,15,0,9,24,203,373,27366,0,0,320,320,0,0,0,0,0,4478,0,0,0,0,0,50,1
L2D_FRAME,144,MULTI_AXIS,100,1,33,0,58,944,1377,1,964,19007,24,27188,15,5355,0,178,937,4418,5355,15,0,9,24,16,214,27417,0,0,320,320,0,0,0,0,0,4444,0,0,0,0,0,50,1
L2D_FRAME,145,MULTI_AXIS,100,1,34,0,59,954,1357,2,1062,18877,25,27061,15,5375,0,146,1037,4338,5375,15,0,10,25,70,237,27313,0,0,320,320,0,0,0,0,0,4363,0,0,0,0,0,50,1
L2D_FRAME,146,MULTI_AXIS,100,1,35,0,59,934,1381,1,1155,18692,24,26996,18,5477,0,136,1128,4349,5477,15,0,9,24,16,168,27182,0,0,320,320,0,0,0,0,0,4375,0,0,0,0,0,50,1
L2D_FRAME,147,MULTI_AXIS,100,1,36,0,61,924,1357,2,926,18880,34,27146,14,5452,0,141,886,4566,5452,25,0,9,34,21,183,27343,0,0,320,320,0,0,0,0,0,4591,0,0,0,0,0,50,1
L2D_FRAME,148,MULTI_AXIS,100,1,37,0,59,942,1388,1,1005,18743,32,26956,19,5379,0,140,978,4401,5379,15,0,17,32,20,185,27160,0,0,320,320,0,0,0,0,0,4426,0,0,0,0,0,50,1
L2D_FRAME,149,MULTI_AXIS,100,1,38,0,70,944,1354,2,955,18897,24,27151,23,5427,0,149,926,4501,5427,14,0,10,24,17,182,27356,0,0,320,320,0,0,0,0,0,4531,0,0,0,0,0,50,1
L2D_FRAME,150,MULTI_AXIS,100,1,39,0,59,949,1369,1,904,18831,25,27277,19,5585,0,143,877,4708,5585,15,0,10,25,15,174,27470,0,0,320,320,0,0,0,0,0,4737,0,0,0,0,0,50,1
L2D_FRAME,151,MULTI_AXIS,100,1,40,0,59,966,1354,2,971,18978,24,27334,22,5520,0,152,944,4576,5520,15,0,9,24,15,185,27541,0,0,320,320,0,0,0,0,0,4605,0,0,0,0,0,50,1
L2D_FRAME,152,MULTI_AXIS,100,1,41,0,58,944,1349,1,1075,18787,25,27170,22,5560,0,141,1044,4516,5560,15,0,10,25,15,173,27365,0,0,320,320,0,0,0,0,0,4545,0,0,0,0,0,50,1
L2D_FRAME,153,MULTI_AXIS,100,1,42,0,59,916,1387,1,1144,18923,24,27302,22,5541,0,136,1118,4423,5541,15,0,9,24,48,202,27526,0,0,320,320,0,0,0,0,0,4449,0,0,0,0,0,50,1
L2D_FRAME,154,MULTI_AXIS,100,1,43,0,61,878,1351,2,1144,18804,24,27085,18,5543,0,141,1118,4425,5543,15,0,9,24,17,178,27281,0,0,320,320,0,0,0,0,0,4456,0,0,0,0,0,50,1
L2D_FRAME,155,MULTI_AXIS,100,1,44,0,60,885,1379,2,1125,18773,24,27127,22,5581,0,140,1095,4486,5581,15,0,9,24,16,174,27323,0,0,320,320,0,0,0,0,0,4513,0,0,0,0,0,50,1
L2D_FRAME,156,MULTI_AXIS,100,1,45,0,60,968,1353,2,1138,18922,23,27209,15,5460,0,142,1112,4348,5460,14,0,9,23,15,181,27405,0,0,320,320,0,0,0,0,0,4374,0,0,0,0,0,50,1
L2D_FRAME,157,MULTI_AXIS,100,1,46,0,61,932,1360,2,1150,18812,24,27021,14,5401,0,140,1119,4282,5401,15,0,9,24,17,181,27216,0,0,320,320,0,0,0,0,0,4315,0,0,0,0,0,50,1
L2D_FRAME,158,MULTI_AXIS,100,1,47,0,58,910,1355,2,1115,18882,25,27217,22,5565,0,139,1089,4476,5565,15,0,10,25,17,174,27413,0,0,320,320,0,0,0,0,0,4506,0,0,0,0,0,50,1
L2D_FRAME,159,MULTI_AXIS,100,1,48,0,59,908,1345,1,1135,18932,23,27751,14,6063,0,146,1109,4954,6063,14,0,9,23,16,183,27948,0,0,320,320,0,0,0,0,0,4981,0,0,0,0,0,50,1
L2D_FRAME,160,MULTI_AXIS,100,1,49,0,68,949,1356,1,1117,19019,24,27439,22,5561,0,136,1086,4475,5561,15,0,9,24,19,171,27632,0,0,320,320,0,0,0,0,0,4504,0,0,0,0,0,50,1
L2D_FRAME,161,MULTI_AXIS,100,1,50,0,61,881,1354,2,1110,18985,24,27065,15,5339,0,149,1083,4256,5339,15,0,9,24,71,240,27320,0,0,320,320,0,0,0,0,0,4286,0,0,0,0,0,50,1
L2D_FRAME,162,MULTI_AXIS,100,1,51,0,57,891,1384,1,1111,19056,25,27120,23,5284,0,144,1084,4200,5284,15,0,10,25,17,178,27321,0,0,320,320,0,0,0,0,0,4226,0,0,0,0,0,50,1
L2D_FRAME,163,MULTI_AXIS,100,1,52,0,60,952,1345,1,1119,18958,25,27069,19,5308,0,144,1092,4216,5308,15,0,10,25,78,238,27326,0,0,320,320,0,0,0,0,0,4246,0,0,0,0,0,50,1
L2D_FRAME,164,MULTI_AXIS,100,1,53,0,60,950,1388,2,1144,18955,24,27278,22,5479,0,136,1113,4366,5479,15,0,9,24,15,168,27468,0,0,320,320,0,0,0,0,0,4392,0,0,0,0,0,50,1
L2D_FRAME,165,MULTI_AXIS,100,1,54,0,58,978,1364,2,1137,19061,24,27228,18,5300,0,138,1111,4189,5300,15,0,9,24,17,175,27421,0,0,320,320,0,0,0,0,0,4228,0,0,0,0,0,50,1
L2D_ROI,116,MULTI_AXIS,100,1,5,1,73,15,272,298,200,284,56800,1,71,14,270,298,71,14,272,298,202,285,57570,5546,5622,0
L2D_ROI,117,MULTI_AXIS,100,1,6,1,75,15,274,298,200,284,56800,1,73,15,272,298,73,15,274,298,202,284,57368,5546,5602,0
L2D_ROI,118,MULTI_AXIS,100,1,7,1,77,16,276,298,200,283,56600,1,75,15,274,298,75,15,276,298,202,284,57368,5527,5602,0
L2D_ROI,119,MULTI_AXIS,100,1,8,1,79,16,277,298,199,283,56317,1,77,16,276,298,77,16,277,298,201,283,56883,5499,5554,0
L2D_ROI,120,MULTI_AXIS,100,1,9,1,78,17,276,298,199,282,56118,1,79,16,277,298,78,16,277,298,200,283,56600,5480,5527,0
L2D_ROI,121,MULTI_AXIS,100,1,10,1,78,17,276,298,199,282,56118,1,78,17,276,298,78,17,276,298,199,282,56118,5480,5480,0
L2D_ROI,122,MULTI_AXIS,100,1,11,1,77,18,275,298,199,281,55919,1,78,17,276,298,77,17,276,298,200,282,56400,5460,5507,0
L2D_ROI,123,MULTI_AXIS,100,1,12,1,77,18,275,298,199,281,55919,1,77,18,275,298,77,18,275,298,199,281,55919,5460,5460,0
L2D_ROI,124,MULTI_AXIS,100,1,13,1,76,19,275,298,200,280,56000,1,77,18,275,298,76,18,275,298,200,281,56200,5468,5488,0
L2D_ROI,125,MULTI_AXIS,100,1,14,1,76,20,274,298,199,279,55521,1,76,19,275,298,76,19,275,298,200,280,56000,5421,5468,0
L2D_ROI,126,MULTI_AXIS,100,1,15,1,75,21,274,298,200,278,55600,1,76,20,274,298,75,20,274,298,200,279,55800,5429,5449,0
L2D_ROI,127,MULTI_AXIS,100,1,16,1,74,20,272,298,199,279,55521,1,75,21,274,298,74,20,274,298,201,279,56079,5421,5476,0
L2D_ROI,128,MULTI_AXIS,100,1,17,1,72,19,269,298,198,280,55440,1,74,20,272,298,72,19,272,298,201,280,56280,5414,5496,0
L2D_ROI,129,MULTI_AXIS,100,1,18,1,70,19,267,298,198,280,55440,1,72,19,269,298,70,19,269,298,200,280,56000,5414,5468,0
L2D_ROI,130,MULTI_AXIS,100,1,19,1,68,18,266,298,199,281,55919,1,70,19,267,298,68,18,267,298,200,281,56200,5460,5488,0
L2D_ROI,131,MULTI_AXIS,100,1,20,1,66,17,264,298,199,282,56118,1,68,18,266,298,66,17,266,298,201,282,56682,5480,5535,0
L2D_ROI,132,MULTI_AXIS,100,1,21,1,65,17,263,298,199,282,56118,1,66,17,264,298,65,17,264,298,200,282,56400,5480,5507,0
L2D_ROI,133,MULTI_AXIS,100,1,22,1,63,17,261,298,199,282,56118,1,65,17,263,298,63,17,263,298,201,282,56682,5480,5535,0
L2D_ROI,134,MULTI_AXIS,100,1,23,1,61,16,259,298,199,283,56317,1,63,17,261,298,61,16,261,298,201,283,56883,5499,5554,0
L2D_ROI,135,MULTI_AXIS,100,1,24,1,60,15,258,298,199,284,56516,1,61,16,259,298,60,15,259,298,200,284,56800,5519,5546,0
L2D_ROI,136,MULTI_AXIS,100,1,25,1,58,15,256,298,199,284,56516,1,60,15,258,298,58,15,258,298,201,284,57084,5519,5574,0
L2D_ROI,137,MULTI_AXIS,100,1,26,1,56,14,254,298,199,285,56715,1,58,15,256,298,56,14,256,298,201,285,57285,5538,5594,0
L2D_ROI,138,MULTI_AXIS,100,1,27,1,54,14,252,298,199,285,56715,1,56,14,254,298,54,14,254,298,201,285,57285,5538,5594,0
L2D_ROI,139,MULTI_AXIS,100,1,28,1,52,14,250,298,199,285,56715,1,54,14,252,298,52,14,252,298,201,285,57285,5538,5594,0
L2D_ROI,140,MULTI_AXIS,100,1,29,1,50,13,248,298,199,286,56914,1,52,14,250,298,50,13,250,298,201,286,57486,5558,5613,0
L2D_ROI,141,MULTI_AXIS,100,1,30,1,48,13,247,298,200,286,57200,1,50,13,248,298,48,13,248,298,201,286,57486,5585,5613,0
L2D_ROI,142,MULTI_AXIS,100,1,31,1,47,12,245,298,199,287,57113,1,48,13,247,298,47,12,247,298,201,287,57687,5577,5633,0
L2D_ROI,143,MULTI_AXIS,100,1,32,1,45,12,243,298,199,287,57113,1,47,12,245,298,45,12,245,298,201,287,57687,5577,5633,0
L2D_ROI,144,MULTI_AXIS,100,1,33,1,43,11,242,298,200,288,57600,1,45,12,243,298,43,11,243,298,201,288,57888,5625,5653,0
L2D_ROI,145,MULTI_AXIS,100,1,34,1,41,11,240,298,200,288,57600,1,43,11,242,298,41,11,242,298,202,288,58176,5625,5681,0
L2D_ROI,146,MULTI_AXIS,100,1,35,1,40,11,238,298,199,288,57312,1,41,11,240,298,40,11,240,298,201,288,57888,5596,5653,0
L2D_ROI,147,MULTI_AXIS,100,1,36,1,38,10,237,298,200,289,57800,1,40,11,238,298,38,10,238,298,201,289,58089,5644,5672,0
L2D_ROI,148,MULTI_AXIS,100,1,37,1,36,10,235,298,200,289,57800,1,38,10,237,298,36,10,237,298,202,289,58378,5644,5700,0
L2D_ROI,149,MULTI_AXIS,100,1,38,1,37,10,236,298,200,289,57800,1,36,10,235,298,36,10,236,298,201,289,58089,5644,5672,0
L2D_ROI,150,MULTI_AXIS,100,1,39,1,38,10,237,298,200,289,57800,1,37,10,236,298,37,10,237,298,201,289,58089,5644,5672,0
L2D_ROI,151,MULTI_AXIS,100,1,40,1,39,10,238,298,200,289,57800,1,38,10,237,298,38,10,238,298,201,289,58089,5644,5672,0
L2D_ROI,152,MULTI_AXIS,100,1,41,1,40,10,239,298,200,289,57800,1,39,10,238,298,39,10,239,298,201,289,58089,5644,5672,0
L2D_ROI,153,MULTI_AXIS,100,1,42,1,40,10,240,298,201,289,58089,1,40,10,239,298,40,10,240,298,201,289,58089,5672,5672,0
L2D_ROI,154,MULTI_AXIS,100,1,43,1,41,10,241,298,201,289,58089,1,40,10,240,298,40,10,241,298,202,289,58378,5672,5700,0
L2D_ROI,155,MULTI_AXIS,100,1,44,1,41,10,241,298,201,289,58089,1,41,10,241,298,41,10,241,298,201,289,58089,5672,5672,0
L2D_ROI,156,MULTI_AXIS,100,1,45,1,44,10,243,298,200,289,57800,1,41,10,241,298,41,10,243,298,203,289,58667,5644,5729,0
L2D_ROI,157,MULTI_AXIS,100,1,46,1,45,10,245,298,201,289,58089,1,44,10,243,298,44,10,245,298,202,289,58378,5672,5700,0
L2D_ROI,158,MULTI_AXIS,100,1,47,1,47,10,247,298,201,289,58089,1,45,10,245,298,45,10,247,298,203,289,58667,5672,5729,0
L2D_ROI,159,MULTI_AXIS,100,1,48,1,49,10,248,298,200,289,57800,1,47,10,247,298,47,10,248,298,202,289,58378,5644,5700,0
L2D_ROI,160,MULTI_AXIS,100,1,49,1,50,11,250,298,201,288,57888,1,49,10,248,298,49,10,250,298,202,289,58378,5653,5700,0
L2D_ROI,161,MULTI_AXIS,100,1,50,1,52,11,252,298,201,288,57888,1,50,11,250,298,50,11,252,298,203,288,58464,5653,5709,0
L2D_ROI,162,MULTI_AXIS,100,1,51,1,53,11,253,298,201,288,57888,1,52,11,252,298,52,11,253,298,202,288,58176,5653,5681,0
L2D_ROI,163,MULTI_AXIS,100,1,52,1,55,11,255,298,201,288,57888,1,53,11,253,298,53,11,255,298,203,288,58464,5653,5709,0
L2D_ROI,164,MULTI_AXIS,100,1,53,1,56,11,256,298,201,288,57888,1,55,11,255,298,55,11,256,298,202,288,58176,5653,5681,0
L2D_ROI,165,MULTI_AXIS,100,1,54,1,58,12,258,298,201,287,57687,1,56,11,256,298,56,11,258,298,203,288,58464,5633,5709,0
L2D_SUMMARY,MULTI_AXIS,100,1,slot_wait_us,50,0.00,0,0,0,0,0,0
L2D_SUMMARY,MULTI_AXIS,100,1,controller_us,50,60.58,60,69,70,57,70,0
L2D_SUMMARY,MULTI_AXIS,100,1,rt30_us,50,937.50,944,968,978,878,978,0
L2D_SUMMARY,MULTI_AXIS,100,1,hierarchy_vertex_us,50,1362.86,1357,1388,1397,1283,1397,0
L2D_SUMMARY,MULTI_AXIS,100,1,bounds_us,50,1.66,2,2,2,1,2,0
L2D_SUMMARY,MULTI_AXIS,100,1,clear_us,50,1101.70,1121,1151,1156,876,1156,0
L2D_SUMMARY,MULTI_AXIS,100,1,raster_us,50,18830.36,18877,19050,19061,18507,19061,0
I (12845) l2d_profile: MULTI_AXIS scale=100 round=1 raster_us avg=18830 p95=19050 p99=19061 max=19061
L2D_SUMMARY,MULTI_AXIS,100,1,convert_us,50,4388.18,4375,4860,4981,4031,4981,0
L2D_SUMMARY,MULTI_AXIS,100,1,cache_sync_us,50,24.76,24,31,34,23,34,0
L2D_SUMMARY,MULTI_AXIS,100,1,producer_total_us,50,27096.92,27065,27697,27751,26742,27751,0
I (12875) l2d_profile: MULTI_AXIS scale=100 round=1 producer_total_us avg=27097 p95=27697 p99=27751 max=27751
L2D_SUMMARY,MULTI_AXIS,100,1,publish_consume_us,50,19.12,19,26,32,14,32,0
L2D_SUMMARY,MULTI_AXIS,100,1,ppa_wait_us,50,5434.32,5419,5956,6063,5089,6063,0
L2D_SUMMARY,MULTI_AXIS,100,1,ppa_blend_us,50,0.00,0,0,0,0,0,0
L2D_SUMMARY,MULTI_AXIS,100,1,panel_submit_us,50,145.28,144,160,178,133,178,0
L2D_SUMMARY,MULTI_AXIS,100,1,frame_drop,50,0.00,0,0,0,0,0,0
L2D_SUMMARY,MULTI_AXIS,100,1,ppa_fill_us,50,1073.76,1092,1123,1128,849,1128,0
L2D_SUMMARY,MULTI_AXIS,100,1,ppa_srm_us,50,4360.56,4349,4833,4954,3999,4954,0
L2D_SUMMARY,MULTI_AXIS,100,1,ppa_total_us,50,5434.32,5419,5956,6063,5089,6063,0
L2D_SUMMARY,MULTI_AXIS,100,1,clear_cache_sync_us,50,15.02,15,15,25,14,25,0
L2D_SUMMARY,MULTI_AXIS,100,1,convert_cache_sync_us,50,0.00,0,0,0,0,0,0
L2D_SUMMARY,MULTI_AXIS,100,1,flush_cache_sync_us,50,9.74,9,16,17,9,17,0
L2D_SUMMARY,MULTI_AXIS,100,1,cache_sync_total_us,50,24.76,24,31,34,23,34,0
L2D_SUMMARY,MULTI_AXIS,100,1,display_lock_wait_us,50,54.98,17,211,510,15,510,0
L2D_SUMMARY,MULTI_AXIS,100,1,flush_total_us,50,219.70,182,380,688,168,688,0
L2D_SUMMARY,MULTI_AXIS,100,1,frame_total_us,50,27335.74,27323,27893,27948,26951,27948,0
L2D_SUMMARY,MULTI_AXIS,100,1,keypoint_us,50,0.00,0,0,0,0,0,0
L2D_SUMMARY,MULTI_AXIS,100,1,visual_transform_us,50,0.00,0,0,0,0,0,0
L2D_SUMMARY,MULTI_AXIS,100,1,stretch_us,50,0.00,0,0,0,0,0,0
L2D_SUMMARY,MULTI_AXIS,100,1,vertex_transform_us,50,0.00,0,0,0,0,0,0
L2D_SUMMARY,MULTI_AXIS,100,1,uv_update_us,50,0.00,0,0,0,0,0,0
L2D_SUMMARY,MULTI_AXIS,100,1,trig_cache_hit,50,50.00,50,50,50,50,50,0
L2D_SUMMARY,MULTI_AXIS,100,1,trig_cache_miss,50,1.00,1,1,1,1,1,0
L2D_SUMMARY,MULTI_AXIS,100,1,slot_miss,50,0.00,0,0,0,0,0,0
L2D_SUMMARY,MULTI_AXIS,100,1,lock_skip,50,0.00,0,0,0,0,0,0
L2D_SUMMARY,MULTI_AXIS,100,1,deadline_miss,50,0.00,0,0,0,0,0,0
L2D_SUMMARY,MULTI_AXIS,100,1,roi.current_area,50,56974.08,56914,58089,58089,55440,58089,0
L2D_SUMMARY,MULTI_AXIS,100,1,roi.union_area,50,57421.20,57486,58464,58667,55800,58667,0
L2D_SUMMARY,MULTI_AXIS,100,1,roi.current_area_ratio_q10000,50,5563.38,5558,5672,5672,5414,5672,0
L2D_SUMMARY,MULTI_AXIS,100,1,roi.union_area_ratio_q10000,50,5607.00,5613,5709,5729,5449,5729,0
L2D_SUMMARY,MULTI_AXIS,100,1,roi.current_w,50,199.72,200,201,201,198,201,0
L2D_SUMMARY,MULTI_AXIS,100,1,roi.current_h,50,285.26,286,289,289,278,289,0
L2D_SUMMARY,MULTI_AXIS,100,1,roi.union_w,50,201.16,201,203,203,199,203,0
L2D_SUMMARY,MULTI_AXIS,100,1,roi.union_h,50,285.44,286,289,289,279,289,0
I (13098) l2d_profile: done MULTI_AXIS scale=100 round=1
L2D_DONE
