ESP-ROM:esp32p4-eco2-20240710
Build:Jul 10 2024
rst:0x1 (POWERON),boot:0x30f (SPI_FAST_FLASH_BOOT)
SPI mode:DIO, clock div:1
load:0x4ff33ce0,len:0x514
load:0x4ff29ed0,len:0xbbc
load:0x4ff2cbd0,len:0x3114
entry 0x4ff29ed0
ESP-ROM:esp32p4-eco2-20240710
Build:Jul 10 2024
rst:0x1 (POWERON),boot:0x30f (SPI_FAST_FLASH_BOOT)
SPI mode:DIO, clock div:1
load:0x4ff33ce0,len:0x514
load:0x4ff29ed0,len:0xbbc
load:0x4ff2cbd0,len:0x3114
entry 0x4ff29ed0
I (306) hex_psram: vendor id    : 0x0d (AP)
I (306) hex_psram: Latency      : 0x01 (Fixed)
I (306) hex_psram: DriveStr.    : 0x00 (25 Ohm)
I (307) hex_psram: dev id       : 0x03 (generation 4)
I (312) hex_psram: density      : 0x07 (256 Mbit)
I (316) hex_psram: good-die     : 0x06 (Pass)
I (320) hex_psram: SRF          : 0x02 (Slow Refresh)
I (325) hex_psram: BurstType    : 0x00 ( Wrap)
I (329) hex_psram: BurstLen     : 0x03 (2048 Byte)
I (334) hex_psram: BitMode      : 0x01 (X16 Mode)
I (338) hex_psram: Readlatency  : 0x04 (14 cycles@Fixed)
I (343) hex_psram: DriveStrength: 0x00 (1/1)
I (347) MSPI Timing: Enter psram timing tuning
I (521) esp_psram: Found 32MB PSRAM device
I (522) esp_psram: Speed: 200MHz
I (522) hex_psram: psram CS IO is dedicated
I (522) cpu_start: Multicore app
I (1013) esp_psram: SPI SRAM memory test OK
I (1024) cpu_start: GPIO 38 and 37 are used as console UART I/O pins
I (1025) cpu_start: Pro cpu start user code
I (1025) cpu_start: cpu freq: 360000000 Hz
I (1027) app_init: Application information:
I (1031) app_init: Project name:     live2d_rt30_baseline
I (1036) app_init: App version:      cae376b-dirty
I (1040) app_init: Compile time:     Sep 29 2026 23:05:27
I (1045) app_init: ELF file SHA256:  cf84d12aa...
I (1050) app_init: ESP-IDF:          v5.5.2
I (1054) efuse_init: Min chip rev:     v0.1
I (1058) efuse_init: Max chip rev:     v1.99 
I (1062) efuse_init: Chip rev:         v1.3
I (1066) heap_init: Initializing. RAM available for dynamic allocation:
I (1072) heap_init: At 4FF1ED00 len 0001C2C0 (112 KiB): RETENT_RAM
I (1078) heap_init: At 4FF3AFC0 len 00004BF0 (18 KiB): RAM
I (1083) heap_init: At 4FF40000 len 00040000 (256 KiB): RAM
I (1089) heap_init: At 501080A0 len 00007F60 (31 KiB): RTCRAM
I (1094) heap_init: At 30100084 len 00001F7C (7 KiB): TCM
I (1099) esp_psram: Adding pool of 32768K of PSRAM memory to heap allocator
I (1107) spi_flash: detected chip: generic
I (1109) spi_flash: flash io: dio
I (1113) sleep_gpio: Configure to isolate all GPIO pins in sleep state
I (1119) sleep_gpio: Enable automatic switching of GPIO sleep configuration
I (1126) main_task: Started on CPU0
I (1150) esp_psram: Reserving pool of 128K of internal memory for DMA/internal allocations
I (1151) main_task: Calling app_main()
I (1151) l2d_baseline: === Live2D RT30 baseline ===
I (1155) l2d_baseline: ========================================
I (1161) l2d_baseline:  Live2D RT30 baseline, target=30 fps, core=0
I (1167) l2d_baseline:  model=/sdcard/esp.live
I (1171) l2d_baseline: ========================================
I (1176) l2d_baseline: heap boot: psram_free=33551716 psram_min=33551716 internal_free=376943
I (1211) sys_storage: Mounting SD card at /sdcard
I (1213) main_task: Returned from app_main()
I (1267) sys_storage: Storage subsystem ready (NVS + SD at /sdcard)
I (1267) sys_sdio: ready: SD serial task core=0 prio=4 queue=20
I (1269) sys_storage: font cache found: /sdcard/fonts/noto_sans_sc_16.bin (955208 bytes)
I (1275) l2d_baseline: storage ready at /sdcard
I (1281) esp_lvgl:adapter: LVGL adapter initialized successfully
I (1358) GT911: TouchPad_ID:0x39,0x31,0x31
I (1358) GT911: TouchPad_Config_Version:101
W (1358) ledc: GPIO 20 is not usable, maybe conflict with others
I (1361) WT99P4C5_S1_BOARD: MIPI DSI PHY Powered on
I (1366) WT99P4C5_S1_BOARD: Install MIPI DSI LCD control panel
I (1371) WT99P4C5_S1_BOARD: Install EK79007 LCD control panel
I (1376) WT99P4C5_S1_BOARD: MIPI DSI DPI clock: 80.00 MHz
I (1381) ek79007: version: 1.0.4
I (1545) WT99P4C5_S1_BOARD: Display initialized
I (1545) WT99P4C5_S1_BOARD: Display resolution 1024x600
I (1549) esp_lvgl:bridge_v9: Initializing hardware resources
I (1549) esp_lvgl:bridge_v9: Hardware resources initialized successfully
I (1561) WT99P4C5_S1_BOARD: GT911 touch ready on GPIO 21
W (1561) esp_lvgl:touch: LV_USE_GESTURE_RECOGNITION is disabled; only single-point pointer events are available
I (1570) esp_lvgl:touch: Touch input device registered successfully (IRQ mode: disabled)
I (1578) esp_lvgl:adapter: LVGL task started successfully
I (1583) sys_display: Display + LVGL initialized (custom config)
I (1588) WT99P4C5_S1_BOARD: Setting LCD backlight: 80%
I (1593) sys_monitor: CPU monitor started (FreeRTOS idle run time, 1 s windows)
I (1600) sys_monitor: FPS tracking attached to display
I (2127) l2d_baseline: model file loaded: /sdcard/esp.live (800796 bytes)
I (2128) l2d_baseline: model CRC32_LE=0x5f25edc0
I (2176) l2d_baseline: model SHA256=1d7f21471dcedee2d205904791df7147c63760269462ad5d7169a97afe386100
I (2177) live2d_engine: allocated runtime pool: 2650168 bytes
I (2180) live2d_engine: Importing PainterEngine Live2D model, file size=800796 bytes, pool free=2650168 bytes
I (2226) live2d_engine: Model loaded: id='esp', size=320x320, layers=11, textures=12, animations=1, pool free=1814320 bytes
I (2226) live2d_engine: Using nearest-neighbor pixel shader for ESP renderer
I (2232) live2d_engine: RT30 realtime axes: 5
I (2237) live2d_engine:   axis[0] id='left_eye' default=0 middle=15 bindings=2 sampleBytes=360 stride=12 vidx=0 Q(coord=4 rot=6 stretch=14)
I (2249) live2d_engine:     binding[0] layer=6 id='right_eye' mask=0x0050 vertices=0 sample_offset=0
I (2258) live2d_engine:     binding[1] layer=8 id='left_eyeup' mask=0x0010 vertices=0 sample_offset=6
I (2267) live2d_engine:   axis[1] id='right_eye' default=0 middle=15 bindings=2 sampleBytes=240 stride=8 vidx=0 Q(coord=4 rot=6 stretch=14)
I (2279) live2d_engine:     binding[0] layer=5 id='left_eye' mask=0x0040 vertices=0 sample_offset=0
I (2288) live2d_engine:     binding[1] layer=7 id='right_eyeup' mask=0x0010 vertices=0 sample_offset=2
I (2297) live2d_engine:   axis[2] id='neck' default=15 middle=15 bindings=1 sampleBytes=960 stride=32 vidx=7 Q(coord=4 rot=6 stretch=14)
I (2309) live2d_engine:     binding[0] layer=3 id='neck' mask=0x0028 vertices=7 sample_offset=0
I (2317) live2d_engine:   axis[3] id='face' default=15 middle=15 bindings=11 sampleBytes=28560 stride=952 vidx=227 Q(coord=4 rot=6 stretch=14)
I (2330) live2d_engine:     binding[0] layer=0 id='back_hair' mask=0x0009 vertices=42 sample_offset=0
I (2338) live2d_engine:     binding[1] layer=1 id='cloth' mask=0x0009 vertices=25 sample_offset=172
I (2347) live2d_engine:     binding[2] layer=2 id='face' mask=0x0009 vertices=15 sample_offset=276
I (2356) live2d_engine:     binding[3] layer=3 id='neck' mask=0x0009 vertices=8 sample_offset=340
I (2365) live2d_engine:     binding[4] layer=4 id='mouth' mask=0x0009 vertices=5 sample_offset=376
I (2373) live2d_engine:     binding[5] layer=5 id='left_eye' mask=0x0009 vertices=11 sample_offset=400
I (2382) live2d_engine:     binding[6] layer=6 id='right_eye' mask=0x0009 vertices=10 sample_offset=448
I (2391) live2d_engine:     binding[7] layer=7 id='right_eyeup' mask=0x0009 vertices=13 sample_offset=492
I (2401) live2d_engine:     binding[8] layer=8 id='left_eyeup' mask=0x0009 vertices=13 sample_offset=548
I (2410) live2d_engine:     binding[9] layer=9 id='front_hair' mask=0x0009 vertices=64 sample_offset=604
I (2419) live2d_engine:     binding[10] layer=10 id='hairwear' mask=0x0009 vertices=21 sample_offset=864
I (2428) live2d_engine:   axis[4] id='mouth' default=15 middle=15 bindings=1 sampleBytes=720 stride=24 vidx=5 Q(coord=4 rot=6 stretch=14)
I (2440) live2d_engine:     binding[0] layer=4 id='mouth' mask=0x0048 vertices=5 sample_offset=0
I (2449) live2d_engine: Playing default animation index 1/1
I (2454) live2d_engine: allocated runtime pool: 1048576 bytes
I (2460) l2d_baseline: model ready id='esp' size=320x320 layers=11 textures=12 animations=1 load=277ms pool_free=1017664
I (2470) l2d_baseline: RT30 axis_count=5 static=31590 runtime=0 selectedSample=0
I (2478) l2d_baseline: axis handles: left_eye=0 right_eye=1 neck=2 face=3 mouth=4
I (2484) l2d_baseline: benchmark model_path=/sdcard/esp.live axis_count=5
I (2491) l2d_baseline: render ROI: 320x320 at (352,140), lcd=1024x600
I (2497) sys_display_buf: PSRAM before alloc: total=33554432  free=27353412 largest=26214400
I (2505) sys_display_buf: buffers created: 320x320  ARGB=409600  RGB565=204800 bytes (PSRAM DMA=yes)
I (2514) sys_display_buf: PSRAM after alloc: total=33554432  free=26739004 largest=26214400
I (2524) sys_display_flush: Flush path: 320x320 at (352,140) -> panel direct draw
I (2530) live2d_engine: Internal render scale set to 1.000
I (2539) live2d_renderer: PPA fill transparent clear enabled
I (2540) live2d_renderer: Renderer initialized: 320x320 ARGB8888 -> RGB565 via PPA SRM, rgb_swap=0, byte_swap=0, source block=320x320@(0,0)
I (2552) l2d_baseline: render backends: clear=PPA convert=PPA
I (2558) l2d_baseline: heap ready: psram_free=26737916 psram_min=26737916 internal_free=256007
I (2566) l2d_baseline: continuous RT30 drive active on 5 model axes
L2D_META_BEGIN
esp_commit=cae376b1fe73aefc2694218a127267cf2d6931a9
live2d_commit=78fc634
idf=v5.5.2
chip=ESP32-P4
cpu_mhz=360
psram_mhz=200
optimization=-O2
render_task=core0,priority6
lvgl_task=core0,priority4
canvas=320x320
slot=none,synchronous ARGB+RGB565 buffers
display=direct panel RGB565
ppa=fill+SRM clients,blocking,blend unused
model_path=/sdcard/esp.live
model_sha256=1d7f21471dcedee2d205904791df7147c63760269462ad5d7169a97afe386100
model_size=800796
model_load_us=277560
axis_count=5
layer_count=11
vertex_count=227
triangle_count=257
texture_count=12
layers=11
vertices=227
triangles=257
textures=12
texture_pixels=184235
axes=5
sampler=fast-nearest
profile_stage=0
profile_mode=timing
srm_roi=1
default_clear=PPA
default_convert=PPA
backend_ids=0:PPA/PPA,1:CPU/PPA,2:PPA/CPU,3:CPU/CPU
warmup=5
measure=50
rounds=1
L2D_META_END
L2D_FRAME_HEADER,frame_id,scenario,scale_q100,round,frame,slot_wait_us,controller_us,rt30_us,hierarchy_vertex_us,bounds_us,clear_us,raster_us,cache_sync_us,producer_total_us,publish_consume_us,ppa_wait_us,ppa_blend_us,panel_submit_us,ppa_fill_us,ppa_srm_us,ppa_total_us,clear_cache_sync_us,convert_cache_sync_us,flush_cache_sync_us,cache_sync_total_us,display_lock_wait_us,flush_total_us,frame_total_us,dirty_x,dirty_y,dirty_w,dirty_h,frame_drop,slot_miss,lock_skip,deadline_miss,backend,convert_us,keypoint_us,visual_transform_us,stretch_us,vertex_transform_us,uv_update_us,trig_cache_hit,trig_cache_miss
L2D_SUMMARY_HEADER,scenario,scale_q100,round,metric,count,avg,p50,p95,p99,min,max,backend
L2D_ROI_HEADER,frame_id,scenario,scale_q100,round,frame,current_valid,current_min_x,current_min_y,current_max_x,current_max_y,current_w,current_h,current_area,previous_valid,previous_min_x,previous_min_y,previous_max_x,previous_max_y,union_min_x,union_min_y,union_max_x,union_max_y,union_w,union_h,union_area,current_area_ratio_q10000,union_area_ratio_q10000,force_full
L2D_SUMMARY,LOAD,0,0,load_us,1,277560,277560,277560,277560,277560,277560,0
I (2748) l2d_profile: profile suite: stage=0 rounds=1 frames=50
I (2754) live2d_engine: Internal render scale set to 1.000
L2D_FRAME,6,STATIC,100,1,5,0,9,39,91,2,1096,15605,30,21739,34,5450,0,164,1069,4381,5450,18,0,12,30,22,207,21980,0,0,320,320,0,0,0,0,0,4422,0,0,0,0,0,0,0
L2D_FRAME,7,STATIC,100,1,6,0,9,45,91,1,1099,15626,22,21895,26,5558,0,147,1065,4493,5558,11,0,11,22,23,192,22113,0,0,320,320,0,0,0,0,0,4527,0,0,0,0,0,0,0
L2D_FRAME,8,STATIC,100,1,7,0,9,49,88,2,1084,15545,23,21846,26,5585,0,164,1057,4528,5585,11,0,12,23,22,214,22086,0,0,320,320,0,0,0,0,0,4565,0,0,0,0,0,0,0
L2D_FRAME,9,STATIC,100,1,8,0,9,39,97,2,1094,15605,21,21980,29,5699,0,153,1073,4626,5699,12,0,9,21,22,199,22208,0,0,320,320,0,0,0,0,0,4659,0,0,0,0,0,0,0
L2D_FRAME,10,STATIC,100,1,9,0,8,40,93,2,1105,15521,22,21977,26,5783,0,136,1078,4705,5783,11,0,11,22,23,185,22188,0,0,320,320,0,0,0,0,0,4740,0,0,0,0,0,0,0
L2D_FRAME,11,STATIC,100,1,10,0,9,39,94,2,1095,15506,22,21885,19,5704,0,160,1068,4636,5704,11,0,11,22,30,211,22115,0,0,320,320,0,0,0,0,0,4670,0,0,0,0,0,0,0
L2D_FRAME,12,STATIC,100,1,11,0,9,43,123,1,1103,15576,32,21980,24,5659,0,145,1067,4592,5659,20,0,12,32,23,189,22193,0,0,320,320,0,0,0,0,0,4632,0,0,0,0,0,0,0
L2D_FRAME,13,STATIC,100,1,12,0,8,50,95,2,1090,15405,22,21807,26,5712,0,157,1070,4642,5712,11,0,11,22,30,213,22046,0,0,320,320,0,0,0,0,0,4683,0,0,0,0,0,0,0
L2D_FRAME,14,STATIC,100,1,13,0,9,43,93,1,1088,15608,23,21993,26,5703,0,144,1068,4635,5703,11,0,12,23,29,195,22214,0,0,320,320,0,0,0,0,0,4676,0,0,0,0,0,0,0
L2D_FRAME,15,STATIC,100,1,14,0,9,44,94,2,1091,15461,23,21907,26,5760,0,150,1071,4689,5760,11,0,12,23,23,202,22135,0,0,320,320,0,0,0,0,0,4723,0,0,0,0,0,0,0
L2D_FRAME,16,STATIC,100,1,15,0,8,47,66,2,1019,15615,23,21913,27,5618,0,155,992,4626,5618,11,0,12,23,219,412,22352,0,0,320,320,0,0,0,0,0,4667,0,0,0,0,0,0,0
L2D_FRAME,17,STATIC,100,1,16,0,9,40,73,2,1092,15536,23,21997,27,5787,0,151,1065,4722,5787,11,0,12,23,22,194,22218,0,0,320,320,0,0,0,0,0,4756,0,0,0,0,0,0,0
L2D_FRAME,18,STATIC,100,1,17,0,8,41,98,2,920,15621,30,21837,26,5518,0,153,893,4625,5518,11,0,19,30,231,415,22278,0,0,320,320,0,0,0,0,0,4658,0,0,0,0,0,0,0
L2D_FRAME,19,STATIC,100,1,18,0,8,47,68,2,991,15541,29,21870,26,5658,0,150,957,4701,5658,18,0,11,29,30,201,22097,0,0,320,320,0,0,0,0,0,4735,0,0,0,0,0,0,0
L2D_FRAME,20,STATIC,100,1,19,0,8,51,97,2,924,15583,30,21767,33,5467,0,147,897,4570,5467,18,0,12,30,225,393,22193,0,0,320,320,0,0,0,0,0,4603,0,0,0,0,0,0,0
L2D_FRAME,21,STATIC,100,1,20,0,8,43,124,2,1124,15641,32,21815,26,5458,0,159,1088,4370,5458,20,0,12,32,29,209,22050,0,0,320,320,0,0,0,0,0,4404,0,0,0,0,0,0,0
L2D_FRAME,22,STATIC,100,1,21,0,9,44,91,2,1099,15492,29,21635,38,5433,0,149,1063,4370,5433,20,0,9,29,23,195,21868,0,0,320,320,0,0,0,0,0,4405,0,0,0,0,0,0,0
L2D_FRAME,23,STATIC,100,1,22,0,9,40,122,2,1106,15619,23,21767,26,5447,0,161,1079,4368,5447,11,0,12,23,29,212,22005,0,0,320,320,0,0,0,0,0,4402,0,0,0,0,0,0,0
L2D_FRAME,24,STATIC,100,1,23,0,9,44,92,2,1103,15515,31,21665,26,5440,0,146,1067,4373,5440,20,0,11,31,23,189,21880,0,0,320,320,0,0,0,0,0,4407,0,0,0,0,0,0,0
L2D_FRAME,25,STATIC,100,1,24,0,9,44,129,1,1104,15580,23,21744,20,5452,0,175,1078,4374,5452,11,0,12,23,22,220,21984,0,0,320,320,0,0,0,0,0,4408,0,0,0,0,0,0,0
L2D_FRAME,26,STATIC,100,1,25,0,9,39,91,1,1082,15542,22,21655,31,5434,0,164,1062,4372,5434,12,0,10,22,23,216,21902,0,0,320,320,0,0,0,0,0,4407,0,0,0,0,0,0,0
L2D_FRAME,27,STATIC,100,1,26,0,8,40,90,1,1100,15637,20,21752,31,5449,0,145,1080,4369,5449,11,0,9,20,23,198,21981,0,0,320,320,0,0,0,0,0,4403,0,0,0,0,0,0,0
L2D_FRAME,28,STATIC,100,1,27,0,8,40,92,2,1082,15557,21,21864,38,5620,0,143,1062,4558,5620,11,0,10,21,23,184,22086,0,0,320,320,0,0,0,0,0,4598,0,0,0,0,0,0,0
L2D_FRAME,29,STATIC,100,1,28,0,9,40,91,2,1088,15605,20,21893,38,5595,0,147,1068,4527,5595,11,0,9,20,219,383,22314,0,0,320,320,0,0,0,0,0,4568,0,0,0,0,0,0,0
L2D_FRAME,30,STATIC,100,1,29,0,9,36,89,1,1113,15606,22,21956,26,5678,0,147,1086,4592,5678,11,0,11,22,23,192,22174,0,0,320,320,0,0,0,0,0,4626,0,0,0,0,0,0,0
L2D_FRAME,31,STATIC,100,1,30,0,8,39,93,1,1080,15692,23,22049,19,5686,0,155,1060,4626,5686,11,0,12,23,90,270,22338,0,0,320,320,0,0,0,0,0,4660,0,0,0,0,0,0,0
L2D_FRAME,32,STATIC,100,1,31,0,9,40,96,2,1089,15553,24,21903,26,5653,0,146,1068,4585,5653,12,0,12,24,38,204,22133,0,0,320,320,0,0,0,0,0,4625,0,0,0,0,0,0,0
L2D_FRAME,33,STATIC,100,1,32,0,9,40,89,1,1102,15609,30,22016,19,5713,0,157,1068,4645,5713,18,0,12,30,82,262,22297,0,0,320,320,0,0,0,0,0,4687,0,0,0,0,0,0,0
L2D_FRAME,34,STATIC,100,1,33,0,8,39,91,2,1108,15515,23,21981,31,5801,0,152,1081,4720,5801,12,0,11,23,23,195,22207,0,0,320,320,0,0,0,0,0,4755,0,0,0,0,0,0,0
L2D_FRAME,35,STATIC,100,1,34,0,9,47,85,1,1103,15570,29,21960,35,5707,0,151,1076,4631,5707,18,0,11,29,212,388,22383,0,0,320,320,0,0,0,0,0,4672,0,0,0,0,0,0,0
L2D_FRAME,36,STATIC,100,1,35,0,9,39,92,1,1105,15541,23,21982,33,5769,0,153,1085,4684,5769,11,0,12,23,22,197,22212,0,0,320,320,0,0,0,0,0,4718,0,0,0,0,0,0,0
L2D_FRAME,37,STATIC,100,1,36,0,18,49,87,1,1093,15576,30,21943,19,5687,0,150,1066,4621,5687,11,0,19,30,218,397,22359,0,0,320,320,0,0,0,0,0,4654,0,0,0,0,0,0,0
L2D_FRAME,38,STATIC,100,1,37,0,8,47,89,2,1105,15516,30,21991,34,5774,0,159,1078,4696,5774,18,0,12,30,23,208,22233,0,0,320,320,0,0,0,0,0,4743,0,0,0,0,0,0,0
L2D_FRAME,39,STATIC,100,1,38,0,9,40,88,1,1102,15521,22,21903,26,5712,0,152,1076,4636,5712,11,0,11,22,37,209,22138,0,0,320,320,0,0,0,0,0,4670,0,0,0,0,0,0,0
L2D_FRAME,40,STATIC,100,1,39,0,9,39,94,1,1094,15560,20,21967,39,5697,0,152,1067,4630,5697,11,0,9,20,22,192,22198,0,0,320,320,0,0,0,0,0,4664,0,0,0,0,0,0,0
L2D_FRAME,41,STATIC,100,1,40,0,9,40,93,2,1087,15436,23,21811,27,5699,0,161,1069,4630,5699,11,0,12,23,29,210,22048,0,0,320,320,0,0,0,0,0,4663,0,0,0,0,0,0,0
L2D_FRAME,42,STATIC,100,1,41,0,8,40,98,2,1096,15565,27,21955,29,5691,0,145,1070,4621,5691,17,0,10,27,30,199,22183,0,0,320,320,0,0,0,0,0,4662,0,0,0,0,0,0,0
L2D_FRAME,43,STATIC,100,1,42,0,8,42,95,2,1093,15454,22,21919,27,5761,0,154,1066,4695,5761,11,0,11,22,30,210,22156,0,0,320,320,0,0,0,0,0,4732,0,0,0,0,0,0,0
L2D_FRAME,44,STATIC,100,1,43,0,8,40,72,2,1024,15607,30,21929,26,5629,0,168,997,4632,5629,18,0,12,30,217,410,22365,0,0,320,320,0,0,0,0,0,4673,0,0,0,0,0,0,0
L2D_FRAME,45,STATIC,100,1,44,0,9,40,73,2,1088,15550,23,21989,27,5764,0,138,1068,4696,5764,11,0,12,23,23,181,22197,0,0,320,320,0,0,0,0,0,4738,0,0,0,0,0,0,0
L2D_FRAME,46,STATIC,100,1,45,0,8,39,97,2,901,15623,36,21837,46,5504,0,151,867,4637,5504,19,0,17,36,212,400,22283,0,0,320,320,0,0,0,0,0,4678,0,0,0,0,0,0,0
L2D_FRAME,47,STATIC,100,1,46,0,9,40,73,2,966,15542,30,21844,19,5621,0,171,939,4682,5621,18,0,12,30,29,221,22084,0,0,320,320,0,0,0,0,0,4716,0,0,0,0,0,0,0
L2D_FRAME,48,STATIC,100,1,47,0,9,40,101,2,958,15628,33,21804,26,5486,0,150,927,4559,5486,22,0,11,33,212,383,22213,0,0,320,320,0,0,0,0,0,4600,0,0,0,0,0,0,0
L2D_FRAME,49,STATIC,100,1,48,0,9,40,128,1,1099,15617,21,21767,31,5433,0,168,1072,4361,5433,11,0,10,21,22,209,22007,0,0,320,320,0,0,0,0,0,4402,0,0,0,0,0,0,0
L2D_FRAME,50,STATIC,100,1,49,0,9,44,93,2,1115,15526,33,21687,34,5452,0,143,1078,4374,5452,21,0,12,33,22,186,21907,0,0,320,320,0,0,0,0,0,4409,0,0,0,0,0,0,0
L2D_FRAME,51,STATIC,100,1,50,0,9,43,92,2,1091,15563,28,21674,31,5427,0,153,1064,4363,5427,18,0,10,28,22,193,21898,0,0,320,320,0,0,0,0,0,4397,0,0,0,0,0,0,0
L2D_FRAME,52,STATIC,100,1,51,0,8,40,97,2,1086,15564,21,21729,33,5478,0,146,1067,4411,5478,10,0,11,21,23,189,21951,0,0,320,320,0,0,0,0,0,4446,0,0,0,0,0,0,0
L2D_FRAME,53,STATIC,100,1,52,0,8,41,96,1,1090,15610,20,21870,29,5560,0,140,1064,4496,5560,11,0,9,20,222,387,22286,0,0,320,320,0,0,0,0,0,4530,0,0,0,0,0,0,0
L2D_FRAME,54,STATIC,100,1,53,0,8,42,90,2,1087,15595,23,21803,26,5509,0,167,1067,4442,5509,11,0,12,23,22,212,22041,0,0,320,320,0,0,0,0,0,4483,0,0,0,0,0,0,0
L2D_FRAME,55,STATIC,100,1,54,0,8,39,89,2,1090,15597,23,21864,26,5591,0,151,1063,4528,5591,11,0,12,23,29,201,22091,0,0,320,320,0,0,0,0,0,4563,0,0,0,0,0,0,0
L2D_ROI,6,STATIC,100,1,5,1,59,14,257,298,199,285,56715,1,59,14,257,298,59,14,257,298,199,285,56715,5538,5538,0
L2D_ROI,7,STATIC,100,1,6,1,59,14,257,298,199,285,56715,1,59,14,257,298,59,14,257,298,199,285,56715,5538,5538,0
L2D_ROI,8,STATIC,100,1,7,1,59,14,257,298,199,285,56715,1,59,14,257,298,59,14,257,298,199,285,56715,5538,5538,0
L2D_ROI,9,STATIC,100,1,8,1,59,14,257,298,199,285,56715,1,59,14,257,298,59,14,257,298,199,285,56715,5538,5538,0
L2D_ROI,10,STATIC,100,1,9,1,59,14,257,298,199,285,56715,1,59,14,257,298,59,14,257,298,199,285,56715,5538,5538,0
L2D_ROI,11,STATIC,100,1,10,1,59,14,257,298,199,285,56715,1,59,14,257,298,59,14,257,298,199,285,56715,5538,5538,0
L2D_ROI,12,STATIC,100,1,11,1,59,14,257,298,199,285,56715,1,59,14,257,298,59,14,257,298,199,285,56715,5538,5538,0
L2D_ROI,13,STATIC,100,1,12,1,59,14,257,298,199,285,56715,1,59,14,257,298,59,14,257,298,199,285,56715,5538,5538,0
L2D_ROI,14,STATIC,100,1,13,1,59,14,257,298,199,285,56715,1,59,14,257,298,59,14,257,298,199,285,56715,5538,5538,0
L2D_ROI,15,STATIC,100,1,14,1,59,14,257,298,199,285,56715,1,59,14,257,298,59,14,257,298,199,285,56715,5538,5538,0
L2D_ROI,16,STATIC,100,1,15,1,59,14,257,298,199,285,56715,1,59,14,257,298,59,14,257,298,199,285,56715,5538,5538,0
L2D_ROI,17,STATIC,100,1,16,1,59,14,257,298,199,285,56715,1,59,14,257,298,59,14,257,298,199,285,56715,5538,5538,0
L2D_ROI,18,STATIC,100,1,17,1,59,14,257,298,199,285,56715,1,59,14,257,298,59,14,257,298,199,285,56715,5538,5538,0
L2D_ROI,19,STATIC,100,1,18,1,59,14,257,298,199,285,56715,1,59,14,257,298,59,14,257,298,199,285,56715,5538,5538,0
L2D_ROI,20,STATIC,100,1,19,1,59,14,257,298,199,285,56715,1,59,14,257,298,59,14,257,298,199,285,56715,5538,5538,0
L2D_ROI,21,STATIC,100,1,20,1,59,14,257,298,199,285,56715,1,59,14,257,298,59,14,257,298,199,285,56715,5538,5538,0
L2D_ROI,22,STATIC,100,1,21,1,59,14,257,298,199,285,56715,1,59,14,257,298,59,14,257,298,199,285,56715,5538,5538,0
L2D_ROI,23,STATIC,100,1,22,1,59,14,257,298,199,285,56715,1,59,14,257,298,59,14,257,298,199,285,56715,5538,5538,0
L2D_ROI,24,STATIC,100,1,23,1,59,14,257,298,199,285,56715,1,59,14,257,298,59,14,257,298,199,285,56715,5538,5538,0
L2D_ROI,25,STATIC,100,1,24,1,59,14,257,298,199,285,56715,1,59,14,257,298,59,14,257,298,199,285,56715,5538,5538,0
L2D_ROI,26,STATIC,100,1,25,1,59,14,257,298,199,285,56715,1,59,14,257,298,59,14,257,298,199,285,56715,5538,5538,0
L2D_ROI,27,STATIC,100,1,26,1,59,14,257,298,199,285,56715,1,59,14,257,298,59,14,257,298,199,285,56715,5538,5538,0
L2D_ROI,28,STATIC,100,1,27,1,59,14,257,298,199,285,56715,1,59,14,257,298,59,14,257,298,199,285,56715,5538,5538,0
L2D_ROI,29,STATIC,100,1,28,1,59,14,257,298,199,285,56715,1,59,14,257,298,59,14,257,298,199,285,56715,5538,5538,0
L2D_ROI,30,STATIC,100,1,29,1,59,14,257,298,199,285,56715,1,59,14,257,298,59,14,257,298,199,285,56715,5538,5538,0
L2D_ROI,31,STATIC,100,1,30,1,59,14,257,298,199,285,56715,1,59,14,257,298,59,14,257,298,199,285,56715,5538,5538,0
L2D_ROI,32,STATIC,100,1,31,1,59,14,257,298,199,285,56715,1,59,14,257,298,59,14,257,298,199,285,56715,5538,5538,0
L2D_ROI,33,STATIC,100,1,32,1,59,14,257,298,199,285,56715,1,59,14,257,298,59,14,257,298,199,285,56715,5538,5538,0
L2D_ROI,34,STATIC,100,1,33,1,59,14,257,298,199,285,56715,1,59,14,257,298,59,14,257,298,199,285,56715,5538,5538,0
L2D_ROI,35,STATIC,100,1,34,1,59,14,257,298,199,285,56715,1,59,14,257,298,59,14,257,298,199,285,56715,5538,5538,0
L2D_ROI,36,STATIC,100,1,35,1,59,14,257,298,199,285,56715,1,59,14,257,298,59,14,257,298,199,285,56715,5538,5538,0
L2D_ROI,37,STATIC,100,1,36,1,59,14,257,298,199,285,56715,1,59,14,257,298,59,14,257,298,199,285,56715,5538,5538,0
L2D_ROI,38,STATIC,100,1,37,1,59,14,257,298,199,285,56715,1,59,14,257,298,59,14,257,298,199,285,56715,5538,5538,0
L2D_ROI,39,STATIC,100,1,38,1,59,14,257,298,199,285,56715,1,59,14,257,298,59,14,257,298,199,285,56715,5538,5538,0
L2D_ROI,40,STATIC,100,1,39,1,59,14,257,298,199,285,56715,1,59,14,257,298,59,14,257,298,199,285,56715,5538,5538,0
L2D_ROI,41,STATIC,100,1,40,1,59,14,257,298,199,285,56715,1,59,14,257,298,59,14,257,298,199,285,56715,5538,5538,0
L2D_ROI,42,STATIC,100,1,41,1,59,14,257,298,199,285,56715,1,59,14,257,298,59,14,257,298,199,285,56715,5538,5538,0
L2D_ROI,43,STATIC,100,1,42,1,59,14,257,298,199,285,56715,1,59,14,257,298,59,14,257,298,199,285,56715,5538,5538,0
L2D_ROI,44,STATIC,100,1,43,1,59,14,257,298,199,285,56715,1,59,14,257,298,59,14,257,298,199,285,56715,5538,5538,0
L2D_ROI,45,STATIC,100,1,44,1,59,14,257,298,199,285,56715,1,59,14,257,298,59,14,257,298,199,285,56715,5538,5538,0
L2D_ROI,46,STATIC,100,1,45,1,59,14,257,298,199,285,56715,1,59,14,257,298,59,14,257,298,199,285,56715,5538,5538,0
L2D_ROI,47,STATIC,100,1,46,1,59,14,257,298,199,285,56715,1,59,14,257,298,59,14,257,298,199,285,56715,5538,5538,0
L2D_ROI,48,STATIC,100,1,47,1,59,14,257,298,199,285,56715,1,59,14,257,298,59,14,257,298,199,285,56715,5538,5538,0
L2D_ROI,49,STATIC,100,1,48,1,59,14,257,298,199,285,56715,1,59,14,257,298,59,14,257,298,199,285,56715,5538,5538,0
L2D_ROI,50,STATIC,100,1,49,1,59,14,257,298,199,285,56715,1,59,14,257,298,59,14,257,298,199,285,56715,5538,5538,0
L2D_ROI,51,STATIC,100,1,50,1,59,14,257,298,199,285,56715,1,59,14,257,298,59,14,257,298,199,285,56715,5538,5538,0
L2D_ROI,52,STATIC,100,1,51,1,59,14,257,298,199,285,56715,1,59,14,257,298,59,14,257,298,199,285,56715,5538,5538,0
L2D_ROI,53,STATIC,100,1,52,1,59,14,257,298,199,285,56715,1,59,14,257,298,59,14,257,298,199,285,56715,5538,5538,0
L2D_ROI,54,STATIC,100,1,53,1,59,14,257,298,199,285,56715,1,59,14,257,298,59,14,257,298,199,285,56715,5538,5538,0
L2D_ROI,55,STATIC,100,1,54,1,59,14,257,298,199,285,56715,1,59,14,257,298,59,14,257,298,199,285,56715,5538,5538,0
L2D_SUMMARY,STATIC,100,1,slot_wait_us,50,0.00,0,0,0,0,0,0
L2D_SUMMARY,STATIC,100,1,controller_us,50,8.78,9,9,18,8,18,0
L2D_SUMMARY,STATIC,100,1,rt30_us,50,41.92,40,49,51,36,51,0
L2D_SUMMARY,STATIC,100,1,hierarchy_vertex_us,50,93.26,92,124,129,66,129,0
L2D_SUMMARY,STATIC,100,1,bounds_us,50,1.68,2,2,2,1,2,0
L2D_SUMMARY,STATIC,100,1,clear_us,50,1074.88,1092,1113,1124,901,1124,0
L2D_SUMMARY,STATIC,100,1,raster_us,50,15565.56,15565,15637,15692,15405,15692,0
I (5784) l2d_profile: STATIC scale=100 round=1 raster_us avg=15566 p95=15637 p99=15692 max=15692
L2D_SUMMARY,STATIC,100,1,convert_us,50,4597.68,4654,4743,4756,4397,4756,0
L2D_SUMMARY,STATIC,100,1,cache_sync_us,50,25.30,23,33,36,20,36,0
L2D_SUMMARY,STATIC,100,1,producer_total_us,50,21866.32,21870,21997,22049,21635,22049,0
I (5813) l2d_profile: STATIC scale=100 round=1 producer_total_us avg=21866 p95=21997 p99=22049 max=22049
L2D_SUMMARY,STATIC,100,1,publish_consume_us,50,28.38,26,38,46,19,46,0
L2D_SUMMARY,STATIC,100,1,ppa_wait_us,50,5609.42,5621,5783,5801,5427,5801,0
L2D_SUMMARY,STATIC,100,1,ppa_blend_us,50,0.00,0,0,0,0,0,0
L2D_SUMMARY,STATIC,100,1,panel_submit_us,50,152.90,151,168,175,136,175,0
L2D_SUMMARY,STATIC,100,1,frame_drop,50,0.00,0,0,0,0,0,0
L2D_SUMMARY,STATIC,100,1,ppa_fill_us,50,1048.52,1067,1085,1088,867,1088,0
L2D_SUMMARY,STATIC,100,1,ppa_srm_us,50,4560.90,4621,4705,4722,4361,4722,0
L2D_SUMMARY,STATIC,100,1,ppa_total_us,50,5609.42,5621,5783,5801,5427,5801,0
L2D_SUMMARY,STATIC,100,1,clear_cache_sync_us,50,13.74,11,20,22,10,22,0
L2D_SUMMARY,STATIC,100,1,convert_cache_sync_us,50,0.00,0,0,0,0,0,0
L2D_SUMMARY,STATIC,100,1,flush_cache_sync_us,50,11.56,12,17,19,9,19,0
L2D_SUMMARY,STATIC,100,1,cache_sync_total_us,50,25.30,23,33,36,20,36,0
L2D_SUMMARY,STATIC,100,1,display_lock_wait_us,50,66.44,23,222,231,22,231,0
L2D_SUMMARY,STATIC,100,1,flush_total_us,50,242.66,208,410,415,181,415,0
L2D_SUMMARY,STATIC,100,1,frame_total_us,50,22137.36,22138,22359,22383,21868,22383,0
L2D_SUMMARY,STATIC,100,1,keypoint_us,50,0.00,0,0,0,0,0,0
L2D_SUMMARY,STATIC,100,1,visual_transform_us,50,0.00,0,0,0,0,0,0
L2D_SUMMARY,STATIC,100,1,stretch_us,50,0.00,0,0,0,0,0,0
L2D_SUMMARY,STATIC,100,1,vertex_transform_us,50,0.00,0,0,0,0,0,0
L2D_SUMMARY,STATIC,100,1,uv_update_us,50,0.00,0,0,0,0,0,0
L2D_SUMMARY,STATIC,100,1,trig_cache_hit,50,0.00,0,0,0,0,0,0
L2D_SUMMARY,STATIC,100,1,trig_cache_miss,50,0.00,0,0,0,0,0,0
L2D_SUMMARY,STATIC,100,1,slot_miss,50,0.00,0,0,0,0,0,0
L2D_SUMMARY,STATIC,100,1,lock_skip,50,0.00,0,0,0,0,0,0
L2D_SUMMARY,STATIC,100,1,deadline_miss,50,0.00,0,0,0,0,0,0
L2D_SUMMARY,STATIC,100,1,roi.current_area,50,56715.00,56715,56715,56715,56715,56715,0
L2D_SUMMARY,STATIC,100,1,roi.union_area,50,56715.00,56715,56715,56715,56715,56715,0
L2D_SUMMARY,STATIC,100,1,roi.current_area_ratio_q10000,50,5538.00,5538,5538,5538,5538,5538,0
L2D_SUMMARY,STATIC,100,1,roi.union_area_ratio_q10000,50,5538.00,5538,5538,5538,5538,5538,0
L2D_SUMMARY,STATIC,100,1,roi.current_w,50,199.00,199,199,199,199,199,0
L2D_SUMMARY,STATIC,100,1,roi.current_h,50,285.00,285,285,285,285,285,0
L2D_SUMMARY,STATIC,100,1,roi.union_w,50,199.00,199,199,199,199,199,0
L2D_SUMMARY,STATIC,100,1,roi.union_h,50,285.00,285,285,285,285,285,0
I (6024) l2d_profile: done STATIC scale=100 round=1
L2D_FRAME,61,EYE_L_SWEEP,100,1,5,0,50,466,1169,2,1099,15477,21,23419,38,5735,0,156,1078,4657,5735,12,0,9,21,23,197,23654,0,0,320,320,0,0,0,0,0,4698,0,0,0,0,0,51,0
L2D_FRAME,62,EYE_L_SWEEP,100,1,6,0,52,457,1162,2,1102,15453,23,23432,26,5779,0,156,1082,4697,5779,11,0,12,23,22,200,23658,0,0,320,320,0,0,0,0,0,4738,0,0,0,0,0,51,0
L2D_FRAME,63,EYE_L_SWEEP,100,1,7,0,50,451,1187,1,1116,15485,23,23418,19,5725,0,149,1089,4636,5725,11,0,12,23,30,200,23637,0,0,320,320,0,0,0,0,0,4669,0,0,0,0,0,51,0
L2D_FRAME,64,EYE_L_SWEEP,100,1,8,0,50,451,1163,2,1094,15418,28,23314,18,5706,0,152,1060,4646,5706,19,0,9,28,22,200,23532,0,0,320,320,0,0,0,0,0,4679,0,0,0,0,0,51,0
L2D_FRAME,65,EYE_L_SWEEP,100,1,9,0,52,454,1166,2,1102,15413,21,23320,21,5714,0,165,1075,4639,5714,11,0,10,21,58,246,23587,0,0,320,320,0,0,0,0,0,4680,0,0,0,0,0,51,0
L2D_FRAME,66,EYE_L_SWEEP,100,1,10,0,50,486,1158,1,1090,15390,21,23316,21,5711,0,167,1070,4641,5711,11,0,10,21,22,217,23554,0,0,320,320,0,0,0,0,0,4681,0,0,0,0,0,51,0
L2D_FRAME,67,EYE_L_SWEEP,100,1,11,0,52,445,1160,2,1089,15412,20,23349,24,5750,0,152,1069,4681,5750,11,0,9,20,23,198,23571,0,0,320,320,0,0,0,0,0,4714,0,0,0,0,0,51,0
L2D_FRAME,68,EYE_L_SWEEP,100,1,12,0,51,453,1196,1,1093,15451,30,23385,26,5713,0,157,1066,4647,5713,18,0,12,30,30,206,23617,0,0,320,320,0,0,0,0,0,4680,0,0,0,0,0,51,0
L2D_FRAME,69,EYE_L_SWEEP,100,1,13,0,50,438,1166,1,1109,15362,29,23257,26,5716,0,155,1082,4634,5716,18,0,11,29,30,206,23489,0,0,320,320,0,0,0,0,0,4667,0,0,0,0,0,51,0
L2D_FRAME,70,EYE_L_SWEEP,100,1,14,0,52,442,1164,2,1103,15364,33,23194,19,5619,0,182,1074,4545,5619,22,0,11,33,30,238,23451,0,0,320,320,0,0,0,0,0,4580,0,0,0,0,0,51,0
L2D_FRAME,71,EYE_L_SWEEP,100,1,15,0,51,482,1160,1,1119,15444,32,23309,26,5614,0,150,1083,4531,5614,21,0,11,32,23,196,23531,0,0,320,320,0,0,0,0,0,4571,0,0,0,0,0,51,0
L2D_FRAME,72,EYE_L_SWEEP,100,1,16,0,51,444,1161,2,1090,15396,23,23247,26,5667,0,147,1064,4603,5667,11,0,12,23,23,193,23466,0,0,320,320,0,0,0,0,0,4643,0,0,0,0,0,51,0
L2D_FRAME,73,EYE_L_SWEEP,100,1,17,0,51,441,1198,1,1106,15484,23,23304,19,5607,0,144,1079,4528,5607,11,0,12,23,29,195,23518,0,0,320,320,0,0,0,0,0,4561,0,0,0,0,0,51,0
L2D_FRAME,74,EYE_L_SWEEP,100,1,18,0,51,446,1161,2,1084,15439,23,23094,26,5475,0,147,1064,4411,5475,11,0,12,23,86,265,23385,0,0,320,320,0,0,0,0,0,4445,0,0,0,0,0,51,0
L2D_FRAME,75,EYE_L_SWEEP,100,1,19,0,52,450,1162,1,1109,15498,23,23162,26,5474,0,190,1082,4392,5474,11,0,12,23,23,236,23424,0,0,320,320,0,0,0,0,0,4426,0,0,0,0,0,51,0
L2D_FRAME,76,EYE_L_SWEEP,100,1,20,0,50,484,1166,1,1091,15504,23,23161,34,5442,0,163,1064,4378,5442,11,0,12,23,23,207,23402,0,0,320,320,0,0,0,0,0,4411,0,0,0,0,0,51,0
L2D_FRAME,77,EYE_L_SWEEP,100,1,21,0,52,438,1164,1,1096,15462,21,23127,31,5497,0,145,1075,4422,5497,12,0,9,21,23,184,23342,0,0,320,320,0,0,0,0,0,4463,0,0,0,0,0,51,0
L2D_FRAME,78,EYE_L_SWEEP,100,1,22,0,59,449,1190,1,1092,15529,22,23183,26,5438,0,156,1065,4373,5438,11,0,11,22,23,201,23410,0,0,320,320,0,0,0,0,0,4407,0,0,0,0,0,51,0
L2D_FRAME,79,EYE_L_SWEEP,100,1,23,0,62,467,1162,1,1113,15448,22,23135,19,5467,0,153,1079,4388,5467,11,0,11,22,23,198,23352,0,0,320,320,0,0,0,0,0,4422,0,0,0,0,0,51,0
L2D_FRAME,80,EYE_L_SWEEP,100,1,24,0,50,455,1154,1,1050,15619,21,23189,31,5397,0,179,1022,4375,5397,12,0,9,21,23,219,23439,0,0,320,320,0,0,0,0,0,4416,0,0,0,0,0,51,0
L2D_FRAME,81,EYE_L_SWEEP,100,1,25,0,59,481,1165,1,952,15613,34,23143,19,5323,0,148,921,4402,5323,22,0,12,34,29,199,23361,0,0,320,320,0,0,0,0,0,4435,0,0,0,0,0,51,0
L2D_FRAME,82,EYE_L_SWEEP,100,1,26,0,50,455,1170,2,889,15578,29,23073,26,5306,0,156,855,4451,5306,18,0,11,29,30,206,23305,0,0,320,320,0,0,0,0,0,4491,0,0,0,0,0,51,0
L2D_FRAME,83,EYE_L_SWEEP,100,1,27,0,50,452,1195,2,972,15691,30,23218,26,5299,0,145,930,4369,5299,19,0,11,30,23,189,23433,0,0,320,320,0,0,0,0,0,4402,0,0,0,0,0,51,0
L2D_FRAME,84,EYE_L_SWEEP,100,1,28,0,51,442,1166,2,1043,15587,22,23157,26,5412,0,156,1016,4396,5412,11,0,11,22,30,212,23395,0,0,320,320,0,0,0,0,0,4429,0,0,0,0,0,51,0
L2D_FRAME,85,EYE_L_SWEEP,100,1,29,0,52,438,1156,1,1112,15601,53,23335,26,5558,0,149,1091,4467,5558,12,0,41,53,23,222,23583,0,0,320,320,0,0,0,0,0,4508,0,0,0,0,0,51,0
L2D_FRAME,86,EYE_L_SWEEP,100,1,30,0,50,476,1166,1,1107,15536,24,23384,27,5648,0,159,1080,4568,5648,12,0,12,24,22,204,23615,0,0,320,320,0,0,0,0,0,4609,0,0,0,0,0,51,0
L2D_FRAME,87,EYE_L_SWEEP,100,1,31,0,51,451,1166,2,1102,15543,23,23475,27,5760,0,160,1082,4678,5760,11,0,12,23,22,205,23707,0,0,320,320,0,0,0,0,0,4720,0,0,0,0,0,51,0
L2D_FRAME,88,EYE_L_SWEEP,100,1,32,0,53,442,1204,2,1099,15576,22,23521,26,5728,0,174,1072,4656,5728,11,0,11,22,23,223,23770,0,0,320,320,0,0,0,0,0,4689,0,0,0,0,0,51,0
L2D_FRAME,89,EYE_L_SWEEP,100,1,33,0,50,461,1169,1,1103,15500,20,23395,31,5708,0,160,1083,4625,5708,11,0,9,20,23,200,23626,0,0,320,320,0,0,0,0,0,4658,0,0,0,0,0,51,0
L2D_FRAME,90,EYE_L_SWEEP,100,1,34,0,50,449,1176,1,1088,15513,22,23438,26,5738,0,155,1068,4670,5738,11,0,11,22,23,201,23665,0,0,320,320,0,0,0,0,0,4704,0,0,0,0,0,51,0
L2D_FRAME,91,EYE_L_SWEEP,100,1,35,0,52,483,1164,2,1109,15396,22,23337,26,5726,0,156,1082,4644,5726,11,0,11,22,23,200,23563,0,0,320,320,0,0,0,0,0,4677,0,0,0,0,0,51,0
L2D_FRAME,92,EYE_L_SWEEP,100,1,36,0,50,455,1164,1,1097,15402,30,23367,26,5773,0,149,1063,4710,5773,18,0,12,30,23,195,23588,0,0,320,320,0,0,0,0,0,4744,0,0,0,0,0,51,0
L2D_FRAME,93,EYE_L_SWEEP,100,1,37,0,50,452,1202,1,1110,15490,23,23435,27,5715,0,156,1083,4632,5715,11,0,12,23,22,201,23663,0,0,320,320,0,0,0,0,0,4672,0,0,0,0,0,51,0
L2D_FRAME,94,EYE_L_SWEEP,100,1,38,0,50,434,1161,2,1111,15313,29,23207,26,5708,0,156,1070,4638,5708,18,0,11,29,30,206,23439,0,0,320,320,0,0,0,0,0,4672,0,0,0,0,0,51,0
L2D_FRAME,95,EYE_L_SWEEP,100,1,39,0,50,440,1162,2,1112,15332,24,23283,20,5724,0,176,1084,4640,5724,12,0,12,24,22,221,23524,0,0,320,320,0,0,0,0,0,4673,0,0,0,0,0,51,0
L2D_FRAME,96,EYE_L_SWEEP,100,1,40,0,52,477,1167,2,1112,15431,21,23385,38,5734,0,144,1084,4650,5734,12,0,9,21,23,185,23608,0,0,320,320,0,0,0,0,0,4690,0,0,0,0,0,51,0
L2D_FRAME,97,EYE_L_SWEEP,100,1,41,0,50,450,1171,1,1100,15331,22,23301,26,5784,0,149,1080,4704,5784,11,0,11,22,23,194,23521,0,0,320,320,0,0,0,0,0,4738,0,0,0,0,0,51,0
L2D_FRAME,98,EYE_L_SWEEP,100,1,42,0,52,451,1200,2,1102,15359,24,23305,26,5717,0,152,1074,4643,5717,12,0,12,24,22,197,23528,0,0,320,320,0,0,0,0,0,4676,0,0,0,0,0,51,0
L2D_FRAME,99,EYE_L_SWEEP,100,1,43,0,50,441,1158,1,1105,15289,28,23191,38,5718,0,170,1071,4647,5718,18,0,10,28,22,211,23440,0,0,320,320,0,0,0,0,0,4680,0,0,0,0,0,51,0
L2D_FRAME,100,EYE_L_SWEEP,100,1,44,0,51,441,1162,2,1095,15469,24,23399,24,5724,0,160,1074,4650,5724,12,0,12,24,23,203,23626,0,0,320,320,0,0,0,0,0,4690,0,0,0,0,0,51,0
L2D_FRAME,101,EYE_L_SWEEP,100,1,45,0,50,470,1168,2,1101,15383,24,23318,20,5717,0,159,1080,4637,5717,12,0,12,24,22,204,23542,0,0,320,320,0,0,0,0,0,4678,0,0,0,0,0,51,0
L2D_FRAME,102,EYE_L_SWEEP,100,1,46,0,50,449,1165,1,1095,15429,23,23404,27,5776,0,160,1076,4700,5776,11,0,12,23,22,203,23634,0,0,320,320,0,0,0,0,0,4733,0,0,0,0,0,51,0
L2D_FRAME,103,EYE_L_SWEEP,100,1,47,0,50,445,1187,1,1111,15491,23,23415,26,5721,0,153,1090,4631,5721,12,0,11,23,23,198,23639,0,0,320,320,0,0,0,0,0,4671,0,0,0,0,0,51,0
L2D_FRAME,104,EYE_L_SWEEP,100,1,48,0,51,450,1166,1,1100,15421,20,23312,32,5709,0,159,1073,4636,5709,11,0,9,20,22,205,23549,0,0,320,320,0,0,0,0,0,4669,0,0,0,0,0,51,0
L2D_FRAME,105,EYE_L_SWEEP,100,1,49,0,51,451,1165,2,1097,15492,20,23435,24,5748,0,149,1070,4678,5748,11,0,9,20,23,190,23649,0,0,320,320,0,0,0,0,0,4711,0,0,0,0,0,51,0
L2D_FRAME,106,EYE_L_SWEEP,100,1,50,0,51,479,1167,1,1090,15528,23,23458,20,5716,0,148,1070,4646,5716,11,0,12,23,22,199,23677,0,0,320,320,0,0,0,0,0,4679,0,0,0,0,0,51,0
L2D_FRAME,107,EYE_L_SWEEP,100,1,51,0,51,448,1165,2,1100,15485,23,23345,27,5662,0,152,1073,4589,5662,11,0,12,23,22,195,23567,0,0,320,320,0,0,0,0,0,4630,0,0,0,0,0,51,0
L2D_FRAME,108,EYE_L_SWEEP,100,1,52,0,51,455,1195,2,1095,15523,23,23360,26,5596,0,152,1075,4521,5596,11,0,12,23,22,201,23587,0,0,320,320,0,0,0,0,0,4554,0,0,0,0,0,51,0
L2D_FRAME,109,EYE_L_SWEEP,100,1,53,0,52,447,1161,2,1096,15503,22,23289,38,5617,0,156,1075,4542,5617,12,0,10,22,22,197,23524,0,0,320,320,0,0,0,0,0,4577,0,0,0,0,0,51,0
L2D_FRAME,110,EYE_L_SWEEP,100,1,54,0,50,457,1168,2,1107,15670,27,23482,31,5610,0,145,1073,4537,5610,18,0,9,27,23,186,23699,0,0,320,320,0,0,0,0,0,4571,0,0,0,0,0,51,0
L2D_ROI,61,EYE_L_SWEEP,100,1,5,1,59,14,257,298,199,285,56715,1,59,14,257,298,59,14,257,298,199,285,56715,5538,5538,0
L2D_ROI,62,EYE_L_SWEEP,100,1,6,1,59,14,257,298,199,285,56715,1,59,14,257,298,59,14,257,298,199,285,56715,5538,5538,0
L2D_ROI,63,EYE_L_SWEEP,100,1,7,1,59,14,257,298,199,285,56715,1,59,14,257,298,59,14,257,298,199,285,56715,5538,5538,0
L2D_ROI,64,EYE_L_SWEEP,100,1,8,1,59,14,257,298,199,285,56715,1,59,14,257,298,59,14,257,298,199,285,56715,5538,5538,0
L2D_ROI,65,EYE_L_SWEEP,100,1,9,1,59,14,257,298,199,285,56715,1,59,14,257,298,59,14,257,298,199,285,56715,5538,5538,0
L2D_ROI,66,EYE_L_SWEEP,100,1,10,1,59,14,257,298,199,285,56715,1,59,14,257,298,59,14,257,298,199,285,56715,5538,5538,0
L2D_ROI,67,EYE_L_SWEEP,100,1,11,1,59,14,257,298,199,285,56715,1,59,14,257,298,59,14,257,298,199,285,56715,5538,5538,0
L2D_ROI,68,EYE_L_SWEEP,100,1,12,1,59,14,257,298,199,285,56715,1,59,14,257,298,59,14,257,298,199,285,56715,5538,5538,0
L2D_ROI,69,EYE_L_SWEEP,100,1,13,1,59,14,257,298,199,285,56715,1,59,14,257,298,59,14,257,298,199,285,56715,5538,5538,0
L2D_ROI,70,EYE_L_SWEEP,100,1,14,1,59,14,257,298,199,285,56715,1,59,14,257,298,59,14,257,298,199,285,56715,5538,5538,0
L2D_ROI,71,EYE_L_SWEEP,100,1,15,1,59,14,257,298,199,285,56715,1,59,14,257,298,59,14,257,298,199,285,56715,5538,5538,0
L2D_ROI,72,EYE_L_SWEEP,100,1,16,1,59,14,257,298,199,285,56715,1,59,14,257,298,59,14,257,298,199,285,56715,5538,5538,0
L2D_ROI,73,EYE_L_SWEEP,100,1,17,1,59,14,257,298,199,285,56715,1,59,14,257,298,59,14,257,298,199,285,56715,5538,5538,0
L2D_ROI,74,EYE_L_SWEEP,100,1,18,1,59,14,257,298,199,285,56715,1,59,14,257,298,59,14,257,298,199,285,56715,5538,5538,0
L2D_ROI,75,EYE_L_SWEEP,100,1,19,1,59,14,257,298,199,285,56715,1,59,14,257,298,59,14,257,298,199,285,56715,5538,5538,0
L2D_ROI,76,EYE_L_SWEEP,100,1,20,1,59,14,257,298,199,285,56715,1,59,14,257,298,59,14,257,298,199,285,56715,5538,5538,0
L2D_ROI,77,EYE_L_SWEEP,100,1,21,1,59,14,257,298,199,285,56715,1,59,14,257,298,59,14,257,298,199,285,56715,5538,5538,0
L2D_ROI,78,EYE_L_SWEEP,100,1,22,1,59,14,257,298,199,285,56715,1,59,14,257,298,59,14,257,298,199,285,56715,5538,5538,0
L2D_ROI,79,EYE_L_SWEEP,100,1,23,1,59,14,257,298,199,285,56715,1,59,14,257,298,59,14,257,298,199,285,56715,5538,5538,0
L2D_ROI,80,EYE_L_SWEEP,100,1,24,1,59,14,257,298,199,285,56715,1,59,14,257,298,59,14,257,298,199,285,56715,5538,5538,0
L2D_ROI,81,EYE_L_SWEEP,100,1,25,1,59,14,257,298,199,285,56715,1,59,14,257,298,59,14,257,298,199,285,56715,5538,5538,0
L2D_ROI,82,EYE_L_SWEEP,100,1,26,1,59,14,257,298,199,285,56715,1,59,14,257,298,59,14,257,298,199,285,56715,5538,5538,0
L2D_ROI,83,EYE_L_SWEEP,100,1,27,1,59,14,257,298,199,285,56715,1,59,14,257,298,59,14,257,298,199,285,56715,5538,5538,0
L2D_ROI,84,EYE_L_SWEEP,100,1,28,1,59,14,257,298,199,285,56715,1,59,14,257,298,59,14,257,298,199,285,56715,5538,5538,0
L2D_ROI,85,EYE_L_SWEEP,100,1,29,1,59,14,257,298,199,285,56715,1,59,14,257,298,59,14,257,298,199,285,56715,5538,5538,0
L2D_ROI,86,EYE_L_SWEEP,100,1,30,1,59,14,257,298,199,285,56715,1,59,14,257,298,59,14,257,298,199,285,56715,5538,5538,0
L2D_ROI,87,EYE_L_SWEEP,100,1,31,1,59,14,257,298,199,285,56715,1,59,14,257,298,59,14,257,298,199,285,56715,5538,5538,0
L2D_ROI,88,EYE_L_SWEEP,100,1,32,1,59,14,257,298,199,285,56715,1,59,14,257,298,59,14,257,298,199,285,56715,5538,5538,0
L2D_ROI,89,EYE_L_SWEEP,100,1,33,1,59,14,257,298,199,285,56715,1,59,14,257,298,59,14,257,298,199,285,56715,5538,5538,0
L2D_ROI,90,EYE_L_SWEEP,100,1,34,1,59,14,257,298,199,285,56715,1,59,14,257,298,59,14,257,298,199,285,56715,5538,5538,0
L2D_ROI,91,EYE_L_SWEEP,100,1,35,1,59,14,257,298,199,285,56715,1,59,14,257,298,59,14,257,298,199,285,56715,5538,5538,0
L2D_ROI,92,EYE_L_SWEEP,100,1,36,1,59,14,257,298,199,285,56715,1,59,14,257,298,59,14,257,298,199,285,56715,5538,5538,0
L2D_ROI,93,EYE_L_SWEEP,100,1,37,1,59,14,257,298,199,285,56715,1,59,14,257,298,59,14,257,298,199,285,56715,5538,5538,0
L2D_ROI,94,EYE_L_SWEEP,100,1,38,1,59,14,257,298,199,285,56715,1,59,14,257,298,59,14,257,298,199,285,56715,5538,5538,0
L2D_ROI,95,EYE_L_SWEEP,100,1,39,1,59,14,257,298,199,285,56715,1,59,14,257,298,59,14,257,298,199,285,56715,5538,5538,0
L2D_ROI,96,EYE_L_SWEEP,100,1,40,1,59,14,257,298,199,285,56715,1,59,14,257,298,59,14,257,298,199,285,56715,5538,5538,0
L2D_ROI,97,EYE_L_SWEEP,100,1,41,1,59,14,257,298,199,285,56715,1,59,14,257,298,59,14,257,298,199,285,56715,5538,5538,0
L2D_ROI,98,EYE_L_SWEEP,100,1,42,1,59,14,257,298,199,285,56715,1,59,14,257,298,59,14,257,298,199,285,56715,5538,5538,0
L2D_ROI,99,EYE_L_SWEEP,100,1,43,1,59,14,257,298,199,285,56715,1,59,14,257,298,59,14,257,298,199,285,56715,5538,5538,0
L2D_ROI,100,EYE_L_SWEEP,100,1,44,1,59,14,257,298,199,285,56715,1,59,14,257,298,59,14,257,298,199,285,56715,5538,5538,0
L2D_ROI,101,EYE_L_SWEEP,100,1,45,1,59,14,257,298,199,285,56715,1,59,14,257,298,59,14,257,298,199,285,56715,5538,5538,0
L2D_ROI,102,EYE_L_SWEEP,100,1,46,1,59,14,257,298,199,285,56715,1,59,14,257,298,59,14,257,298,199,285,56715,5538,5538,0
L2D_ROI,103,EYE_L_SWEEP,100,1,47,1,59,14,257,298,199,285,56715,1,59,14,257,298,59,14,257,298,199,285,56715,5538,5538,0
L2D_ROI,104,EYE_L_SWEEP,100,1,48,1,59,14,257,298,199,285,56715,1,59,14,257,298,59,14,257,298,199,285,56715,5538,5538,0
L2D_ROI,105,EYE_L_SWEEP,100,1,49,1,59,14,257,298,199,285,56715,1,59,14,257,298,59,14,257,298,199,285,56715,5538,5538,0
L2D_ROI,106,EYE_L_SWEEP,100,1,50,1,59,14,257,298,199,285,56715,1,59,14,257,298,59,14,257,298,199,285,56715,5538,5538,0
L2D_ROI,107,EYE_L_SWEEP,100,1,51,1,59,14,257,298,199,285,56715,1,59,14,257,298,59,14,257,298,199,285,56715,5538,5538,0
L2D_ROI,108,EYE_L_SWEEP,100,1,52,1,59,14,257,298,199,285,56715,1,59,14,257,298,59,14,257,298,199,285,56715,5538,5538,0
L2D_ROI,109,EYE_L_SWEEP,100,1,53,1,59,14,257,298,199,285,56715,1,59,14,257,298,59,14,257,298,199,285,56715,5538,5538,0
L2D_ROI,110,EYE_L_SWEEP,100,1,54,1,59,14,257,298,199,285,56715,1,59,14,257,298,59,14,257,298,199,285,56715,5538,5538,0
L2D_SUMMARY,EYE_L_SWEEP,100,1,slot_wait_us,50,0.00,0,0,0,0,0,0
L2D_SUMMARY,EYE_L_SWEEP,100,1,controller_us,50,51.36,51,59,62,50,62,0
L2D_SUMMARY,EYE_L_SWEEP,100,1,rt30_us,50,454.42,451,483,486,434,486,0
L2D_SUMMARY,EYE_L_SWEEP,100,1,hierarchy_vertex_us,50,1170.40,1166,1200,1204,1154,1204,0
L2D_SUMMARY,EYE_L_SWEEP,100,1,bounds_us,50,1.50,1,2,2,1,2,0
L2D_SUMMARY,EYE_L_SWEEP,100,1,clear_us,50,1089.18,1100,1113,1119,889,1119,0
L2D_SUMMARY,EYE_L_SWEEP,100,1,raster_us,50,15470.46,15469,15619,15691,15289,15691,0
I (9061) l2d_profile: EYE_L_SWEEP scale=100 round=1 raster_us avg=15470 p95=15619 p99=15691 max=15691
L2D_SUMMARY,EYE_L_SWEEP,100,1,convert_us,50,4611.62,4669,4738,4744,4402,4744,0
L2D_SUMMARY,EYE_L_SWEEP,100,1,cache_sync_us,50,24.72,23,33,53,20,53,0
L2D_SUMMARY,EYE_L_SWEEP,100,1,producer_total_us,50,23309.64,23316,23475,23521,23073,23521,0
I (9091) l2d_profile: EYE_L_SWEEP scale=100 round=1 producer_total_us avg=23310 p95=23475 p99=23521 max=23521
L2D_SUMMARY,EYE_L_SWEEP,100,1,publish_consume_us,50,26.20,26,38,38,18,38,0
L2D_SUMMARY,EYE_L_SWEEP,100,1,ppa_wait_us,50,5638.42,5709,5776,5784,5299,5784,0
L2D_SUMMARY,EYE_L_SWEEP,100,1,ppa_blend_us,50,0.00,0,0,0,0,0,0
L2D_SUMMARY,EYE_L_SWEEP,100,1,panel_submit_us,50,156.56,156,179,190,144,190,0
L2D_SUMMARY,EYE_L_SWEEP,100,1,frame_drop,50,0.00,0,0,0,0,0,0
L2D_SUMMARY,EYE_L_SWEEP,100,1,ppa_fill_us,50,1062.80,1074,1089,1091,855,1091,0
L2D_SUMMARY,EYE_L_SWEEP,100,1,ppa_srm_us,50,4575.62,4634,4700,4710,4369,4710,0
L2D_SUMMARY,EYE_L_SWEEP,100,1,ppa_total_us,50,5638.42,5709,5776,5784,5299,5784,0
L2D_SUMMARY,EYE_L_SWEEP,100,1,clear_cache_sync_us,50,13.18,11,21,22,11,22,0
L2D_SUMMARY,EYE_L_SWEEP,100,1,convert_cache_sync_us,50,0.00,0,0,0,0,0,0
L2D_SUMMARY,EYE_L_SWEEP,100,1,flush_cache_sync_us,50,11.54,11,12,41,9,41,0
L2D_SUMMARY,EYE_L_SWEEP,100,1,cache_sync_total_us,50,24.72,23,33,53,20,53,0
L2D_SUMMARY,EYE_L_SWEEP,100,1,display_lock_wait_us,50,25.86,23,30,86,22,86,0
L2D_SUMMARY,EYE_L_SWEEP,100,1,flush_total_us,50,205.08,201,238,265,184,265,0
L2D_SUMMARY,EYE_L_SWEEP,100,1,frame_total_us,50,23540.92,23549,23699,23770,23305,23770,0
L2D_SUMMARY,EYE_L_SWEEP,100,1,keypoint_us,50,0.00,0,0,0,0,0,0
L2D_SUMMARY,EYE_L_SWEEP,100,1,visual_transform_us,50,0.00,0,0,0,0,0,0
L2D_SUMMARY,EYE_L_SWEEP,100,1,stretch_us,50,0.00,0,0,0,0,0,0
L2D_SUMMARY,EYE_L_SWEEP,100,1,vertex_transform_us,50,0.00,0,0,0,0,0,0
L2D_SUMMARY,EYE_L_SWEEP,100,1,uv_update_us,50,0.00,0,0,0,0,0,0
L2D_SUMMARY,EYE_L_SWEEP,100,1,trig_cache_hit,50,51.00,51,51,51,51,51,0
L2D_SUMMARY,EYE_L_SWEEP,100,1,trig_cache_miss,50,0.00,0,0,0,0,0,0
L2D_SUMMARY,EYE_L_SWEEP,100,1,slot_miss,50,0.00,0,0,0,0,0,0
L2D_SUMMARY,EYE_L_SWEEP,100,1,lock_skip,50,0.00,0,0,0,0,0,0
L2D_SUMMARY,EYE_L_SWEEP,100,1,deadline_miss,50,0.00,0,0,0,0,0,0
L2D_SUMMARY,EYE_L_SWEEP,100,1,roi.current_area,50,56715.00,56715,56715,56715,56715,56715,0
L2D_SUMMARY,EYE_L_SWEEP,100,1,roi.union_area,50,56715.00,56715,56715,56715,56715,56715,0
L2D_SUMMARY,EYE_L_SWEEP,100,1,roi.current_area_ratio_q10000,50,5538.00,5538,5538,5538,5538,5538,0
L2D_SUMMARY,EYE_L_SWEEP,100,1,roi.union_area_ratio_q10000,50,5538.00,5538,5538,5538,5538,5538,0
L2D_SUMMARY,EYE_L_SWEEP,100,1,roi.current_w,50,199.00,199,199,199,199,199,0
L2D_SUMMARY,EYE_L_SWEEP,100,1,roi.current_h,50,285.00,285,285,285,285,285,0
L2D_SUMMARY,EYE_L_SWEEP,100,1,roi.union_w,50,199.00,199,199,199,199,199,0
L2D_SUMMARY,EYE_L_SWEEP,100,1,roi.union_h,50,285.00,285,285,285,285,285,0
I (9317) l2d_profile: done EYE_L_SWEEP scale=100 round=1
L2D_FRAME,116,MULTI_AXIS,100,1,5,0,52,835,1346,1,1093,15406,22,23695,19,5537,0,146,1073,4464,5537,11,0,11,22,30,202,23916,0,0,320,320,0,0,0,0,0,4498,0,0,0,0,0,50,1
L2D_FRAME,117,MULTI_AXIS,100,1,6,0,50,824,1325,1,1090,15138,23,23398,20,5523,0,164,1063,4460,5523,11,0,12,23,22,212,23630,0,0,320,320,0,0,0,0,0,4493,0,0,0,0,0,50,1
L2D_FRAME,118,MULTI_AXIS,100,1,7,0,50,833,1350,2,1114,15335,23,23674,20,5564,0,131,1087,4477,5564,11,0,12,23,29,181,23875,0,0,320,320,0,0,0,0,0,4510,0,0,0,0,0,50,1
L2D_FRAME,119,MULTI_AXIS,100,1,8,0,50,856,1313,2,1112,15270,28,23593,31,5551,0,154,1070,4481,5551,18,0,10,28,528,701,24325,0,0,320,320,0,0,0,0,0,4515,0,0,0,0,0,50,1
L2D_FRAME,120,MULTI_AXIS,100,1,9,0,54,843,1315,1,1114,15209,22,24156,26,5482,0,144,1080,4402,5482,11,0,11,22,23,224,24406,0,0,320,320,0,0,0,0,0,4436,0,0,0,0,0,50,1
L2D_FRAME,121,MULTI_AXIS,100,1,10,0,50,817,1349,1,1092,15369,23,23596,20,5468,0,160,1065,4403,5468,11,0,12,23,30,210,23826,0,0,320,320,0,0,0,0,0,4437,0,0,0,0,0,50,1
L2D_FRAME,122,MULTI_AXIS,100,1,11,0,50,818,1303,1,1096,15224,23,23452,20,5532,0,155,1076,4456,5532,11,0,12,23,30,205,23677,0,0,320,320,0,0,0,0,0,4491,0,0,0,0,0,50,1
L2D_FRAME,123,MULTI_AXIS,100,1,12,0,53,832,1342,1,1105,15287,22,23582,19,5521,0,144,1078,4443,5521,11,0,11,22,30,195,23796,0,0,320,320,0,0,0,0,0,4484,0,0,0,0,0,50,1
L2D_FRAME,124,MULTI_AXIS,100,1,13,0,49,855,1309,2,1103,15341,22,23545,19,5473,0,178,1076,4397,5473,11,0,11,22,23,227,23791,0,0,320,320,0,0,0,0,0,4431,0,0,0,0,0,50,1
L2D_FRAME,125,MULTI_AXIS,100,1,14,0,49,809,1311,1,1112,15331,27,23553,31,5528,0,150,1078,4450,5528,18,0,9,27,22,190,23774,0,0,320,320,0,0,0,0,0,4485,0,0,0,0,0,50,1
L2D_FRAME,126,MULTI_AXIS,100,1,15,0,51,820,1348,2,1107,15498,22,23790,19,5537,0,151,1080,4457,5537,11,0,11,22,30,201,24010,0,0,320,320,0,0,0,0,0,4491,0,0,0,0,0,50,1
L2D_FRAME,127,MULTI_AXIS,100,1,16,0,51,812,1319,1,1097,15375,23,23616,27,5510,0,146,1063,4447,5510,11,0,12,23,23,189,23832,0,0,320,320,0,0,0,0,0,4481,0,0,0,0,0,50,1
L2D_FRAME,128,MULTI_AXIS,100,1,17,0,51,824,1353,2,1099,15432,23,23636,26,5453,0,152,1072,4381,5453,11,0,12,23,18,192,23854,0,0,320,320,0,0,0,0,0,4422,0,0,0,0,0,50,1
L2D_FRAME,129,MULTI_AXIS,100,1,18,0,51,810,1314,2,1109,15393,34,23554,17,5471,0,159,1079,4392,5471,22,0,12,34,22,208,23779,0,0,320,320,0,0,0,0,0,4432,0,0,0,0,0,50,1
L2D_FRAME,130,MULTI_AXIS,100,1,19,0,53,816,1333,2,1096,15513,28,23665,33,5403,0,143,1063,4340,5403,17,0,11,28,23,192,23890,0,0,320,320,0,0,0,0,0,4379,0,0,0,0,0,50,1
L2D_FRAME,131,MULTI_AXIS,100,1,20,0,48,852,1326,1,1091,15513,23,23648,27,5367,0,149,1064,4303,5367,11,0,12,23,23,198,23873,0,0,320,320,0,0,0,0,0,4338,0,0,0,0,0,50,1
L2D_FRAME,132,MULTI_AXIS,100,1,21,0,49,815,1318,2,1108,15514,27,23675,31,5421,0,148,1074,4347,5421,18,0,9,27,23,187,23893,0,0,320,320,0,0,0,0,0,4405,0,0,0,0,0,50,1
L2D_FRAME,133,MULTI_AXIS,100,1,22,0,52,809,1343,2,1103,15623,32,24531,20,6158,0,156,1074,5084,6158,20,0,12,32,22,200,24751,0,0,320,320,0,0,0,0,0,5125,0,0,0,0,0,50,1
L2D_FRAME,134,MULTI_AXIS,100,1,23,0,49,809,1319,1,1107,15503,31,23752,38,5549,0,143,1069,4480,5549,22,0,9,31,23,191,23981,0,0,320,320,0,0,0,0,0,4515,0,0,0,0,0,50,1
L2D_FRAME,135,MULTI_AXIS,100,1,24,0,49,818,1360,2,1103,15525,23,23774,26,5470,0,162,1076,4394,5470,11,0,12,23,29,213,24013,0,0,320,320,0,0,0,0,0,4428,0,0,0,0,0,50,1
L2D_FRAME,136,MULTI_AXIS,100,1,25,0,49,807,1321,2,1093,15550,20,23939,38,5680,0,153,1066,4614,5680,11,0,9,20,23,194,24171,0,0,320,320,0,0,0,0,0,4656,0,0,0,0,0,50,1
L2D_FRAME,137,MULTI_AXIS,100,1,26,0,53,852,1313,2,1108,15535,21,23901,31,5603,0,147,1074,4529,5603,12,0,9,21,219,390,24322,0,0,320,320,0,0,0,0,0,4571,0,0,0,0,0,50,1
L2D_FRAME,138,MULTI_AXIS,100,1,27,0,50,823,1311,1,1096,15521,30,23837,19,5590,0,153,1070,4520,5590,18,0,12,30,30,211,24067,0,0,320,320,0,0,0,0,0,4561,0,0,0,0,0,50,1
L2D_FRAME,139,MULTI_AXIS,100,1,28,0,50,854,1305,2,1118,15473,29,23687,28,5468,0,161,1085,4383,5468,18,0,11,29,335,515,24230,0,0,320,320,0,0,0,0,0,4416,0,0,0,0,0,50,1
L2D_FRAME,140,MULTI_AXIS,100,1,29,0,49,819,1211,1,1083,15432,23,23540,26,5464,0,152,1063,4401,5464,11,0,12,23,29,202,23768,0,0,320,320,0,0,0,0,0,4435,0,0,0,0,0,50,1
L2D_FRAME,141,MULTI_AXIS,100,1,30,0,51,846,1315,1,1100,15457,23,23690,19,5484,0,151,1080,4404,5484,11,0,12,23,326,507,24216,0,0,320,320,0,0,0,0,0,4444,0,0,0,0,0,50,1
L2D_FRAME,142,MULTI_AXIS,100,1,31,0,42,821,1347,1,1121,15447,24,24342,19,6159,0,156,1100,5059,6159,12,0,12,24,16,195,24556,0,0,320,320,0,0,0,0,0,5093,0,0,0,0,0,50,1
L2D_FRAME,143,MULTI_AXIS,100,1,32,0,50,863,1316,1,1115,15418,22,23777,19,5571,0,154,1081,4490,5571,11,0,11,22,250,427,24223,0,0,320,320,0,0,0,0,0,4531,0,0,0,0,0,50,1
L2D_FRAME,144,MULTI_AXIS,100,1,33,0,49,826,1354,2,1110,15484,21,23807,31,5569,0,160,1083,4486,5569,11,0,10,21,23,201,24039,0,0,320,320,0,0,0,0,0,4519,0,0,0,0,0,50,1
L2D_FRAME,145,MULTI_AXIS,100,1,34,0,52,822,1322,2,1114,15434,22,23733,19,5560,0,157,1080,4480,5560,11,0,11,22,23,202,23954,0,0,320,320,0,0,0,0,0,4514,0,0,0,0,0,50,1
L2D_FRAME,146,MULTI_AXIS,100,1,35,0,52,822,1349,1,1111,15406,23,23633,20,5473,0,151,1084,4389,5473,11,0,12,23,22,204,23857,0,0,320,320,0,0,0,0,0,4422,0,0,0,0,0,50,1
L2D_FRAME,147,MULTI_AXIS,100,1,36,0,52,836,1321,2,1107,15378,24,23815,20,5683,0,165,1079,4604,5683,12,0,12,24,22,210,24045,0,0,320,320,0,0,0,0,0,4639,0,0,0,0,0,50,1
L2D_FRAME,148,MULTI_AXIS,100,1,37,0,49,839,1366,1,1115,15453,34,23825,19,5583,0,159,1085,4498,5583,22,0,12,34,29,216,24060,0,0,320,320,0,0,0,0,0,4532,0,0,0,0,0,50,1
L2D_FRAME,149,MULTI_AXIS,100,1,38,0,51,836,1333,2,1103,15444,20,23837,31,5634,0,160,1076,4558,5634,11,0,9,20,23,206,24074,0,0,320,320,0,0,0,0,0,4591,0,0,0,0,0,50,1
L2D_FRAME,150,MULTI_AXIS,100,1,39,0,51,833,1317,2,1101,15487,23,23781,28,5569,0,163,1080,4489,5569,12,0,11,23,22,205,24014,0,0,320,320,0,0,0,0,0,4523,0,0,0,0,0,50,1
L2D_FRAME,151,MULTI_AXIS,100,1,40,0,49,830,1348,2,1086,15494,21,23641,25,5395,0,152,1065,4330,5395,12,0,9,21,22,198,23864,0,0,320,320,0,0,0,0,0,4370,0,0,0,0,0,50,1
L2D_FRAME,152,MULTI_AXIS,100,1,41,0,49,866,1320,2,1097,15449,23,23655,19,5430,0,154,1077,4353,5430,11,0,12,23,292,469,24143,0,0,320,320,0,0,0,0,0,4387,0,0,0,0,0,50,1
L2D_FRAME,153,MULTI_AXIS,100,1,42,0,51,842,1325,2,981,15474,28,23533,24,5273,0,156,947,4326,5273,18,0,10,28,22,197,23754,0,0,320,320,0,0,0,0,0,4359,0,0,0,0,0,50,1
L2D_FRAME,154,MULTI_AXIS,100,1,43,0,42,855,1317,1,1060,15496,22,23588,26,5334,0,164,1026,4308,5334,11,0,11,22,81,266,23880,0,0,320,320,0,0,0,0,0,4342,0,0,0,0,0,50,1
L2D_FRAME,155,MULTI_AXIS,100,1,44,0,51,824,1320,1,1116,15524,33,23789,26,5531,0,152,1080,4451,5531,21,0,12,33,23,195,24010,0,0,320,320,0,0,0,0,0,4484,0,0,0,0,0,50,1
L2D_FRAME,156,MULTI_AXIS,100,1,45,0,50,852,1326,2,930,15550,23,23604,26,5273,0,143,910,4363,5273,11,0,12,23,22,187,23817,0,0,320,320,0,0,0,0,0,4406,0,0,0,0,0,50,1
L2D_FRAME,157,MULTI_AXIS,100,1,46,0,51,832,1323,2,1019,15464,24,23586,19,5397,0,148,998,4399,5397,12,0,12,24,23,194,23799,0,0,320,320,0,0,0,0,0,4425,0,0,0,0,0,50,1
L2D_FRAME,158,MULTI_AXIS,100,1,47,0,52,834,1350,1,1099,15609,24,23859,20,5497,0,167,1078,4419,5497,12,0,12,24,30,217,24096,0,0,320,320,0,0,0,0,0,4453,0,0,0,0,0,50,1
L2D_FRAME,159,MULTI_AXIS,100,1,48,0,48,811,1325,2,901,15555,21,24216,31,5930,0,182,881,5049,5930,12,0,9,21,23,229,24476,0,0,320,320,0,0,0,0,0,5082,0,0,0,0,0,50,1
L2D_FRAME,160,MULTI_AXIS,100,1,49,0,51,805,1362,1,977,15650,24,23703,26,5299,0,159,950,4349,5299,12,0,12,24,22,203,23932,0,0,320,320,0,0,0,0,0,4382,0,0,0,0,0,50,1
L2D_FRAME,161,MULTI_AXIS,100,1,50,0,49,822,1333,2,964,15589,23,23431,19,5108,0,147,936,4172,5108,12,0,11,23,23,193,23643,0,0,320,320,0,0,0,0,0,4207,0,0,0,0,0,50,1
L2D_FRAME,162,MULTI_AXIS,100,1,51,0,51,810,1363,2,869,15673,21,23378,38,4948,0,156,842,4106,4948,11,0,10,21,23,197,23613,0,0,320,320,0,0,0,0,0,4139,0,0,0,0,0,50,1
L2D_FRAME,163,MULTI_AXIS,100,1,52,0,44,813,1325,1,955,15510,21,23437,31,5208,0,148,928,4280,5208,11,0,10,21,22,189,23657,0,0,320,320,0,0,0,0,0,4320,0,0,0,0,0,50,1
L2D_FRAME,164,MULTI_AXIS,100,1,53,0,53,836,1320,1,1035,15599,35,23755,27,5393,0,157,1003,4390,5393,23,0,12,35,29,206,23988,0,0,320,320,0,0,0,0,0,4422,0,0,0,0,0,50,1
L2D_FRAME,165,MULTI_AXIS,100,1,54,0,50,826,1336,2,899,15511,23,23419,26,5161,0,155,879,4282,5161,11,0,12,23,22,201,23646,0,0,320,320,0,0,0,0,0,4316,0,0,0,0,0,50,1
L2D_ROI,116,MULTI_AXIS,100,1,5,1,73,15,272,298,200,284,56800,1,71,14,270,298,71,14,272,298,202,285,57570,5546,5622,0
L2D_ROI,117,MULTI_AXIS,100,1,6,1,75,15,274,298,200,284,56800,1,73,15,272,298,73,15,274,298,202,284,57368,5546,5602,0
L2D_ROI,118,MULTI_AXIS,100,1,7,1,77,16,276,298,200,283,56600,1,75,15,274,298,75,15,276,298,202,284,57368,5527,5602,0
L2D_ROI,119,MULTI_AXIS,100,1,8,1,79,16,277,298,199,283,56317,1,77,16,276,298,77,16,277,298,201,283,56883,5499,5554,0
L2D_ROI,120,MULTI_AXIS,100,1,9,1,78,17,276,298,199,282,56118,1,79,16,277,298,78,16,277,298,200,283,56600,5480,5527,0
L2D_ROI,121,MULTI_AXIS,100,1,10,1,78,17,276,298,199,282,56118,1,78,17,276,298,78,17,276,298,199,282,56118,5480,5480,0
L2D_ROI,122,MULTI_AXIS,100,1,11,1,77,18,275,298,199,281,55919,1,78,17,276,298,77,17,276,298,200,282,56400,5460,5507,0
L2D_ROI,123,MULTI_AXIS,100,1,12,1,77,18,275,298,199,281,55919,1,77,18,275,298,77,18,275,298,199,281,55919,5460,5460,0
L2D_ROI,124,MULTI_AXIS,100,1,13,1,76,19,275,298,200,280,56000,1,77,18,275,298,76,18,275,298,200,281,56200,5468,5488,0
L2D_ROI,125,MULTI_AXIS,100,1,14,1,76,20,274,298,199,279,55521,1,76,19,275,298,76,19,275,298,200,280,56000,5421,5468,0
L2D_ROI,126,MULTI_AXIS,100,1,15,1,75,21,274,298,200,278,55600,1,76,20,274,298,75,20,274,298,200,279,55800,5429,5449,0
L2D_ROI,127,MULTI_AXIS,100,1,16,1,74,20,272,298,199,279,55521,1,75,21,274,298,74,20,274,298,201,279,56079,5421,5476,0
L2D_ROI,128,MULTI_AXIS,100,1,17,1,72,19,269,298,198,280,55440,1,74,20,272,298,72,19,272,298,201,280,56280,5414,5496,0
L2D_ROI,129,MULTI_AXIS,100,1,18,1,70,19,267,298,198,280,55440,1,72,19,269,298,70,19,269,298,200,280,56000,5414,5468,0
L2D_ROI,130,MULTI_AXIS,100,1,19,1,68,18,266,298,199,281,55919,1,70,19,267,298,68,18,267,298,200,281,56200,5460,5488,0
L2D_ROI,131,MULTI_AXIS,100,1,20,1,66,17,264,298,199,282,56118,1,68,18,266,298,66,17,266,298,201,282,56682,5480,5535,0
L2D_ROI,132,MULTI_AXIS,100,1,21,1,65,17,263,298,199,282,56118,1,66,17,264,298,65,17,264,298,200,282,56400,5480,5507,0
L2D_ROI,133,MULTI_AXIS,100,1,22,1,63,17,261,298,199,282,56118,1,65,17,263,298,63,17,263,298,201,282,56682,5480,5535,0
L2D_ROI,134,MULTI_AXIS,100,1,23,1,61,16,259,298,199,283,56317,1,63,17,261,298,61,16,261,298,201,283,56883,5499,5554,0
L2D_ROI,135,MULTI_AXIS,100,1,24,1,60,15,258,298,199,284,56516,1,61,16,259,298,60,15,259,298,200,284,56800,5519,5546,0
L2D_ROI,136,MULTI_AXIS,100,1,25,1,58,15,256,298,199,284,56516,1,60,15,258,298,58,15,258,298,201,284,57084,5519,5574,0
L2D_ROI,137,MULTI_AXIS,100,1,26,1,56,14,254,298,199,285,56715,1,58,15,256,298,56,14,256,298,201,285,57285,5538,5594,0
L2D_ROI,138,MULTI_AXIS,100,1,27,1,54,14,252,298,199,285,56715,1,56,14,254,298,54,14,254,298,201,285,57285,5538,5594,0
L2D_ROI,139,MULTI_AXIS,100,1,28,1,52,14,250,298,199,285,56715,1,54,14,252,298,52,14,252,298,201,285,57285,5538,5594,0
L2D_ROI,140,MULTI_AXIS,100,1,29,1,50,13,248,298,199,286,56914,1,52,14,250,298,50,13,250,298,201,286,57486,5558,5613,0
L2D_ROI,141,MULTI_AXIS,100,1,30,1,48,13,247,298,200,286,57200,1,50,13,248,298,48,13,248,298,201,286,57486,5585,5613,0
L2D_ROI,142,MULTI_AXIS,100,1,31,1,47,12,245,298,199,287,57113,1,48,13,247,298,47,12,247,298,201,287,57687,5577,5633,0
L2D_ROI,143,MULTI_AXIS,100,1,32,1,45,12,243,298,199,287,57113,1,47,12,245,298,45,12,245,298,201,287,57687,5577,5633,0
L2D_ROI,144,MULTI_AXIS,100,1,33,1,43,11,242,298,200,288,57600,1,45,12,243,298,43,11,243,298,201,288,57888,5625,5653,0
L2D_ROI,145,MULTI_AXIS,100,1,34,1,41,11,240,298,200,288,57600,1,43,11,242,298,41,11,242,298,202,288,58176,5625,5681,0
L2D_ROI,146,MULTI_AXIS,100,1,35,1,40,11,238,298,199,288,57312,1,41,11,240,298,40,11,240,298,201,288,57888,5596,5653,0
L2D_ROI,147,MULTI_AXIS,100,1,36,1,38,10,237,298,200,289,57800,1,40,11,238,298,38,10,238,298,201,289,58089,5644,5672,0
L2D_ROI,148,MULTI_AXIS,100,1,37,1,36,10,235,298,200,289,57800,1,38,10,237,298,36,10,237,298,202,289,58378,5644,5700,0
L2D_ROI,149,MULTI_AXIS,100,1,38,1,37,10,236,298,200,289,57800,1,36,10,235,298,36,10,236,298,201,289,58089,5644,5672,0
L2D_ROI,150,MULTI_AXIS,100,1,39,1,38,10,237,298,200,289,57800,1,37,10,236,298,37,10,237,298,201,289,58089,5644,5672,0
L2D_ROI,151,MULTI_AXIS,100,1,40,1,39,10,238,298,200,289,57800,1,38,10,237,298,38,10,238,298,201,289,58089,5644,5672,0
L2D_ROI,152,MULTI_AXIS,100,1,41,1,40,10,239,298,200,289,57800,1,39,10,238,298,39,10,239,298,201,289,58089,5644,5672,0
L2D_ROI,153,MULTI_AXIS,100,1,42,1,40,10,240,298,201,289,58089,1,40,10,239,298,40,10,240,298,201,289,58089,5672,5672,0
L2D_ROI,154,MULTI_AXIS,100,1,43,1,41,10,241,298,201,289,58089,1,40,10,240,298,40,10,241,298,202,289,58378,5672,5700,0
L2D_ROI,155,MULTI_AXIS,100,1,44,1,41,10,241,298,201,289,58089,1,41,10,241,298,41,10,241,298,201,289,58089,5672,5672,0
L2D_ROI,156,MULTI_AXIS,100,1,45,1,44,10,243,298,200,289,57800,1,41,10,241,298,41,10,243,298,203,289,58667,5644,5729,0
L2D_ROI,157,MULTI_AXIS,100,1,46,1,45,10,245,298,201,289,58089,1,44,10,243,298,44,10,245,298,202,289,58378,5672,5700,0
L2D_ROI,158,MULTI_AXIS,100,1,47,1,47,10,247,298,201,289,58089,1,45,10,245,298,45,10,247,298,203,289,58667,5672,5729,0
L2D_ROI,159,MULTI_AXIS,100,1,48,1,49,10,248,298,200,289,57800,1,47,10,247,298,47,10,248,298,202,289,58378,5644,5700,0
L2D_ROI,160,MULTI_AXIS,100,1,49,1,50,11,250,298,201,288,57888,1,49,10,248,298,49,10,250,298,202,289,58378,5653,5700,0
L2D_ROI,161,MULTI_AXIS,100,1,50,1,52,11,252,298,201,288,57888,1,50,11,250,298,50,11,252,298,203,288,58464,5653,5709,0
L2D_ROI,162,MULTI_AXIS,100,1,51,1,53,11,253,298,201,288,57888,1,52,11,252,298,52,11,253,298,202,288,58176,5653,5681,0
L2D_ROI,163,MULTI_AXIS,100,1,52,1,55,11,255,298,201,288,57888,1,53,11,253,298,53,11,255,298,203,288,58464,5653,5709,0
L2D_ROI,164,MULTI_AXIS,100,1,53,1,56,11,256,298,201,288,57888,1,55,11,255,298,55,11,256,298,202,288,58176,5653,5681,0
L2D_ROI,165,MULTI_AXIS,100,1,54,1,58,12,258,298,201,287,57687,1,56,11,256,298,56,11,258,298,203,288,58464,5633,5709,0
L2D_SUMMARY,MULTI_AXIS,100,1,slot_wait_us,50,0.00,0,0,0,0,0,0
L2D_SUMMARY,MULTI_AXIS,100,1,controller_us,50,50.04,50,53,54,42,54,0
L2D_SUMMARY,MULTI_AXIS,100,1,rt30_us,50,829.28,824,856,866,805,866,0
L2D_SUMMARY,MULTI_AXIS,100,1,hierarchy_vertex_us,50,1327.80,1325,1362,1366,1211,1366,0
L2D_SUMMARY,MULTI_AXIS,100,1,bounds_us,50,1.54,2,2,2,1,2,0
L2D_SUMMARY,MULTI_AXIS,100,1,clear_us,50,1072.68,1099,1116,1121,869,1121,0
L2D_SUMMARY,MULTI_AXIS,100,1,raster_us,50,15457.30,15473,15623,15673,15138,15673,0
I (12371) l2d_profile: MULTI_AXIS scale=100 round=1 raster_us avg=15457 p95=15623 p99=15673 max=15673
L2D_SUMMARY,MULTI_AXIS,100,1,convert_us,50,4486.74,4444,5082,5125,4139,5125,0
L2D_SUMMARY,MULTI_AXIS,100,1,cache_sync_us,50,24.52,23,34,35,20,35,0
L2D_SUMMARY,MULTI_AXIS,100,1,producer_total_us,50,23712.46,23674,24216,24531,23378,24531,0
I (12401) l2d_profile: MULTI_AXIS scale=100 round=1 producer_total_us avg=23712 p95=24216 p99=24531 max=24531
L2D_SUMMARY,MULTI_AXIS,100,1,publish_consume_us,50,24.78,26,38,38,17,38,0
L2D_SUMMARY,MULTI_AXIS,100,1,ppa_wait_us,50,5495.70,5484,5930,6159,4948,6159,0
L2D_SUMMARY,MULTI_AXIS,100,1,ppa_blend_us,50,0.00,0,0,0,0,0,0
L2D_SUMMARY,MULTI_AXIS,100,1,panel_submit_us,50,154.34,154,167,182,131,182,0
L2D_SUMMARY,MULTI_AXIS,100,1,frame_drop,50,0.00,0,0,0,0,0,0
L2D_SUMMARY,MULTI_AXIS,100,1,ppa_fill_us,50,1044.92,1074,1085,1100,842,1100,0
L2D_SUMMARY,MULTI_AXIS,100,1,ppa_srm_us,50,4450.78,4404,5049,5084,4106,5084,0
L2D_SUMMARY,MULTI_AXIS,100,1,ppa_total_us,50,5495.70,5484,5930,6159,4948,6159,0
L2D_SUMMARY,MULTI_AXIS,100,1,clear_cache_sync_us,50,13.44,11,22,23,11,23,0
L2D_SUMMARY,MULTI_AXIS,100,1,convert_cache_sync_us,50,0.00,0,0,0,0,0,0
L2D_SUMMARY,MULTI_AXIS,100,1,flush_cache_sync_us,50,11.08,11,12,12,9,12,0
L2D_SUMMARY,MULTI_AXIS,100,1,cache_sync_total_us,50,24.52,23,34,35,20,35,0
L2D_SUMMARY,MULTI_AXIS,100,1,display_lock_wait_us,50,61.48,23,326,528,16,528,0
L2D_SUMMARY,MULTI_AXIS,100,1,flush_total_us,50,238.88,202,507,701,181,701,0
L2D_SUMMARY,MULTI_AXIS,100,1,frame_total_us,50,23976.12,23916,24476,24751,23613,24751,0
L2D_SUMMARY,MULTI_AXIS,100,1,keypoint_us,50,0.00,0,0,0,0,0,0
L2D_SUMMARY,MULTI_AXIS,100,1,visual_transform_us,50,0.00,0,0,0,0,0,0
L2D_SUMMARY,MULTI_AXIS,100,1,stretch_us,50,0.00,0,0,0,0,0,0
L2D_SUMMARY,MULTI_AXIS,100,1,vertex_transform_us,50,0.00,0,0,0,0,0,0
L2D_SUMMARY,MULTI_AXIS,100,1,uv_update_us,50,0.00,0,0,0,0,0,0
L2D_SUMMARY,MULTI_AXIS,100,1,trig_cache_hit,50,50.00,50,50,50,50,50,0
L2D_SUMMARY,MULTI_AXIS,100,1,trig_cache_miss,50,1.00,1,1,1,1,1,0
L2D_SUMMARY,MULTI_AXIS,100,1,slot_miss,50,0.00,0,0,0,0,0,0
L2D_SUMMARY,MULTI_AXIS,100,1,lock_skip,50,0.00,0,0,0,0,0,0
L2D_SUMMARY,MULTI_AXIS,100,1,deadline_miss,50,0.00,0,0,0,0,0,0
L2D_SUMMARY,MULTI_AXIS,100,1,roi.current_area,50,56974.08,56914,58089,58089,55440,58089,0
L2D_SUMMARY,MULTI_AXIS,100,1,roi.union_area,50,57421.20,57486,58464,58667,55800,58667,0
L2D_SUMMARY,MULTI_AXIS,100,1,roi.current_area_ratio_q10000,50,5563.38,5558,5672,5672,5414,5672,0
L2D_SUMMARY,MULTI_AXIS,100,1,roi.union_area_ratio_q10000,50,5607.00,5613,5709,5729,5449,5729,0
L2D_SUMMARY,MULTI_AXIS,100,1,roi.current_w,50,199.72,200,201,201,198,201,0
L2D_SUMMARY,MULTI_AXIS,100,1,roi.current_h,50,285.26,286,289,289,278,289,0
L2D_SUMMARY,MULTI_AXIS,100,1,roi.union_w,50,201.16,201,203,203,199,203,0
L2D_SUMMARY,MULTI_AXIS,100,1,roi.union_h,50,285.44,286,289,289,279,289,0
I (12624) l2d_profile: done MULTI_AXIS scale=100 round=1
L2D_DONE
I (12630) l2d_profile: suite complete; serial data ready for PC capture
