Ô5UÕ5Ie±STATIC,ñESP-ROM:esp32p4-eco2-20240710
Build:Jul 10 2024
rst:0x1 (POWERON),boot:0x30f (SPI_FAST_FLASH_BOOT)
SPI mode:DIO, clock div:1
load:0x4ff33ce0,len:0x514
load:0x4ff29ed0,len:0xbbc
load:0x4ff2cbd0,len:0x3114
entry 0x4ff29ed0
I (336) hex_psram: vendor id    : 0x0d (AP)
I (337) hex_psram: Latency      : 0x01 (Fixed)
I (337) hex_psram: DriveStr.    : 0x00 (25 Ohm)
I (337) hex_psram: dev id       : 0x03 (generation 4)
I (342) hex_psram: density      : 0x07 (256 Mbit)
I (347) hex_psram: good-die     : 0x06 (Pass)
I (351) hex_psram: SRF          : 0x02 (Slow Refresh)
I (356) hex_psram: BurstType    : 0x00 ( Wrap)
I (360) hex_psram: BurstLen     : 0x03 (2048 Byte)
I (364) hex_psram: BitMode      : 0x01 (X16 Mode)
I (369) hex_psram: Readlatency  : 0x04 (14 cycles@Fixed)
I (374) hex_psram: DriveStrength: 0x00 (1/1)
I (378) MSPI Timing: Enter psram timing tuning
I (552) esp_psram: Found 32MB PSRAM device
I (552) esp_psram: Speed: 200MHz
I (553) hex_psram: psram CS IO is dedicated
I (553) cpu_start: Multicore app
I (1460) esp_psram: SPI SRAM memory test OK
I (1471) cpu_start: GPIO 38 and 37 are used as console UART I/O pins
I (1471) cpu_start: Pro cpu start user code
I (1471) cpu_start: cpu freq: 360000000 Hz
I (1473) app_init: Application information:
I (1477) app_init: Project name:     live2d_rt30_baseline
I (1482) app_init: App version:      49dce89-dirty
I (1487) app_init: Compile time:     Sep 29 2026 15:02:44
I (1492) app_init: ELF file SHA256:  2a8b56df0...
I (1497) app_init: ESP-IDF:          v5.5.2
I (1500) efuse_init: Min chip rev:     v0.1
I (1504) efuse_init: Max chip rev:     v1.99
I (1508) efuse_init: Chip rev:         v1.3
I (1512) heap_init: Initializing. RAM available for dynamic allocation:
I (1519) heap_init: At 4FF1ED00 len 0001C2C0 (112 KiB): RETENT_RAM
I (1525) heap_init: At 4FF3AFC0 len 00004BF0 (18 KiB): RAM
I (1530) heap_init: At 4FF40000 len 00060000 (384 KiB): RAM
I (1535) heap_init: At 501080A0 len 00007F60 (31 KiB): RTCRAM
I (1541) heap_init: At 30100084 len 00001F7C (7 KiB): TCM
I (1546) esp_psram: Adding pool of 32768K of PSRAM memory to heap allocator
I (1553) spi_flash: detected chip: generic
I (1556) spi_flash: flash io: dio
I (1559) sleep_gpio: Configure to isolate all GPIO pins in sleep state
I (1566) sleep_gpio: Enable automatic switching of GPIO sleep configuration
I (1573) main_task: Started on CPU0
I (1597) esp_psram: Reserving pool of 256K of internal memory for DMA/internal allocations
I (1598) main_task: Calling app_main()
I (1598) l2d_baseline: === Live2D RT30 baseline ===
I (1602) l2d_baseline: ========================================
I (1608) l2d_baseline:  Live2D RT30 baseline, target=30 fps, core=0
I (1614) l2d_baseline:  model=/sdcard/esp.live
I (1618) l2d_baseline: ========================================
I (1623) l2d_baseline: heap boot: psram_free=33551716 psram_min=33551716 internal_free=507115
I (1658) sys_storage: Mounting SD card at /sdcard
I (1659) main_task: Returned from app_main()
I (1714) sys_storage: Storage subsystem ready (NVS + SD at /sdcard)
I (1714) sys_sdio: ready: SD serial task core=0 prio=4 queue=20
I (1716) sys_storage: font cache found: /sdcard/fonts/noto_sans_sc_16.bin (955208 bytes)
I (1722) l2d_baseline: storage ready at /sdcard
I (1728) esp_lvgl:adapter: LVGL adapter initialized successfully
I (1805) GT911: TouchPad_ID:0x39,0x31,0x31
I (1805) GT911: TouchPad_Config_Version:101
W (1805) ledc: GPIO 20 is not usable, maybe conflict with others
I (1808) WT99P4C5_S1_BOARD: MIPI DSI PHY Powered on
I (1813) WT99P4C5_S1_BOARD: Install MIPI DSI LCD control panel
I (1818) WT99P4C5_S1_BOARD: Install EK79007 LCD control panel
I (1823) WT99P4C5_S1_BOARD: MIPI DSI DPI clock: 80.00 MHz
I (1828) ek79007: version: 1.0.4
I (2002) WT99P4C5_S1_BOARD: Display initialized
I (2002) WT99P4C5_S1_BOARD: Display resolution 1024x600
I (2006) esp_lvgl:bridge_v9: Initializing hardware resources
I (2006) esp_lvgl:bridge_v9: Hardware resources initialized successfully
I (2017) WT99P4C5_S1_BOARD: GT911 touch ready on GPIO 21
W (2017) esp_lvgl:touch: LV_USE_GESTURE_RECOGNITION is disabled; only single-point pointer events are available
I (2027) esp_lvgl:touch: Touch input device registered successfully (IRQ mode: disabled)
I (2035) esp_lvgl:adapter: LVGL task started successfully
I (2040) sys_display: Display + LVGL initialized (custom config)
I (2045) WT99P4C5_S1_BOARD: Setting LCD backlight: 80%
I (2050) sys_monitor: CPU monitor started (FreeRTOS idle run time, 1 s windows)
I (2057) sys_monitor: FPS tracking attached to display
I (2595) l2d_baseline: model file loaded: /sdcard/esp.live (800796 bytes)
I (2596) l2d_baseline: model CRC32_LE=0x5f25edc0
I (2648) l2d_baseline: model SHA256=1d7f21471dcedee2d205904791df7147c63760269462ad5d7169a97afe386100
I (2648) live2d_engine: Live2D engine pool allocated in PSRAM: 16777216 bytes
I (2653) live2d_engine: Importing PainterEngine Live2D model, file size=800796 bytes, pool free=16777216 bytes
I (2708) live2d_engine: Model loaded: id='esp', size=320x320, layers=11, textures=12, animations=1, pool free=15941368 bytes
I (2708) live2d_engine: Using nearest-neighbor pixel shader for ESP renderer
I (2715) live2d_engine: RT30 realtime axes: 5
I (2719) live2d_engine:   axis[0] id='left_eye' default=0 middle=15 bindings=2 sampleBytes=360 stride=12 vidx=0 Q(coord=4 rot=6 stretch=14)
I (2731) live2d_engine:     binding[0] layer=6 id='right_eye' mask=0x0050 vertices=0 sample_offset=0
I (2740) live2d_engine:     binding[1] layer=8 id='left_eyeup' mask=0x0010 vertices=0 sample_offset=6
I (2749) live2d_engine:   axis[1] id='right_eye' default=0 middle=15 bindings=2 sampleBytes=240 stride=8 vidx=0 Q(coord=4 rot=6 stretch=14)
I (2761) live2d_engine:     binding[0] layer=5 id='left_eye' mask=0x0040 vertices=0 sample_offset=0
I (2770) live2d_engine:     binding[1] layer=7 id='right_eyeup' mask=0x0010 vertices=0 sample_offset=2
I (2779) live2d_engine:   axis[2] id='neck' default=15 middle=15 bindings=1 sampleBytes=960 stride=32 vidx=7 Q(coord=4 rot=6 stretch=14)
I (2791) live2d_engine:     binding[0] layer=3 id='neck' mask=0x0028 vertices=7 sample_offset=0
I (2799) live2d_engine:   axis[3] id='face' default=15 middle=15 bindings=11 sampleBytes=28560 stride=952 vidx=227 Q(coord=4 rot=6 stretch=14)
I (2812) live2d_engine:     binding[0] layer=0 id='back_hair' mask=0x0009 vertices=42 sample_offset=0
I (2821) live2d_engine:     binding[1] layer=1 id='cloth' mask=0x0009 vertices=25 sample_offset=172
I (2829) live2d_engine:     binding[2] layer=2 id='face' mask=0x0009 vertices=15 sample_offset=276
I (2838) live2d_engine:     binding[3] layer=3 id='neck' mask=0x0009 vertices=8 sample_offset=340
I (2847) live2d_engine:     binding[4] layer=4 id='mouth' mask=0x0009 vertices=5 sample_offset=376
I (2855) live2d_engine:     binding[5] layer=5 id='left_eye' mask=0x0009 vertices=11 sample_offset=400
I (2864) live2d_engine:     binding[6] layer=6 id='right_eye' mask=0x0009 vertices=10 sample_offset=448
I (2874) live2d_engine:     binding[7] layer=7 id='right_eyeup' mask=0x0009 vertices=13 sample_offset=492
I (2883) live2d_engine:     binding[8] layer=8 id='left_eyeup' mask=0x0009 vertices=13 sample_offset=548
I (2892) live2d_engine:     binding[9] layer=9 id='front_hair' mask=0x0009 vertices=64 sample_offset=604
I (2901) live2d_engine:     binding[10] layer=10 id='hairwear' mask=0x0009 vertices=21 sample_offset=864
I (2910) live2d_engine:   axis[4] id='mouth' default=15 middle=15 bindings=1 sampleBytes=720 stride=24 vidx=5 Q(coord=4 rot=6 stretch=14)
I (2922) live2d_engine:     binding[0] layer=4 id='mouth' mask=0x0048 vertices=5 sample_offset=0
I (2932) live2d_engine: Playing default animation index 1/1
I (2936) l2d_baseline: model ready id='esp' size=320x320 layers=11 textures=12 animations=1 load=283ms pool_free=15941368
I (2947) l2d_baseline: RT30 axis_count=5 static=31590 runtime=2392 selectedSample=0
I (2955) l2d_baseline: axis handles: left_eye=0 right_eye=1 neck=2 face=3 mouth=4
I (2962) l2d_baseline: benchmark axes=5, mouth=present
I (2966) l2d_baseline: render ROI: 320x320 at (352,140), lcd=1024x600
I (2973) sys_display_buf: PSRAM before alloc: total=33554432  free=14282532 largest=13369344
I (2981) sys_display_buf: buffers created: 320x320  ARGB=409600  RGB565=204800 bytes (PSRAM DMA=yes)
I (2990) sys_display_buf: PSRAM after alloc: total=33554432  free=13668124 largest=13369344
I (3000) sys_display_flush: Flush path: 320x320 at (352,140) -> panel direct draw
I (3005) live2d_engine: Internal render scale set to 1.000
I (3017) live2d_renderer: PPA fill transparent clear enabled
I (3018) live2d_renderer: Renderer initialized: 320x320 ARGB8888 -> RGB565 via PPA SRM, rgb_swap=0, byte_swap=0, source block=320x320@(0,0)
I (3028) l2d_baseline: render backends: clear=PPA convert=PPA
I (3033) l2d_baseline: heap ready: psram_free=13667128 psram_min=13479712 internal_free=382463
I (3042) l2d_baseline: continuous RT30 drive active on 5 model axes
L2D_META_BEGIN
esp_commit=49dce8999308a1cdd50de46a8e606b22ec0d8b78
live2d_commit=78fc634
idf=v5.5.2
chip=ESP32-P4
cpu_mhz=360
psram_mhz=200
optimization=-O2
render_task=core0,priority6
lvgl_task=core0,priority4
canvas=320x320
slot=none,synchronous ARGB+RGB565 buffers
display=direct panel RGB565
ppa=fill+SRM clients,blocking,blend unused
model_sha256=1d7f21471dcedee2d205904791df7147c63760269462ad5d7169a97afe386100
model_size=800796
model_load_us=283739
layers=11
vertices=227
triangles=257
textures=12
texture_pixels=184235
axes=5
sampler=fast-nearest
profile_stage=1
profile_mode=timing
srm_roi=1
default_clear=PPA
default_convert=PPA
backend_ids=0:PPA/PPA,1:CPU/PPA,2:PPA/CPU,3:CPU/CPU
warmup=5
measure=50
rounds=1
L2D_META_END
L2D_FRAME_HEADER,frame_id,scenario,scale_q100,round,frame,slot_wait_us,controller_us,rt30_us,hierarchy_vertex_us,bounds_us,clear_us,raster_us,cache_sync_us,producer_total_us,publish_consume_us,ppa_wait_us,ppa_blend_us,panel_submit_us,ppa_fill_us,ppa_srm_us,ppa_total_us,clear_cache_sync_us,convert_cache_sync_us,flush_cache_sync_us,cache_sync_total_us,display_lock_wait_us,flush_total_us,frame_total_us,dirty_x,dirty_y,dirty_w,dirty_h,frame_drop,slot_miss,lock_skip,deadline_miss,backend,convert_us,keypoint_us,visual_transform_us,stretch_us,vertex_transform_us,uv_update_us,trig_cache_hit,trig_cache_miss
L2D_SUMMARY_HEADER,scenario,scale_q100,round,metric,count,avg,p50,p95,p99,min,max,backend
L2D_ROI_HEADER,frame_id,scenario,scale_q100,round,frame,current_valid,current_min_x,current_min_y,current_max_x,current_max_y,current_w,current_h,current_area,previous_valid,previous_min_x,previous_min_y,previous_max_x,previous_max_y,union_min_x,union_min_y,union_max_x,union_max_y,union_w,union_h,union_area,current_area_ratio_q10000,union_area_ratio_q10000,force_full
L2D_SUMMARY,LOAD,0,0,load_us,1,283739,283739,283739,283739,283739,283739,0
I (3213) l2d_profile: profile suite: stage=1 rounds=1 frames=50
I (3219) live2d_engine: Internal render scale set to 1.000
L2D_FRAME,6,STATIC,100,1,5,0,19,36,131,1,1137,19187,25,25440,20,5652,0,157,1106,4546,5652,15,0,10,25,15,193,25653,0,0,320,320,0,0,0,0,0,4569,0,0,0,0,0,0,0
L2D_FRAME,7,STATIC,100,1,6,0,14,32,129,2,1153,19060,24,25197,19,5566,0,164,1123,4443,5566,15,0,9,24,13,198,25414,0,0,320,320,0,0,0,0,0,4466,0,0,0,0,0,0,0
L2D_FRAME,8,STATIC,100,1,7,0,15,35,127,2,1114,19177,24,25311,51,5539,0,159,1087,4452,5539,15,0,9,24,15,200,25562,0,0,320,320,0,0,0,0,0,4474,0,0,0,0,0,0,0
L2D_FRAME,9,STATIC,100,1,8,0,15,33,129,2,1145,19132,25,25254,12,5535,0,160,1118,4417,5535,15,0,10,25,13,203,25469,0,0,320,320,0,0,0,0,0,4441,0,0,0,0,0,0,0
L2D_FRAME,10,STATIC,100,1,9,0,13,33,128,2,993,19004,25,24929,20,5328,0,160,963,4365,5328,15,0,10,25,15,196,25145,0,0,320,320,0,0,0,0,0,4389,0,0,0,0,0,0,0
L2D_FRAME,11,STATIC,100,1,10,0,24,41,125,1,1147,19250,24,25417,19,5563,0,156,1112,4451,5563,15,0,9,24,17,198,25634,0,0,320,320,0,0,0,0,0,4477,0,0,0,0,0,0,0
L2D_FRAME,12,STATIC,100,1,11,0,14,33,157,1,1125,18979,24,25211,19,5631,0,154,1094,4537,5631,15,0,9,24,13,188,25418,0,0,320,320,0,0,0,0,0,4560,0,0,0,0,0,0,0
L2D_FRAME,13,STATIC,100,1,12,0,13,36,122,2,1027,19176,24,25155,19,5403,0,164,996,4407,5403,15,0,9,24,13,198,25372,0,0,320,320,0,0,0,0,0,4431,0,0,0,0,0,0,0
L2D_FRAME,14,STATIC,100,1,13,0,18,33,133,2,946,19043,36,24840,16,5197,0,162,908,4289,5197,26,0,10,36,199,389,25245,0,0,320,320,0,0,0,0,0,4317,0,0,0,0,0,0,0
L2D_FRAME,15,STATIC,100,1,14,0,15,37,129,2,1112,19167,27,25308,19,5559,0,149,1082,4477,5559,18,0,9,27,13,183,25510,0,0,320,320,0,0,0,0,0,4504,0,0,0,0,0,0,0
L2D_FRAME,16,STATIC,100,1,15,0,15,37,128,2,1100,19028,24,25143,19,5531,0,156,1074,4457,5531,15,0,9,24,53,230,25392,0,0,320,320,0,0,0,0,0,4480,0,0,0,0,0,0,0
L2D_FRAME,17,STATIC,100,1,16,0,15,33,131,2,982,19140,32,24955,19,5238,0,154,951,4287,5238,15,0,17,32,13,196,25170,0,0,320,320,0,0,0,0,0,4310,0,0,0,0,0,0,0
L2D_FRAME,18,STATIC,100,1,17,0,15,41,128,2,1155,19111,29,25283,19,5573,0,158,1124,4449,5573,19,0,10,29,13,196,25498,0,0,320,320,0,0,0,0,0,4477,0,0,0,0,0,0,0
L2D_FRAME,19,STATIC,100,1,18,0,15,34,128,2,1134,19175,25,25287,19,5525,0,156,1103,4422,5525,15,0,10,25,14,229,25535,0,0,320,320,0,0,0,0,0,4444,0,0,0,0,0,0,0
L2D_FRAME,20,STATIC,100,1,19,0,15,33,127,2,1059,19041,25,25002,12,5371,0,159,1025,4346,5371,15,0,10,25,17,197,25211,0,0,320,320,0,0,0,0,0,4369,0,0,0,0,0,0,0
L2D_FRAME,21,STATIC,100,1,20,0,15,35,129,2,1143,19218,23,25401,20,5593,0,158,1117,4476,5593,14,0,9,23,17,194,25615,0,0,320,320,0,0,0,0,0,4504,0,0,0,0,0,0,0
L2D_FRAME,22,STATIC,100,1,21,0,15,36,127,2,1124,19119,25,25229,16,5543,0,157,1097,4446,5543,15,0,10,25,16,194,25439,0,0,320,320,0,0,0,0,0,4470,0,0,0,0,0,0,0
L2D_FRAME,23,STATIC,100,1,22,0,15,33,153,2,1078,18993,25,25148,16,5554,0,156,1051,4503,5554,15,0,10,25,13,193,25357,0,0,320,320,0,0,0,0,0,4527,0,0,0,0,0,0,0
L2D_FRAME,24,STATIC,100,1,23,0,15,37,136,2,961,19198,25,25005,11,5209,0,148,927,4282,5209,15,0,10,25,15,188,25204,0,0,320,320,0,0,0,0,0,4305,0,0,0,0,0,0,0
L2D_FRAME,25,STATIC,100,1,24,0,13,36,155,2,1137,18994,26,25251,19,5648,0,153,1102,4546,5648,16,0,10,26,13,187,25457,0,0,320,320,0,0,0,0,0,4570,0,0,0,0,0,0,0
L2D_FRAME,26,STATIC,100,1,25,0,13,43,127,2,1131,19180,24,25289,19,5521,0,160,1097,4424,5521,15,0,9,24,13,194,25502,0,0,320,320,0,0,0,0,0,4446,0,0,0,0,0,0,0
L2D_FRAME,27,STATIC,100,1,26,0,15,33,127,2,1024,19098,24,25033,11,5341,0,159,993,4348,5341,15,0,9,24,77,261,25305,0,0,320,320,0,0,0,0,0,4370,0,0,0,0,0,0,0
L2D_FRAME,28,STATIC,100,1,27,0,15,46,128,2,882,19012,24,24820,19,5147,0,156,856,4291,5147,14,0,10,24,13,190,25029,0,0,320,320,0,0,0,0,0,4319,0,0,0,0,0,0,0
L2D_FRAME,29,STATIC,100,1,28,0,15,33,129,1,1119,19132,25,25239,20,5525,0,156,1092,4433,5525,15,0,10,25,13,190,25449,0,0,320,320,0,0,0,0,0,4460,0,0,0,0,0,0,0
L2D_FRAME,30,STATIC,100,1,29,0,15,33,130,2,1070,19180,24,25246,19,5486,0,192,1043,4443,5486,15,0,9,24,13,226,25491,0,0,320,320,0,0,0,0,0,4465,0,0,0,0,0,0,0
L2D_FRAME,31,STATIC,100,1,30,0,15,34,134,2,936,19112,33,24890,20,5184,0,157,901,4283,5184,23,0,10,33,191,372,25282,0,0,320,320,0,0,0,0,0,4314,0,0,0,0,0,0,0
L2D_FRAME,32,STATIC,100,1,31,0,15,40,128,2,888,19042,23,24765,19,5138,0,155,862,4276,5138,14,0,9,23,13,193,24977,0,0,320,320,0,0,0,0,0,4298,0,0,0,0,0,0,0
L2D_FRAME,33,STATIC,100,1,32,0,13,33,128,2,1141,19177,25,25296,16,5537,0,160,1107,4430,5537,15,0,10,25,13,196,25508,0,0,320,320,0,0,0,0,0,4453,0,0,0,0,0,0,0
L2D_FRAME,34,STATIC,100,1,33,0,15,33,129,2,989,18981,24,24923,19,5333,0,168,962,4371,5333,15,0,9,24,14,206,25148,0,0,320,320,0,0,0,0,0,4398,0,0,0,0,0,0,0
L2D_FRAME,35,STATIC,100,1,34,0,15,35,127,1,1134,19244,25,25384,19,5554,0,156,1107,4447,5554,15,0,10,25,13,194,25597,0,0,320,320,0,0,0,0,0,4474,0,0,0,0,0,0,0
L2D_FRAME,36,STATIC,100,1,35,0,15,35,157,2,1146,19002,25,25258,20,5654,0,148,1119,4535,5654,15,0,10,25,13,182,25460,0,0,320,320,0,0,0,0,0,4559,0,0,0,0,0,0,0
L2D_FRAME,37,STATIC,100,1,36,0,15,34,128,2,1046,19182,24,25175,19,5415,0,168,1016,4399,5415,15,0,9,24,13,202,25396,0,0,320,320,0,0,0,0,0,4422,0,0,0,0,0,0,0
L2D_FRAME,38,STATIC,100,1,37,0,15,35,136,2,936,19076,44,24854,16,5171,0,158,897,4274,5171,27,0,17,44,192,381,25251,0,0,320,320,0,0,0,0,0,4302,0,0,0,0,0,0,0
L2D_FRAME,39,STATIC,100,1,38,0,15,32,131,1,1148,19167,24,25338,19,5587,0,158,1118,4469,5587,15,0,9,24,13,192,25549,0,0,320,320,0,0,0,0,0,4495,0,0,0,0,0,0,0
L2D_FRAME,40,STATIC,100,1,39,0,13,37,130,2,1109,19058,24,25171,19,5536,0,154,1082,4454,5536,15,0,9,24,14,187,25377,0,0,320,320,0,0,0,0,0,4477,0,0,0,0,0,0,0
L2D_FRAME,41,STATIC,100,1,40,0,15,35,126,2,967,19115,24,24921,19,5220,0,167,937,4283,5220,15,0,9,24,13,205,25145,0,0,320,320,0,0,0,0,0,4305,0,0,0,0,0,0,0
L2D_FRAME,42,STATIC,100,1,41,0,15,36,126,2,1122,19142,25,25289,12,5540,0,153,1088,4452,5540,15,0,10,25,13,190,25491,0,0,320,320,0,0,0,0,0,4476,0,0,0,0,0,0,0
L2D_FRAME,43,STATIC,100,1,42,0,15,34,127,2,1105,19140,25,25215,20,5506,0,199,1078,4428,5506,15,0,10,25,16,236,25471,0,0,320,320,0,0,0,0,0,4452,0,0,0,0,0,0,0
L2D_FRAME,44,STATIC,100,1,43,0,15,33,128,2,1038,19090,25,25031,12,5364,0,152,1007,4357,5364,15,0,10,25,13,189,25232,0,0,320,320,0,0,0,0,0,4381,0,0,0,0,0,0,0
L2D_FRAME,45,STATIC,100,1,44,0,15,33,128,1,1108,19238,25,25367,12,5511,0,157,1081,4430,5511,15,0,10,25,17,194,25573,0,0,320,320,0,0,0,0,0,4453,0,0,0,0,0,0,0
L2D_FRAME,46,STATIC,100,1,45,0,12,34,127,1,1117,19132,24,25245,20,5539,0,154,1090,4449,5539,15,0,9,24,13,191,25456,0,0,320,320,0,0,0,0,0,4473,0,0,0,0,0,0,0
L2D_FRAME,47,STATIC,100,1,46,0,13,37,157,1,1083,18997,24,25126,15,5533,0,152,1057,4476,5533,15,0,9,24,13,186,25327,0,0,320,320,0,0,0,0,0,4499,0,0,0,0,0,0,0
L2D_FRAME,48,STATIC,100,1,47,0,15,37,133,1,936,19227,32,25011,16,5191,0,156,902,4289,5191,22,0,10,32,16,197,25224,0,0,320,320,0,0,0,0,0,4319,0,0,0,0,0,0,0
L2D_FRAME,49,STATIC,100,1,48,0,13,37,157,2,1149,18922,24,25170,15,5640,0,159,1118,4522,5640,15,0,9,24,17,201,25386,0,0,320,320,0,0,0,0,0,4545,0,0,0,0,0,0,0
L2D_FRAME,50,STATIC,100,1,49,0,13,37,128,2,1129,19198,25,25307,19,5521,0,156,1094,4427,5521,15,0,10,25,13,190,25516,0,0,320,320,0,0,0,0,0,4451,0,0,0,0,0,0,0
L2D_FRAME,51,STATIC,100,1,50,0,15,37,129,2,1013,19062,24,24939,20,5291,0,155,983,4308,5291,15,0,9,24,203,382,25341,0,0,320,320,0,0,0,0,0,4336,0,0,0,0,0,0,0
L2D_FRAME,52,STATIC,100,1,51,0,13,48,129,2,892,19044,24,24856,19,5154,0,165,865,4289,5154,15,0,9,24,13,198,25073,0,0,320,320,0,0,0,0,0,4323,0,0,0,0,0,0,0
L2D_FRAME,53,STATIC,100,1,52,0,15,33,132,2,1120,19177,25,25314,20,5554,0,157,1093,4461,5554,15,0,10,25,13,191,25525,0,0,320,320,0,0,0,0,0,4484,0,0,0,0,0,0,0
L2D_FRAME,54,STATIC,100,1,53,0,15,37,127,2,1060,19221,24,25273,19,5464,0,161,1033,4431,5464,15,0,9,24,48,230,25522,0,0,320,320,0,0,0,0,0,4453,0,0,0,0,0,0,0
L2D_FRAME,55,STATIC,100,1,54,0,22,32,136,2,933,19108,31,24875,15,5178,0,165,899,4279,5178,22,0,9,31,17,206,25096,0,0,320,320,0,0,0,0,0,4302,0,0,0,0,0,0,0
L2D_ROI,6,STATIC,100,1,5,1,59,14,257,298,199,285,56715,1,59,14,257,298,59,14,257,298,199,285,56715,5538,5538,0
L2D_ROI,7,STATIC,100,1,6,1,59,14,257,298,199,285,56715,1,59,14,257,298,59,14,257,298,199,285,56715,5538,5538,0
L2D_ROI,8,STATIC,100,1,7,1,59,14,257,298,199,285,56715,1,59,14,257,298,59,14,257,298,199,285,56715,5538,5538,0
L2D_ROI,9,STATIC,100,1,8,1,59,14,257,298,199,285,56715,1,59,14,257,298,59,14,257,298,199,285,56715,5538,5538,0
L2D_ROI,10,STATIC,100,1,9,1,59,14,257,298,199,285,56715,1,59,14,257,298,59,14,257,298,199,285,56715,5538,5538,0
L2D_ROI,11,STATIC,100,1,10,1,59,14,257,298,199,285,56715,1,59,14,257,298,59,14,257,298,199,285,56715,5538,5538,0
L2D_ROI,12,STATIC,100,1,11,1,59,14,257,298,199,285,56715,1,59,14,257,298,59,14,257,298,199,285,56715,5538,5538,0
L2D_ROI,13,STATIC,100,1,12,1,59,14,257,298,199,285,56715,1,59,14,257,298,59,14,257,298,199,285,56715,5538,5538,0
L2D_ROI,14,STATIC,100,1,13,1,59,14,257,298,199,285,56715,1,59,14,257,298,59,14,257,298,199,285,56715,5538,5538,0
L2D_ROI,15,STATIC,100,1,14,1,59,14,257,298,199,285,56715,1,59,14,257,298,59,14,257,298,199,285,56715,5538,5538,0
L2D_ROI,16,STATIC,100,1,15,1,59,14,257,298,199,285,56715,1,59,14,257,298,59,14,257,298,199,285,56715,5538,5538,0
L2D_ROI,17,STATIC,100,1,16,1,59,14,257,298,199,285,56715,1,59,14,257,298,59,14,257,298,199,285,56715,5538,5538,0
L2D_ROI,18,STATIC,100,1,17,1,59,14,257,298,199,285,56715,1,59,14,257,298,59,14,257,298,199,285,56715,5538,5538,0
L2D_ROI,19,STATIC,100,1,18,1,59,14,257,298,199,285,56715,1,59,14,257,298,59,14,257,298,199,285,56715,5538,5538,0
L2D_ROI,20,STATIC,100,1,19,1,59,14,257,298,199,285,56715,1,59,14,257,298,59,14,257,298,199,285,56715,5538,5538,0
L2D_ROI,21,STATIC,100,1,20,1,59,14,257,298,199,285,56715,1,59,14,257,298,59,14,257,298,199,285,56715,5538,5538,0
L2D_ROI,22,STATIC,100,1,21,1,59,14,257,298,199,285,56715,1,59,14,257,298,59,14,257,298,199,285,56715,5538,5538,0
L2D_ROI,23,STATIC,100,1,22,1,59,14,257,298,199,285,56715,1,59,14,257,298,59,14,257,298,199,285,56715,5538,5538,0
L2D_ROI,24,STATIC,100,1,23,1,59,14,257,298,199,285,56715,1,59,14,257,298,59,14,257,298,199,285,56715,5538,5538,0
L2D_ROI,25,STATIC,100,1,24,1,59,14,257,298,199,285,56715,1,59,14,257,298,59,14,257,298,199,285,56715,5538,5538,0
L2D_ROI,26,STATIC,100,1,25,1,59,14,257,298,199,285,56715,1,59,14,257,298,59,14,257,298,199,285,56715,5538,5538,0
L2D_ROI,27,STATIC,100,1,26,1,59,14,257,298,199,285,56715,1,59,14,257,298,59,14,257,298,199,285,56715,5538,5538,0
L2D_ROI,28,STATIC,100,1,27,1,59,14,257,298,199,285,56715,1,59,14,257,298,59,14,257,298,199,285,56715,5538,5538,0
L2D_ROI,29,STATIC,100,1,28,1,59,14,257,298,199,285,56715,1,59,14,257,298,59,14,257,298,199,285,56715,5538,5538,0
L2D_ROI,30,STATIC,100,1,29,1,59,14,257,298,199,285,56715,1,59,14,257,298,59,14,257,298,199,285,56715,5538,5538,0
L2D_ROI,31,STATIC,100,1,30,1,59,14,257,298,199,285,56715,1,59,14,257,298,59,14,257,298,199,285,56715,5538,5538,0
L2D_ROI,32,STATIC,100,1,31,1,59,14,257,298,199,285,56715,1,59,14,257,298,59,14,257,298,199,285,56715,5538,5538,0
L2D_ROI,33,STATIC,100,1,32,1,59,14,257,298,199,285,56715,1,59,14,257,298,59,14,257,298,199,285,56715,5538,5538,0
L2D_ROI,34,STATIC,100,1,33,1,59,14,257,298,199,285,56715,1,59,14,257,298,59,14,257,298,199,285,56715,5538,5538,0
L2D_ROI,35,STATIC,100,1,34,1,59,14,257,298,199,285,56715,1,59,14,257,298,59,14,257,298,199,285,56715,5538,5538,0
L2D_ROI,36,STATIC,100,1,35,1,59,14,257,298,199,285,56715,1,59,14,257,298,59,14,257,298,199,285,56715,5538,5538,0
L2D_ROI,37,STATIC,100,1,36,1,59,14,257,298,199,285,56715,1,59,14,257,298,59,14,257,298,199,285,56715,5538,5538,0
L2D_ROI,38,STATIC,100,1,37,1,59,14,257,298,199,285,56715,1,59,14,257,298,59,14,257,298,199,285,56715,5538,5538,0
L2D_ROI,39,STATIC,100,1,38,1,59,14,257,298,199,285,56715,1,59,14,257,298,59,14,257,298,199,285,56715,5538,5538,0
L2D_ROI,40,STATIC,100,1,39,1,59,14,257,298,199,285,56715,1,59,14,257,298,59,14,257,298,199,285,56715,5538,5538,0
L2D_ROI,41,STATIC,100,1,40,1,59,14,257,298,199,285,56715,1,59,14,257,298,59,14,257,298,199,285,56715,5538,5538,0
L2D_ROI,42,STATIC,100,1,41,1,59,14,257,298,199,285,56715,1,59,14,257,298,59,14,257,298,199,285,56715,5538,5538,0
L2D_ROI,43,STATIC,100,1,42,1,59,14,257,298,199,285,56715,1,59,14,257,298,59,14,257,298,199,285,56715,5538,5538,0
L2D_ROI,44,STATIC,100,1,43,1,59,14,257,298,199,285,56715,1,59,14,257,298,59,14,257,298,199,285,56715,5538,5538,0
L2D_ROI,45,STATIC,100,1,44,1,59,14,257,298,199,285,56715,1,59,14,257,298,59,14,257,298,199,285,56715,5538,5538,0
L2D_ROI,46,STATIC,100,1,45,1,59,14,257,298,199,285,56715,1,59,14,257,298,59,14,257,298,199,285,56715,5538,5538,0
L2D_ROI,47,STATIC,100,1,46,1,59,14,257,298,199,285,56715,1,59,14,257,298,59,14,257,298,199,285,56715,5538,5538,0
L2D_ROI,48,STATIC,100,1,47,1,59,14,257,298,199,285,56715,1,59,14,257,298,59,14,257,298,199,285,56715,5538,5538,0
L2D_ROI,49,STATIC,100,1,48,1,59,14,257,298,199,285,56715,1,59,14,257,298,59,14,257,298,199,285,56715,5538,5538,0
L2D_ROI,50,STATIC,100,1,49,1,59,14,257,298,199,285,56715,1,59,14,257,298,59,14,257,298,199,285,56715,5538,5538,0
L2D_ROI,51,STATIC,100,1,50,1,59,14,257,298,199,285,56715,1,59,14,257,298,59,14,257,298,199,285,56715,5538,5538,0
L2D_ROI,52,STATIC,100,1,51,1,59,14,257,298,199,285,56715,1,59,14,257,298,59,14,257,298,199,285,56715,5538,5538,0
L2D_ROI,53,STATIC,100,1,52,1,59,14,257,298,199,285,56715,1,59,14,257,298,59,14,257,298,199,285,56715,5538,5538,0
L2D_ROI,54,STATIC,100,1,53,1,59,14,257,298,199,285,56715,1,59,14,257,298,59,14,257,298,199,285,56715,5538,5538,0
L2D_ROI,55,STATIC,100,1,54,1,59,14,257,298,199,285,56715,1,59,14,257,298,59,14,257,298,199,285,56715,5538,5538,0
L2D_SUMMARY,STATIC,100,1,slot_wait_us,50,0.00,0,0,0,0,0,0
L2D_SUMMARY,STATIC,100,1,controller_us,50,14.96,15,19,24,12,24,0
L2D_SUMMARY,STATIC,100,1,rt30_us,50,35.60,35,43,48,32,48,0
L2D_SUMMARY,STATIC,100,1,hierarchy_vertex_us,50,132.22,129,157,157,122,157,0
L2D_SUMMARY,STATIC,100,1,bounds_us,50,1.80,2,2,2,1,2,0
L2D_SUMMARY,STATIC,100,1,clear_us,50,1064.86,1105,1149,1155,882,1155,0
L2D_SUMMARY,STATIC,100,1,raster_us,50,19112.96,19119,19238,19250,18922,19250,0
I (6243) l2d_profile: STATIC scale=100 round=1 raster_us avg=19113 p95=19238 p99=19250 max=19250
L2D_SUMMARY,STATIC,100,1,convert_us,50,4431.76,4453,4560,4570,4298,4570,0
L2D_SUMMARY,STATIC,100,1,cache_sync_us,50,25.80,25,33,44,23,44,0
L2D_SUMMARY,STATIC,100,1,producer_total_us,50,25147.72,25197,25401,25440,24765,25440,0
I (6271) l2d_profile: STATIC scale=100 round=1 producer_total_us avg=25148 p95=25401 p99=25440 max=25440
L2D_SUMMARY,STATIC,100,1,publish_consume_us,50,18.22,19,20,51,11,51,0
L2D_SUMMARY,STATIC,100,1,ppa_wait_us,50,5441.86,5521,5648,5654,5138,5654,0
L2D_SUMMARY,STATIC,100,1,ppa_blend_us,50,0.00,0,0,0,0,0,0
L2D_SUMMARY,STATIC,100,1,panel_submit_us,50,159.06,157,168,199,148,199,0
L2D_SUMMARY,STATIC,100,1,frame_drop,50,0.00,0,0,0,0,0,0
L2D_SUMMARY,STATIC,100,1,ppa_fill_us,50,1034.74,1078,1119,1124,856,1124,0
L2D_SUMMARY,STATIC,100,1,ppa_srm_us,50,4407.12,4430,4537,4546,4274,4546,0
L2D_SUMMARY,STATIC,100,1,ppa_total_us,50,5441.86,5521,5648,5654,5138,5654,0
L2D_SUMMARY,STATIC,100,1,clear_cache_sync_us,50,16.00,15,23,27,14,27,0
L2D_SUMMARY,STATIC,100,1,convert_cache_sync_us,50,0.00,0,0,0,0,0,0
L2D_SUMMARY,STATIC,100,1,flush_cache_sync_us,50,9.80,10,10,17,9,17,0
L2D_SUMMARY,STATIC,100,1,cache_sync_total_us,50,25.80,25,33,44,23,44,0
L2D_SUMMARY,STATIC,100,1,display_lock_wait_us,50,31.32,13,192,203,13,203,0
L2D_SUMMARY,STATIC,100,1,flush_total_us,50,214.04,196,381,389,182,389,0
L2D_SUMMARY,STATIC,100,1,frame_total_us,50,25379.98,25414,25615,25653,24977,25653,0
L2D_SUMMARY,STATIC,100,1,keypoint_us,50,0.00,0,0,0,0,0,0
L2D_SUMMARY,STATIC,100,1,visual_transform_us,50,0.00,0,0,0,0,0,0
L2D_SUMMARY,STATIC,100,1,stretch_us,50,0.00,0,0,0,0,0,0
L2D_SUMMARY,STATIC,100,1,vertex_transform_us,50,0.00,0,0,0,0,0,0
L2D_SUMMARY,STATIC,100,1,uv_update_us,50,0.00,0,0,0,0,0,0
L2D_SUMMARY,STATIC,100,1,trig_cache_hit,50,0.00,0,0,0,0,0,0
L2D_SUMMARY,STATIC,100,1,trig_cache_miss,50,0.00,0,0,0,0,0,0
L2D_SUMMARY,STATIC,100,1,slot_miss,50,0.00,0,0,0,0,0,0
L2D_SUMMARY,STATIC,100,1,lock_skip,50,0.00,0,0,0,0,0,0
L2D_SUMMARY,STATIC,100,1,deadline_miss,50,0.00,0,0,0,0,0,0
L2D_SUMMARY,STATIC,100,1,roi.current_area,50,56715.00,56715,56715,56715,56715,56715,0
L2D_SUMMARY,STATIC,100,1,roi.union_area,50,56715.00,56715,56715,56715,56715,56715,0
L2D_SUMMARY,STATIC,100,1,roi.current_area_ratio_q10000,50,5538.00,5538,5538,5538,5538,5538,0
L2D_SUMMARY,STATIC,100,1,roi.union_area_ratio_q10000,50,5538.00,5538,5538,5538,5538,5538,0
L2D_SUMMARY,STATIC,100,1,roi.current_w,50,199.00,199,199,199,199,199,0
L2D_SUMMARY,STATIC,100,1,roi.current_h,50,285.00,285,285,285,285,285,0
L2D_SUMMARY,STATIC,100,1,roi.union_w,50,199.00,199,199,199,199,199,0
L2D_SUMMARY,STATIC,100,1,roi.union_h,50,285.00,285,285,285,285,285,0
I (6482) l2d_profile: done STATIC scale=100 round=1
L2D_FRAME,61,EYE_L_SWEEP,100,1,5,0,61,527,1200,2,1124,19048,25,26634,16,5393,0,163,1098,4295,5393,15,0,10,25,17,201,26851,0,0,320,320,0,0,0,0,0,4319,0,0,0,0,0,51,0
L2D_FRAME,62,EYE_L_SWEEP,100,1,6,0,57,543,1235,2,1116,18829,24,26529,16,5458,0,153,1089,4369,5458,15,0,9,24,17,191,26736,0,0,320,320,0,0,0,0,0,4396,0,0,0,0,0,51,0
L2D_FRAME,63,EYE_L_SWEEP,100,1,7,0,57,548,1199,2,1138,18996,23,26584,19,5387,0,164,1108,4279,5387,14,0,9,23,13,198,26801,0,0,320,320,0,0,0,0,0,4304,0,0,0,0,0,51,0
L2D_FRAME,64,EYE_L_SWEEP,100,1,8,0,57,548,1192,1,1104,18963,25,26521,16,5362,0,158,1077,4285,5362,15,0,10,25,13,195,26732,0,0,320,320,0,0,0,0,0,4313,0,0,0,0,0,51,0
L2D_FRAME,65,EYE_L_SWEEP,100,1,9,0,57,575,1198,2,1149,19035,24,26666,15,5400,0,158,1122,4278,5400,15,0,9,24,13,195,26876,0,0,320,320,0,0,0,0,0,4300,0,0,0,0,0,51,0
L2D_FRAME,66,EYE_L_SWEEP,100,1,10,0,57,530,1190,2,1133,18942,24,26577,19,5456,0,154,1106,4350,5456,15,0,9,24,13,188,26784,0,0,320,320,0,0,0,0,0,4372,0,0,0,0,0,51,0
L2D_FRAME,67,EYE_L_SWEEP,100,1,11,0,67,540,1234,2,1142,18784,25,26671,16,5624,0,152,1108,4516,5624,15,0,10,25,17,190,26877,0,0,320,320,0,0,0,0,0,4538,0,0,0,0,0,51,0
L2D_FRAME,68,EYE_L_SWEEP,100,1,12,0,66,541,1198,2,1146,18927,25,26766,16,5641,0,155,1115,4526,5641,15,0,10,25,815,995,27777,0,0,320,320,0,0,0,0,0,4550,0,0,0,0,0,51,0
L2D_FRAME,69,EYE_L_SWEEP,100,1,13,0,55,549,1192,2,1115,18809,25,26647,20,5630,0,168,1088,4542,5630,15,0,10,25,16,204,26871,0,0,320,320,0,0,0,0,0,4565,0,0,0,0,0,51,0
L2D_FRAME,70,EYE_L_SWEEP,100,1,14,0,66,585,1198,2,1139,18902,24,26817,19,5660,0,166,1113,4547,5660,15,0,9,24,13,204,27040,0,0,320,320,0,0,0,0,0,4573,0,0,0,0,0,51,0
L2D_FRAME,71,EYE_L_SWEEP,100,1,15,0,57,538,1190,2,1125,18838,24,26646,15,5610,0,157,1098,4512,5610,15,0,9,24,17,195,26856,0,0,320,320,0,0,0,0,0,4538,0,0,0,0,0,51,0
L2D_FRAME,72,EYE_L_SWEEP,100,1,16,0,66,569,1205,1,1140,18977,23,26881,16,5660,0,167,1110,4550,5660,14,0,9,23,882,1070,27967,0,0,320,320,0,0,0,0,0,4574,0,0,0,0,0,51,0
L2D_FRAME,73,EYE_L_SWEEP,100,1,17,0,55,550,1203,2,1127,18891,24,26562,16,5469,0,158,1096,4373,5469,15,0,9,24,13,195,26773,0,0,320,320,0,0,0,0,0,4397,0,0,0,0,0,51,0
L2D_FRAME,74,EYE_L_SWEEP,100,1,18,0,66,581,1199,2,1110,19018,24,26753,15,5494,0,150,1080,4414,5494,15,0,9,24,17,188,26956,0,0,320,320,0,0,0,0,0,4441,0,0,0,0,0,51,0
L2D_FRAME,75,EYE_L_SWEEP,100,1,19,0,55,555,1199,2,1135,18885,24,26492,15,5397,0,151,1104,4293,5397,15,0,9,24,13,188,26695,0,0,320,320,0,0,0,0,0,4316,0,0,0,0,0,51,0
L2D_FRAME,76,EYE_L_SWEEP,100,1,20,0,57,578,1199,2,1147,19080,23,26706,15,5399,0,157,1117,4282,5399,14,0,9,23,13,195,26916,0,0,320,320,0,0,0,0,0,4304,0,0,0,0,0,51,0
L2D_FRAME,77,EYE_L_SWEEP,100,1,21,0,55,543,1198,2,1139,18938,28,26534,19,5399,0,160,1108,4291,5399,19,0,9,28,13,194,26747,0,0,320,320,0,0,0,0,0,4314,0,0,0,0,0,51,0
L2D_FRAME,78,EYE_L_SWEEP,100,1,22,0,65,581,1197,1,1113,19016,24,26627,15,5368,0,158,1083,4285,5368,14,0,10,24,13,195,26837,0,0,320,320,0,0,0,0,0,4307,0,0,0,0,0,51,0
L2D_FRAME,79,EYE_L_SWEEP,100,1,23,0,57,554,1200,2,1155,18985,25,26618,11,5426,0,154,1124,4302,5426,15,0,10,25,13,190,26819,0,0,320,320,0,0,0,0,0,4324,0,0,0,0,0,51,0
L2D_FRAME,80,EYE_L_SWEEP,100,1,24,0,56,551,1235,1,1115,18934,25,26681,16,5512,0,149,1080,4432,5512,15,0,10,25,17,187,26884,0,0,320,320,0,0,0,0,0,4457,0,0,0,0,0,51,0
L2D_FRAME,81,EYE_L_SWEEP,100,1,25,0,57,547,1199,2,1148,19107,25,26825,16,5519,0,157,1118,4401,5519,15,0,10,25,546,732,27573,0,0,320,320,0,0,0,0,0,4428,0,0,0,0,0,51,0
L2D_FRAME,82,EYE_L_SWEEP,100,1,26,0,55,556,1195,2,1154,19035,28,26873,19,5639,0,158,1123,4516,5639,19,0,9,28,13,192,27084,0,0,320,320,0,0,0,0,0,4542,0,0,0,0,0,51,0
L2D_FRAME,83,EYE_L_SWEEP,100,1,27,0,57,549,1201,1,1147,19177,28,26780,19,5409,0,165,1117,4292,5409,18,0,10,28,219,409,27208,0,0,320,320,0,0,0,0,0,4319,0,0,0,0,0,51,0
L2D_FRAME,84,EYE_L_SWEEP,100,1,28,0,66,555,1238,2,1149,18956,28,26696,20,5500,0,157,1118,4382,5500,19,0,9,28,12,194,26910,0,0,320,320,0,0,0,0,0,4405,0,0,0,0,0,51,0
L2D_FRAME,85,EYE_L_SWEEP,100,1,29,0,57,546,1213,2,1140,19067,23,26665,15,5398,0,158,1114,4284,5398,14,0,9,23,16,196,26876,0,0,320,320,0,0,0,0,0,4306,0,0,0,0,0,51,0
L2D_FRAME,86,EYE_L_SWEEP,100,1,30,0,57,549,1231,2,1150,18896,24,26617,15,5483,0,162,1115,4368,5483,15,0,9,24,17,199,26831,0,0,320,320,0,0,0,0,0,4391,0,0,0,0,0,51,0
L2D_FRAME,87,EYE_L_SWEEP,100,1,31,0,57,543,1189,2,1102,19039,24,26592,16,5361,0,154,1076,4285,5361,14,0,10,24,17,191,26799,0,0,320,320,0,0,0,0,0,4308,0,0,0,0,0,51,0
L2D_FRAME,88,EYE_L_SWEEP,100,1,32,0,56,541,1193,2,1110,18950,24,26509,16,5376,0,155,1083,4293,5376,15,0,9,24,13,195,26720,0,0,320,320,0,0,0,0,0,4319,0,0,0,0,0,51,0
L2D_FRAME,89,EYE_L_SWEEP,100,1,33,0,57,575,1201,1,1116,19064,24,26652,15,5373,0,152,1090,4283,5373,15,0,9,24,13,190,26857,0,0,320,320,0,0,0,0,0,4306,0,0,0,0,0,51,0
L2D_FRAME,90,EYE_L_SWEEP,100,1,34,0,57,542,1187,2,1117,19003,23,26619,15,5435,0,157,1087,4348,5435,14,0,9,23,17,195,26829,0,0,320,320,0,0,0,0,0,4370,0,0,0,0,0,51,0
L2D_FRAME,91,EYE_L_SWEEP,100,1,35,0,57,547,1233,2,1143,18806,25,26676,16,5630,0,146,1109,4521,5630,15,0,10,25,13,183,26875,0,0,320,320,0,0,0,0,0,4547,0,0,0,0,0,51,0
L2D_FRAME,92,EYE_L_SWEEP,100,1,36,0,66,545,1202,2,1135,18943,24,26784,16,5635,0,157,1104,4531,5635,15,0,9,24,842,1028,27828,0,0,320,320,0,0,0,0,0,4555,0,0,0,0,0,51,0
L2D_FRAME,93,EYE_L_SWEEP,100,1,37,0,57,546,1202,2,1149,18933,43,26823,20,5685,0,172,1119,4566,5685,19,0,24,43,15,227,27070,0,0,320,320,0,0,0,0,0,4589,0,0,0,0,0,51,0
L2D_FRAME,94,EYE_L_SWEEP,100,1,38,0,66,543,1202,2,1141,18938,24,26653,16,5521,0,161,1111,4410,5521,15,0,9,24,551,733,27402,0,0,320,320,0,0,0,0,0,4433,0,0,0,0,0,51,0
L2D_FRAME,95,EYE_L_SWEEP,100,1,39,0,57,546,1207,2,1123,18842,24,26674,15,5621,0,153,1096,4525,5621,15,0,9,24,13,187,26876,0,0,320,320,0,0,0,0,0,4549,0,0,0,0,0,51,0
L2D_FRAME,96,EYE_L_SWEEP,100,1,40,0,66,571,1199,2,1101,19001,25,26858,16,5620,0,165,1070,4550,5620,15,0,10,25,1070,1263,28137,0,0,320,320,0,0,0,0,0,4579,0,0,0,0,0,51,0
L2D_FRAME,97,EYE_L_SWEEP,100,1,41,0,57,544,1198,2,1149,18836,24,26548,15,5509,0,155,1123,4386,5509,15,0,9,24,17,192,26755,0,0,320,320,0,0,0,0,0,4414,0,0,0,0,0,51,0
L2D_FRAME,98,EYE_L_SWEEP,100,1,42,0,66,576,1197,2,1150,18954,24,26736,15,5554,0,156,1123,4431,5554,15,0,9,24,703,883,27634,0,0,320,320,0,0,0,0,0,4454,0,0,0,0,0,51,0
L2D_FRAME,99,EYE_L_SWEEP,100,1,43,0,57,548,1199,2,1143,18885,25,26768,16,5687,0,160,1116,4571,5687,15,0,10,25,13,210,26994,0,0,320,320,0,0,0,0,0,4594,0,0,0,0,0,51,0
L2D_FRAME,100,EYE_L_SWEEP,100,1,44,0,57,570,1204,2,1141,19025,24,26648,20,5392,0,154,1115,4277,5392,14,0,10,24,13,190,26858,0,0,320,320,0,0,0,0,0,4300,0,0,0,0,0,51,0
L2D_FRAME,101,EYE_L_SWEEP,100,1,45,0,57,552,1186,2,1107,18955,23,26652,15,5507,0,160,1081,4426,5507,14,0,9,23,13,193,26860,0,0,320,320,0,0,0,0,0,4449,0,0,0,0,0,51,0
L2D_FRAME,102,EYE_L_SWEEP,100,1,46,0,66,542,1234,2,1149,18870,25,26789,16,5688,0,161,1114,4574,5688,15,0,10,25,13,194,26999,0,0,320,320,0,0,0,0,0,4598,0,0,0,0,0,51,0
L2D_FRAME,103,EYE_L_SWEEP,100,1,47,0,57,542,1188,2,1115,19044,27,26586,19,5364,0,157,1085,4279,5364,18,0,9,27,13,190,26795,0,0,320,320,0,0,0,0,0,4307,0,0,0,0,0,51,0
L2D_FRAME,104,EYE_L_SWEEP,100,1,48,0,56,546,1239,1,1104,19009,25,26717,15,5459,0,156,1077,4382,5459,15,0,10,25,13,193,26925,0,0,320,320,0,0,0,0,0,4406,0,0,0,0,0,51,0
L2D_FRAME,105,EYE_L_SWEEP,100,1,49,0,57,538,1199,2,1141,19014,25,26603,16,5404,0,162,1110,4294,5404,15,0,10,25,17,199,26818,0,0,320,320,0,0,0,0,0,4321,0,0,0,0,0,51,0
L2D_FRAME,106,EYE_L_SWEEP,100,1,50,0,56,547,1237,1,1149,18890,24,26633,16,5485,0,158,1114,4371,5485,15,0,9,24,13,196,26845,0,0,320,320,0,0,0,0,0,4393,0,0,0,0,0,51,0
L2D_FRAME,107,EYE_L_SWEEP,100,1,51,0,57,543,1203,2,1140,19067,25,26686,20,5419,0,157,1109,4310,5419,15,0,10,25,346,528,27234,0,0,320,320,0,0,0,0,0,4332,0,0,0,0,0,51,0
L2D_FRAME,108,EYE_L_SWEEP,100,1,52,0,57,544,1230,2,1157,18895,25,26613,12,5488,0,154,1123,4365,5488,15,0,10,25,13,190,26815,0,0,320,320,0,0,0,0,0,4392,0,0,0,0,0,51,0
L2D_FRAME,109,EYE_L_SWEEP,100,1,53,0,57,539,1188,2,1110,19154,24,26678,16,5353,0,159,1083,4270,5353,15,0,9,24,66,249,26943,0,0,320,320,0,0,0,0,0,4298,0,0,0,0,0,51,0
L2D_FRAME,110,EYE_L_SWEEP,100,1,54,0,55,542,1235,1,1135,18916,25,26631,19,5482,0,149,1104,4378,5482,15,0,10,25,13,187,26837,0,0,320,320,0,0,0,0,0,4406,0,0,0,0,0,51,0
L2D_ROI,61,EYE_L_SWEEP,100,1,5,1,59,14,257,298,199,285,56715,1,59,14,257,298,59,14,257,298,199,285,56715,5538,5538,0
L2D_ROI,62,EYE_L_SWEEP,100,1,6,1,59,14,257,298,199,285,56715,1,59,14,257,298,59,14,257,298,199,285,56715,5538,5538,0
L2D_ROI,63,EYE_L_SWEEP,100,1,7,1,59,14,257,298,199,285,56715,1,59,14,257,298,59,14,257,298,199,285,56715,5538,5538,0
L2D_ROI,64,EYE_L_SWEEP,100,1,8,1,59,14,257,298,199,285,56715,1,59,14,257,298,59,14,257,298,199,285,56715,5538,5538,0
L2D_ROI,65,EYE_L_SWEEP,100,1,9,1,59,14,257,298,199,285,56715,1,59,14,257,298,59,14,257,298,199,285,56715,5538,5538,0
L2D_ROI,66,EYE_L_SWEEP,100,1,10,1,59,14,257,298,199,285,56715,1,59,14,257,298,59,14,257,298,199,285,56715,5538,5538,0
L2D_ROI,67,EYE_L_SWEEP,100,1,11,1,59,14,257,298,199,285,56715,1,59,14,257,298,59,14,257,298,199,285,56715,5538,5538,0
L2D_ROI,68,EYE_L_SWEEP,100,1,12,1,59,14,257,298,199,285,56715,1,59,14,257,298,59,14,257,298,199,285,56715,5538,5538,0
L2D_ROI,69,EYE_L_SWEEP,100,1,13,1,59,14,257,298,199,285,56715,1,59,14,257,298,59,14,257,298,199,285,56715,5538,5538,0
L2D_ROI,70,EYE_L_SWEEP,100,1,14,1,59,14,257,298,199,285,56715,1,59,14,257,298,59,14,257,298,199,285,56715,5538,5538,0
L2D_ROI,71,EYE_L_SWEEP,100,1,15,1,59,14,257,298,199,285,56715,1,59,14,257,298,59,14,257,298,199,285,56715,5538,5538,0
L2D_ROI,72,EYE_L_SWEEP,100,1,16,1,59,14,257,298,199,285,56715,1,59,14,257,298,59,14,257,298,199,285,56715,5538,5538,0
L2D_ROI,73,EYE_L_SWEEP,100,1,17,1,59,14,257,298,199,285,56715,1,59,14,257,298,59,14,257,298,199,285,56715,5538,5538,0
L2D_ROI,74,EYE_L_SWEEP,100,1,18,1,59,14,257,298,199,285,56715,1,59,14,257,298,59,14,257,298,199,285,56715,5538,5538,0
L2D_ROI,75,EYE_L_SWEEP,100,1,19,1,59,14,257,298,199,285,56715,1,59,14,257,298,59,14,257,298,199,285,56715,5538,5538,0
L2D_ROI,76,EYE_L_SWEEP,100,1,20,1,59,14,257,298,199,285,56715,1,59,14,257,298,59,14,257,298,199,285,56715,5538,5538,0
L2D_ROI,77,EYE_L_SWEEP,100,1,21,1,59,14,257,298,199,285,56715,1,59,14,257,298,59,14,257,298,199,285,56715,5538,5538,0
L2D_ROI,78,EYE_L_SWEEP,100,1,22,1,59,14,257,298,199,285,56715,1,59,14,257,298,59,14,257,298,199,285,56715,5538,5538,0
L2D_ROI,79,EYE_L_SWEEP,100,1,23,1,59,14,257,298,199,285,56715,1,59,14,257,298,59,14,257,298,199,285,56715,5538,5538,0
L2D_ROI,80,EYE_L_SWEEP,100,1,24,1,59,14,257,298,199,285,56715,1,59,14,257,298,59,14,257,298,199,285,56715,5538,5538,0
L2D_ROI,81,EYE_L_SWEEP,100,1,25,1,59,14,257,298,199,285,56715,1,59,14,257,298,59,14,257,298,199,285,56715,5538,5538,0
L2D_ROI,82,EYE_L_SWEEP,100,1,26,1,59,14,257,298,199,285,56715,1,59,14,257,298,59,14,257,298,199,285,56715,5538,5538,0
L2D_ROI,83,EYE_L_SWEEP,100,1,27,1,59,14,257,298,199,285,56715,1,59,14,257,298,59,14,257,298,199,285,56715,5538,5538,0
L2D_ROI,84,EYE_L_SWEEP,100,1,28,1,59,14,257,298,199,285,56715,1,59,14,257,298,59,14,257,298,199,285,56715,5538,5538,0
L2D_ROI,85,EYE_L_SWEEP,100,1,29,1,59,14,257,298,199,285,56715,1,59,14,257,298,59,14,257,298,199,285,56715,5538,5538,0
L2D_ROI,86,EYE_L_SWEEP,100,1,30,1,59,14,257,298,199,285,56715,1,59,14,257,298,59,14,257,298,199,285,56715,5538,5538,0
L2D_ROI,87,EYE_L_SWEEP,100,1,31,1,59,14,257,298,199,285,56715,1,59,14,257,298,59,14,257,298,199,285,56715,5538,5538,0
L2D_ROI,88,EYE_L_SWEEP,100,1,32,1,59,14,257,298,199,285,56715,1,59,14,257,298,59,14,257,298,199,285,56715,5538,5538,0
L2D_ROI,89,EYE_L_SWEEP,100,1,33,1,59,14,257,298,199,285,56715,1,59,14,257,298,59,14,257,298,199,285,56715,5538,5538,0
L2D_ROI,90,EYE_L_SWEEP,100,1,34,1,59,14,257,298,199,285,56715,1,59,14,257,298,59,14,257,298,199,285,56715,5538,5538,0
L2D_ROI,91,EYE_L_SWEEP,100,1,35,1,59,14,257,298,199,285,56715,1,59,14,257,298,59,14,257,298,199,285,56715,5538,5538,0
L2D_ROI,92,EYE_L_SWEEP,100,1,36,1,59,14,257,298,199,285,56715,1,59,14,257,298,59,14,257,298,199,285,56715,5538,5538,0
L2D_ROI,93,EYE_L_SWEEP,100,1,37,1,59,14,257,298,199,285,56715,1,59,14,257,298,59,14,257,298,199,285,56715,5538,5538,0
L2D_ROI,94,EYE_L_SWEEP,100,1,38,1,59,14,257,298,199,285,56715,1,59,14,257,298,59,14,257,298,199,285,56715,5538,5538,0
L2D_ROI,95,EYE_L_SWEEP,100,1,39,1,59,14,257,298,199,285,56715,1,59,14,257,298,59,14,257,298,199,285,56715,5538,5538,0
L2D_ROI,96,EYE_L_SWEEP,100,1,40,1,59,14,257,298,199,285,56715,1,59,14,257,298,59,14,257,298,199,285,56715,5538,5538,0
L2D_ROI,97,EYE_L_SWEEP,100,1,41,1,59,14,257,298,199,285,56715,1,59,14,257,298,59,14,257,298,199,285,56715,5538,5538,0
L2D_ROI,98,EYE_L_SWEEP,100,1,42,1,59,14,257,298,199,285,56715,1,59,14,257,298,59,14,257,298,199,285,56715,5538,5538,0
L2D_ROI,99,EYE_L_SWEEP,100,1,43,1,59,14,257,298,199,285,56715,1,59,14,257,298,59,14,257,298,199,285,56715,5538,5538,0
L2D_ROI,100,EYE_L_SWEEP,100,1,44,1,59,14,257,298,199,285,56715,1,59,14,257,298,59,14,257,298,199,285,56715,5538,5538,0
L2D_ROI,101,EYE_L_SWEEP,100,1,45,1,59,14,257,298,199,285,56715,1,59,14,257,298,59,14,257,298,199,285,56715,5538,5538,0
L2D_ROI,102,EYE_L_SWEEP,100,1,46,1,59,14,257,298,199,285,56715,1,59,14,257,298,59,14,257,298,199,285,56715,5538,5538,0
L2D_ROI,103,EYE_L_SWEEP,100,1,47,1,59,14,257,298,199,285,56715,1,59,14,257,298,59,14,257,298,199,285,56715,5538,5538,0
L2D_ROI,104,EYE_L_SWEEP,100,1,48,1,59,14,257,298,199,285,56715,1,59,14,257,298,59,14,257,298,199,285,56715,5538,5538,0
L2D_ROI,105,EYE_L_SWEEP,100,1,49,1,59,14,257,298,199,285,56715,1,59,14,257,298,59,14,257,298,199,285,56715,5538,5538,0
L2D_ROI,106,EYE_L_SWEEP,100,1,50,1,59,14,257,298,199,285,56715,1,59,14,257,298,59,14,257,298,199,285,56715,5538,5538,0
L2D_ROI,107,EYE_L_SWEEP,100,1,51,1,59,14,257,298,199,285,56715,1,59,14,257,298,59,14,257,298,199,285,56715,5538,5538,0
L2D_ROI,108,EYE_L_SWEEP,100,1,52,1,59,14,257,298,199,285,56715,1,59,14,257,298,59,14,257,298,199,285,56715,5538,5538,0
L2D_ROI,109,EYE_L_SWEEP,100,1,53,1,59,14,257,298,199,285,56715,1,59,14,257,298,59,14,257,298,199,285,56715,5538,5538,0
L2D_ROI,110,EYE_L_SWEEP,100,1,54,1,59,14,257,298,199,285,56715,1,59,14,257,298,59,14,257,298,199,285,56715,5538,5538,0
L2D_SUMMARY,EYE_L_SWEEP,100,1,slot_wait_us,50,0.00,0,0,0,0,0,0
L2D_SUMMARY,EYE_L_SWEEP,100,1,controller_us,50,58.92,57,66,67,55,67,0
L2D_SUMMARY,EYE_L_SWEEP,100,1,rt30_us,50,551.20,547,581,585,527,585,0
L2D_SUMMARY,EYE_L_SWEEP,100,1,hierarchy_vertex_us,50,1205.80,1199,1237,1239,1186,1239,0
L2D_SUMMARY,EYE_L_SWEEP,100,1,bounds_us,50,1.82,2,2,2,1,2,0
L2D_SUMMARY,EYE_L_SWEEP,100,1,clear_us,50,1132.54,1139,1154,1157,1101,1157,0
L2D_SUMMARY,EYE_L_SWEEP,100,1,raster_us,50,18961.36,18954,19107,19177,18784,19177,0
I (9534) l2d_profile: EYE_L_SWEEP scale=100 round=1 raster_us avg=18961 p95=19107 p99=19177 max=19177
L2D_SUMMARY,EYE_L_SWEEP,100,1,convert_us,50,4416.24,4396,4589,4598,4298,4598,0
L2D_SUMMARY,EYE_L_SWEEP,100,1,cache_sync_us,50,24.98,24,28,43,23,43,0
L2D_SUMMARY,EYE_L_SWEEP,100,1,producer_total_us,50,26669.92,26652,26858,26881,26492,26881,0
I (9564) l2d_profile: EYE_L_SWEEP scale=100 round=1 producer_total_us avg=26670 p95=26858 p99=26881 max=26881
L2D_SUMMARY,EYE_L_SWEEP,100,1,publish_consume_us,50,16.40,16,20,20,11,20,0
L2D_SUMMARY,EYE_L_SWEEP,100,1,ppa_wait_us,50,5494.82,5482,5685,5688,5353,5688,0
L2D_SUMMARY,EYE_L_SWEEP,100,1,ppa_blend_us,50,0.00,0,0,0,0,0,0
L2D_SUMMARY,EYE_L_SWEEP,100,1,panel_submit_us,50,157.58,157,167,172,146,172,0
L2D_SUMMARY,EYE_L_SWEEP,100,1,frame_drop,50,0.00,0,0,0,0,0,0
L2D_SUMMARY,EYE_L_SWEEP,100,1,ppa_fill_us,50,1103.02,1108,1123,1124,1070,1124,0
L2D_SUMMARY,EYE_L_SWEEP,100,1,ppa_srm_us,50,4391.80,4371,4566,4574,4270,4574,0
L2D_SUMMARY,EYE_L_SWEEP,100,1,ppa_total_us,50,5494.82,5482,5685,5688,5353,5688,0
L2D_SUMMARY,EYE_L_SWEEP,100,1,clear_cache_sync_us,50,15.26,15,19,19,14,19,0
L2D_SUMMARY,EYE_L_SWEEP,100,1,convert_cache_sync_us,50,0.00,0,0,0,0,0,0
L2D_SUMMARY,EYE_L_SWEEP,100,1,flush_cache_sync_us,50,9.72,9,10,24,9,24,0
L2D_SUMMARY,EYE_L_SWEEP,100,1,cache_sync_total_us,50,24.98,24,28,43,23,43,0
L2D_SUMMARY,EYE_L_SWEEP,100,1,display_lock_wait_us,50,132.22,13,842,1070,12,1070,0
L2D_SUMMARY,EYE_L_SWEEP,100,1,flush_total_us,50,313.32,195,1028,1263,183,1263,0
L2D_SUMMARY,EYE_L_SWEEP,100,1,frame_total_us,50,26999.64,26871,27828,28137,26695,28137,0
L2D_SUMMARY,EYE_L_SWEEP,100,1,keypoint_us,50,0.00,0,0,0,0,0,0
L2D_SUMMARY,EYE_L_SWEEP,100,1,visual_transform_us,50,0.00,0,0,0,0,0,0
L2D_SUMMARY,EYE_L_SWEEP,100,1,stretch_us,50,0.00,0,0,0,0,0,0
L2D_SUMMARY,EYE_L_SWEEP,100,1,vertex_transform_us,50,0.00,0,0,0,0,0,0
L2D_SUMMARY,EYE_L_SWEEP,100,1,uv_update_us,50,0.00,0,0,0,0,0,0
L2D_SUMMARY,EYE_L_SWEEP,100,1,trig_cache_hit,50,51.00,51,51,51,51,51,0
L2D_SUMMARY,EYE_L_SWEEP,100,1,trig_cache_miss,50,0.00,0,0,0,0,0,0
L2D_SUMMARY,EYE_L_SWEEP,100,1,slot_miss,50,0.00,0,0,0,0,0,0
L2D_SUMMARY,EYE_L_SWEEP,100,1,lock_skip,50,0.00,0,0,0,0,0,0
L2D_SUMMARY,EYE_L_SWEEP,100,1,deadline_miss,50,0.00,0,0,0,0,0,0
L2D_SUMMARY,EYE_L_SWEEP,100,1,roi.current_area,50,56715.00,56715,56715,56715,56715,56715,0
L2D_SUMMARY,EYE_L_SWEEP,100,1,roi.union_area,50,56715.00,56715,56715,56715,56715,56715,0
L2D_SUMMARY,EYE_L_SWEEP,100,1,roi.current_area_ratio_q10000,50,5538.00,5538,5538,5538,5538,5538,0
L2D_SUMMARY,EYE_L_SWEEP,100,1,roi.union_area_ratio_q10000,50,5538.00,5538,5538,5538,5538,5538,0
L2D_SUMMARY,EYE_L_SWEEP,100,1,roi.current_w,50,199.00,199,199,199,199,199,0
L2D_SUMMARY,EYE_L_SWEEP,100,1,roi.current_h,50,285.00,285,285,285,285,285,0
L2D_SUMMARY,EYE_L_SWEEP,100,1,roi.union_w,50,199.00,199,199,199,199,199,0
L2D_SUMMARY,EYE_L_SWEEP,100,1,roi.union_h,50,285.00,285,285,285,285,285,0
I (9791) l2d_profile: done EYE_L_SWEEP scale=100 round=1
L2D_FRAME,116,NECK_SWEEP,100,1,5,0,66,587,1362,1,1146,19284,24,27307,15,5596,0,158,1115,4481,5596,15,0,9,24,16,197,27519,0,0,320,320,0,0,0,0,0,4503,0,0,0,0,0,50,1
L2D_FRAME,117,NECK_SWEEP,100,1,6,0,53,552,1364,2,985,19308,25,27055,12,5370,0,159,955,4415,5370,15,0,10,25,78,260,27327,0,0,320,320,0,0,0,0,0,4438,0,0,0,0,0,50,1
L2D_FRAME,118,NECK_SWEEP,100,1,7,0,53,570,1405,1,919,19402,25,27131,19,5297,0,187,888,4409,5297,15,0,10,25,15,226,27376,0,0,320,320,0,0,0,0,0,4432,0,0,0,0,0,50,1
L2D_FRAME,119,NECK_SWEEP,100,1,8,0,53,559,1353,2,940,19280,25,27034,11,5365,0,159,913,4452,5365,15,0,10,25,63,249,27294,0,0,320,320,0,0,0,0,0,4475,0,0,0,0,0,50,1
L2D_FRAME,120,NECK_SWEEP,100,1,9,0,53,548,1360,1,1033,19298,23,27399,15,5523,0,157,1007,4516,5523,14,0,9,23,13,199,27613,0,0,320,320,0,0,0,0,0,4542,0,0,0,0,0,50,1
L2D_FRAME,121,NECK_SWEEP,100,1,10,0,53,511,1357,2,1122,19316,24,27208,20,5567,0,154,1096,4471,5567,14,0,10,24,13,187,27415,0,0,320,320,0,0,0,0,0,4495,0,0,0,0,0,50,1
L2D_FRAME,122,NECK_SWEEP,100,1,11,0,53,512,1360,2,1134,19221,23,27014,16,5451,0,159,1104,4347,5451,14,0,9,23,78,256,27286,0,0,320,320,0,0,0,0,0,4371,0,0,0,0,0,50,1
L2D_FRAME,123,NECK_SWEEP,100,1,12,0,53,544,1387,2,1162,19213,24,27093,11,5489,0,149,1128,4361,5489,14,0,10,24,13,186,27290,0,0,320,320,0,0,0,0,0,4388,0,0,0,0,0,50,1
L2D_FRAME,124,NECK_SWEEP,100,1,13,0,53,563,1366,2,1141,19169,24,26993,15,5433,0,149,1115,4318,5433,14,0,10,24,13,189,27197,0,0,320,320,0,0,0,0,0,4345,0,0,0,0,0,50,1
L2D_FRAME,125,NECK_SWEEP,100,1,14,0,62,491,1277,1,1157,19038,24,26909,20,5576,0,158,1127,4449,5576,15,0,9,24,13,196,27125,0,0,320,320,0,0,0,0,0,4473,0,0,0,0,0,50,1
L2D_FRAME,126,NECK_SWEEP,100,1,15,0,53,571,1349,2,944,19295,25,27128,16,5455,0,146,913,4542,5455,15,0,10,25,17,191,27335,0,0,320,320,0,0,0,0,0,4566,0,0,0,0,0,50,1
L2D_FRAME,127,NECK_SWEEP,100,1,16,0,53,535,1396,2,1047,19233,24,27075,15,5453,0,150,1016,4437,5453,15,0,9,24,13,191,27281,0,0,320,320,0,0,0,0,0,4460,0,0,0,0,0,50,1
L2D_FRAME,128,NECK_SWEEP,100,1,17,0,53,491,1361,2,1106,19251,24,27000,12,5444,0,152,1080,4364,5444,14,0,10,24,15,191,27203,0,0,320,320,0,0,0,0,0,4385,0,0,0,0,0,50,1
L2D_FRAME,129,NECK_SWEEP,100,1,18,0,53,574,1393,2,932,19171,24,27126,12,5463,0,183,901,4562,5463,15,0,9,24,13,220,27358,0,0,320,320,0,0,0,0,0,4585,0,0,0,0,0,50,1
L2D_FRAME,130,NECK_SWEEP,100,1,19,0,53,568,1362,2,1012,19287,24,27128,19,5454,0,158,981,4473,5454,15,0,9,24,43,222,27369,0,0,320,320,0,0,0,0,0,4497,0,0,0,0,0,50,1
L2D_FRAME,131,NECK_SWEEP,100,1,20,0,53,499,1356,2,1105,19178,24,26969,24,5459,0,152,1078,4381,5459,15,0,9,24,17,197,27190,0,0,320,320,0,0,0,0,0,4404,0,0,0,0,0,50,1
L2D_FRAME,132,NECK_SWEEP,100,1,21,0,53,564,1350,2,900,19305,33,27650,16,5960,0,157,865,5095,5960,23,0,10,33,17,195,27861,0,0,320,320,0,0,0,0,0,5118,0,0,0,0,0,50,1
L2D_FRAME,133,NECK_SWEEP,100,1,22,0,53,570,1361,1,972,19138,24,27458,15,5928,0,164,941,4987,5928,15,0,9,24,17,206,27679,0,0,320,320,0,0,0,0,0,5010,0,0,0,0,0,50,1
L2D_FRAME,134,NECK_SWEEP,100,1,23,0,53,565,1359,2,1069,19323,24,26939,16,5236,0,156,1035,4201,5236,15,0,9,24,20,201,27156,0,0,320,320,0,0,0,0,0,4225,0,0,0,0,0,50,1
L2D_FRAME,135,NECK_SWEEP,100,1,24,0,53,565,1343,2,878,19186,24,26717,15,5158,0,157,851,4307,5158,15,0,9,24,13,194,26926,0,0,320,320,0,0,0,0,0,4329,0,0,0,0,0,50,1
L2D_FRAME,136,NECK_SWEEP,100,1,25,0,53,571,1354,2,1136,19293,24,27160,16,5488,0,154,1110,4378,5488,14,0,10,24,16,194,27370,0,0,320,320,0,0,0,0,0,4402,0,0,0,0,0,50,1
L2D_FRAME,137,NECK_SWEEP,100,1,26,0,53,567,1358,2,1069,19118,25,27001,12,5486,0,168,1038,4448,5486,15,0,10,25,13,212,27225,0,0,320,320,0,0,0,0,0,4479,0,0,0,0,0,50,1
L2D_FRAME,138,NECK_SWEEP,100,1,27,0,53,560,1359,2,1139,19260,24,27055,15,5418,0,160,1112,4306,5418,15,0,9,24,13,202,27272,0,0,320,320,0,0,0,0,0,4329,0,0,0,0,0,50,1
L2D_FRAME,139,NECK_SWEEP,100,1,28,0,57,558,1364,1,1160,19054,24,27060,15,5587,0,149,1125,4462,5587,15,0,9,24,13,191,27266,0,0,320,320,0,0,0,0,0,4484,0,0,0,0,0,50,1
L2D_FRAME,140,NECK_SWEEP,100,1,29,0,57,559,1359,1,1112,19293,25,27078,16,5409,0,156,1085,4324,5409,15,0,10,25,17,194,27288,0,0,320,320,0,0,0,0,0,4348,0,0,0,0,0,50,1
L2D_FRAME,141,NECK_SWEEP,100,1,30,0,57,569,1361,1,1116,19076,24,27033,16,5561,0,155,1089,4472,5561,15,0,9,24,17,201,27250,0,0,320,320,0,0,0,0,0,4494,0,0,0,0,0,50,1
L2D_FRAME,142,NECK_SWEEP,100,1,31,0,57,555,1363,2,1142,19258,28,27115,15,5470,0,152,1112,4358,5470,19,0,9,28,13,189,27319,0,0,320,320,0,0,0,0,0,4384,0,0,0,0,0,50,1
L2D_FRAME,143,NECK_SWEEP,100,1,32,0,57,566,1357,2,1146,19019,25,26967,20,5523,0,153,1116,4407,5523,15,0,10,25,13,190,27177,0,0,320,320,0,0,0,0,0,4430,0,0,0,0,0,50,1
L2D_FRAME,144,NECK_SWEEP,100,1,33,0,57,561,1359,2,1145,19251,24,27040,15,5417,0,153,1118,4299,5417,15,0,9,24,15,193,27248,0,0,320,320,0,0,0,0,0,4322,0,0,0,0,0,50,1
L2D_FRAME,145,NECK_SWEEP,100,1,34,0,57,569,1397,2,1122,19166,25,27778,11,6188,0,149,1095,5093,6188,15,0,10,25,13,186,27975,0,0,320,320,0,0,0,0,0,5115,0,0,0,0,0,50,1
L2D_FRAME,146,NECK_SWEEP,100,1,35,0,57,564,1355,1,1147,19152,23,27760,15,6223,0,149,1117,5106,6223,14,0,9,23,17,191,27966,0,0,320,320,0,0,0,0,0,5133,0,0,0,0,0,50,1
L2D_FRAME,147,NECK_SWEEP,100,1,36,0,57,591,1360,2,1131,19215,24,27223,15,5586,0,154,1099,4487,5586,15,0,9,24,13,195,27433,0,0,320,320,0,0,0,0,0,4509,0,0,0,0,0,50,1
L2D_FRAME,148,NECK_SWEEP,100,1,37,0,57,560,1360,1,1144,19116,25,27158,16,5665,0,154,1113,4552,5665,15,0,10,25,13,191,27365,0,0,320,320,0,0,0,0,0,4576,0,0,0,0,0,50,1
L2D_FRAME,149,NECK_SWEEP,100,1,38,0,56,571,1397,1,1158,19238,25,27390,16,5712,0,160,1125,4587,5712,15,0,10,25,15,200,27606,0,0,320,320,0,0,0,0,0,4611,0,0,0,0,0,50,1
L2D_FRAME,150,NECK_SWEEP,100,1,39,0,57,561,1352,2,1139,19227,25,27145,11,5544,0,154,1108,4436,5544,15,0,10,25,17,198,27354,0,0,320,320,0,0,0,0,0,4462,0,0,0,0,0,50,1
L2D_FRAME,151,NECK_SWEEP,100,1,40,0,57,561,1355,1,1139,19066,24,27189,15,5746,0,153,1113,4633,5746,15,0,9,24,13,190,27394,0,0,320,320,0,0,0,0,0,4660,0,0,0,0,0,50,1
L2D_FRAME,152,NECK_SWEEP,100,1,41,0,57,593,1362,2,1116,19247,24,27245,15,5573,0,158,1086,4487,5573,15,0,9,24,17,196,27456,0,0,320,320,0,0,0,0,0,4514,0,0,0,0,0,50,1
L2D_FRAME,153,NECK_SWEEP,100,1,42,0,57,556,1363,1,1141,19138,29,27204,15,5686,0,161,1111,4575,5686,19,0,10,29,16,199,27418,0,0,320,320,0,0,0,0,0,4602,0,0,0,0,0,50,1
L2D_FRAME,154,NECK_SWEEP,100,1,43,0,57,570,1391,2,1137,19294,23,27416,15,5711,0,150,1111,4600,5711,14,0,9,23,13,187,27618,0,0,320,320,0,0,0,0,0,4627,0,0,0,0,0,50,1
L2D_FRAME,155,NECK_SWEEP,100,1,44,0,57,564,1358,2,1117,19285,29,27225,16,5562,0,161,1087,4475,5562,19,0,10,29,13,199,27440,0,0,320,320,0,0,0,0,0,4498,0,0,0,0,0,50,1
L2D_FRAME,156,NECK_SWEEP,100,1,45,0,57,556,1362,2,1129,19137,24,27193,15,5663,0,157,1096,4567,5663,15,0,9,24,13,194,27402,0,0,320,320,0,0,0,0,0,4594,0,0,0,0,0,50,1
L2D_FRAME,157,NECK_SWEEP,100,1,46,0,57,594,1351,2,1107,19282,23,27343,15,5655,0,161,1081,4574,5655,14,0,9,23,13,198,27556,0,0,320,320,0,0,0,0,0,4597,0,0,0,0,0,50,1
L2D_FRAME,158,NECK_SWEEP,100,1,47,0,57,553,1354,2,1145,19175,24,27108,15,5572,0,165,1118,4454,5572,15,0,9,24,61,254,27377,0,0,320,320,0,0,0,0,0,4477,0,0,0,0,0,50,1
L2D_FRAME,159,NECK_SWEEP,100,1,48,0,57,561,1396,2,1134,19281,25,27262,16,5563,0,182,1107,4456,5563,15,0,10,25,13,220,27498,0,0,320,320,0,0,0,0,0,4480,0,0,0,0,0,50,1
L2D_FRAME,160,NECK_SWEEP,100,1,49,0,57,557,1360,1,1156,19271,24,27191,15,5537,0,161,1125,4412,5537,15,0,9,24,17,203,27409,0,0,320,320,0,0,0,0,0,4435,0,0,0,0,0,50,1
L2D_FRAME,161,NECK_SWEEP,100,1,50,0,57,561,1363,1,1062,19202,25,27117,16,5515,0,158,1027,4488,5515,15,0,10,25,17,198,27331,0,0,320,320,0,0,0,0,0,4516,0,0,0,0,0,50,1
L2D_FRAME,162,NECK_SWEEP,100,1,51,0,57,604,1362,2,927,19431,25,27230,16,5363,0,153,896,4467,5363,15,0,10,25,16,197,27443,0,0,320,320,0,0,0,0,0,4491,0,0,0,0,0,50,1
L2D_FRAME,163,NECK_SWEEP,100,1,52,0,57,550,1352,2,897,19356,33,27074,19,5343,0,162,863,4480,5343,23,0,10,33,16,200,27293,0,0,320,320,0,0,0,0,0,4504,0,0,0,0,0,50,1
L2D_FRAME,164,NECK_SWEEP,100,1,53,0,57,557,1403,2,1003,19377,23,27232,15,5441,0,181,977,4464,5441,14,0,9,23,21,227,27474,0,0,320,320,0,0,0,0,0,4487,0,0,0,0,0,50,1
L2D_FRAME,165,NECK_SWEEP,100,1,54,0,57,532,1362,2,1092,19311,24,26950,15,5289,0,161,1062,4227,5289,15,0,9,24,199,386,27351,0,0,320,320,0,0,0,0,0,4249,0,0,0,0,0,50,1
L2D_ROI,116,NECK_SWEEP,100,1,5,1,54,11,254,298,201,288,57888,1,53,11,254,298,53,11,254,298,202,288,58176,5653,5681,0
L2D_ROI,117,NECK_SWEEP,100,1,6,1,54,11,254,298,201,288,57888,1,54,11,254,298,54,11,254,298,201,288,57888,5653,5653,0
L2D_ROI,118,NECK_SWEEP,100,1,7,1,55,11,255,298,201,288,57888,1,54,11,254,298,54,11,255,298,202,288,58176,5653,5681,0
L2D_ROI,119,NECK_SWEEP,100,1,8,1,55,11,255,298,201,288,57888,1,55,11,255,298,55,11,255,298,201,288,57888,5653,5653,0
L2D_ROI,120,NECK_SWEEP,100,1,9,1,55,11,255,298,201,288,57888,1,55,11,255,298,55,11,255,298,201,288,57888,5653,5653,0
L2D_ROI,121,NECK_SWEEP,100,1,10,1,56,12,256,298,201,287,57687,1,55,11,255,298,55,11,256,298,202,288,58176,5633,5681,0
L2D_ROI,122,NECK_SWEEP,100,1,11,1,56,12,256,298,201,287,57687,1,56,12,256,298,56,12,256,298,201,287,57687,5633,5633,0
L2D_ROI,123,NECK_SWEEP,100,1,12,1,57,12,256,298,200,287,57400,1,56,12,256,298,56,12,256,298,201,287,57687,5605,5633,0
L2D_ROI,124,NECK_SWEEP,100,1,13,1,57,13,256,298,200,286,57200,1,57,12,256,298,57,12,256,298,200,287,57400,5585,5605,0
L2D_ROI,125,NECK_SWEEP,100,1,14,1,59,14,257,298,199,285,56715,1,57,13,256,298,57,13,257,298,201,286,57486,5538,5613,0
L2D_ROI,126,NECK_SWEEP,100,1,15,1,59,14,258,298,200,285,57000,1,59,14,257,298,59,14,258,298,200,285,57000,5566,5566,0
L2D_ROI,127,NECK_SWEEP,100,1,16,1,60,14,259,298,200,285,57000,1,59,14,258,298,59,14,259,298,201,285,57285,5566,5594,0
L2D_ROI,128,NECK_SWEEP,100,1,17,1,61,14,259,298,199,285,56715,1,60,14,259,298,60,14,259,298,200,285,57000,5538,5566,0
L2D_ROI,129,NECK_SWEEP,100,1,18,1,61,15,260,298,200,284,56800,1,61,14,259,298,61,14,260,298,200,285,57000,5546,5566,0
L2D_ROI,130,NECK_SWEEP,100,1,19,1,62,15,260,298,199,284,56516,1,61,15,260,298,61,15,260,298,200,284,56800,5519,5546,0
L2D_ROI,131,NECK_SWEEP,100,1,20,1,63,16,261,298,199,283,56317,1,62,15,260,298,62,15,261,298,200,284,56800,5499,5546,0
L2D_ROI,132,NECK_SWEEP,100,1,21,1,63,17,261,298,199,282,56118,1,63,16,261,298,63,16,261,298,199,283,56317,5480,5499,0
L2D_ROI,133,NECK_SWEEP,100,1,22,1,64,17,261,298,198,282,55836,1,63,17,261,298,63,17,261,298,199,282,56118,5452,5480,0
L2D_ROI,134,NECK_SWEEP,100,1,23,1,64,17,262,298,199,282,56118,1,64,17,261,298,64,17,262,298,199,282,56118,5480,5480,0
L2D_ROI,135,NECK_SWEEP,100,1,24,1,65,18,262,298,198,281,55638,1,64,17,262,298,64,17,262,298,199,282,56118,5433,5480,0
L2D_ROI,136,NECK_SWEEP,100,1,25,1,65,19,262,298,198,280,55440,1,65,18,262,298,65,18,262,298,198,281,55638,5414,5433,0
L2D_ROI,137,NECK_SWEEP,100,1,26,1,66,19,263,298,198,280,55440,1,65,19,262,298,65,19,263,298,199,280,55720,5414,5441,0
L2D_ROI,138,NECK_SWEEP,100,1,27,1,67,21,265,298,199,278,55322,1,66,19,263,298,66,19,265,298,200,280,56000,5402,5468,0
L2D_ROI,139,NECK_SWEEP,100,1,28,1,67,20,264,298,198,279,55242,1,67,21,265,298,67,20,265,298,199,279,55521,5394,5421,0
L2D_ROI,140,NECK_SWEEP,100,1,29,1,66,19,263,298,198,280,55440,1,67,20,264,298,66,19,264,298,199,280,55720,5414,5441,0
L2D_ROI,141,NECK_SWEEP,100,1,30,1,65,19,262,298,198,280,55440,1,66,19,263,298,65,19,263,298,199,280,55720,5414,5441,0
L2D_ROI,142,NECK_SWEEP,100,1,31,1,65,18,262,298,198,281,55638,1,65,19,262,298,65,18,262,298,198,281,55638,5433,5433,0
L2D_ROI,143,NECK_SWEEP,100,1,32,1,64,17,262,298,199,282,56118,1,65,18,262,298,64,17,262,298,199,282,56118,5480,5480,0
L2D_ROI,144,NECK_SWEEP,100,1,33,1,64,17,261,298,198,282,55836,1,64,17,262,298,64,17,262,298,199,282,56118,5452,5480,0
L2D_ROI,145,NECK_SWEEP,100,1,34,1,63,17,261,298,199,282,56118,1,64,17,261,298,63,17,261,298,199,282,56118,5480,5480,0
L2D_ROI,146,NECK_SWEEP,100,1,35,1,63,16,261,298,199,283,56317,1,63,17,261,298,63,16,261,298,199,283,56317,5499,5499,0
L2D_ROI,147,NECK_SWEEP,100,1,36,1,62,15,260,298,199,284,56516,1,63,16,261,298,62,15,261,298,200,284,56800,5519,5546,0
L2D_ROI,148,NECK_SWEEP,100,1,37,1,61,15,260,298,200,284,56800,1,62,15,260,298,61,15,260,298,200,284,56800,5546,5546,0
L2D_ROI,149,NECK_SWEEP,100,1,38,1,61,14,259,298,199,285,56715,1,61,15,260,298,61,14,260,298,200,285,57000,5538,5566,0
L2D_ROI,150,NECK_SWEEP,100,1,39,1,60,14,259,298,200,285,57000,1,61,14,259,298,60,14,259,298,200,285,57000,5566,5566,0
L2D_ROI,151,NECK_SWEEP,100,1,40,1,59,14,258,298,200,285,57000,1,60,14,259,298,59,14,259,298,201,285,57285,5566,5594,0
L2D_ROI,152,NECK_SWEEP,100,1,41,1,58,13,257,298,200,286,57200,1,59,14,258,298,58,13,258,298,201,286,57486,5585,5613,0
L2D_ROI,153,NECK_SWEEP,100,1,42,1,57,13,256,298,200,286,57200,1,58,13,257,298,57,13,257,298,201,286,57486,5585,5613,0
L2D_ROI,154,NECK_SWEEP,100,1,43,1,57,12,256,298,200,287,57400,1,57,13,256,298,57,12,256,298,200,287,57400,5605,5605,0
L2D_ROI,155,NECK_SWEEP,100,1,44,1,56,12,256,298,201,287,57687,1,57,12,256,298,56,12,256,298,201,287,57687,5633,5633,0
L2D_ROI,156,NECK_SWEEP,100,1,45,1,56,12,256,298,201,287,57687,1,56,12,256,298,56,12,256,298,201,287,57687,5633,5633,0
L2D_ROI,157,NECK_SWEEP,100,1,46,1,55,11,255,298,201,288,57888,1,56,12,256,298,55,11,256,298,202,288,58176,5653,5681,0
L2D_ROI,158,NECK_SWEEP,100,1,47,1,55,11,255,298,201,288,57888,1,55,11,255,298,55,11,255,298,201,288,57888,5653,5653,0
L2D_ROI,159,NECK_SWEEP,100,1,48,1,55,11,255,298,201,288,57888,1,55,11,255,298,55,11,255,298,201,288,57888,5653,5653,0
L2D_ROI,160,NECK_SWEEP,100,1,49,1,54,11,254,298,201,288,57888,1,55,11,255,298,54,11,255,298,202,288,58176,5653,5681,0
L2D_ROI,161,NECK_SWEEP,100,1,50,1,54,11,254,298,201,288,57888,1,54,11,254,298,54,11,254,298,201,288,57888,5653,5653,0
L2D_ROI,162,NECK_SWEEP,100,1,51,1,53,11,254,298,202,288,58176,1,54,11,254,298,53,11,254,298,202,288,58176,5681,5681,0
L2D_ROI,163,NECK_SWEEP,100,1,52,1,53,11,253,298,201,288,57888,1,53,11,254,298,53,11,254,298,202,288,58176,5653,5681,0
L2D_ROI,164,NECK_SWEEP,100,1,53,1,53,11,253,298,201,288,57888,1,53,11,253,298,53,11,253,298,201,288,57888,5653,5653,0
L2D_ROI,165,NECK_SWEEP,100,1,54,1,52,11,252,298,201,288,57888,1,53,11,253,298,52,11,253,298,202,288,58176,5653,5681,0
L2D_SUMMARY,NECK_SWEEP,100,1,slot_wait_us,50,0.00,0,0,0,0,0,0
L2D_SUMMARY,NECK_SWEEP,100,1,controller_us,50,55.58,57,57,66,53,66,0
L2D_SUMMARY,NECK_SWEEP,100,1,rt30_us,50,557.80,561,593,604,491,604,0
L2D_SUMMARY,NECK_SWEEP,100,1,hierarchy_vertex_us,50,1363.40,1360,1397,1405,1277,1405,0
L2D_SUMMARY,NECK_SWEEP,100,1,bounds_us,50,1.70,2,2,2,1,2,0
L2D_SUMMARY,NECK_SWEEP,100,1,clear_us,50,1080.24,1117,1158,1162,878,1162,0
L2D_SUMMARY,NECK_SWEEP,100,1,raster_us,50,19229.70,19247,19377,19431,19019,19431,0
I (12835) l2d_profile: NECK_SWEEP scale=100 round=1 raster_us avg=19230 p95=19377 p99=19431 max=19431
L2D_SUMMARY,NECK_SWEEP,100,1,convert_us,50,4517.00,4484,5115,5133,4225,5133,0
L2D_SUMMARY,NECK_SWEEP,100,1,cache_sync_us,50,24.80,24,29,33,23,33,0
L2D_SUMMARY,NECK_SWEEP,100,1,producer_total_us,50,27165.50,27128,27650,27778,26717,27778,0
I (12865) l2d_profile: NECK_SWEEP scale=100 round=1 producer_total_us avg=27166 p95=27650 p99=27778 max=27778
L2D_SUMMARY,NECK_SWEEP,100,1,publish_consume_us,50,15.42,15,20,24,11,24,0
L2D_SUMMARY,NECK_SWEEP,100,1,ppa_wait_us,50,5543.46,5515,5960,6223,5158,6223,0
L2D_SUMMARY,NECK_SWEEP,100,1,ppa_blend_us,50,0.00,0,0,0,0,0,0
L2D_SUMMARY,NECK_SWEEP,100,1,panel_submit_us,50,158.16,157,182,187,146,187,0
L2D_SUMMARY,NECK_SWEEP,100,1,frame_drop,50,0.00,0,0,0,0,0,0
L2D_SUMMARY,NECK_SWEEP,100,1,ppa_fill_us,50,1050.62,1089,1125,1128,851,1128,0
L2D_SUMMARY,NECK_SWEEP,100,1,ppa_srm_us,50,4492.84,4462,5093,5106,4201,5106,0
L2D_SUMMARY,NECK_SWEEP,100,1,ppa_total_us,50,5543.46,5515,5960,6223,5158,6223,0
L2D_SUMMARY,NECK_SWEEP,100,1,clear_cache_sync_us,50,15.34,15,19,23,14,23,0
L2D_SUMMARY,NECK_SWEEP,100,1,convert_cache_sync_us,50,0.00,0,0,0,0,0,0
L2D_SUMMARY,NECK_SWEEP,100,1,flush_cache_sync_us,50,9.46,9,10,10,9,10,0
L2D_SUMMARY,NECK_SWEEP,100,1,cache_sync_total_us,50,24.80,24,29,33,23,33,0
L2D_SUMMARY,NECK_SWEEP,100,1,display_lock_wait_us,50,23.52,15,78,199,13,199,0
L2D_SUMMARY,NECK_SWEEP,100,1,flush_total_us,50,206.56,197,256,386,186,386,0
L2D_SUMMARY,NECK_SWEEP,100,1,frame_total_us,50,27387.48,27358,27861,27975,26926,27975,0
L2D_SUMMARY,NECK_SWEEP,100,1,keypoint_us,50,0.00,0,0,0,0,0,0
L2D_SUMMARY,NECK_SWEEP,100,1,visual_transform_us,50,0.00,0,0,0,0,0,0
L2D_SUMMARY,NECK_SWEEP,100,1,stretch_us,50,0.00,0,0,0,0,0,0
L2D_SUMMARY,NECK_SWEEP,100,1,vertex_transform_us,50,0.00,0,0,0,0,0,0
L2D_SUMMARY,NECK_SWEEP,100,1,uv_update_us,50,0.00,0,0,0,0,0,0
L2D_SUMMARY,NECK_SWEEP,100,1,trig_cache_hit,50,50.00,50,50,50,50,50,0
L2D_SUMMARY,NECK_SWEEP,100,1,trig_cache_miss,50,1.00,1,1,1,1,1,0
L2D_SUMMARY,NECK_SWEEP,100,1,slot_miss,50,0.00,0,0,0,0,0,0
L2D_SUMMARY,NECK_SWEEP,100,1,lock_skip,50,0.00,0,0,0,0,0,0
L2D_SUMMARY,NECK_SWEEP,100,1,deadline_miss,50,0.00,0,0,0,0,0,0
L2D_SUMMARY,NECK_SWEEP,100,1,roi.current_area,50,56900.46,57000,57888,58176,55242,58176,0
L2D_SUMMARY,NECK_SWEEP,100,1,roi.union_area,50,57093.98,57285,58176,58176,55521,58176,0
L2D_SUMMARY,NECK_SWEEP,100,1,roi.current_area_ratio_q10000,50,5556.30,5566,5653,5681,5394,5681,0
L2D_SUMMARY,NECK_SWEEP,100,1,roi.union_area_ratio_q10000,50,5575.16,5594,5681,5681,5421,5681,0
L2D_SUMMARY,NECK_SWEEP,100,1,roi.current_w,50,199.78,200,201,202,198,202,0
L2D_SUMMARY,NECK_SWEEP,100,1,roi.current_h,50,284.80,285,288,288,278,288,0
L2D_SUMMARY,NECK_SWEEP,100,1,roi.union_w,50,200.32,200,202,202,198,202,0
L2D_SUMMARY,NECK_SWEEP,100,1,roi.union_h,50,285.00,285,288,288,279,288,0
I (13088) l2d_profile: done NECK_SWEEP scale=100 round=1
L2D_FRAME,171,FACE_SWEEP,100,1,5,0,57,903,1189,2,1133,19155,23,27291,12,5569,0,149,1107,4462,5569,14,0,9,23,13,189,27492,0,0,320,320,0,0,0,0,0,4489,0,0,0,0,0,51,0
L2D_FRAME,172,FACE_SWEEP,100,1,6,0,52,911,1221,1,1156,19257,25,27977,19,6128,0,154,1125,5003,6128,15,0,10,25,14,192,28188,0,0,320,320,0,0,0,0,0,5025,0,0,0,0,0,51,0
L2D_FRAME,173,FACE_SWEEP,100,1,7,0,53,906,1192,2,1134,19085,25,27093,12,5458,0,164,1102,4356,5458,15,0,10,25,78,269,27374,0,0,320,320,0,0,0,0,0,4379,0,0,0,0,0,51,0
L2D_FRAME,174,FACE_SWEEP,100,1,8,0,53,917,1224,2,1141,19202,25,27355,15,5533,0,145,1112,4421,5533,15,0,10,25,16,185,27555,0,0,320,320,0,0,0,0,0,4444,0,0,0,0,0,51,0
L2D_FRAME,175,FACE_SWEEP,100,1,9,0,53,903,1191,2,1123,19130,24,27112,15,5439,0,158,1093,4346,5439,15,0,9,24,13,196,27323,0,0,320,320,0,0,0,0,0,4368,0,0,0,0,0,51,0
L2D_FRAME,176,FACE_SWEEP,100,1,10,0,53,893,1224,2,1118,19024,24,27179,12,5580,0,153,1093,4487,5580,15,0,9,24,13,190,27381,0,0,320,320,0,0,0,0,0,4510,0,0,0,0,0,51,0
L2D_FRAME,177,FACE_SWEEP,100,1,11,0,53,929,1195,2,1114,19150,24,27167,15,5431,0,151,1088,4343,5431,15,0,9,24,13,185,27367,0,0,320,320,0,0,0,0,0,4364,0,0,0,0,0,51,0
L2D_FRAME,178,FACE_SWEEP,100,1,12,0,53,899,1192,1,1132,19109,24,27168,12,5515,0,158,1106,4409,5515,14,0,10,24,13,195,27375,0,0,320,320,0,0,0,0,0,4431,0,0,0,0,0,51,0
L2D_FRAME,179,FACE_SWEEP,100,1,13,0,53,895,1229,1,1149,19218,25,27424,11,5625,0,157,1118,4507,5625,15,0,10,25,13,198,27633,0,0,320,320,0,0,0,0,0,4530,0,0,0,0,0,51,0
L2D_FRAME,180,FACE_SWEEP,100,1,14,0,53,890,1194,1,1130,19148,24,27421,15,5574,0,156,1103,4471,5574,15,0,9,24,14,189,27625,0,0,320,320,0,0,0,0,0,4494,0,0,0,0,0,51,0
L2D_FRAME,181,FACE_SWEEP,100,1,15,0,53,890,1228,1,1130,19056,25,27351,20,5724,0,152,1103,4621,5724,15,0,10,25,13,186,27557,0,0,320,320,0,0,0,0,0,4645,0,0,0,0,0,51,0
L2D_FRAME,182,FACE_SWEEP,100,1,16,0,57,932,1192,2,1131,19227,23,27379,19,5568,0,158,1105,4463,5568,14,0,9,23,13,192,27590,0,0,320,320,0,0,0,0,0,4486,0,0,0,0,0,51,0
L2D_FRAME,183,FACE_SWEEP,100,1,17,0,53,899,1192,2,1136,18995,24,27205,15,5649,0,161,1106,4543,5649,15,0,9,24,14,197,27417,0,0,320,320,0,0,0,0,0,4566,0,0,0,0,0,51,0
L2D_FRAME,184,FACE_SWEEP,100,1,18,0,53,902,1220,2,1159,19122,25,27381,12,5676,0,154,1128,4548,5676,15,0,10,25,13,192,27585,0,0,320,320,0,0,0,0,0,4572,0,0,0,0,0,51,0
L2D_FRAME,185,FACE_SWEEP,100,1,19,0,53,902,1193,2,1115,19026,24,27765,19,6182,0,148,1084,5098,6182,15,0,9,24,14,182,27966,0,0,320,320,0,0,0,0,0,5122,0,0,0,0,0,51,0
L2D_FRAME,186,FACE_SWEEP,100,1,20,0,53,903,1230,2,1153,19156,24,27181,12,5434,0,190,1127,4307,5434,14,0,10,24,17,228,27421,0,0,320,320,0,0,0,0,0,4329,0,0,0,0,0,51,0
L2D_FRAME,187,FACE_SWEEP,100,1,21,0,53,900,1191,2,1145,19049,25,27074,12,5481,0,158,1114,4367,5481,15,0,10,25,13,195,27281,0,0,320,320,0,0,0,0,0,4388,0,0,0,0,0,51,0
L2D_FRAME,188,FACE_SWEEP,100,1,22,0,63,902,1230,1,1138,18981,24,27066,12,5491,0,153,1111,4380,5491,15,0,9,24,17,191,27269,0,0,320,320,0,0,0,0,0,4401,0,0,0,0,0,51,0
L2D_FRAME,189,FACE_SWEEP,100,1,23,0,53,928,1195,1,1070,19117,24,27125,11,5431,0,154,1043,4388,5431,15,0,9,24,14,195,27331,0,0,320,320,0,0,0,0,0,4410,0,0,0,0,0,51,0
L2D_FRAME,190,FACE_SWEEP,100,1,24,0,68,918,1195,2,960,18975,24,26768,15,5208,0,158,930,4278,5208,15,0,9,24,272,451,27234,0,0,320,320,0,0,0,0,0,4301,0,0,0,0,0,51,0
L2D_FRAME,191,FACE_SWEEP,100,1,25,0,62,939,1197,2,1153,19100,25,27246,12,5551,0,154,1122,4429,5551,15,0,10,25,13,195,27453,0,0,320,320,0,0,0,0,0,4452,0,0,0,0,0,51,0
L2D_FRAME,192,FACE_SWEEP,100,1,26,0,53,897,1196,1,1141,18933,29,26973,21,5487,0,156,1111,4376,5487,19,0,10,29,196,378,27372,0,0,320,320,0,0,0,0,0,4399,0,0,0,0,0,51,0
L2D_FRAME,193,FACE_SWEEP,100,1,27,0,53,897,1229,2,997,19145,28,27135,12,5395,0,175,967,4428,5395,19,0,9,28,13,214,27361,0,0,320,320,0,0,0,0,0,4452,0,0,0,0,0,51,0
L2D_FRAME,194,FACE_SWEEP,100,1,28,0,57,916,1201,2,865,19096,25,26827,16,5160,0,161,838,4322,5160,15,0,10,25,17,199,27042,0,0,320,320,0,0,0,0,0,4345,0,0,0,0,0,51,0
L2D_FRAME,195,FACE_SWEEP,100,1,29,0,66,901,1227,2,1136,19029,24,27137,12,5535,0,180,1109,4426,5535,15,0,9,24,13,218,27367,0,0,320,320,0,0,0,0,0,4448,0,0,0,0,0,51,0
L2D_FRAME,196,FACE_SWEEP,100,1,30,0,57,901,1191,2,1012,18994,24,26883,12,5340,0,157,983,4357,5340,15,0,9,24,17,199,27094,0,0,320,320,0,0,0,0,0,4380,0,0,0,0,0,51,0
L2D_FRAME,197,FACE_SWEEP,100,1,31,0,66,902,1229,2,1114,19034,24,27146,11,5519,0,177,1087,4432,5519,15,0,9,24,13,215,27372,0,0,320,320,0,0,0,0,0,4458,0,0,0,0,0,51,0
L2D_FRAME,198,FACE_SWEEP,100,1,32,0,57,905,1193,2,1137,18999,25,26938,12,5388,0,155,1110,4278,5388,15,0,10,25,17,200,27150,0,0,320,320,0,0,0,0,0,4301,0,0,0,0,0,51,0
L2D_FRAME,199,FACE_SWEEP,100,1,33,0,57,909,1227,1,1116,19045,24,27103,11,5465,0,152,1089,4376,5465,15,0,9,24,17,190,27304,0,0,320,320,0,0,0,0,0,4398,0,0,0,0,0,51,0
L2D_FRAME,200,FACE_SWEEP,100,1,34,0,57,903,1188,2,1110,19088,24,27021,12,5383,0,153,1084,4299,5383,14,0,10,24,14,189,27222,0,0,320,320,0,0,0,0,0,4329,0,0,0,0,0,51,0
L2D_FRAME,201,FACE_SWEEP,100,1,35,0,57,909,1222,2,1144,19171,24,27270,11,5510,0,180,1117,4393,5510,15,0,9,24,13,222,27503,0,0,320,320,0,0,0,0,0,4417,0,0,0,0,0,51,0
L2D_FRAME,202,FACE_SWEEP,100,1,36,0,57,906,1192,2,1108,19057,24,26993,11,5372,0,157,1082,4290,5372,14,0,10,24,13,194,27198,0,0,320,320,0,0,0,0,0,4313,0,0,0,0,0,51,0
L2D_FRAME,203,FACE_SWEEP,100,1,37,0,57,907,1224,2,1117,19112,24,27883,12,6188,0,164,1091,5097,6188,14,0,10,24,17,206,28101,0,0,320,320,0,0,0,0,0,5119,0,0,0,0,0,51,0
L2D_FRAME,204,FACE_SWEEP,100,1,38,0,56,897,1193,1,1143,18984,24,27177,19,5638,0,150,1117,4521,5638,15,0,9,24,13,184,27380,0,0,320,320,0,0,0,0,0,4549,0,0,0,0,0,51,0
L2D_FRAME,205,FACE_SWEEP,100,1,39,0,57,902,1228,2,1136,19161,25,27433,20,5677,0,161,1109,4568,5677,15,0,10,25,13,194,27647,0,0,320,320,0,0,0,0,0,4595,0,0,0,0,0,51,0
L2D_FRAME,206,FACE_SWEEP,100,1,40,0,56,901,1192,1,1139,19129,23,27259,19,5581,0,167,1109,4472,5581,14,0,9,23,13,202,27480,0,0,320,320,0,0,0,0,0,4495,0,0,0,0,0,51,0
L2D_FRAME,207,FACE_SWEEP,100,1,41,0,56,899,1228,1,1147,19014,29,27346,12,5744,0,154,1116,4628,5744,19,0,10,29,13,190,27548,0,0,320,320,0,0,0,0,0,4651,0,0,0,0,0,51,0
L2D_FRAME,208,FACE_SWEEP,100,1,42,0,57,933,1189,2,1105,19260,23,27383,12,5548,0,151,1079,4469,5548,14,0,9,23,17,189,27584,0,0,320,320,0,0,0,0,0,4493,0,0,0,0,0,51,0
L2D_FRAME,209,FACE_SWEEP,100,1,43,0,57,903,1192,1,1109,19106,25,27209,12,5546,0,161,1082,4464,5546,15,0,10,25,13,201,27422,0,0,320,320,0,0,0,0,0,4488,0,0,0,0,0,51,0
L2D_FRAME,210,FACE_SWEEP,100,1,44,0,57,902,1226,2,1119,19123,24,27207,12,5499,0,181,1088,4411,5499,15,0,9,24,13,219,27438,0,0,320,320,0,0,0,0,0,4435,0,0,0,0,0,51,0
L2D_FRAME,211,FACE_SWEEP,100,1,45,0,57,904,1191,2,1141,19067,23,27072,11,5457,0,155,1115,4342,5457,14,0,9,23,14,197,27280,0,0,320,320,0,0,0,0,0,4364,0,0,0,0,0,51,0
L2D_FRAME,212,FACE_SWEEP,100,1,46,0,69,912,1226,2,1111,19078,24,27230,15,5552,0,154,1084,4468,5552,15,0,9,24,21,196,27441,0,0,320,320,0,0,0,0,0,4491,0,0,0,0,0,51,0
L2D_FRAME,213,FACE_SWEEP,100,1,47,0,57,925,1195,2,1030,19231,24,27148,15,5335,0,153,1003,4332,5335,15,0,9,24,13,191,27354,0,0,320,320,0,0,0,0,0,4355,0,0,0,0,0,51,0
L2D_FRAME,214,FACE_SWEEP,100,1,48,0,57,902,1198,2,947,19139,25,27052,12,5342,0,165,920,4422,5342,15,0,10,25,58,254,27318,0,0,320,320,0,0,0,0,0,4455,0,0,0,0,0,51,0
L2D_FRAME,215,FACE_SWEEP,100,1,49,0,57,899,1243,2,897,19290,33,27094,16,5201,0,157,862,4339,5201,23,0,10,33,13,194,27304,0,0,320,320,0,0,0,0,0,4363,0,0,0,0,0,51,0
L2D_FRAME,216,FACE_SWEEP,100,1,50,0,57,903,1196,2,998,19244,24,27797,15,5990,0,171,967,5023,5990,15,0,9,24,13,205,28017,0,0,320,320,0,0,0,0,0,5049,0,0,0,0,0,51,0
L2D_FRAME,217,FACE_SWEEP,100,1,51,0,66,898,1229,1,972,19363,23,27359,20,5386,0,154,946,4440,5386,14,0,9,23,14,187,27566,0,0,320,320,0,0,0,0,0,4461,0,0,0,0,0,51,0
L2D_FRAME,218,FACE_SWEEP,100,1,52,0,57,891,1204,1,910,19280,24,27071,12,5244,0,156,879,4365,5244,15,0,9,24,17,198,27281,0,0,320,320,0,0,0,0,0,4389,0,0,0,0,0,51,0
L2D_FRAME,219,FACE_SWEEP,100,1,53,0,56,890,1203,1,965,19177,24,27182,16,5467,0,158,938,4529,5467,15,0,9,24,13,190,27388,0,0,320,320,0,0,0,0,0,4551,0,0,0,0,0,51,0
L2D_FRAME,220,FACE_SWEEP,100,1,54,0,53,922,1195,2,1049,19306,24,27332,12,5456,0,158,1023,4433,5456,15,0,9,24,13,195,27539,0,0,320,320,0,0,0,0,0,4457,0,0,0,0,0,51,0
L2D_ROI,171,FACE_SWEEP,100,1,5,1,47,13,245,298,199,286,56914,1,45,13,243,298,45,13,245,298,201,286,57486,5558,5613,0
L2D_ROI,172,FACE_SWEEP,100,1,6,1,48,13,246,298,199,286,56914,1,47,13,245,298,47,13,246,298,200,286,57200,5558,5585,0
L2D_ROI,173,FACE_SWEEP,100,1,7,1,49,13,247,298,199,286,56914,1,48,13,246,298,48,13,247,298,200,286,57200,5558,5585,0
L2D_ROI,174,FACE_SWEEP,100,1,8,1,50,13,248,298,199,286,56914,1,49,13,247,298,49,13,248,298,200,286,57200,5558,5585,0
L2D_ROI,175,FACE_SWEEP,100,1,9,1,51,13,250,298,200,286,57200,1,50,13,248,298,50,13,250,298,201,286,57486,5585,5613,0
L2D_ROI,176,FACE_SWEEP,100,1,10,1,52,13,251,298,200,286,57200,1,51,13,250,298,51,13,251,298,201,286,57486,5585,5613,0
L2D_ROI,177,FACE_SWEEP,100,1,11,1,54,13,252,298,199,286,56914,1,52,13,251,298,52,13,252,298,201,286,57486,5558,5613,0
L2D_ROI,178,FACE_SWEEP,100,1,12,1,55,13,254,298,200,286,57200,1,54,13,252,298,54,13,254,298,201,286,57486,5585,5613,0
L2D_ROI,179,FACE_SWEEP,100,1,13,1,56,14,255,298,200,285,57000,1,55,13,254,298,55,13,255,298,201,286,57486,5566,5613,0
L2D_ROI,180,FACE_SWEEP,100,1,14,1,59,14,257,298,199,285,56715,1,56,14,255,298,56,14,257,298,202,285,57570,5538,5622,0
L2D_ROI,181,FACE_SWEEP,100,1,15,1,60,14,259,298,200,285,57000,1,59,14,257,298,59,14,259,298,201,285,57285,5566,5594,0
L2D_ROI,182,FACE_SWEEP,100,1,16,1,61,14,260,298,200,285,57000,1,60,14,259,298,60,14,260,298,201,285,57285,5566,5594,0
L2D_ROI,183,FACE_SWEEP,100,1,17,1,62,14,261,298,200,285,57000,1,61,14,260,298,61,14,261,298,201,285,57285,5566,5594,0
L2D_ROI,184,FACE_SWEEP,100,1,18,1,63,13,262,298,200,286,57200,1,62,14,261,298,62,13,262,298,201,286,57486,5585,5613,0
L2D_ROI,185,FACE_SWEEP,100,1,19,1,64,14,263,298,200,285,57000,1,63,13,262,298,63,13,263,298,201,286,57486,5566,5613,0
L2D_ROI,186,FACE_SWEEP,100,1,20,1,65,14,264,298,200,285,57000,1,64,14,263,298,64,14,264,298,201,285,57285,5566,5594,0
L2D_ROI,187,FACE_SWEEP,100,1,21,1,66,13,265,298,200,286,57200,1,65,14,264,298,65,13,265,298,201,286,57486,5585,5613,0
L2D_ROI,188,FACE_SWEEP,100,1,22,1,67,13,267,298,201,286,57486,1,66,13,265,298,66,13,267,298,202,286,57772,5613,5641,0
L2D_ROI,189,FACE_SWEEP,100,1,23,1,68,14,268,298,201,285,57285,1,67,13,267,298,67,13,268,298,202,286,57772,5594,5641,0
L2D_ROI,190,FACE_SWEEP,100,1,24,1,69,14,269,298,201,285,57285,1,68,14,268,298,68,14,269,298,202,285,57570,5594,5622,0
L2D_ROI,191,FACE_SWEEP,100,1,25,1,70,13,270,298,201,286,57486,1,69,14,269,298,69,13,270,298,202,286,57772,5613,5641,0
L2D_ROI,192,FACE_SWEEP,100,1,26,1,71,13,271,298,201,286,57486,1,70,13,270,298,70,13,271,298,202,286,57772,5613,5641,0
L2D_ROI,193,FACE_SWEEP,100,1,27,1,73,14,273,298,201,285,57285,1,71,13,271,298,71,13,273,298,203,286,58058,5594,5669,0
L2D_ROI,194,FACE_SWEEP,100,1,28,1,72,13,272,298,201,286,57486,1,73,14,273,298,72,13,273,298,202,286,57772,5613,5641,0
L2D_ROI,195,FACE_SWEEP,100,1,29,1,71,13,271,298,201,286,57486,1,72,13,272,298,71,13,272,298,202,286,57772,5613,5641,0
L2D_ROI,196,FACE_SWEEP,100,1,30,1,70,13,270,298,201,286,57486,1,71,13,271,298,70,13,271,298,202,286,57772,5613,5641,0
L2D_ROI,197,FACE_SWEEP,100,1,31,1,69,14,269,298,201,285,57285,1,70,13,270,298,69,13,270,298,202,286,57772,5594,5641,0
L2D_ROI,198,FACE_SWEEP,100,1,32,1,68,14,268,298,201,285,57285,1,69,14,269,298,68,14,269,298,202,285,57570,5594,5622,0
L2D_ROI,199,FACE_SWEEP,100,1,33,1,67,13,267,298,201,286,57486,1,68,14,268,298,67,13,268,298,202,286,57772,5613,5641,0
L2D_ROI,200,FACE_SWEEP,100,1,34,1,66,13,265,298,200,286,57200,1,67,13,267,298,66,13,267,298,202,286,57772,5585,5641,0
L2D_ROI,201,FACE_SWEEP,100,1,35,1,65,14,264,298,200,285,57000,1,66,13,265,298,65,13,265,298,201,286,57486,5566,5613,0
L2D_ROI,202,FACE_SWEEP,100,1,36,1,64,14,263,298,200,285,57000,1,65,14,264,298,64,14,264,298,201,285,57285,5566,5594,0
L2D_ROI,203,FACE_SWEEP,100,1,37,1,63,13,262,298,200,286,57200,1,64,14,263,298,63,13,263,298,201,286,57486,5585,5613,0
L2D_ROI,204,FACE_SWEEP,100,1,38,1,62,14,261,298,200,285,57000,1,63,13,262,298,62,13,262,298,201,286,57486,5566,5613,0
L2D_ROI,205,FACE_SWEEP,100,1,39,1,61,14,260,298,200,285,57000,1,62,14,261,298,61,14,261,298,201,285,57285,5566,5594,0
L2D_ROI,206,FACE_SWEEP,100,1,40,1,60,14,259,298,200,285,57000,1,61,14,260,298,60,14,260,298,201,285,57285,5566,5594,0
L2D_ROI,207,FACE_SWEEP,100,1,41,1,57,13,256,298,200,286,57200,1,60,14,259,298,57,13,259,298,203,286,58058,5585,5669,0
L2D_ROI,208,FACE_SWEEP,100,1,42,1,56,14,255,298,200,285,57000,1,57,13,256,298,56,13,256,298,201,286,57486,5566,5613,0
L2D_ROI,209,FACE_SWEEP,100,1,43,1,55,13,254,298,200,286,57200,1,56,14,255,298,55,13,255,298,201,286,57486,5585,5613,0
L2D_ROI,210,FACE_SWEEP,100,1,44,1,54,13,252,298,199,286,56914,1,55,13,254,298,54,13,254,298,201,286,57486,5558,5613,0
L2D_ROI,211,FACE_SWEEP,100,1,45,1,52,13,251,298,200,286,57200,1,54,13,252,298,52,13,252,298,201,286,57486,5585,5613,0
L2D_ROI,212,FACE_SWEEP,100,1,46,1,51,13,250,298,200,286,57200,1,52,13,251,298,51,13,251,298,201,286,57486,5585,5613,0
L2D_ROI,213,FACE_SWEEP,100,1,47,1,50,13,248,298,199,286,56914,1,51,13,250,298,50,13,250,298,201,286,57486,5558,5613,0
L2D_ROI,214,FACE_SWEEP,100,1,48,1,49,13,247,298,199,286,56914,1,50,13,248,298,49,13,248,298,200,286,57200,5558,5585,0
L2D_ROI,215,FACE_SWEEP,100,1,49,1,48,13,246,298,199,286,56914,1,49,13,247,298,48,13,247,298,200,286,57200,5558,5585,0
L2D_ROI,216,FACE_SWEEP,100,1,50,1,47,13,245,298,199,286,56914,1,48,13,246,298,47,13,246,298,200,286,57200,5558,5585,0
L2D_ROI,217,FACE_SWEEP,100,1,51,1,45,13,243,298,199,286,56914,1,47,13,245,298,45,13,245,298,201,286,57486,5558,5613,0
L2D_ROI,218,FACE_SWEEP,100,1,52,1,44,13,242,298,199,286,56914,1,45,13,243,298,44,13,243,298,200,286,57200,5558,5585,0
L2D_ROI,219,FACE_SWEEP,100,1,53,1,43,13,241,298,199,286,56914,1,44,13,242,298,43,13,242,298,200,286,57200,5558,5585,0
L2D_ROI,220,FACE_SWEEP,100,1,54,1,41,13,238,298,198,286,56628,1,43,13,241,298,41,13,241,298,201,286,57486,5530,5613,0
L2D_SUMMARY,FACE_SWEEP,100,1,slot_wait_us,50,0.00,0,0,0,0,0,0
L2D_SUMMARY,FACE_SWEEP,100,1,controller_us,50,56.60,57,66,69,52,69,0
L2D_SUMMARY,FACE_SWEEP,100,1,rt30_us,50,905.94,902,932,939,890,939,0
L2D_SUMMARY,FACE_SWEEP,100,1,hierarchy_vertex_us,50,1207.22,1196,1230,1243,1188,1243,0
L2D_SUMMARY,FACE_SWEEP,100,1,bounds_us,50,1.68,2,2,2,1,2,0
L2D_SUMMARY,FACE_SWEEP,100,1,clear_us,50,1090.70,1119,1153,1159,865,1159,0
L2D_SUMMARY,FACE_SWEEP,100,1,raster_us,50,19118.74,19112,19290,19363,18933,19363,0
I (16129) l2d_profile: FACE_SWEEP scale=100 round=1 raster_us avg=19119 p95=19290 p99=19363 max=19363
L2D_SUMMARY,FACE_SWEEP,100,1,convert_us,50,4494.12,4452,5049,5122,4301,5122,0
L2D_SUMMARY,FACE_SWEEP,100,1,cache_sync_us,50,24.60,24,29,33,23,33,0
L2D_SUMMARY,FACE_SWEEP,100,1,producer_total_us,50,27227.76,27179,27797,27977,26768,27977,0
I (16159) l2d_profile: FACE_SWEEP scale=100 round=1 producer_total_us avg=27228 p95=27797 p99=27977 max=27977
L2D_SUMMARY,FACE_SWEEP,100,1,publish_consume_us,50,14.00,12,20,21,11,21,0
L2D_SUMMARY,FACE_SWEEP,100,1,ppa_wait_us,50,5533.04,5499,6128,6188,5160,6188,0
L2D_SUMMARY,FACE_SWEEP,100,1,ppa_blend_us,50,0.00,0,0,0,0,0,0
L2D_SUMMARY,FACE_SWEEP,100,1,panel_submit_us,50,159.16,157,180,190,145,190,0
L2D_SUMMARY,FACE_SWEEP,100,1,frame_drop,50,0.00,0,0,0,0,0,0
L2D_SUMMARY,FACE_SWEEP,100,1,ppa_fill_us,50,1062.50,1093,1125,1128,838,1128,0
L2D_SUMMARY,FACE_SWEEP,100,1,ppa_srm_us,50,4470.54,4426,5023,5098,4278,5098,0
L2D_SUMMARY,FACE_SWEEP,100,1,ppa_total_us,50,5533.04,5499,6128,6188,5160,6188,0
L2D_SUMMARY,FACE_SWEEP,100,1,clear_cache_sync_us,50,15.18,15,19,23,14,23,0
L2D_SUMMARY,FACE_SWEEP,100,1,convert_cache_sync_us,50,0.00,0,0,0,0,0,0
L2D_SUMMARY,FACE_SWEEP,100,1,flush_cache_sync_us,50,9.42,9,10,10,9,10,0
L2D_SUMMARY,FACE_SWEEP,100,1,cache_sync_total_us,50,24.60,24,29,33,23,33,0
L2D_SUMMARY,FACE_SWEEP,100,1,display_lock_wait_us,50,25.14,13,78,272,13,272,0
L2D_SUMMARY,FACE_SWEEP,100,1,flush_total_us,50,208.04,195,269,451,182,451,0
L2D_SUMMARY,FACE_SWEEP,100,1,frame_total_us,50,27449.80,27381,28017,28188,27042,28188,0
L2D_SUMMARY,FACE_SWEEP,100,1,keypoint_us,50,0.00,0,0,0,0,0,0
L2D_SUMMARY,FACE_SWEEP,100,1,visual_transform_us,50,0.00,0,0,0,0,0,0
L2D_SUMMARY,FACE_SWEEP,100,1,stretch_us,50,0.00,0,0,0,0,0,0
L2D_SUMMARY,FACE_SWEEP,100,1,vertex_transform_us,50,0.00,0,0,0,0,0,0
L2D_SUMMARY,FACE_SWEEP,100,1,uv_update_us,50,0.00,0,0,0,0,0,0
L2D_SUMMARY,FACE_SWEEP,100,1,trig_cache_hit,50,51.00,51,51,51,51,51,0
L2D_SUMMARY,FACE_SWEEP,100,1,trig_cache_miss,50,0.00,0,0,0,0,0,0
L2D_SUMMARY,FACE_SWEEP,100,1,slot_miss,50,0.00,0,0,0,0,0,0
L2D_SUMMARY,FACE_SWEEP,100,1,lock_skip,50,0.00,0,0,0,0,0,0
L2D_SUMMARY,FACE_SWEEP,100,1,deadline_miss,50,0.00,0,0,0,0,0,0
L2D_SUMMARY,FACE_SWEEP,100,1,roi.current_area,50,57105.04,57000,57486,57486,56628,57486,0
L2D_SUMMARY,FACE_SWEEP,100,1,roi.union_area,50,57497.22,57486,57772,58058,57200,58058,0
L2D_SUMMARY,FACE_SWEEP,100,1,roi.current_area_ratio_q10000,50,5576.20,5566,5613,5613,5530,5613,0
L2D_SUMMARY,FACE_SWEEP,100,1,roi.union_area_ratio_q10000,50,5614.24,5613,5641,5669,5585,5669,0
L2D_SUMMARY,FACE_SWEEP,100,1,roi.current_w,50,199.92,200,201,201,198,201,0
L2D_SUMMARY,FACE_SWEEP,100,1,roi.current_h,50,285.64,286,286,286,285,286,0
L2D_SUMMARY,FACE_SWEEP,100,1,roi.union_w,50,201.18,201,202,203,200,203,0
L2D_SUMMARY,FACE_SWEEP,100,1,roi.union_h,50,285.80,286,286,286,285,286,0
I (16382) l2d_profile: done FACE_SWEEP scale=100 round=1
L2D_FRAME,226,MULTI_AXIS,100,1,5,0,63,926,1382,1,1124,18575,24,26663,15,5240,0,152,1093,4147,5240,15,0,9,24,13,194,26872,0,0,320,320,0,0,0,0,0,4170,0,0,0,0,0,50,1
L2D_FRAME,227,MULTI_AXIS,100,1,6,0,59,929,1353,2,1151,18770,27,26773,19,5262,0,155,1121,4141,5262,18,0,9,27,227,403,27195,0,0,320,320,0,0,0,0,0,4163,0,0,0,0,0,50,1
L2D_FRAME,228,MULTI_AXIS,100,1,7,0,66,932,1377,2,1151,18549,25,26698,15,5296,0,149,1120,4176,5296,15,0,10,25,13,186,26899,0,0,320,320,0,0,0,0,0,4199,0,0,0,0,0,50,1
L2D_FRAME,229,MULTI_AXIS,100,1,8,0,58,927,1353,1,1142,18675,24,26705,12,5296,0,151,1116,4180,5296,14,0,10,24,13,193,26910,0,0,320,320,0,0,0,0,0,4204,0,0,0,0,0,50,1
L2D_FRAME,230,MULTI_AXIS,100,1,9,0,59,935,1393,2,1152,18812,28,26854,15,5251,0,157,1122,4129,5251,19,0,9,28,17,195,27064,0,0,320,320,0,0,0,0,0,4156,0,0,0,0,0,50,1
L2D_FRAME,231,MULTI_AXIS,100,1,10,0,59,930,1361,2,1150,18611,24,26597,11,5237,0,160,1123,4114,5237,15,0,9,24,17,198,26806,0,0,320,320,0,0,0,0,0,4141,0,0,0,0,0,50,1
L2D_FRAME,232,MULTI_AXIS,100,1,11,0,59,938,1390,2,1149,18683,25,26770,16,5289,0,152,1118,4171,5289,15,0,10,25,13,197,26983,0,0,320,320,0,0,0,0,0,4198,0,0,0,0,0,50,1
L2D_FRAME,233,MULTI_AXIS,100,1,12,0,59,934,1343,1,1146,18706,24,26715,16,5274,0,155,1120,4154,5274,14,0,10,24,13,192,26923,0,0,320,320,0,0,0,0,0,4176,0,0,0,0,0,50,1
L2D_FRAME,234,MULTI_AXIS,100,1,13,0,58,904,1352,1,1150,18735,25,26817,12,5376,0,156,1123,4253,5376,15,0,10,25,13,197,27026,0,0,320,320,0,0,0,0,0,4276,0,0,0,0,0,50,1
L2D_FRAME,235,MULTI_AXIS,100,1,14,0,58,940,1389,2,1018,18661,28,26691,12,5230,0,149,987,4243,5230,19,0,9,28,13,187,26890,0,0,320,320,0,0,0,0,0,4266,0,0,0,0,0,50,1
L2D_FRAME,236,MULTI_AXIS,100,1,15,0,59,949,1348,2,1120,18962,24,27139,20,5420,0,149,1094,4326,5420,14,0,10,24,13,182,27341,0,0,320,320,0,0,0,0,0,4350,0,0,0,0,0,50,1
L2D_FRAME,237,MULTI_AXIS,100,1,16,0,59,909,1352,2,1140,18768,28,26852,15,5356,0,153,1109,4247,5356,19,0,9,28,194,378,27245,0,0,320,320,0,0,0,0,0,4270,0,0,0,0,0,50,1
L2D_FRAME,238,MULTI_AXIS,100,1,17,0,68,956,1354,2,971,18968,25,26976,23,5235,0,152,940,4295,5235,15,0,10,25,13,190,27189,0,0,320,320,0,0,0,0,0,4316,0,0,0,0,0,50,1
L2D_FRAME,239,MULTI_AXIS,100,1,18,0,58,937,1379,2,999,18803,29,27003,12,5406,0,163,969,4437,5406,19,0,10,29,17,201,27216,0,0,320,320,0,0,0,0,0,4464,0,0,0,0,0,50,1
L2D_FRAME,240,MULTI_AXIS,100,1,19,0,59,932,1350,2,1144,18894,24,27232,12,5374,0,161,1118,4256,5374,14,0,10,24,13,198,27442,0,0,320,320,0,0,0,0,0,4284,0,0,0,0,0,50,1
L2D_FRAME,241,MULTI_AXIS,100,1,20,0,59,922,1386,2,1122,18876,24,27116,15,5463,0,156,1087,4376,5463,15,0,9,24,13,193,27324,0,0,320,320,0,0,0,0,0,4398,0,0,0,0,0,50,1
L2D_FRAME,242,MULTI_AXIS,100,1,21,0,59,954,1359,2,1048,19114,24,27289,15,5406,0,149,1022,4384,5406,15,0,9,24,17,186,27490,0,0,320,320,0,0,0,0,0,4411,0,0,0,0,0,50,1
L2D_FRAME,243,MULTI_AXIS,100,1,22,0,58,934,1352,2,936,19112,24,27866,16,6006,0,165,910,5096,6006,15,0,9,24,17,203,28085,0,0,320,320,0,0,0,0,0,5120,0,0,0,0,0,50,1
L2D_FRAME,244,MULTI_AXIS,100,1,23,0,67,948,1351,1,1151,19115,24,27555,15,5669,0,156,1120,4549,5669,15,0,9,24,13,197,27767,0,0,320,320,0,0,0,0,0,4581,0,0,0,0,0,50,1
L2D_FRAME,245,MULTI_AXIS,100,1,24,0,58,923,1349,2,1120,18957,24,27212,12,5531,0,161,1093,4438,5531,15,0,9,24,13,197,27421,0,0,320,320,0,0,0,0,0,4460,0,0,0,0,0,50,1
L2D_FRAME,246,MULTI_AXIS,100,1,25,0,58,929,1383,1,983,19087,25,27287,12,5429,0,151,956,4473,5429,15,0,10,25,41,217,27516,0,0,320,320,0,0,0,0,0,4497,0,0,0,0,0,50,1
L2D_FRAME,247,MULTI_AXIS,100,1,26,0,59,920,1356,2,903,19124,33,27206,12,5339,0,152,869,4470,5339,23,0,10,33,17,189,27407,0,0,320,320,0,0,0,0,0,4493,0,0,0,0,0,50,1
L2D_FRAME,248,MULTI_AXIS,100,1,27,0,58,926,1385,1,962,19069,25,27226,16,5394,0,167,935,4459,5394,15,0,10,25,13,209,27451,0,0,320,320,0,0,0,0,0,4482,0,0,0,0,0,50,1
L2D_FRAME,249,MULTI_AXIS,100,1,28,0,59,955,1352,2,1034,19162,25,27258,15,5334,0,155,1007,4327,5334,15,0,10,25,13,192,27465,0,0,320,320,0,0,0,0,0,4350,0,0,0,0,0,50,1
L2D_FRAME,250,MULTI_AXIS,100,1,29,0,59,915,1241,2,1154,18963,32,26959,16,5370,0,152,1123,4247,5370,15,0,17,32,13,197,27172,0,0,320,320,0,0,0,0,0,4286,0,0,0,0,0,50,1
L2D_FRAME,251,MULTI_AXIS,100,1,30,0,59,938,1356,2,920,19108,24,27090,15,5238,0,153,894,4344,5238,15,0,9,24,13,191,27296,0,0,320,320,0,0,0,0,0,4364,0,0,0,0,0,50,1
L2D_FRAME,252,MULTI_AXIS,100,1,31,0,59,931,1351,2,1001,18965,25,27604,20,5902,0,160,975,4927,5902,15,0,10,25,13,193,27817,0,0,320,320,0,0,0,0,0,4953,0,0,0,0,0,50,1
L2D_FRAME,253,MULTI_AXIS,100,1,32,0,59,909,1384,2,1086,19084,23,27233,19,5388,0,188,1056,4332,5388,14,0,9,23,13,222,27474,0,0,320,320,0,0,0,0,0,4358,0,0,0,0,0,50,1
L2D_FRAME,254,MULTI_AXIS,100,1,33,0,59,906,1352,1,1140,19032,24,27218,19,5469,0,160,1109,4360,5469,15,0,9,24,13,193,27430,0,0,320,320,0,0,0,0,0,4382,0,0,0,0,0,50,1
L2D_FRAME,255,MULTI_AXIS,100,1,34,0,58,873,1389,1,1147,18915,25,27170,12,5522,0,153,1116,4406,5522,15,0,10,25,13,190,27372,0,0,320,320,0,0,0,0,0,4433,0,0,0,0,0,50,1
L2D_FRAME,256,MULTI_AXIS,100,1,35,0,59,909,1347,2,1133,19017,23,27034,15,5306,0,148,1107,4199,5306,14,0,9,23,13,189,27238,0,0,320,320,0,0,0,0,0,4225,0,0,0,0,0,50,1
L2D_FRAME,257,MULTI_AXIS,100,1,36,0,58,919,1383,1,1141,18862,28,27316,15,5681,0,157,1110,4571,5681,19,0,9,28,13,195,27526,0,0,320,320,0,0,0,0,0,4598,0,0,0,0,0,50,1
L2D_FRAME,258,MULTI_AXIS,100,1,37,0,59,891,1355,2,1111,18977,25,27162,12,5475,0,151,1084,4391,5475,15,0,10,25,13,188,27362,0,0,320,320,0,0,0,0,0,4417,0,0,0,0,0,50,1
L2D_FRAME,259,MULTI_AXIS,100,1,38,0,59,878,1353,2,1101,18904,25,27018,15,5405,0,157,1074,4331,5405,15,0,10,25,66,244,27277,0,0,320,320,0,0,0,0,0,4358,0,0,0,0,0,50,1
L2D_FRAME,260,MULTI_AXIS,100,1,39,0,59,937,1386,2,1153,18965,24,27278,15,5518,0,158,1126,4392,5518,15,0,9,24,49,232,27525,0,0,320,320,0,0,0,0,0,4418,0,0,0,0,0,50,1
L2D_FRAME,261,MULTI_AXIS,100,1,40,0,59,926,1363,2,1146,18960,24,27154,20,5448,0,156,1121,4327,5448,14,0,10,24,13,194,27368,0,0,320,320,0,0,0,0,0,4354,0,0,0,0,0,50,1
L2D_FRAME,262,MULTI_AXIS,100,1,41,0,68,922,1396,2,1156,18856,24,27214,15,5558,0,153,1122,4436,5558,15,0,9,24,13,190,27419,0,0,320,320,0,0,0,0,0,4462,0,0,0,0,0,50,1
L2D_FRAME,263,MULTI_AXIS,100,1,42,0,59,958,1371,1,1145,19046,24,27258,11,5411,0,145,1118,4293,5411,15,0,9,24,13,186,27455,0,0,320,320,0,0,0,0,0,4324,0,0,0,0,0,50,1
L2D_FRAME,264,MULTI_AXIS,100,1,43,0,59,933,1369,2,1126,18932,24,27107,11,5398,0,162,1096,4302,5398,15,0,9,24,14,204,27322,0,0,320,320,0,0,0,0,0,4333,0,0,0,0,0,50,1
L2D_FRAME,265,MULTI_AXIS,100,1,44,0,68,931,1389,2,1147,18944,24,27200,16,5468,0,192,1117,4351,5468,14,0,10,24,13,229,27445,0,0,320,320,0,0,0,0,0,4375,0,0,0,0,0,50,1
L2D_FRAME,266,MULTI_AXIS,100,1,45,0,59,927,1349,2,1120,18860,24,27063,12,5466,0,161,1095,4371,5466,14,0,10,24,13,198,27273,0,0,320,320,0,0,0,0,0,4393,0,0,0,0,0,50,1
L2D_FRAME,267,MULTI_AXIS,100,1,46,0,68,936,1391,1,1120,18846,24,27091,16,5437,0,154,1085,4352,5437,15,0,9,24,13,187,27294,0,0,320,320,0,0,0,0,0,4382,0,0,0,0,0,50,1
L2D_FRAME,268,MULTI_AXIS,100,1,47,0,59,961,1361,2,1130,19076,24,27320,12,5460,0,148,1100,4360,5460,14,0,10,24,17,186,27518,0,0,320,320,0,0,0,0,0,4384,0,0,0,0,0,50,1
L2D_FRAME,269,MULTI_AXIS,100,1,48,0,59,923,1355,2,1131,19015,25,27805,16,6057,0,161,1100,4957,6057,15,0,10,25,13,195,28016,0,0,320,320,0,0,0,0,0,4979,0,0,0,0,0,50,1
L2D_FRAME,270,MULTI_AXIS,100,1,49,0,68,956,1356,1,1161,19047,25,27318,15,5477,0,151,1126,4351,5477,15,0,10,25,13,186,27519,0,0,320,320,0,0,0,0,0,4374,0,0,0,0,0,50,1
L2D_FRAME,271,MULTI_AXIS,100,1,50,0,59,923,1352,2,1116,19027,25,26933,15,5181,0,162,1089,4092,5181,15,0,10,25,77,268,27216,0,0,320,320,0,0,0,0,0,4115,0,0,0,0,0,50,1
L2D_FRAME,272,MULTI_AXIS,100,1,51,0,68,951,1356,2,1138,19246,25,27167,16,5131,0,154,1108,4023,5131,15,0,10,25,13,192,27375,0,0,320,320,0,0,0,0,0,4047,0,0,0,0,0,50,1
L2D_FRAME,273,MULTI_AXIS,100,1,52,0,59,915,1350,1,1134,18977,24,27019,15,5302,0,152,1107,4195,5302,15,0,9,24,13,190,27224,0,0,320,320,0,0,0,0,0,4232,0,0,0,0,0,50,1
L2D_FRAME,274,MULTI_AXIS,100,1,53,0,59,961,1361,1,1143,19095,24,27312,20,5422,0,155,1117,4305,5422,14,0,10,24,13,191,27523,0,0,320,320,0,0,0,0,0,4332,0,0,0,0,0,50,1
L2D_FRAME,275,MULTI_AXIS,100,1,54,0,59,930,1364,2,1141,18941,25,27045,15,5344,0,152,1114,4230,5344,15,0,10,25,13,190,27250,0,0,320,320,0,0,0,0,0,4253,0,0,0,0,0,50,1
L2D_ROI,226,MULTI_AXIS,100,1,5,1,73,15,272,298,200,284,56800,1,71,14,270,298,71,14,272,298,202,285,57570,5546,5622,0
L2D_ROI,227,MULTI_AXIS,100,1,6,1,75,15,274,298,200,284,56800,1,73,15,272,298,73,15,274,298,202,284,57368,5546,5602,0
L2D_ROI,228,MULTI_AXIS,100,1,7,1,77,16,276,298,200,283,56600,1,75,15,274,298,75,15,276,298,202,284,57368,5527,5602,0
L2D_ROI,229,MULTI_AXIS,100,1,8,1,79,16,277,298,199,283,56317,1,77,16,276,298,77,16,277,298,201,283,56883,5499,5554,0
L2D_ROI,230,MULTI_AXIS,100,1,9,1,78,17,276,298,199,282,56118,1,79,16,277,298,78,16,277,298,200,283,56600,5480,5527,0
L2D_ROI,231,MULTI_AXIS,100,1,10,1,78,17,276,298,199,282,56118,1,78,17,276,298,78,17,276,298,199,282,56118,5480,5480,0
L2D_ROI,232,MULTI_AXIS,100,1,11,1,77,18,275,298,199,281,55919,1,78,17,276,298,77,17,276,298,200,282,56400,5460,5507,0
L2D_ROI,233,MULTI_AXIS,100,1,12,1,77,18,275,298,199,281,55919,1,77,18,275,298,77,18,275,298,199,281,55919,5460,5460,0
L2D_ROI,234,MULTI_AXIS,100,1,13,1,76,19,275,298,200,280,56000,1,77,18,275,298,76,18,275,298,200,281,56200,5468,5488,0
L2D_ROI,235,MULTI_AXIS,100,1,14,1,76,20,274,298,199,279,55521,1,76,19,275,298,76,19,275,298,200,280,56000,5421,5468,0
L2D_ROI,236,MULTI_AXIS,100,1,15,1,75,21,274,298,200,278,55600,1,76,20,274,298,75,20,274,298,200,279,55800,5429,5449,0
L2D_ROI,237,MULTI_AXIS,100,1,16,1,74,20,272,298,199,279,55521,1,75,21,274,298,74,20,274,298,201,279,56079,5421,5476,0
L2D_ROI,238,MULTI_AXIS,100,1,17,1,72,19,269,298,198,280,55440,1,74,20,272,298,72,19,272,298,201,280,56280,5414,5496,0
L2D_ROI,239,MULTI_AXIS,100,1,18,1,70,19,267,298,198,280,55440,1,72,19,269,298,70,19,269,298,200,280,56000,5414,5468,0
L2D_ROI,240,MULTI_AXIS,100,1,19,1,68,18,266,298,199,281,55919,1,70,19,267,298,68,18,267,298,200,281,56200,5460,5488,0
L2D_ROI,241,MULTI_AXIS,100,1,20,1,66,17,264,298,199,282,56118,1,68,18,266,298,66,17,266,298,201,282,56682,5480,5535,0
L2D_ROI,242,MULTI_AXIS,100,1,21,1,65,17,263,298,199,282,56118,1,66,17,264,298,65,17,264,298,200,282,56400,5480,5507,0
L2D_ROI,243,MULTI_AXIS,100,1,22,1,63,17,261,298,199,282,56118,1,65,17,263,298,63,17,263,298,201,282,56682,5480,5535,0
L2D_ROI,244,MULTI_AXIS,100,1,23,1,61,16,259,298,199,283,56317,1,63,17,261,298,61,16,261,298,201,283,56883,5499,5554,0
L2D_ROI,245,MULTI_AXIS,100,1,24,1,60,15,258,298,199,284,56516,1,61,16,259,298,60,15,259,298,200,284,56800,5519,5546,0
L2D_ROI,246,MULTI_AXIS,100,1,25,1,58,15,256,298,199,284,56516,1,60,15,258,298,58,15,258,298,201,284,57084,5519,5574,0
L2D_ROI,247,MULTI_AXIS,100,1,26,1,56,14,254,298,199,285,56715,1,58,15,256,298,56,14,256,298,201,285,57285,5538,5594,0
L2D_ROI,248,MULTI_AXIS,100,1,27,1,54,14,252,298,199,285,56715,1,56,14,254,298,54,14,254,298,201,285,57285,5538,5594,0
L2D_ROI,249,MULTI_AXIS,100,1,28,1,52,14,250,298,199,285,56715,1,54,14,252,298,52,14,252,298,201,285,57285,5538,5594,0
L2D_ROI,250,MULTI_AXIS,100,1,29,1,50,13,248,298,199,286,56914,1,52,14,250,298,50,13,250,298,201,286,57486,5558,5613,0
L2D_ROI,251,MULTI_AXIS,100,1,30,1,48,13,247,298,200,286,57200,1,50,13,248,298,48,13,248,298,201,286,57486,5585,5613,0
L2D_ROI,252,MULTI_AXIS,100,1,31,1,47,12,245,298,199,287,57113,1,48,13,247,298,47,12,247,298,201,287,57687,5577,5633,0
L2D_ROI,253,MULTI_AXIS,100,1,32,1,45,12,243,298,199,287,57113,1,47,12,245,298,45,12,245,298,201,287,57687,5577,5633,0
L2D_ROI,254,MULTI_AXIS,100,1,33,1,43,11,242,298,200,288,57600,1,45,12,243,298,43,11,243,298,201,288,57888,5625,5653,0
L2D_ROI,255,MULTI_AXIS,100,1,34,1,41,11,240,298,200,288,57600,1,43,11,242,298,41,11,242,298,202,288,58176,5625,5681,0
L2D_ROI,256,MULTI_AXIS,100,1,35,1,40,11,238,298,199,288,57312,1,41,11,240,298,40,11,240,298,201,288,57888,5596,5653,0
L2D_ROI,257,MULTI_AXIS,100,1,36,1,38,10,237,298,200,289,57800,1,40,11,238,298,38,10,238,298,201,289,58089,5644,5672,0
L2D_ROI,258,MULTI_AXIS,100,1,37,1,36,10,235,298,200,289,57800,1,38,10,237,298,36,10,237,298,202,289,58378,5644,5700,0
L2D_ROI,259,MULTI_AXIS,100,1,38,1,37,10,236,298,200,289,57800,1,36,10,235,298,36,10,236,298,201,289,58089,5644,5672,0
L2D_ROI,260,MULTI_AXIS,100,1,39,1,38,10,237,298,200,289,57800,1,37,10,236,298,37,10,237,298,201,289,58089,5644,5672,0
L2D_ROI,261,MULTI_AXIS,100,1,40,1,39,10,238,298,200,289,57800,1,38,10,237,298,38,10,238,298,201,289,58089,5644,5672,0
L2D_ROI,262,MULTI_AXIS,100,1,41,1,40,10,239,298,200,289,57800,1,39,10,238,298,39,10,239,298,201,289,58089,5644,5672,0
L2D_ROI,263,MULTI_AXIS,100,1,42,1,40,10,240,298,201,289,58089,1,40,10,239,298,40,10,240,298,201,289,58089,5672,5672,0
L2D_ROI,264,MULTI_AXIS,100,1,43,1,41,10,241,298,201,289,58089,1,40,10,240,298,40,10,241,298,202,289,58378,5672,5700,0
L2D_ROI,265,MULTI_AXIS,100,1,44,1,41,10,241,298,201,289,58089,1,41,10,241,298,41,10,241,298,201,289,58089,5672,5672,0
L2D_ROI,266,MULTI_AXIS,100,1,45,1,44,10,243,298,200,289,57800,1,41,10,241,298,41,10,243,298,203,289,58667,5644,5729,0
L2D_ROI,267,MULTI_AXIS,100,1,46,1,45,10,245,298,201,289,58089,1,44,10,243,298,44,10,245,298,202,289,58378,5672,5700,0
L2D_ROI,268,MULTI_AXIS,100,1,47,1,47,10,247,298,201,289,58089,1,45,10,245,298,45,10,247,298,203,289,58667,5672,5729,0
L2D_ROI,269,MULTI_AXIS,100,1,48,1,49,10,248,298,200,289,57800,1,47,10,247,298,47,10,248,298,202,289,58378,5644,5700,0
L2D_ROI,270,MULTI_AXIS,100,1,49,1,50,11,250,298,201,288,57888,1,49,10,248,298,49,10,250,298,202,289,58378,5653,5700,0
L2D_ROI,271,MULTI_AXIS,100,1,50,1,52,11,252,298,201,288,57888,1,50,11,250,298,50,11,252,298,203,288,58464,5653,5709,0
L2D_ROI,272,MULTI_AXIS,100,1,51,1,53,11,253,298,201,288,57888,1,52,11,252,298,52,11,253,298,202,288,58176,5653,5681,0
L2D_ROI,273,MULTI_AXIS,100,1,52,1,55,11,255,298,201,288,57888,1,53,11,253,298,53,11,255,298,203,288,58464,5653,5709,0
L2D_ROI,274,MULTI_AXIS,100,1,53,1,56,11,256,298,201,288,57888,1,55,11,255,298,55,11,256,298,202,288,58176,5653,5681,0
L2D_ROI,275,MULTI_AXIS,100,1,54,1,58,12,258,298,201,287,57687,1,56,11,256,298,56,11,258,298,203,288,58464,5633,5709,0
L2D_SUMMARY,MULTI_AXIS,100,1,slot_wait_us,50,0.00,0,0,0,0,0,0
L2D_SUMMARY,MULTI_AXIS,100,1,controller_us,50,60.26,59,68,68,58,68,0
L2D_SUMMARY,MULTI_AXIS,100,1,rt30_us,50,928.96,930,958,961,873,961,0
L2D_SUMMARY,MULTI_AXIS,100,1,hierarchy_vertex_us,50,1362.58,1356,1391,1396,1241,1396,0
L2D_SUMMARY,MULTI_AXIS,100,1,bounds_us,50,1.70,2,2,2,1,2,0
L2D_SUMMARY,MULTI_AXIS,100,1,clear_us,50,1102.14,1133,1154,1161,903,1161,0
L2D_SUMMARY,MULTI_AXIS,100,1,raster_us,50,18928.96,18960,19124,19246,18549,19246,0
I (19433) l2d_profile: MULTI_AXIS scale=100 round=1 raster_us avg=18929 p95=19124 p99=19246 max=19246
L2D_SUMMARY,MULTI_AXIS,100,1,convert_us,50,4371.12,4354,4953,5120,4047,5120,0
L2D_SUMMARY,MULTI_AXIS,100,1,cache_sync_us,50,25.10,24,29,33,23,33,0
L2D_SUMMARY,MULTI_AXIS,100,1,producer_total_us,50,27111.76,27139,27604,27866,26597,27866,0
I (19463) l2d_profile: MULTI_AXIS scale=100 round=1 producer_total_us avg=27112 p95=27604 p99=27866 max=27866
L2D_SUMMARY,MULTI_AXIS,100,1,publish_consume_us,50,15.02,15,20,23,11,23,0
L2D_SUMMARY,MULTI_AXIS,100,1,ppa_wait_us,50,5418.94,5398,5902,6057,5131,6057,0
L2D_SUMMARY,MULTI_AXIS,100,1,ppa_blend_us,50,0.00,0,0,0,0,0,0
L2D_SUMMARY,MULTI_AXIS,100,1,panel_submit_us,50,156.42,155,167,192,145,192,0
L2D_SUMMARY,MULTI_AXIS,100,1,frame_drop,50,0.00,0,0,0,0,0,0
L2D_SUMMARY,MULTI_AXIS,100,1,ppa_fill_us,50,1073.22,1107,1123,1126,869,1126,0
L2D_SUMMARY,MULTI_AXIS,100,1,ppa_srm_us,50,4345.72,4327,4927,5096,4023,5096,0
L2D_SUMMARY,MULTI_AXIS,100,1,ppa_total_us,50,5418.94,5398,5902,6057,5131,6057,0
L2D_SUMMARY,MULTI_AXIS,100,1,clear_cache_sync_us,50,15.40,15,19,23,14,23,0
L2D_SUMMARY,MULTI_AXIS,100,1,convert_cache_sync_us,50,0.00,0,0,0,0,0,0
L2D_SUMMARY,MULTI_AXIS,100,1,flush_cache_sync_us,50,9.70,10,10,17,9,17,0
L2D_SUMMARY,MULTI_AXIS,100,1,cache_sync_total_us,50,25.10,24,29,33,23,33,0
L2D_SUMMARY,MULTI_AXIS,100,1,display_lock_wait_us,50,25.10,13,77,227,13,227,0
L2D_SUMMARY,MULTI_AXIS,100,1,flush_total_us,50,205.88,193,268,403,182,403,0
L2D_SUMMARY,MULTI_AXIS,100,1,frame_total_us,50,27332.66,27341,27817,28085,26806,28085,0
L2D_SUMMARY,MULTI_AXIS,100,1,keypoint_us,50,0.00,0,0,0,0,0,0
L2D_SUMMARY,MULTI_AXIS,100,1,visual_transform_us,50,0.00,0,0,0,0,0,0
L2D_SUMMARY,MULTI_AXIS,100,1,stretch_us,50,0.00,0,0,0,0,0,0
L2D_SUMMARY,MULTI_AXIS,100,1,vertex_transform_us,50,0.00,0,0,0,0,0,0
L2D_SUMMARY,MULTI_AXIS,100,1,uv_update_us,50,0.00,0,0,0,0,0,0
L2D_SUMMARY,MULTI_AXIS,100,1,trig_cache_hit,50,50.00,50,50,50,50,50,0
L2D_SUMMARY,MULTI_AXIS,100,1,trig_cache_miss,50,1.00,1,1,1,1,1,0
L2D_SUMMARY,MULTI_AXIS,100,1,slot_miss,50,0.00,0,0,0,0,0,0
L2D_SUMMARY,MULTI_AXIS,100,1,lock_skip,50,0.00,0,0,0,0,0,0
L2D_SUMMARY,MULTI_AXIS,100,1,deadline_miss,50,0.00,0,0,0,0,0,0
L2D_SUMMARY,MULTI_AXIS,100,1,roi.current_area,50,56974.08,56914,58089,58089,55440,58089,0
L2D_SUMMARY,MULTI_AXIS,100,1,roi.union_area,50,57421.20,57486,58464,58667,55800,58667,0
L2D_SUMMARY,MULTI_AXIS,100,1,roi.current_area_ratio_q10000,50,5563.38,5558,5672,5672,5414,5672,0
L2D_SUMMARY,MULTI_AXIS,100,1,roi.union_area_ratio_q10000,50,5607.00,5613,5709,5729,5449,5729,0
L2D_SUMMARY,MULTI_AXIS,100,1,roi.current_w,50,199.72,200,201,201,198,201,0
L2D_SUMMARY,MULTI_AXIS,100,1,roi.current_h,50,285.26,286,289,289,278,289,0
L2D_SUMMARY,MULTI_AXIS,100,1,roi.union_w,50,201.16,201,203,203,199,203,0
L2D_SUMMARY,MULTI_AXIS,100,1,roi.union_h,50,285.44,286,289,289,279,289,0
I (19686) l2d_profile: done MULTI_AXIS scale=100 round=1
L2D_DONE
