ESP-ROM:esp32p4-eco2-20240710
Build:Jul 10 2024
rst:0x1 (POWERON),boot:0x30f (SPI_FAST_FLASH_BOOT)
SPI mode:DIO, clock div:1
load:0x4ff33ce0,len:0x514
load:0x4ff29ed0,len:0xbbc
load:0x4ff2cbd0,len:0x3114
entry 0x4ff29ed0
I (336) hex_psram: vendor id    : 0x0d (AP)
I (336) hex_psram: Latency      : 0x01 (Fixed)
I (336) hex_psram: DriveStr.    : 0x00 (25 Ohm)
I (337) hex_psram: dev id       : 0x03 (generation 4)
I (342) hex_psram: density      : 0x07 (256 Mbit)
I (346) hex_psram: good-die     : 0x06 (Pass)
I (350) hex_psram: SRF          : 0x02 (Slow Refresh)
I (355) hex_psram: BurstType    : 0x00 ( Wrap)
I (359) hex_psram: BurstLen     : 0x03 (2048 Byte)
I (364) hex_psram: BitMode      : 0x01 (X16 Mode)
I (368) hex_psram: Readlatency  : 0x04 (14 cycles@Fixed)
I (373) hex_psram: DriveStrength: 0x00 (1/1)
I (377) MSPI Timing: Enter psram timing tuning
I (551) esp_psram: Found 32MB PSRAM device
I (552) esp_psram: Speed: 200MHz
I (552) hex_psram: psram CS IO is dedicated
I (552) cpu_start: Multicore app
I (1460) esp_psram: SPI SRAM memory test OK
I (1470) cpu_start: GPIO 38 and 37 are used as console UART I/O pins
I (1471) cpu_start: Pro cpu start user code
I (1471) cpu_start: cpu freq: 360000000 Hz
I (1473) app_init: Application information:
I (1477) app_init: Project name:     live2d_rt30_baseline
I (1482) app_init: App version:      3b12888-dirty
I (1486) app_init: Compile time:     Sep 29 2026 11:39:32
I (1491) app_init: ELF file SHA256:  cc8401584...
I (1496) app_init: ESP-IDF:          v5.5.2
I (1500) efuse_init: Min chip rev:     v0.1
I (1504) efuse_init: Max chip rev:     v1.99 
I (1508) efuse_init: Chip rev:         v1.3
I (1512) heap_init: Initializing. RAM available for dynamic allocation:
I (1518) heap_init: At 4FF1ED00 len 0001C2C0 (112 KiB): RETENT_RAM
I (1524) heap_init: At 4FF3AFC0 len 00004BF0 (18 KiB): RAM
I (1529) heap_init: At 4FF40000 len 00060000 (384 KiB): RAM
I (1535) heap_init: At 501080A0 len 00007F60 (31 KiB): RTCRAM
I (1540) heap_init: At 30100084 len 00001F7C (7 KiB): TCM
I (1545) esp_psram: Adding pool of 32768K of PSRAM memory to heap allocator
I (1553) spi_flash: detected chip: generic
I (1556) spi_flash: flash io: dio
I (1559) sleep_gpio: Configure to isolate all GPIO pins in sleep state
I (1565) sleep_gpio: Enable automatic switching of GPIO sleep configuration
I (1572) main_task: Started on CPU0
I (1596) esp_psram: Reserving pool of 256K of internal memory for DMA/internal allocations
I (1597) main_task: Calling app_main()
I (1597) l2d_baseline: === Live2D RT30 baseline ===
I (1601) l2d_baseline: ========================================
I (1607) l2d_baseline:  Live2D RT30 baseline, target=30 fps, core=0
I (1613) l2d_baseline:  model=/sdcard/esp.live
I (1617) l2d_baseline: ========================================
I (1622) l2d_baseline: heap boot: psram_free=33551716 psram_min=33551716 internal_free=507115
I (1657) sys_storage: Mounting SD card at /sdcard
I (1658) main_task: Returned from app_main()
I (1713) sys_storage: Storage subsystem ready (NVS + SD at /sdcard)
I (1713) sys_sdio: ready: SD serial task core=0 prio=4 queue=20
I (1715) sys_storage: font cache found: /sdcard/fonts/noto_sans_sc_16.bin (955208 bytes)
I (1721) l2d_baseline: storage ready at /sdcard
I (1727) esp_lvgl:adapter: LVGL adapter initialized successfully
I (1804) GT911: TouchPad_ID:0x39,0x31,0x31
I (1804) GT911: TouchPad_Config_Version:101
W (1804) ledc: GPIO 20 is not usable, maybe conflict with others
I (1807) WT99P4C5_S1_BOARD: MIPI DSI PHY Powered on
I (1812) WT99P4C5_S1_BOARD: Install MIPI DSI LCD control panel
I (1817) WT99P4C5_S1_BOARD: Install EK79007 LCD control panel
I (1822) WT99P4C5_S1_BOARD: MIPI DSI DPI clock: 80.00 MHz
I (1827) ek79007: version: 1.0.4
I (2001) WT99P4C5_S1_BOARD: Display initialized
I (2001) WT99P4C5_S1_BOARD: Display resolution 1024x600
I (2005) esp_lvgl:bridge_v9: Initializing hardware resources
I (2005) esp_lvgl:bridge_v9: Hardware resources initialized successfully
I (2016) WT99P4C5_S1_BOARD: GT911 touch ready on GPIO 21
W (2016) esp_lvgl:touch: LV_USE_GESTURE_RECOGNITION is disabled; only single-point pointer events are available
I (2026) esp_lvgl:touch: Touch input device registered successfully (IRQ mode: disabled)
I (2034) esp_lvgl:adapter: LVGL task started successfully
I (2039) sys_display: Display + LVGL initialized (custom config)
I (2044) WT99P4C5_S1_BOARD: Setting LCD backlight: 80%
I (2049) sys_monitor: CPU monitor started (FreeRTOS idle run time, 1 s windows)
I (2056) sys_monitor: FPS tracking attached to display
I (2595) l2d_baseline: model file loaded: /sdcard/esp.live (798660 bytes)
I (2596) l2d_baseline: model CRC32_LE=0x06dce0ed
I (2647) l2d_baseline: model SHA256=786b18e342f3a7b3e67042822f138824aaad610d6c46130f58f5c59bbb379b0b
I (2647) live2d_engine: Live2D engine pool allocated in PSRAM: 16777216 bytes
I (2651) live2d_engine: Importing PainterEngine Live2D model, file size=798660 bytes, pool free=16777216 bytes
I (2706) live2d_engine: Model loaded: id='esp', size=320x320, layers=11, textures=12, animations=1, pool free=15944048 bytes
I (2707) live2d_engine: Using nearest-neighbor pixel shader for ESP renderer
I (2713) live2d_engine: RT30 realtime axes: 4
I (2717) live2d_engine:   axis[0] id='left_eye' default=0 middle=15 bindings=2 sampleBytes=360 stride=12 vidx=0 Q(coord=4 rot=6 stretch=14)
I (2729) live2d_engine:     binding[0] layer=6 id='right_eye' mask=0x0050 vertices=0 sample_offset=0
I (2738) live2d_engine:     binding[1] layer=8 id='left_eyeup' mask=0x0010 vertices=0 sample_offset=6
I (2747) live2d_engine:   axis[1] id='right_eye' default=0 middle=15 bindings=2 sampleBytes=240 stride=8 vidx=0 Q(coord=4 rot=6 stretch=14)
I (2760) live2d_engine:     binding[0] layer=5 id='left_eye' mask=0x0040 vertices=0 sample_offset=0
I (2768) live2d_engine:     binding[1] layer=7 id='right_eyeup' mask=0x0010 vertices=0 sample_offset=2
I (2777) live2d_engine:   axis[2] id='neck' default=15 middle=15 bindings=1 sampleBytes=960 stride=32 vidx=7 Q(coord=4 rot=6 stretch=14)
I (2789) live2d_engine:     binding[0] layer=3 id='neck' mask=0x0028 vertices=7 sample_offset=0
I (2798) live2d_engine:   axis[3] id='face' default=15 middle=15 bindings=11 sampleBytes=27240 stride=908 vidx=227 Q(coord=4 rot=6 stretch=14)
I (2810) live2d_engine:     binding[0] layer=0 id='back_hair' mask=0x0008 vertices=42 sample_offset=0
I (2819) live2d_engine:     binding[1] layer=1 id='cloth' mask=0x0008 vertices=25 sample_offset=168
I (2828) live2d_engine:     binding[2] layer=2 id='face' mask=0x0008 vertices=15 sample_offset=268
I (2837) live2d_engine:     binding[3] layer=3 id='neck' mask=0x0008 vertices=8 sample_offset=328
I (2845) live2d_engine:     binding[4] layer=4 id='mouth' mask=0x0008 vertices=5 sample_offset=360
I (2854) live2d_engine:     binding[5] layer=5 id='left_eye' mask=0x0008 vertices=11 sample_offset=380
I (2863) live2d_engine:     binding[6] layer=6 id='right_eye' mask=0x0008 vertices=10 sample_offset=424
I (2872) live2d_engine:     binding[7] layer=7 id='right_eyeup' mask=0x0008 vertices=13 sample_offset=464
I (2881) live2d_engine:     binding[8] layer=8 id='left_eyeup' mask=0x0008 vertices=13 sample_offset=516
I (2890) live2d_engine:     binding[9] layer=9 id='front_hair' mask=0x0008 vertices=64 sample_offset=568
I (2900) live2d_engine:     binding[10] layer=10 id='hairwear' mask=0x0008 vertices=21 sample_offset=824
I (2909) live2d_engine: Playing default animation index 1/1
I (2914) l2d_baseline: model ready id='esp' size=320x320 layers=11 textures=12 animations=1 load=262ms pool_free=15944048
I (2925) l2d_baseline: RT30 axis_count=4 static=29524 runtime=2392 selectedSample=0
I (2933) l2d_baseline: axis handles: left_eye=0 right_eye=1 neck=2 face=3 mouth=-1
I (2940) l2d_baseline: benchmark axes=4, mouth=absent (mouth sweep skipped)
I (2946) l2d_baseline: render ROI: 320x320 at (352,140), lcd=1024x600
I (2953) sys_display_buf: PSRAM before alloc: total=33554432  free=14282532 largest=13369344
I (2961) sys_display_buf: buffers created: 320x320  ARGB=409600  RGB565=204800 bytes (PSRAM DMA=yes)
I (2969) sys_display_buf: PSRAM after alloc: total=33554432  free=13668124 largest=13369344
I (2980) sys_display_flush: Flush path: 320x320 at (352,140) -> panel direct draw
I (2985) live2d_engine: Internal render scale set to 1.000
I (2997) live2d_renderer: PPA fill transparent clear enabled
I (2998) live2d_renderer: Renderer initialized: 320x320 ARGB8888 -> RGB565 via PPA SRM, rgb_swap=0, byte_swap=0, source block=320x320@(0,0)
I (3007) l2d_baseline: render backends: clear=PPA convert=PPA
I (3013) l2d_baseline: heap ready: psram_free=13667128 psram_min=13479712 internal_free=382463
I (3021) l2d_baseline: continuous RT30 drive active on 4 model axes
L2D_META_BEGIN
esp_commit=3b128888b49a279d9103e6e9e14a3518c6d3b89d
live2d_commit=78fc634
idf=v5.5.2
chip=ESP32-P4
cpu_mhz=360
psram_mhz=200
optimization=-O2
render_task=core0,priority6
lvgl_task=core0,priority4
canvas=320x320
slot=none,synchronous ARGB+RGB565 buffers
display=direct panel RGB565
ppa=fill+SRM clients,blocking,blend unused
model_sha256=786b18e342f3a7b3e67042822f138824aaad610d6c46130f58f5c59bbb379b0b
model_size=798660
model_load_us=262735
layers=11
vertices=227
triangles=257
textures=12
texture_pixels=184235
axes=4
sampler=fast-nearest
profile_stage=1
profile_mode=timing
default_clear=PPA
default_convert=PPA
backend_ids=0:PPA/PPA,1:CPU/PPA,2:PPA/CPU,3:CPU/CPU
warmup=5
measure=50
rounds=1
L2D_META_END
L2D_FRAME_HEADER,frame_id,scenario,scale_q100,round,frame,slot_wait_us,controller_us,rt30_us,hierarchy_vertex_us,bounds_us,clear_us,raster_us,cache_sync_us,producer_total_us,publish_consume_us,ppa_wait_us,ppa_blend_us,panel_submit_us,ppa_fill_us,ppa_srm_us,ppa_total_us,clear_cache_sync_us,convert_cache_sync_us,flush_cache_sync_us,cache_sync_total_us,display_lock_wait_us,flush_total_us,frame_total_us,dirty_x,dirty_y,dirty_w,dirty_h,frame_drop,slot_miss,lock_skip,deadline_miss,backend,convert_us,keypoint_us,visual_transform_us,stretch_us,vertex_transform_us,uv_update_us,trig_cache_hit,trig_cache_miss
L2D_SUMMARY_HEADER,scenario,scale_q100,round,metric,count,avg,p50,p95,p99,min,max,backend
L2D_SUMMARY,LOAD,0,0,load_us,1,262735,262735,262735,262735,262735,262735,0
I (3160) l2d_profile: profile suite: stage=1 rounds=1 frames=50
I (3166) live2d_engine: Internal render scale set to 1.000
L2D_FRAME,6,STATIC,100,1,5,0,23,66,130,3,1141,18553,24,26831,22,7776,0,173,1120,6656,7776,11,0,13,24,16,210,27063,0,0,320,320,0,0,0,0,0,6688,0,0,0,0,0,0,0
L2D_FRAME,7,STATIC,100,1,6,0,20,38,128,4,1132,18618,25,26865,19,7769,0,164,1111,6658,7769,11,0,14,25,16,204,27088,0,0,320,320,0,0,0,0,0,6694,0,0,0,0,0,0,0
L2D_FRAME,8,STATIC,100,1,7,0,17,38,127,4,1133,18502,24,26805,22,7836,0,158,1112,6724,7836,11,0,13,24,16,197,27024,0,0,320,320,0,0,0,0,0,6758,0,0,0,0,0,0,0
L2D_FRAME,9,STATIC,100,1,8,0,21,38,125,3,1118,18587,25,26822,23,7759,0,183,1097,6662,7759,11,0,14,25,16,221,27066,0,0,320,320,0,0,0,0,0,6699,0,0,0,0,0,0,0
L2D_FRAME,10,STATIC,100,1,9,0,30,41,130,4,1140,18672,24,26809,23,7647,0,163,1115,6532,7647,11,0,13,24,542,727,27559,0,0,320,320,0,0,0,0,0,6566,0,0,0,0,0,0,0
L2D_FRAME,11,STATIC,100,1,10,0,19,52,134,3,1139,18597,25,26842,19,7745,0,173,1117,6628,7745,12,0,13,25,20,211,27072,0,0,320,320,0,0,0,0,0,6665,0,0,0,0,0,0,0
L2D_FRAME,12,STATIC,100,1,11,0,21,40,130,3,1142,18575,24,26599,18,7549,0,159,1122,6427,7549,11,0,13,24,494,679,27296,0,0,320,320,0,0,0,0,0,6460,0,0,0,0,0,0,0
L2D_FRAME,13,STATIC,100,1,12,0,25,51,127,3,1139,18574,26,26694,19,7635,0,150,1118,6517,7635,12,0,14,26,16,187,26900,0,0,320,320,0,0,0,0,0,6550,0,0,0,0,0,0,0
L2D_FRAME,14,STATIC,100,1,13,0,17,39,127,3,1150,18535,24,26783,26,7774,0,155,1125,6649,7774,11,0,13,24,720,896,27705,0,0,320,320,0,0,0,0,0,6678,0,0,0,0,0,0,0
L2D_FRAME,15,STATIC,100,1,14,0,15,51,131,3,1150,18660,34,26943,19,7791,0,174,1125,6666,7791,12,0,22,34,1047,1251,28213,0,0,320,320,0,0,0,0,0,6703,0,0,0,0,0,0,0
L2D_FRAME,16,STATIC,100,1,15,0,25,38,130,3,1141,18512,24,26659,22,7653,0,163,1116,6537,7653,11,0,13,24,523,712,27393,0,0,320,320,0,0,0,0,0,6571,0,0,0,0,0,0,0
L2D_FRAME,17,STATIC,100,1,16,0,19,41,128,3,1116,18661,25,26790,26,7644,0,164,1095,6549,7644,11,0,14,25,592,775,27591,0,0,320,320,0,0,0,0,0,6587,0,0,0,0,0,0,0
L2D_FRAME,18,STATIC,100,1,17,0,25,75,132,3,1150,18576,24,26868,15,7765,0,164,1123,6642,7765,11,0,13,24,834,1024,27907,0,0,320,320,0,0,0,0,0,6675,0,0,0,0,0,0,0
L2D_FRAME,19,STATIC,100,1,18,0,19,43,130,3,1105,18602,24,26831,23,7744,0,182,1084,6660,7744,11,0,13,24,16,216,27070,0,0,320,320,0,0,0,0,0,6694,0,0,0,0,0,0,0
L2D_FRAME,20,STATIC,100,1,19,0,15,77,126,3,1137,18548,25,26700,19,7637,0,167,1113,6524,7637,12,0,13,25,617,805,27524,0,0,320,320,0,0,0,0,0,6561,0,0,0,0,0,0,0
L2D_FRAME,21,STATIC,100,1,20,0,21,47,130,3,1142,18648,25,26854,18,7712,0,170,1118,6594,7712,12,0,13,25,723,915,27787,0,0,320,320,0,0,0,0,0,6627,0,0,0,0,0,0,0
L2D_FRAME,22,STATIC,100,1,21,0,19,52,132,3,1134,18575,24,26859,23,7767,0,173,1113,6654,7767,11,0,13,24,16,207,27089,0,0,320,320,0,0,0,0,0,6711,0,0,0,0,0,0,0
L2D_FRAME,23,STATIC,100,1,22,0,21,43,128,3,1152,18594,24,26695,22,7613,0,159,1127,6486,7613,11,0,13,24,527,708,27425,0,0,320,320,0,0,0,0,0,6514,0,0,0,0,0,0,0
L2D_FRAME,24,STATIC,100,1,23,0,25,38,127,4,1103,18612,24,26759,18,7665,0,151,1082,6583,7665,11,0,13,24,23,193,26970,0,0,320,320,0,0,0,0,0,6622,0,0,0,0,0,0,0
L2D_FRAME,25,STATIC,100,1,24,0,21,38,130,3,1106,18575,24,26535,18,7480,0,158,1086,6394,7480,11,0,13,24,225,405,26958,0,0,320,320,0,0,0,0,0,6427,0,0,0,0,0,0,0
L2D_FRAME,26,STATIC,100,1,25,0,19,66,132,3,1144,18519,24,26556,23,7522,0,150,1119,6403,7522,11,0,13,24,16,184,26763,0,0,320,320,0,0,0,0,0,6441,0,0,0,0,0,0,0
L2D_FRAME,27,STATIC,100,1,26,0,21,38,124,3,1099,18572,24,26514,19,7465,0,153,1078,6387,7465,11,0,13,24,20,195,26728,0,0,320,320,0,0,0,0,0,6423,0,0,0,0,0,0,0
L2D_FRAME,28,STATIC,100,1,27,0,30,39,135,3,1140,18503,24,26523,22,7523,0,158,1115,6408,7523,11,0,13,24,16,196,26741,0,0,320,320,0,0,0,0,0,6443,0,0,0,0,0,0,0
L2D_FRAME,29,STATIC,100,1,28,0,21,41,129,3,1138,18560,24,26630,19,7590,0,166,1117,6473,7590,11,0,13,24,298,486,27135,0,0,320,320,0,0,0,0,0,6506,0,0,0,0,0,0,0
L2D_FRAME,30,STATIC,100,1,29,0,19,41,130,3,1139,18590,28,26598,18,7520,0,146,1115,6405,7520,15,0,13,28,20,189,26805,0,0,320,320,0,0,0,0,0,6441,0,0,0,0,0,0,0
L2D_FRAME,31,STATIC,100,1,30,0,21,43,130,3,1141,18558,24,26620,19,7583,0,153,1121,6462,7583,11,0,13,24,58,235,26874,0,0,320,320,0,0,0,0,0,6494,0,0,0,0,0,0,0
L2D_FRAME,32,STATIC,100,1,31,0,18,41,126,3,1122,18636,32,26626,19,7504,0,175,1099,6405,7504,11,0,21,32,210,412,27057,0,0,320,320,0,0,0,0,0,6439,0,0,0,0,0,0,0
L2D_FRAME,33,STATIC,100,1,32,0,19,41,132,3,1161,18561,24,26639,22,7597,0,151,1136,6461,7597,11,0,13,24,16,187,26848,0,0,320,320,0,0,0,0,0,6495,0,0,0,0,0,0,0
L2D_FRAME,34,STATIC,100,1,33,0,21,53,133,3,1143,18626,24,26640,18,7513,0,166,1120,6393,7513,11,0,13,24,24,213,26871,0,0,320,320,0,0,0,0,0,6426,0,0,0,0,0,0,0
L2D_FRAME,35,STATIC,100,1,34,0,21,66,129,3,1136,18573,25,26596,23,7508,0,149,1111,6397,7508,11,0,14,25,20,187,26806,0,0,320,320,0,0,0,0,0,6430,0,0,0,0,0,0,0
L2D_FRAME,36,STATIC,100,1,35,0,20,41,127,4,1151,18645,25,26678,19,7547,0,165,1126,6421,7547,11,0,14,25,319,510,27207,0,0,320,320,0,0,0,0,0,6454,0,0,0,0,0,0,0
L2D_FRAME,37,STATIC,100,1,36,0,19,71,131,3,1128,18566,24,26589,19,7509,0,150,1103,6406,7509,11,0,13,24,16,186,26794,0,0,320,320,0,0,0,0,0,6440,0,0,0,0,0,0,0
L2D_FRAME,38,STATIC,100,1,37,0,17,42,128,3,1145,18619,24,26626,19,7534,0,166,1125,6409,7534,11,0,13,24,77,267,26912,0,0,320,320,0,0,0,0,0,6443,0,0,0,0,0,0,0
L2D_FRAME,39,STATIC,100,1,38,0,25,42,132,4,1115,18564,24,26559,18,7505,0,154,1088,6417,7505,11,0,13,24,20,200,26777,0,0,320,320,0,0,0,0,0,6452,0,0,0,0,0,0,0
L2D_FRAME,40,STATIC,100,1,39,0,21,42,128,3,1120,18474,24,26637,19,7665,0,159,1095,6570,7665,11,0,13,24,537,717,27373,0,0,320,320,0,0,0,0,0,6603,0,0,0,0,0,0,0
L2D_FRAME,41,STATIC,100,1,40,0,21,47,133,3,1145,18598,24,26779,19,7691,0,175,1120,6571,7691,11,0,13,24,676,872,27670,0,0,320,320,0,0,0,0,0,6607,0,0,0,0,0,0,0
L2D_FRAME,42,STATIC,100,1,41,0,19,38,159,3,1118,18589,24,26844,19,7752,0,182,1093,6659,7752,11,0,13,24,1031,1234,28097,0,0,320,320,0,0,0,0,0,6687,0,0,0,0,0,0,0
L2D_FRAME,43,STATIC,100,1,42,0,19,40,131,3,1137,18619,24,26663,19,7555,0,159,1116,6439,7555,11,0,13,24,511,692,27374,0,0,320,320,0,0,0,0,0,6475,0,0,0,0,0,0,0
L2D_FRAME,44,STATIC,100,1,43,0,16,38,157,3,1120,18530,24,26690,18,7659,0,167,1096,6563,7659,11,0,13,24,630,823,27531,0,0,320,320,0,0,0,0,0,6603,0,0,0,0,0,0,0
L2D_FRAME,45,STATIC,100,1,44,0,19,51,129,3,1144,18618,24,26845,22,7736,0,170,1123,6613,7736,11,0,13,24,751,940,27807,0,0,320,320,0,0,0,0,0,6651,0,0,0,0,0,0,0
L2D_FRAME,46,STATIC,100,1,45,0,25,38,131,4,1110,18586,24,26823,40,7748,0,162,1089,6659,7748,11,0,13,24,20,200,27063,0,0,320,320,0,0,0,0,0,6694,0,0,0,0,0,0,0
L2D_FRAME,47,STATIC,100,1,46,0,26,38,130,3,1125,18632,24,26707,34,7591,0,157,1100,6491,7591,11,0,13,24,537,719,27460,0,0,320,320,0,0,0,0,0,6525,0,0,0,0,0,0,0
L2D_FRAME,48,STATIC,100,1,47,0,20,38,131,3,1117,18587,25,26763,26,7695,0,166,1096,6599,7695,12,0,13,25,16,200,26989,0,0,320,320,0,0,0,0,0,6633,0,0,0,0,0,0,0
L2D_FRAME,49,STATIC,100,1,48,0,25,42,130,3,1144,18624,24,26640,22,7519,0,162,1123,6396,7519,11,0,13,24,205,386,27048,0,0,320,320,0,0,0,0,0,6430,0,0,0,0,0,0,0
L2D_FRAME,50,STATIC,100,1,49,0,30,67,129,3,1136,18501,24,26532,18,7513,0,157,1116,6397,7513,11,0,13,24,16,196,26746,0,0,320,320,0,0,0,0,0,6431,0,0,0,0,0,0,0
L2D_FRAME,51,STATIC,100,1,50,0,21,39,134,3,1139,18646,24,26668,18,7540,0,153,1118,6422,7540,11,0,13,24,20,196,26882,0,0,320,320,0,0,0,0,0,6448,0,0,0,0,0,0,0
L2D_FRAME,52,STATIC,100,1,51,0,21,38,131,3,1117,18541,28,26505,18,7482,0,161,1090,6392,7482,15,0,13,28,20,203,26726,0,0,320,320,0,0,0,0,0,6427,0,0,0,0,0,0,0
L2D_FRAME,53,STATIC,100,1,52,0,20,42,129,4,1129,18571,24,26651,18,7592,0,158,1108,6484,7592,11,0,13,24,337,521,27190,0,0,320,320,0,0,0,0,0,6518,0,0,0,0,0,0,0
L2D_FRAME,54,STATIC,100,1,53,0,20,41,127,3,1142,18598,24,26613,19,7527,0,160,1118,6409,7527,11,0,13,24,20,199,26831,0,0,320,320,0,0,0,0,0,6447,0,0,0,0,0,0,0
L2D_FRAME,55,STATIC,100,1,54,0,17,42,131,3,1110,18597,25,26626,19,7557,0,159,1089,6468,7557,11,0,14,25,86,269,26914,0,0,320,320,0,0,0,0,0,6501,0,0,0,0,0,0,0
L2D_SUMMARY,STATIC,100,1,slot_wait_us,50,0.00,0,0,0,0,0,0
L2D_SUMMARY,STATIC,100,1,controller_us,50,20.98,21,30,30,15,30,0
L2D_SUMMARY,STATIC,100,1,rt30_us,50,45.84,41,71,77,38,77,0
L2D_SUMMARY,STATIC,100,1,hierarchy_vertex_us,50,130.80,130,135,159,124,159,0
L2D_SUMMARY,STATIC,100,1,bounds_us,50,3.16,3,4,4,3,4,0
L2D_SUMMARY,STATIC,100,1,clear_us,50,1132.50,1137,1151,1161,1099,1161,0
L2D_SUMMARY,STATIC,100,1,raster_us,50,18583.58,18586,18660,18672,18474,18672,0
I (5706) l2d_profile: STATIC scale=100 round=1 raster_us avg=18584 p95=18660 p99=18672 max=18672
L2D_SUMMARY,STATIC,100,1,convert_us,50,6549.14,6518,6703,6758,6423,6758,0
L2D_SUMMARY,STATIC,100,1,cache_sync_us,50,24.76,24,28,34,24,34,0
L2D_SUMMARY,STATIC,100,1,producer_total_us,50,26698.46,26668,26865,26943,26505,26943,0
I (5735) l2d_profile: STATIC scale=100 round=1 producer_total_us avg=26698 p95=26865 p99=26943 max=26943
L2D_SUMMARY,STATIC,100,1,publish_consume_us,50,20.78,19,26,40,15,40,0
L2D_SUMMARY,STATIC,100,1,ppa_wait_us,50,7624.06,7597,7776,7836,7465,7836,0
L2D_SUMMARY,STATIC,100,1,ppa_blend_us,50,0.00,0,0,0,0,0,0
L2D_SUMMARY,STATIC,100,1,panel_submit_us,50,162.24,161,182,183,146,183,0
L2D_SUMMARY,STATIC,100,1,frame_drop,50,0.00,0,0,0,0,0,0
L2D_SUMMARY,STATIC,100,1,ppa_fill_us,50,1109.64,1115,1126,1136,1078,1136,0
L2D_SUMMARY,STATIC,100,1,ppa_srm_us,50,6514.42,6486,6662,6724,6387,6724,0
L2D_SUMMARY,STATIC,100,1,ppa_total_us,50,7624.06,7597,7776,7836,7465,7836,0
L2D_SUMMARY,STATIC,100,1,clear_cache_sync_us,50,11.28,11,12,15,11,15,0
L2D_SUMMARY,STATIC,100,1,convert_cache_sync_us,50,0.00,0,0,0,0,0,0
L2D_SUMMARY,STATIC,100,1,flush_cache_sync_us,50,13.48,13,14,22,13,22,0
L2D_SUMMARY,STATIC,100,1,cache_sync_total_us,50,24.76,24,28,34,24,34,0
L2D_SUMMARY,STATIC,100,1,display_lock_wait_us,50,270.84,58,834,1047,16,1047,0
L2D_SUMMARY,STATIC,100,1,flush_total_us,50,455.14,235,1024,1251,184,1251,0
L2D_SUMMARY,STATIC,100,1,frame_total_us,50,27174.38,27063,27907,28213,26726,28213,0
L2D_SUMMARY,STATIC,100,1,keypoint_us,50,0.00,0,0,0,0,0,0
L2D_SUMMARY,STATIC,100,1,visual_transform_us,50,0.00,0,0,0,0,0,0
L2D_SUMMARY,STATIC,100,1,stretch_us,50,0.00,0,0,0,0,0,0
L2D_SUMMARY,STATIC,100,1,vertex_transform_us,50,0.00,0,0,0,0,0,0
L2D_SUMMARY,STATIC,100,1,uv_update_us,50,0.00,0,0,0,0,0,0
L2D_SUMMARY,STATIC,100,1,trig_cache_hit,50,0.00,0,0,0,0,0,0
L2D_SUMMARY,STATIC,100,1,trig_cache_miss,50,0.00,0,0,0,0,0,0
L2D_SUMMARY,STATIC,100,1,slot_miss,50,0.00,0,0,0,0,0,0
L2D_SUMMARY,STATIC,100,1,lock_skip,50,0.00,0,0,0,0,0,0
L2D_SUMMARY,STATIC,100,1,deadline_miss,50,0.00,0,0,0,0,0,0
I (5891) l2d_profile: done STATIC scale=100 round=1
L2D_FRAME,61,EYE_L_SWEEP,100,1,5,0,61,558,1215,3,1111,18552,24,28181,19,7501,0,146,1083,6418,7501,11,0,13,24,16,183,28383,0,0,320,320,0,0,0,0,0,6447,0,0,0,0,0,51,0
L2D_FRAME,62,EYE_L_SWEEP,100,1,6,0,57,559,1191,3,1114,18495,24,28104,18,7506,0,157,1090,6416,7506,11,0,13,24,20,196,28318,0,0,320,320,0,0,0,0,0,6453,0,0,0,0,0,51,0
L2D_FRAME,63,EYE_L_SWEEP,100,1,7,0,57,562,1237,3,1117,18428,24,28156,18,7564,0,147,1087,6477,7564,11,0,13,24,16,185,28359,0,0,320,320,0,0,0,0,0,6514,0,0,0,0,0,51,0
L2D_FRAME,64,EYE_L_SWEEP,100,1,8,0,54,548,1201,3,1170,18492,24,28140,18,7556,0,150,1143,6413,7556,11,0,13,24,16,188,28346,0,0,320,320,0,0,0,0,0,6446,0,0,0,0,0,51,0
L2D_FRAME,65,EYE_L_SWEEP,100,1,9,0,53,554,1201,3,1147,18469,24,28110,22,7535,0,180,1119,6416,7535,11,0,13,24,16,215,28347,0,0,320,320,0,0,0,0,0,6453,0,0,0,0,0,51,0
L2D_FRAME,66,EYE_L_SWEEP,100,1,10,0,53,545,1200,3,1175,18486,25,28153,19,7565,0,146,1154,6411,7565,11,0,14,25,20,184,28356,0,0,320,320,0,0,0,0,0,6448,0,0,0,0,0,51,0
L2D_FRAME,67,EYE_L_SWEEP,100,1,11,0,57,545,1190,4,1116,18430,24,28039,27,7525,0,150,1095,6430,7525,11,0,13,24,16,184,28250,0,0,320,320,0,0,0,0,0,6463,0,0,0,0,0,51,0
L2D_FRAME,68,EYE_L_SWEEP,100,1,12,0,66,559,1201,3,1118,18467,24,28131,18,7514,0,146,1097,6417,7514,11,0,13,24,16,183,28332,0,0,320,320,0,0,0,0,0,6451,0,0,0,0,0,51,0
L2D_FRAME,69,EYE_L_SWEEP,100,1,13,0,57,549,1191,3,1109,18354,32,27951,19,7500,0,152,1088,6412,7500,11,0,21,32,16,197,28167,0,0,320,320,0,0,0,0,0,6445,0,0,0,0,0,51,0
L2D_FRAME,70,EYE_L_SWEEP,100,1,14,0,57,585,1200,3,1104,18365,24,28006,23,7498,0,153,1084,6414,7498,11,0,13,24,21,193,28222,0,0,320,320,0,0,0,0,0,6456,0,0,0,0,0,51,0
L2D_FRAME,71,EYE_L_SWEEP,100,1,15,0,57,548,1217,4,1146,18403,24,28058,22,7541,0,182,1123,6418,7541,11,0,13,24,16,220,28300,0,0,320,320,0,0,0,0,0,6451,0,0,0,0,0,51,0
L2D_FRAME,72,EYE_L_SWEEP,100,1,16,0,57,581,1200,3,1118,18351,25,28018,19,7513,0,150,1097,6416,7513,11,0,14,25,20,191,28228,0,0,320,320,0,0,0,0,0,6462,0,0,0,0,0,51,0
L2D_FRAME,73,EYE_L_SWEEP,100,1,17,0,58,552,1211,3,1124,18454,24,28083,22,7517,0,187,1101,6416,7517,11,0,13,24,20,226,28331,0,0,320,320,0,0,0,0,0,6453,0,0,0,0,0,51,0
L2D_FRAME,74,EYE_L_SWEEP,100,1,18,0,57,545,1211,3,1170,18486,52,28152,18,7536,0,144,1121,6415,7536,39,0,13,52,20,183,28353,0,0,320,320,0,0,0,0,0,6448,0,0,0,0,0,51,0
L2D_FRAME,75,EYE_L_SWEEP,100,1,19,0,57,539,1198,4,1145,18445,24,28088,18,7547,0,153,1122,6425,7547,11,0,13,24,17,193,28299,0,0,320,320,0,0,0,0,0,6455,0,0,0,0,0,51,0
L2D_FRAME,76,EYE_L_SWEEP,100,1,20,0,57,552,1234,3,1116,18415,24,28119,19,7567,0,143,1093,6474,7567,11,0,13,24,16,180,28318,0,0,320,320,0,0,0,0,0,6511,0,0,0,0,0,51,0
L2D_FRAME,77,EYE_L_SWEEP,100,1,21,0,54,544,1200,3,1139,18476,24,28098,19,7542,0,145,1118,6424,7542,11,0,13,24,23,187,28304,0,0,320,320,0,0,0,0,0,6458,0,0,0,0,0,51,0
L2D_FRAME,78,EYE_L_SWEEP,100,1,22,0,57,554,1198,3,1141,18473,25,28083,19,7519,0,175,1118,6401,7519,11,0,14,25,17,216,28318,0,0,320,320,0,0,0,0,0,6431,0,0,0,0,0,51,0
L2D_FRAME,79,EYE_L_SWEEP,100,1,23,0,57,537,1199,3,1175,18523,24,28173,19,7570,0,159,1154,6416,7570,11,0,13,24,20,204,28396,0,0,320,320,0,0,0,0,0,6453,0,0,0,0,0,51,0
L2D_FRAME,80,EYE_L_SWEEP,100,1,24,0,57,548,1190,4,1118,18533,24,28128,19,7505,0,153,1093,6412,7505,11,0,13,24,20,192,28339,0,0,320,320,0,0,0,0,0,6446,0,0,0,0,0,51,0
L2D_FRAME,81,EYE_L_SWEEP,100,1,25,0,56,565,1237,3,1134,18496,25,28226,19,7585,0,148,1110,6475,7585,11,0,14,25,24,190,28435,0,0,320,320,0,0,0,0,0,6512,0,0,0,0,0,51,0
L2D_FRAME,82,EYE_L_SWEEP,100,1,26,0,66,561,1200,3,1164,18561,24,28229,18,7554,0,154,1143,6411,7554,11,0,13,24,16,195,28442,0,0,320,320,0,0,0,0,0,6445,0,0,0,0,0,51,0
L2D_FRAME,83,EYE_L_SWEEP,100,1,27,0,57,569,1199,3,1140,18505,24,28155,18,7535,0,176,1113,6422,7535,11,0,13,24,20,218,28391,0,0,320,320,0,0,0,0,0,6456,0,0,0,0,0,51,0
L2D_FRAME,84,EYE_L_SWEEP,100,1,28,0,54,549,1202,3,1175,18671,52,28330,19,7537,0,160,1114,6423,7537,39,0,13,52,63,244,28593,0,0,320,320,0,0,0,0,0,6453,0,0,0,0,0,51,0
L2D_FRAME,85,EYE_L_SWEEP,100,1,29,0,53,567,1203,3,1135,18514,24,28186,18,7564,0,159,1114,6450,7564,11,0,13,24,24,205,28409,0,0,320,320,0,0,0,0,0,6484,0,0,0,0,0,51,0
L2D_FRAME,86,EYE_L_SWEEP,100,1,30,0,53,558,1238,3,1116,18501,24,28316,19,7673,0,168,1093,6580,7673,11,0,13,24,525,725,29060,0,0,320,320,0,0,0,0,0,6617,0,0,0,0,0,51,0
L2D_FRAME,87,EYE_L_SWEEP,100,1,31,0,53,557,1199,3,1140,18554,24,28195,18,7526,0,150,1120,6406,7526,11,0,13,24,16,191,28404,0,0,320,320,0,0,0,0,0,6443,0,0,0,0,0,51,0
L2D_FRAME,88,EYE_L_SWEEP,100,1,32,0,52,548,1231,3,1105,18468,24,28146,18,7565,0,155,1085,6480,7565,11,0,13,24,264,441,28605,0,0,320,320,0,0,0,0,0,6514,0,0,0,0,0,51,0
L2D_FRAME,89,EYE_L_SWEEP,100,1,33,0,52,565,1200,3,1139,18549,25,28267,22,7604,0,171,1114,6490,7604,12,0,13,25,529,723,29012,0,0,320,320,0,0,0,0,0,6534,0,0,0,0,0,51,0
L2D_FRAME,90,EYE_L_SWEEP,100,1,34,0,54,564,1238,3,1139,18427,25,28155,19,7587,0,143,1115,6472,7587,12,0,13,25,20,185,28359,0,0,320,320,0,0,0,0,0,6505,0,0,0,0,0,51,0
L2D_FRAME,91,EYE_L_SWEEP,100,1,35,0,53,560,1204,3,1179,18521,24,28209,23,7570,0,158,1155,6415,7570,11,0,13,24,195,375,28607,0,0,320,320,0,0,0,0,0,6447,0,0,0,0,0,51,0
L2D_FRAME,92,EYE_L_SWEEP,100,1,36,0,52,563,1203,3,1140,18467,24,28165,19,7590,0,179,1113,6477,7590,11,0,13,24,20,217,28401,0,0,320,320,0,0,0,0,0,6510,0,0,0,0,0,51,0
L2D_FRAME,93,EYE_L_SWEEP,100,1,37,0,56,559,1202,3,1135,18488,25,28273,22,7663,0,175,1111,6552,7663,12,0,13,25,606,804,29099,0,0,320,320,0,0,0,0,0,6581,0,0,0,0,0,51,0
L2D_FRAME,94,EYE_L_SWEEP,100,1,38,0,53,562,1202,3,1127,18390,24,28027,22,7530,0,189,1107,6423,7530,11,0,13,24,20,232,28281,0,0,320,320,0,0,0,0,0,6463,0,0,0,0,0,51,0
L2D_FRAME,95,EYE_L_SWEEP,100,1,39,0,54,558,1204,4,1173,18445,53,28140,22,7572,0,157,1123,6449,7572,40,0,13,53,310,489,28651,0,0,320,320,0,0,0,0,0,6482,0,0,0,0,0,51,0
L2D_FRAME,96,EYE_L_SWEEP,100,1,40,0,52,554,1209,3,1139,18333,24,28127,18,7691,0,151,1114,6577,7691,11,0,13,24,20,190,28335,0,0,320,320,0,0,0,0,0,6611,0,0,0,0,0,51,0
L2D_FRAME,97,EYE_L_SWEEP,100,1,41,0,53,553,1233,4,1107,18357,25,28264,19,7779,0,153,1086,6693,7779,11,0,14,25,793,967,29250,0,0,320,320,0,0,0,0,0,6729,0,0,0,0,0,51,0
L2D_FRAME,98,EYE_L_SWEEP,100,1,42,0,53,561,1190,3,1110,18446,25,28045,18,7508,0,147,1082,6426,7508,12,0,13,25,16,190,28253,0,0,320,320,0,0,0,0,0,6452,0,0,0,0,0,51,0
L2D_FRAME,99,EYE_L_SWEEP,100,1,43,0,57,541,1201,3,1124,18436,24,28079,22,7518,0,148,1096,6422,7518,11,0,13,24,20,187,28288,0,0,320,320,0,0,0,0,0,6456,0,0,0,0,0,51,0
L2D_FRAME,100,EYE_L_SWEEP,100,1,44,0,54,551,1191,3,1117,18426,24,28029,15,7517,0,148,1096,6421,7517,11,0,13,24,16,188,28232,0,0,320,320,0,0,0,0,0,6454,0,0,0,0,0,51,0
L2D_FRAME,101,EYE_L_SWEEP,100,1,45,0,57,573,1201,3,1125,18445,24,28082,23,7516,0,148,1100,6416,7516,11,0,13,24,20,186,28291,0,0,320,320,0,0,0,0,0,6444,0,0,0,0,0,51,0
L2D_FRAME,102,EYE_L_SWEEP,100,1,46,0,66,557,1200,3,1150,18454,24,28106,14,7542,0,144,1130,6412,7542,11,0,13,24,20,185,28305,0,0,320,320,0,0,0,0,0,6446,0,0,0,0,0,51,0
L2D_FRAME,103,EYE_L_SWEEP,100,1,47,0,57,551,1239,3,1152,18429,24,28179,26,7603,0,144,1128,6475,7603,11,0,13,24,16,179,28384,0,0,320,320,0,0,0,0,0,6513,0,0,0,0,0,51,0
L2D_FRAME,104,EYE_L_SWEEP,100,1,48,0,57,557,1200,3,1159,18508,25,28173,19,7565,0,152,1134,6431,7565,12,0,13,25,66,239,28431,0,0,320,320,0,0,0,0,0,6464,0,0,0,0,0,51,0
L2D_FRAME,105,EYE_L_SWEEP,100,1,49,0,53,562,1203,3,1117,18486,24,28104,22,7509,0,175,1090,6419,7509,11,0,13,24,16,214,28340,0,0,320,320,0,0,0,0,0,6452,0,0,0,0,0,51,0
L2D_FRAME,106,EYE_L_SWEEP,100,1,50,0,52,578,1203,3,1109,18596,24,28285,22,7569,0,167,1089,6480,7569,11,0,13,24,518,703,29010,0,0,320,320,0,0,0,0,0,6518,0,0,0,0,0,51,0
L2D_FRAME,107,EYE_L_SWEEP,100,1,51,0,52,556,1198,3,1141,18488,25,28120,19,7532,0,175,1117,6415,7532,11,0,14,25,16,216,28355,0,0,320,320,0,0,0,0,0,6452,0,0,0,0,0,51,0
L2D_FRAME,108,EYE_L_SWEEP,100,1,52,0,53,544,1201,3,1175,18609,28,28282,18,7573,0,167,1150,6423,7573,15,0,13,28,73,264,28564,0,0,320,320,0,0,0,0,0,6465,0,0,0,0,0,51,0
L2D_FRAME,109,EYE_L_SWEEP,100,1,53,0,54,563,1198,3,1118,18537,24,28190,18,7555,0,163,1093,6462,7555,11,0,13,24,20,202,28410,0,0,320,320,0,0,0,0,0,6496,0,0,0,0,0,51,0
L2D_FRAME,110,EYE_L_SWEEP,100,1,54,0,57,552,1241,3,1113,18598,25,28395,23,7645,0,162,1091,6554,7645,11,0,14,25,525,710,29128,0,0,320,320,0,0,0,0,0,6591,0,0,0,0,0,51,0
L2D_SUMMARY,EYE_L_SWEEP,100,1,slot_wait_us,50,0.00,0,0,0,0,0,0
L2D_SUMMARY,EYE_L_SWEEP,100,1,controller_us,50,55.70,56,66,66,52,66,0
L2D_SUMMARY,EYE_L_SWEEP,100,1,rt30_us,50,556.44,557,578,585,537,585,0
L2D_SUMMARY,EYE_L_SWEEP,100,1,hierarchy_vertex_us,50,1207.10,1201,1238,1241,1190,1241,0
L2D_SUMMARY,EYE_L_SWEEP,100,1,bounds_us,50,3.12,3,4,4,3,4,0
L2D_SUMMARY,EYE_L_SWEEP,100,1,clear_us,50,1135.40,1135,1175,1179,1104,1179,0
L2D_SUMMARY,EYE_L_SWEEP,100,1,raster_us,50,18476.04,18473,18598,18671,18333,18671,0
I (8424) l2d_profile: EYE_L_SWEEP scale=100 round=1 raster_us avg=18476 p95=18598 p99=18671 max=18671
L2D_SUMMARY,EYE_L_SWEEP,100,1,convert_us,50,6482.66,6456,6611,6729,6431,6729,0
L2D_SUMMARY,EYE_L_SWEEP,100,1,cache_sync_us,50,26.18,24,52,53,24,53,0
L2D_SUMMARY,EYE_L_SWEEP,100,1,producer_total_us,50,28149.00,28140,28316,28395,27951,28395,0
I (8454) l2d_profile: EYE_L_SWEEP scale=100 round=1 producer_total_us avg=28149 p95=28316 p99=28395 max=28395
L2D_SUMMARY,EYE_L_SWEEP,100,1,publish_consume_us,50,19.74,19,23,27,14,27,0
L2D_SUMMARY,EYE_L_SWEEP,100,1,ppa_wait_us,50,7557.96,7542,7673,7779,7498,7779,0
L2D_SUMMARY,EYE_L_SWEEP,100,1,ppa_blend_us,50,0.00,0,0,0,0,0,0
L2D_SUMMARY,EYE_L_SWEEP,100,1,panel_submit_us,50,158.08,153,182,189,143,189,0
L2D_SUMMARY,EYE_L_SWEEP,100,1,frame_drop,50,0.00,0,0,0,0,0,0
L2D_SUMMARY,EYE_L_SWEEP,100,1,ppa_fill_us,50,1110.12,1111,1154,1155,1082,1155,0
L2D_SUMMARY,EYE_L_SWEEP,100,1,ppa_srm_us,50,6447.84,6422,6577,6693,6401,6693,0
L2D_SUMMARY,EYE_L_SWEEP,100,1,ppa_total_us,50,7557.96,7542,7673,7779,7498,7779,0
L2D_SUMMARY,EYE_L_SWEEP,100,1,clear_cache_sync_us,50,12.88,11,39,40,11,40,0
L2D_SUMMARY,EYE_L_SWEEP,100,1,convert_cache_sync_us,50,0.00,0,0,0,0,0,0
L2D_SUMMARY,EYE_L_SWEEP,100,1,flush_cache_sync_us,50,13.30,13,14,21,13,21,0
L2D_SUMMARY,EYE_L_SWEEP,100,1,cache_sync_total_us,50,26.18,24,52,53,24,53,0
L2D_SUMMARY,EYE_L_SWEEP,100,1,display_lock_wait_us,50,103.38,20,529,793,16,793,0
L2D_SUMMARY,EYE_L_SWEEP,100,1,flush_total_us,50,283.08,196,725,967,179,967,0
L2D_SUMMARY,EYE_L_SWEEP,100,1,frame_total_us,50,28451.82,28355,29099,29250,28167,29250,0
L2D_SUMMARY,EYE_L_SWEEP,100,1,keypoint_us,50,0.00,0,0,0,0,0,0
L2D_SUMMARY,EYE_L_SWEEP,100,1,visual_transform_us,50,0.00,0,0,0,0,0,0
L2D_SUMMARY,EYE_L_SWEEP,100,1,stretch_us,50,0.00,0,0,0,0,0,0
L2D_SUMMARY,EYE_L_SWEEP,100,1,vertex_transform_us,50,0.00,0,0,0,0,0,0
L2D_SUMMARY,EYE_L_SWEEP,100,1,uv_update_us,50,0.00,0,0,0,0,0,0
L2D_SUMMARY,EYE_L_SWEEP,100,1,trig_cache_hit,50,51.00,51,51,51,51,51,0
L2D_SUMMARY,EYE_L_SWEEP,100,1,trig_cache_miss,50,0.00,0,0,0,0,0,0
L2D_SUMMARY,EYE_L_SWEEP,100,1,slot_miss,50,0.00,0,0,0,0,0,0
L2D_SUMMARY,EYE_L_SWEEP,100,1,lock_skip,50,0.00,0,0,0,0,0,0
L2D_SUMMARY,EYE_L_SWEEP,100,1,deadline_miss,50,0.00,0,0,0,0,0,0
I (8621) l2d_profile: done EYE_L_SWEEP scale=100 round=1
L2D_FRAME,116,NECK_SWEEP,100,1,5,0,59,593,1371,3,1167,18750,25,28605,23,7548,0,171,1147,6401,7548,11,0,14,25,195,386,29014,0,0,320,320,0,0,0,0,0,6434,0,0,0,0,0,50,1
L2D_FRAME,117,NECK_SWEEP,100,1,6,0,53,591,1395,3,1136,18645,24,28568,19,7593,0,143,1115,6478,7593,11,0,13,24,16,179,28766,0,0,320,320,0,0,0,0,0,6515,0,0,0,0,0,50,1
L2D_FRAME,118,NECK_SWEEP,100,1,7,0,53,586,1364,3,1141,18728,25,28542,19,7506,0,148,1116,6390,7506,12,0,13,25,16,188,28749,0,0,320,320,0,0,0,0,0,6424,0,0,0,0,0,50,1
L2D_FRAME,119,NECK_SWEEP,100,1,8,0,52,587,1358,3,1102,18684,25,28474,15,7471,0,156,1081,6390,7471,11,0,14,25,16,200,28689,0,0,320,320,0,0,0,0,0,6422,0,0,0,0,0,50,1
L2D_FRAME,120,NECK_SWEEP,100,1,9,0,54,600,1354,3,1110,18773,24,28810,23,7513,0,151,1086,6427,7513,11,0,13,24,190,366,29199,0,0,320,320,0,0,0,0,0,6464,0,0,0,0,0,50,1
L2D_FRAME,121,NECK_SWEEP,100,1,10,0,56,585,1357,3,1098,18665,25,28471,19,7482,0,154,1076,6406,7482,12,0,13,25,20,196,28686,0,0,320,320,0,0,0,0,0,6439,0,0,0,0,0,50,1
L2D_FRAME,122,NECK_SWEEP,100,1,11,0,53,589,1364,4,1133,18750,25,28570,15,7503,0,167,1108,6395,7503,11,0,14,25,16,210,28795,0,0,320,320,0,0,0,0,0,6425,0,0,0,0,0,50,1
L2D_FRAME,123,NECK_SWEEP,100,1,12,0,53,599,1357,3,1109,18649,25,28457,19,7505,0,155,1088,6417,7505,11,0,14,25,17,192,28668,0,0,320,320,0,0,0,0,0,6460,0,0,0,0,0,50,1
L2D_FRAME,124,NECK_SWEEP,100,1,13,0,53,575,1392,3,1106,18692,25,28597,15,7599,0,163,1086,6513,7599,11,0,14,25,534,720,29332,0,0,320,320,0,0,0,0,0,6546,0,0,0,0,0,50,1
L2D_FRAME,125,NECK_SWEEP,100,1,14,0,58,573,1242,3,1145,18707,24,28583,22,7706,0,159,1118,6588,7706,11,0,13,24,680,864,29469,0,0,320,320,0,0,0,0,0,6626,0,0,0,0,0,50,1
L2D_FRAME,126,NECK_SWEEP,100,1,15,0,52,574,1355,3,1110,18678,24,28716,22,7731,0,164,1084,6647,7731,11,0,13,24,841,1026,29764,0,0,320,320,0,0,0,0,0,6680,0,0,0,0,0,50,1
L2D_FRAME,127,NECK_SWEEP,100,1,16,0,54,575,1357,4,1137,18736,24,28851,18,7806,0,160,1116,6690,7806,11,0,13,24,20,203,29072,0,0,320,320,0,0,0,0,0,6727,0,0,0,0,0,50,1
L2D_FRAME,128,NECK_SWEEP,100,1,17,0,53,577,1354,3,1141,18601,24,28565,18,7653,0,145,1120,6533,7653,11,0,13,24,16,183,28766,0,0,320,320,0,0,0,0,0,6573,0,0,0,0,0,50,1
L2D_FRAME,129,NECK_SWEEP,100,1,18,0,52,611,1358,3,1129,18739,24,28748,22,7694,0,160,1104,6590,7694,11,0,13,24,692,873,29643,0,0,320,320,0,0,0,0,0,6624,0,0,0,0,0,50,1
L2D_FRAME,130,NECK_SWEEP,100,1,19,0,53,583,1362,3,1136,18657,24,28745,19,7805,0,157,1111,6694,7805,11,0,13,24,16,194,28958,0,0,320,320,0,0,0,0,0,6722,0,0,0,0,0,50,1
L2D_FRAME,131,NECK_SWEEP,100,1,20,0,54,598,1358,3,1136,18835,25,28716,19,7553,0,162,1115,6438,7553,11,0,14,25,304,484,29219,0,0,320,320,0,0,0,0,0,6475,0,0,0,0,0,50,1
L2D_FRAME,132,NECK_SWEEP,100,1,21,0,52,591,1361,3,1139,18688,24,28550,26,7536,0,152,1118,6418,7536,11,0,13,24,20,191,28767,0,0,320,320,0,0,0,0,0,6451,0,0,0,0,0,50,1
L2D_FRAME,133,NECK_SWEEP,100,1,22,0,53,589,1353,4,1137,18720,25,28546,19,7513,0,155,1112,6401,7513,11,0,14,25,203,382,28947,0,0,320,320,0,0,0,0,0,6438,0,0,0,0,0,50,1
L2D_FRAME,134,NECK_SWEEP,100,1,23,0,52,598,1356,3,1137,18614,26,28468,19,7523,0,160,1112,6411,7523,12,0,14,26,16,200,28687,0,0,320,320,0,0,0,0,0,6444,0,0,0,0,0,50,1
L2D_FRAME,135,NECK_SWEEP,100,1,24,0,53,580,1357,3,1168,18784,52,28634,19,7529,0,158,1119,6410,7529,39,0,13,52,20,200,28853,0,0,320,320,0,0,0,0,0,6443,0,0,0,0,0,50,1
L2D_FRAME,136,NECK_SWEEP,100,1,25,0,52,592,1354,3,1115,18687,25,28479,26,7502,0,149,1090,6412,7502,12,0,13,25,16,184,28689,0,0,320,320,0,0,0,0,0,6438,0,0,0,0,0,50,1
L2D_FRAME,137,NECK_SWEEP,100,1,26,0,52,578,1394,3,1108,18785,24,28672,19,7562,0,162,1087,6475,7562,11,0,13,24,195,387,29078,0,0,320,320,0,0,0,0,0,6515,0,0,0,0,0,50,1
L2D_FRAME,138,NECK_SWEEP,100,1,27,0,54,591,1357,3,1138,18766,24,28577,19,7524,0,151,1117,6407,7524,11,0,13,24,16,191,28787,0,0,320,320,0,0,0,0,0,6439,0,0,0,0,0,50,1
L2D_FRAME,139,NECK_SWEEP,100,1,28,0,57,579,1396,3,1108,18718,24,28607,18,7566,0,150,1087,6479,7566,11,0,13,24,20,191,28816,0,0,320,320,0,0,0,0,0,6509,0,0,0,0,0,50,1
L2D_FRAME,140,NECK_SWEEP,100,1,29,0,57,592,1354,3,1131,18752,25,28565,19,7523,0,161,1110,6413,7523,11,0,14,25,202,381,28965,0,0,320,320,0,0,0,0,0,6446,0,0,0,0,0,50,1
L2D_FRAME,141,NECK_SWEEP,100,1,30,0,55,600,1387,3,1136,18696,24,28584,22,7561,0,148,1112,6449,7561,11,0,13,24,16,183,28789,0,0,320,320,0,0,0,0,0,6486,0,0,0,0,0,50,1
L2D_FRAME,142,NECK_SWEEP,100,1,31,0,53,593,1359,3,1173,18757,24,28630,23,7569,0,149,1149,6420,7569,11,0,13,24,16,186,28839,0,0,320,320,0,0,0,0,0,6457,0,0,0,0,0,50,1
L2D_FRAME,143,NECK_SWEEP,100,1,32,0,58,594,1352,3,1107,18675,24,28503,19,7504,0,159,1086,6418,7504,11,0,13,24,16,196,28718,0,0,320,320,0,0,0,0,0,6452,0,0,0,0,0,50,1
L2D_FRAME,144,NECK_SWEEP,100,1,33,0,56,605,1360,3,1111,18747,24,28548,23,7496,0,164,1091,6405,7496,11,0,13,24,280,463,29034,0,0,320,320,0,0,0,0,0,6438,0,0,0,0,0,50,1
L2D_FRAME,145,NECK_SWEEP,100,1,34,0,54,595,1358,3,1106,18621,25,28453,19,7493,0,164,1085,6408,7493,11,0,14,25,16,204,28676,0,0,320,320,0,0,0,0,0,6444,0,0,0,0,0,50,1
L2D_FRAME,146,NECK_SWEEP,100,1,35,0,55,607,1355,3,1110,18749,24,28539,18,7483,0,153,1082,6401,7483,11,0,13,24,16,191,28748,0,0,320,320,0,0,0,0,0,6435,0,0,0,0,0,50,1
L2D_FRAME,147,NECK_SWEEP,100,1,36,0,58,588,1360,3,1117,18612,25,28423,19,7514,0,156,1093,6421,7514,11,0,14,25,16,198,28640,0,0,320,320,0,0,0,0,0,6457,0,0,0,0,0,50,1
L2D_FRAME,148,NECK_SWEEP,100,1,37,0,57,581,1397,3,1137,18621,24,28600,22,7649,0,157,1116,6533,7649,11,0,13,24,522,698,29320,0,0,320,320,0,0,0,0,0,6563,0,0,0,0,0,50,1
L2D_FRAME,149,NECK_SWEEP,100,1,38,0,54,575,1357,3,1129,18753,25,28687,19,7659,0,163,1108,6551,7659,11,0,14,25,622,806,29512,0,0,320,320,0,0,0,0,0,6584,0,0,0,0,0,50,1
L2D_FRAME,150,NECK_SWEEP,100,1,39,0,53,578,1359,3,1131,18693,24,28755,18,7759,0,157,1107,6652,7759,11,0,13,24,832,1011,29784,0,0,320,320,0,0,0,0,0,6686,0,0,0,0,0,50,1
L2D_FRAME,151,NECK_SWEEP,100,1,40,0,58,600,1353,3,1100,18764,24,28814,32,7744,0,166,1075,6669,7744,11,0,13,24,20,210,29056,0,0,320,320,0,0,0,0,0,6706,0,0,0,0,0,50,1
L2D_FRAME,152,NECK_SWEEP,100,1,41,0,53,578,1363,3,1142,18610,24,28608,14,7669,0,145,1122,6547,7669,11,0,13,24,16,185,28807,0,0,320,320,0,0,0,0,0,6585,0,0,0,0,0,50,1
L2D_FRAME,153,NECK_SWEEP,100,1,42,0,56,606,1354,3,1110,18790,25,28776,19,7682,0,160,1090,6592,7682,11,0,14,25,700,880,29675,0,0,320,320,0,0,0,0,0,6629,0,0,0,0,0,50,1
L2D_FRAME,154,NECK_SWEEP,100,1,43,0,52,579,1355,3,1140,18711,24,28798,18,7809,0,161,1119,6690,7809,11,0,13,24,16,199,29015,0,0,320,320,0,0,0,0,0,6728,0,0,0,0,0,50,1
L2D_FRAME,155,NECK_SWEEP,100,1,44,0,57,585,1358,3,1144,18789,24,28682,18,7564,0,159,1116,6448,7564,11,0,13,24,530,711,29411,0,0,320,320,0,0,0,0,0,6485,0,0,0,0,0,50,1
L2D_FRAME,156,NECK_SWEEP,100,1,45,0,57,577,1360,3,1138,18737,24,28699,18,7684,0,146,1114,6570,7684,11,0,13,24,19,184,28901,0,0,320,320,0,0,0,0,0,6604,0,0,0,0,0,50,1
L2D_FRAME,157,NECK_SWEEP,100,1,46,0,54,585,1392,3,1129,18676,24,28820,26,7819,0,159,1109,6710,7819,11,0,13,24,813,991,29837,0,0,320,320,0,0,0,0,0,6744,0,0,0,0,0,50,1
L2D_FRAME,158,NECK_SWEEP,100,1,47,0,58,577,1363,3,1140,18794,24,28856,39,7772,0,152,1116,6656,7772,11,0,13,24,20,191,29086,0,0,320,320,0,0,0,0,0,6693,0,0,0,0,0,50,1
L2D_FRAME,159,NECK_SWEEP,100,1,48,0,52,573,1395,3,1137,18593,24,28632,23,7715,0,159,1116,6599,7715,11,0,13,24,602,778,29433,0,0,320,320,0,0,0,0,0,6643,0,0,0,0,0,50,1
L2D_FRAME,160,NECK_SWEEP,100,1,49,0,52,576,1360,3,1130,18823,24,28803,19,7701,0,165,1109,6592,7701,11,0,13,24,722,908,29730,0,0,320,320,0,0,0,0,0,6629,0,0,0,0,0,50,1
L2D_FRAME,161,NECK_SWEEP,100,1,50,0,58,576,1363,3,1145,18698,24,28810,22,7798,0,165,1121,6677,7798,11,0,13,24,16,204,29036,0,0,320,320,0,0,0,0,0,6711,0,0,0,0,0,50,1
L2D_FRAME,162,NECK_SWEEP,100,1,51,0,57,578,1357,3,1147,18768,24,28655,22,7603,0,154,1126,6477,7603,11,0,13,24,542,718,29395,0,0,320,320,0,0,0,0,0,6511,0,0,0,0,0,50,1
L2D_FRAME,163,NECK_SWEEP,100,1,52,0,53,568,1359,3,1105,18773,28,28721,26,7652,0,158,1080,6572,7652,15,0,13,28,662,841,29588,0,0,320,320,0,0,0,0,0,6602,0,0,0,0,0,50,1
L2D_FRAME,164,NECK_SWEEP,100,1,53,0,55,575,1362,3,1130,18892,24,28924,18,7713,0,169,1105,6608,7713,11,0,13,24,774,965,29907,0,0,320,320,0,0,0,0,0,6645,0,0,0,0,0,50,1
L2D_FRAME,165,NECK_SWEEP,100,1,54,0,57,572,1361,3,1130,18704,24,28761,26,7776,0,177,1110,6666,7776,11,0,13,24,20,216,29003,0,0,320,320,0,0,0,0,0,6698,0,0,0,0,0,50,1
L2D_SUMMARY,NECK_SWEEP,100,1,slot_wait_us,50,0.00,0,0,0,0,0,0
L2D_SUMMARY,NECK_SWEEP,100,1,controller_us,50,54.52,54,58,59,52,59,0
L2D_SUMMARY,NECK_SWEEP,100,1,rt30_us,50,586.14,585,606,611,568,611,0
L2D_SUMMARY,NECK_SWEEP,100,1,hierarchy_vertex_us,50,1361.58,1358,1395,1397,1242,1397,0
L2D_SUMMARY,NECK_SWEEP,100,1,bounds_us,50,3.06,3,4,4,3,4,0
L2D_SUMMARY,NECK_SWEEP,100,1,clear_us,50,1128.82,1131,1167,1173,1098,1173,0
L2D_SUMMARY,NECK_SWEEP,100,1,raster_us,50,18716.98,18718,18823,18892,18593,18892,0
I (11157) l2d_profile: NECK_SWEEP scale=100 round=1 raster_us avg=18717 p95=18823 p99=18892 max=18892
L2D_SUMMARY,NECK_SWEEP,100,1,convert_us,50,6545.88,6511,6727,6744,6422,6744,0
L2D_SUMMARY,NECK_SWEEP,100,1,cache_sync_us,50,24.98,24,26,52,24,52,0
L2D_SUMMARY,NECK_SWEEP,100,1,producer_total_us,50,28643.94,28608,28851,28924,28423,28924,0
I (11186) l2d_profile: NECK_SWEEP scale=100 round=1 producer_total_us avg=28644 p95=28851 p99=28924 max=28924
L2D_SUMMARY,NECK_SWEEP,100,1,publish_consume_us,50,20.66,19,26,39,14,39,0
L2D_SUMMARY,NECK_SWEEP,100,1,ppa_wait_us,50,7616.68,7569,7806,7819,7471,7819,0
L2D_SUMMARY,NECK_SWEEP,100,1,ppa_blend_us,50,0.00,0,0,0,0,0,0
L2D_SUMMARY,NECK_SWEEP,100,1,panel_submit_us,50,157.56,158,169,177,143,177,0
L2D_SUMMARY,NECK_SWEEP,100,1,frame_drop,50,0.00,0,0,0,0,0,0
L2D_SUMMARY,NECK_SWEEP,100,1,ppa_fill_us,50,1105.60,1110,1126,1149,1075,1149,0
L2D_SUMMARY,NECK_SWEEP,100,1,ppa_srm_us,50,6511.08,6477,6690,6710,6390,6710,0
L2D_SUMMARY,NECK_SWEEP,100,1,ppa_total_us,50,7616.68,7569,7806,7819,7471,7819,0
L2D_SUMMARY,NECK_SWEEP,100,1,clear_cache_sync_us,50,11.72,11,12,39,11,39,0
L2D_SUMMARY,NECK_SWEEP,100,1,convert_cache_sync_us,50,0.00,0,0,0,0,0,0
L2D_SUMMARY,NECK_SWEEP,100,1,flush_cache_sync_us,50,13.26,13,14,14,13,14,0
L2D_SUMMARY,NECK_SWEEP,100,1,cache_sync_total_us,50,24.98,24,26,52,24,52,0
L2D_SUMMARY,NECK_SWEEP,100,1,display_lock_wait_us,50,242.42,20,813,841,16,841,0
L2D_SUMMARY,NECK_SWEEP,100,1,flush_total_us,50,421.76,204,991,1026,179,1026,0
L2D_SUMMARY,NECK_SWEEP,100,1,frame_total_us,50,29086.36,29003,29784,29907,28640,29907,0
L2D_SUMMARY,NECK_SWEEP,100,1,keypoint_us,50,0.00,0,0,0,0,0,0
L2D_SUMMARY,NECK_SWEEP,100,1,visual_transform_us,50,0.00,0,0,0,0,0,0
L2D_SUMMARY,NECK_SWEEP,100,1,stretch_us,50,0.00,0,0,0,0,0,0
L2D_SUMMARY,NECK_SWEEP,100,1,vertex_transform_us,50,0.00,0,0,0,0,0,0
L2D_SUMMARY,NECK_SWEEP,100,1,uv_update_us,50,0.00,0,0,0,0,0,0
L2D_SUMMARY,NECK_SWEEP,100,1,trig_cache_hit,50,50.00,50,50,50,50,50,0
L2D_SUMMARY,NECK_SWEEP,100,1,trig_cache_miss,50,1.00,1,1,1,1,1,0
L2D_SUMMARY,NECK_SWEEP,100,1,slot_miss,50,0.00,0,0,0,0,0,0
L2D_SUMMARY,NECK_SWEEP,100,1,lock_skip,50,0.00,0,0,0,0,0,0
L2D_SUMMARY,NECK_SWEEP,100,1,deadline_miss,50,0.00,0,0,0,0,0,0
I (11352) l2d_profile: done NECK_SWEEP scale=100 round=1
L2D_FRAME,171,FACE_SWEEP,100,1,5,0,55,901,1226,3,1109,18603,25,28890,19,7811,0,163,1089,6722,7811,11,0,14,25,1028,1213,30122,0,0,320,320,0,0,0,0,0,6755,0,0,0,0,0,51,0
L2D_FRAME,172,FACE_SWEEP,100,1,6,0,54,875,1193,3,1105,18686,24,28638,18,7547,0,149,1085,6462,7547,11,0,13,24,20,193,28849,0,0,320,320,0,0,0,0,0,6495,0,0,0,0,0,51,0
L2D_FRAME,173,FACE_SWEEP,100,1,7,0,52,888,1226,3,1122,18647,24,28782,15,7682,0,155,1097,6585,7682,11,0,13,24,556,734,29531,0,0,320,320,0,0,0,0,0,6616,0,0,0,0,0,51,0
L2D_FRAME,174,FACE_SWEEP,100,1,8,0,53,888,1194,3,1166,18761,24,28927,23,7739,0,158,1145,6594,7739,11,0,13,24,715,898,29848,0,0,320,320,0,0,0,0,0,6627,0,0,0,0,0,51,0
L2D_FRAME,175,FACE_SWEEP,100,1,9,0,53,878,1226,3,1122,18621,30,28829,27,7758,0,154,1098,6660,7758,11,0,19,30,16,205,29061,0,0,320,320,0,0,0,0,0,6697,0,0,0,0,0,51,0
L2D_FRAME,176,FACE_SWEEP,100,1,10,0,53,883,1193,3,1146,18743,24,28794,18,7625,0,151,1126,6499,7625,11,0,13,24,537,713,29525,0,0,320,320,0,0,0,0,0,6543,0,0,0,0,0,51,0
L2D_FRAME,177,FACE_SWEEP,100,1,11,0,53,897,1227,3,1124,18649,24,28803,19,7695,0,163,1104,6591,7695,11,0,13,24,706,893,29715,0,0,320,320,0,0,0,0,0,6624,0,0,0,0,0,51,0
L2D_FRAME,178,FACE_SWEEP,100,1,12,0,52,916,1193,3,1129,18739,32,28951,23,7762,0,162,1105,6657,7762,11,0,21,32,848,1040,30014,0,0,320,320,0,0,0,0,0,6687,0,0,0,0,0,51,0
L2D_FRAME,179,FACE_SWEEP,100,1,13,0,53,893,1226,3,1138,18599,24,28666,19,7604,0,159,1114,6490,7604,11,0,13,24,16,195,28880,0,0,320,320,0,0,0,0,0,6524,0,0,0,0,0,51,0
L2D_FRAME,180,FACE_SWEEP,100,1,14,0,54,890,1195,3,1140,18674,25,28915,31,7609,0,170,1115,6494,7609,12,0,13,25,529,727,29673,0,0,320,320,0,0,0,0,0,6532,0,0,0,0,0,51,0
L2D_FRAME,181,FACE_SWEEP,100,1,15,0,53,872,1198,3,1135,18654,25,28843,23,7770,0,158,1109,6661,7770,11,0,14,25,17,199,29065,0,0,320,320,0,0,0,0,0,6699,0,0,0,0,0,51,0
L2D_FRAME,182,FACE_SWEEP,100,1,16,0,52,897,1195,3,1135,18648,24,28649,19,7545,0,155,1115,6430,7545,11,0,13,24,494,671,29339,0,0,320,320,0,0,0,0,0,6463,0,0,0,0,0,51,0
L2D_FRAME,183,FACE_SWEEP,100,1,17,0,53,883,1195,3,1141,18576,24,28658,18,7666,0,156,1116,6550,7666,11,0,13,24,16,194,28870,0,0,320,320,0,0,0,0,0,6580,0,0,0,0,0,51,0
L2D_FRAME,184,FACE_SWEEP,100,1,18,0,54,891,1227,3,1107,18430,25,28720,22,7816,0,158,1083,6733,7816,12,0,13,25,835,1012,29754,0,0,320,320,0,0,0,0,0,6775,0,0,0,0,0,51,0
L2D_FRAME,185,FACE_SWEEP,100,1,19,0,54,875,1194,3,1126,18696,24,28890,22,7772,0,153,1102,6670,7772,11,0,13,24,16,194,29106,0,0,320,320,0,0,0,0,0,6708,0,0,0,0,0,51,0
L2D_FRAME,186,FACE_SWEEP,100,1,20,0,54,882,1226,3,1138,18540,24,28669,30,7678,0,155,1117,6561,7678,11,0,13,24,541,722,29421,0,0,320,320,0,0,0,0,0,6599,0,0,0,0,0,51,0
L2D_FRAME,187,FACE_SWEEP,100,1,21,0,53,890,1196,3,1156,18655,24,28783,22,7698,0,166,1135,6563,7698,11,0,13,24,670,859,29664,0,0,320,320,0,0,0,0,0,6592,0,0,0,0,0,51,0
L2D_FRAME,188,FACE_SWEEP,100,1,22,0,54,885,1231,3,1143,18573,24,28800,26,7767,0,156,1123,6644,7767,11,0,13,24,16,191,29017,0,0,320,320,0,0,0,0,0,6682,0,0,0,0,0,51,0
L2D_FRAME,189,FACE_SWEEP,100,1,23,0,54,890,1201,4,1167,18583,25,28612,23,7597,0,154,1146,6451,7597,11,0,14,25,530,703,29338,0,0,320,320,0,0,0,0,0,6484,0,0,0,0,0,51,0
L2D_FRAME,190,FACE_SWEEP,100,1,24,0,53,890,1233,3,1130,18538,25,28675,23,7672,0,163,1106,6566,7672,11,0,14,25,643,827,29525,0,0,320,320,0,0,0,0,0,6602,0,0,0,0,0,51,0
L2D_FRAME,191,FACE_SWEEP,100,1,25,0,52,911,1201,3,1126,18600,24,28790,18,7740,0,157,1105,6635,7740,11,0,13,24,839,1020,29828,0,0,320,320,0,0,0,0,0,6665,0,0,0,0,0,51,0
L2D_FRAME,192,FACE_SWEEP,100,1,26,0,54,885,1195,3,1110,18481,25,28655,19,7758,0,187,1086,6672,7758,12,0,13,25,16,227,28901,0,0,320,320,0,0,0,0,0,6702,0,0,0,0,0,51,0
L2D_FRAME,193,FACE_SWEEP,100,1,27,0,52,880,1227,3,1136,18486,25,28773,26,7829,0,159,1115,6714,7829,11,0,14,25,16,193,28992,0,0,320,320,0,0,0,0,0,6744,0,0,0,0,0,51,0
L2D_FRAME,194,FACE_SWEEP,100,1,28,0,57,879,1197,4,1140,18590,24,28737,22,7727,0,150,1115,6612,7727,11,0,13,24,24,196,28955,0,0,320,320,0,0,0,0,0,6646,0,0,0,0,0,51,0
L2D_FRAME,195,FACE_SWEEP,100,1,29,0,56,910,1194,3,1117,18525,24,28492,19,7514,0,165,1093,6421,7514,11,0,13,24,281,476,28987,0,0,320,320,0,0,0,0,0,6451,0,0,0,0,0,51,0
L2D_FRAME,196,FACE_SWEEP,100,1,30,0,58,906,1230,3,1107,18410,24,28396,19,7502,0,150,1086,6416,7502,11,0,13,24,16,186,28601,0,0,320,320,0,0,0,0,0,6453,0,0,0,0,0,51,0
L2D_FRAME,197,FACE_SWEEP,100,1,31,0,55,895,1193,3,1138,18675,25,28646,19,7508,0,153,1117,6391,7508,11,0,14,25,16,193,28858,0,0,320,320,0,0,0,0,0,6427,0,0,0,0,0,51,0
L2D_FRAME,198,FACE_SWEEP,100,1,32,0,54,896,1198,3,1125,18483,24,28430,18,7499,0,155,1105,6394,7499,11,0,13,24,20,194,28642,0,0,320,320,0,0,0,0,0,6438,0,0,0,0,0,51,0
L2D_FRAME,199,FACE_SWEEP,100,1,33,0,57,881,1226,3,1104,18515,24,28575,18,7591,0,159,1079,6512,7591,11,0,13,24,530,710,29303,0,0,320,320,0,0,0,0,0,6549,0,0,0,0,0,51,0
L2D_FRAME,200,FACE_SWEEP,100,1,34,0,54,879,1195,3,1145,18575,24,28650,22,7659,0,150,1121,6538,7659,11,0,13,24,604,780,29452,0,0,320,320,0,0,0,0,0,6572,0,0,0,0,0,51,0
L2D_FRAME,201,FACE_SWEEP,100,1,35,0,52,883,1229,3,1132,18617,24,28783,22,7717,0,167,1109,6608,7717,11,0,13,24,752,938,29743,0,0,320,320,0,0,0,0,0,6640,0,0,0,0,0,51,0
L2D_FRAME,202,FACE_SWEEP,100,1,36,0,54,909,1194,3,1106,18712,24,28921,18,7758,0,157,1085,6673,7758,11,0,13,24,1095,1278,30217,0,0,320,320,0,0,0,0,0,6702,0,0,0,0,0,51,0
L2D_FRAME,203,FACE_SWEEP,100,1,37,0,53,887,1228,3,1129,18470,24,28577,18,7640,0,139,1109,6531,7640,11,0,13,24,20,178,28773,0,0,320,320,0,0,0,0,0,6568,0,0,0,0,0,51,0
L2D_FRAME,204,FACE_SWEEP,100,1,38,0,56,925,1196,3,1105,18641,24,28763,22,7650,0,154,1084,6566,7650,11,0,13,24,662,835,29620,0,0,320,320,0,0,0,0,0,6604,0,0,0,0,0,51,0
L2D_FRAME,205,FACE_SWEEP,100,1,39,0,54,882,1195,3,1110,18596,23,28777,18,7758,0,161,1087,6671,7758,10,0,13,23,16,198,28993,0,0,320,320,0,0,0,0,0,6707,0,0,0,0,0,51,0
L2D_FRAME,206,FACE_SWEEP,100,1,40,0,53,926,1198,4,1130,18724,24,28728,22,7531,0,156,1109,6422,7531,11,0,13,24,292,468,29218,0,0,320,320,0,0,0,0,0,6460,0,0,0,0,0,51,0
L2D_FRAME,207,FACE_SWEEP,100,1,41,0,54,906,1234,3,1119,18650,25,28646,22,7509,0,150,1094,6415,7509,12,0,13,25,24,191,28859,0,0,320,320,0,0,0,0,0,6451,0,0,0,0,0,51,0
L2D_FRAME,208,FACE_SWEEP,100,1,42,0,52,911,1193,3,1105,18594,25,28535,19,7502,0,155,1085,6417,7502,11,0,14,25,198,375,28929,0,0,320,320,0,0,0,0,0,6450,0,0,0,0,0,51,0
L2D_FRAME,209,FACE_SWEEP,100,1,43,0,54,897,1229,3,1110,18626,24,28596,23,7491,0,152,1084,6407,7491,11,0,13,24,16,190,28809,0,0,320,320,0,0,0,0,0,6439,0,0,0,0,0,51,0
L2D_FRAME,210,FACE_SWEEP,100,1,44,0,54,919,1195,3,1115,18751,28,28716,15,7508,0,157,1091,6417,7508,15,0,13,28,16,196,28927,0,0,320,320,0,0,0,0,0,6446,0,0,0,0,0,51,0
L2D_FRAME,211,FACE_SWEEP,100,1,45,0,53,906,1226,3,1131,18631,24,28608,22,7502,0,148,1111,6391,7502,11,0,13,24,16,186,28816,0,0,320,320,0,0,0,0,0,6429,0,0,0,0,0,51,0
L2D_FRAME,212,FACE_SWEEP,100,1,46,0,53,894,1195,3,1120,18648,24,28602,19,7489,0,145,1100,6389,7489,11,0,13,24,16,183,28804,0,0,320,320,0,0,0,0,0,6422,0,0,0,0,0,51,0
L2D_FRAME,213,FACE_SWEEP,100,1,47,0,54,902,1193,4,1130,18638,24,28593,22,7525,0,151,1105,6420,7525,11,0,13,24,16,193,28808,0,0,320,320,0,0,0,0,0,6453,0,0,0,0,0,51,0
L2D_FRAME,214,FACE_SWEEP,100,1,48,0,52,886,1224,3,1106,18635,24,28660,18,7566,0,147,1085,6481,7566,11,0,13,24,16,186,28864,0,0,320,320,0,0,0,0,0,6517,0,0,0,0,0,51,0
L2D_FRAME,215,FACE_SWEEP,100,1,49,0,54,904,1194,3,1153,18705,24,28703,18,7551,0,156,1132,6419,7551,11,0,13,24,70,248,28969,0,0,320,320,0,0,0,0,0,6449,0,0,0,0,0,51,0
L2D_FRAME,216,FACE_SWEEP,100,1,50,0,53,893,1225,3,1116,18606,24,28618,18,7553,0,155,1091,6462,7553,11,0,13,24,16,192,28828,0,0,320,320,0,0,0,0,0,6501,0,0,0,0,0,51,0
L2D_FRAME,217,FACE_SWEEP,100,1,51,0,63,890,1191,3,1177,18654,26,28652,19,7558,0,156,1152,6406,7558,12,0,14,26,16,193,28864,0,0,320,320,0,0,0,0,0,6439,0,0,0,0,0,51,0
L2D_FRAME,218,FACE_SWEEP,100,1,52,0,53,894,1228,3,1109,18799,25,28758,19,7488,0,163,1084,6404,7488,11,0,14,25,16,200,28977,0,0,320,320,0,0,0,0,0,6437,0,0,0,0,0,51,0
L2D_FRAME,219,FACE_SWEEP,100,1,53,0,57,903,1195,3,1172,18680,25,28708,23,7581,0,154,1148,6433,7581,12,0,13,25,20,191,28922,0,0,320,320,0,0,0,0,0,6462,0,0,0,0,0,51,0
L2D_FRAME,220,FACE_SWEEP,100,1,54,0,54,893,1227,3,1142,18668,25,28740,18,7604,0,146,1117,6487,7604,12,0,13,25,16,184,28942,0,0,320,320,0,0,0,0,0,6523,0,0,0,0,0,51,0
L2D_SUMMARY,FACE_SWEEP,100,1,slot_wait_us,50,0.00,0,0,0,0,0,0
L2D_SUMMARY,FACE_SWEEP,100,1,controller_us,50,53.94,54,57,63,52,63,0
L2D_SUMMARY,FACE_SWEEP,100,1,rt30_us,50,893.92,891,919,926,872,926,0
L2D_SUMMARY,FACE_SWEEP,100,1,hierarchy_vertex_us,50,1208.80,1198,1231,1234,1191,1234,0
L2D_SUMMARY,FACE_SWEEP,100,1,bounds_us,50,3.08,3,4,4,3,4,0
L2D_SUMMARY,FACE_SWEEP,100,1,clear_us,50,1128.88,1129,1167,1177,1104,1177,0
L2D_SUMMARY,FACE_SWEEP,100,1,raster_us,50,18620.00,18631,18751,18799,18410,18799,0
I (13894) l2d_profile: FACE_SWEEP scale=100 round=1 raster_us avg=18620 p95=18751 p99=18799 max=18799
L2D_SUMMARY,FACE_SWEEP,100,1,convert_us,50,6560.60,6543,6744,6775,6422,6775,0
L2D_SUMMARY,FACE_SWEEP,100,1,cache_sync_us,50,24.66,24,28,32,23,32,0
L2D_SUMMARY,FACE_SWEEP,100,1,producer_total_us,50,28706.44,28703,28921,28951,28396,28951,0
I (13924) l2d_profile: FACE_SWEEP scale=100 round=1 producer_total_us avg=28706 p95=28921 p99=28951 max=28951
L2D_SUMMARY,FACE_SWEEP,100,1,publish_consume_us,50,20.70,19,27,31,15,31,0
L2D_SUMMARY,FACE_SWEEP,100,1,ppa_wait_us,50,7632.42,7609,7811,7829,7488,7829,0
L2D_SUMMARY,FACE_SWEEP,100,1,ppa_blend_us,50,0.00,0,0,0,0,0,0
L2D_SUMMARY,FACE_SWEEP,100,1,panel_submit_us,50,156.24,155,167,187,139,187,0
L2D_SUMMARY,FACE_SWEEP,100,1,frame_drop,50,0.00,0,0,0,0,0,0
L2D_SUMMARY,FACE_SWEEP,100,1,ppa_fill_us,50,1106.28,1105,1146,1152,1079,1152,0
L2D_SUMMARY,FACE_SWEEP,100,1,ppa_srm_us,50,6526.14,6499,6714,6733,6389,6733,0
L2D_SUMMARY,FACE_SWEEP,100,1,ppa_total_us,50,7632.42,7609,7811,7829,7488,7829,0
L2D_SUMMARY,FACE_SWEEP,100,1,clear_cache_sync_us,50,11.20,11,12,15,10,15,0
L2D_SUMMARY,FACE_SWEEP,100,1,convert_cache_sync_us,50,0.00,0,0,0,0,0,0
L2D_SUMMARY,FACE_SWEEP,100,1,flush_cache_sync_us,50,13.46,13,14,21,13,21,0
L2D_SUMMARY,FACE_SWEEP,100,1,cache_sync_total_us,50,24.66,24,28,32,23,32,0
L2D_SUMMARY,FACE_SWEEP,100,1,display_lock_wait_us,50,288.40,20,848,1095,16,1095,0
L2D_SUMMARY,FACE_SWEEP,100,1,flush_total_us,50,467.22,200,1040,1278,178,1278,0
L2D_SUMMARY,FACE_SWEEP,100,1,frame_total_us,50,29194.36,28992,30014,30217,28601,30217,0
L2D_SUMMARY,FACE_SWEEP,100,1,keypoint_us,50,0.00,0,0,0,0,0,0
L2D_SUMMARY,FACE_SWEEP,100,1,visual_transform_us,50,0.00,0,0,0,0,0,0
L2D_SUMMARY,FACE_SWEEP,100,1,stretch_us,50,0.00,0,0,0,0,0,0
L2D_SUMMARY,FACE_SWEEP,100,1,vertex_transform_us,50,0.00,0,0,0,0,0,0
L2D_SUMMARY,FACE_SWEEP,100,1,uv_update_us,50,0.00,0,0,0,0,0,0
L2D_SUMMARY,FACE_SWEEP,100,1,trig_cache_hit,50,51.00,51,51,51,51,51,0
L2D_SUMMARY,FACE_SWEEP,100,1,trig_cache_miss,50,0.00,0,0,0,0,0,0
L2D_SUMMARY,FACE_SWEEP,100,1,slot_miss,50,0.00,0,0,0,0,0,0
L2D_SUMMARY,FACE_SWEEP,100,1,lock_skip,50,0.00,0,0,0,0,0,0
L2D_SUMMARY,FACE_SWEEP,100,1,deadline_miss,50,0.00,0,0,0,0,0,0
I (14089) l2d_profile: done FACE_SWEEP scale=100 round=1
L2D_FRAME,226,MULTI_AXIS,100,1,5,0,60,934,1379,3,1161,18273,25,28562,22,7622,0,158,1135,6487,7622,12,0,13,25,500,679,29263,0,0,320,320,0,0,0,0,0,6516,0,0,0,0,0,50,1
L2D_FRAME,227,MULTI_AXIS,100,1,6,0,58,922,1353,4,1152,18282,25,28435,15,7532,0,155,1127,6405,7532,11,0,14,25,20,195,28645,0,0,320,320,0,0,0,0,0,6446,0,0,0,0,0,50,1
L2D_FRAME,228,MULTI_AXIS,100,1,7,0,58,930,1382,3,1154,18232,25,28492,23,7590,0,156,1125,6465,7590,12,0,13,25,77,253,28768,0,0,320,320,0,0,0,0,0,6499,0,0,0,0,0,50,1
L2D_FRAME,229,MULTI_AXIS,100,1,8,0,58,925,1350,3,1182,18204,26,28425,22,7596,0,165,1156,6440,7596,12,0,14,26,508,695,29142,0,0,320,320,0,0,0,0,0,6474,0,0,0,0,0,50,1
L2D_FRAME,230,MULTI_AXIS,100,1,9,0,58,917,1390,3,1117,18166,24,28343,23,7523,0,146,1093,6430,7523,11,0,13,24,16,182,28548,0,0,320,320,0,0,0,0,0,6465,0,0,0,0,0,50,1
L2D_FRAME,231,MULTI_AXIS,100,1,10,0,58,920,1348,3,1167,18265,24,28424,15,7539,0,167,1146,6393,7539,11,0,13,24,62,255,28694,0,0,320,320,0,0,0,0,0,6433,0,0,0,0,0,50,1
L2D_FRAME,232,MULTI_AXIS,100,1,11,0,58,909,1382,3,1110,18202,24,28361,23,7524,0,159,1085,6439,7524,11,0,13,24,16,192,28576,0,0,320,320,0,0,0,0,0,6476,0,0,0,0,0,50,1
L2D_FRAME,233,MULTI_AXIS,100,1,12,0,58,940,1343,3,1113,18302,25,28504,27,7557,0,174,1092,6465,7557,11,0,14,25,523,715,29246,0,0,320,320,0,0,0,0,0,6518,0,0,0,0,0,50,1
L2D_FRAME,234,MULTI_AXIS,100,1,13,0,58,929,1381,3,1148,18182,25,28358,19,7518,0,154,1123,6395,7518,11,0,14,25,17,191,28568,0,0,320,320,0,0,0,0,0,6428,0,0,0,0,0,50,1
L2D_FRAME,235,MULTI_AXIS,100,1,14,0,58,920,1346,3,1178,18243,53,28416,22,7505,0,168,1125,6380,7505,40,0,13,53,195,383,28821,0,0,320,320,0,0,0,0,0,6430,0,0,0,0,0,50,1
L2D_FRAME,236,MULTI_AXIS,100,1,15,0,58,922,1348,3,1141,18224,24,28424,18,7580,0,149,1113,6467,7580,11,0,13,24,20,192,28634,0,0,320,320,0,0,0,0,0,6499,0,0,0,0,0,50,1
L2D_FRAME,237,MULTI_AXIS,100,1,16,0,58,921,1378,3,1145,18191,25,28549,19,7708,0,150,1121,6587,7708,11,0,14,25,593,769,29337,0,0,320,320,0,0,0,0,0,6625,0,0,0,0,0,50,1
L2D_FRAME,238,MULTI_AXIS,100,1,17,0,59,903,1357,3,1144,18399,25,28705,19,7690,0,166,1120,6570,7690,12,0,13,25,718,905,29629,0,0,320,320,0,0,0,0,0,6607,0,0,0,0,0,50,1
L2D_FRAME,239,MULTI_AXIS,100,1,18,0,59,918,1375,4,1122,18375,24,28781,18,7765,0,163,1097,6668,7765,11,0,13,24,1074,1263,30062,0,0,320,320,0,0,0,0,0,6702,0,0,0,0,0,50,1
L2D_FRAME,240,MULTI_AXIS,100,1,19,0,59,915,1342,4,1147,18410,25,28771,18,7525,0,142,1126,6399,7525,12,0,13,25,238,402,29191,0,0,320,320,0,0,0,0,0,6437,0,0,0,0,0,50,1
L2D_FRAME,241,MULTI_AXIS,100,1,20,0,58,926,1380,3,1103,18404,26,28598,19,7537,0,152,1082,6455,7537,12,0,14,26,16,190,28807,0,0,320,320,0,0,0,0,0,6493,0,0,0,0,0,50,1
L2D_FRAME,242,MULTI_AXIS,100,1,21,0,58,932,1353,3,1139,18575,26,28755,23,7549,0,147,1114,6435,7549,12,0,14,26,16,187,28965,0,0,320,320,0,0,0,0,0,6473,0,0,0,0,0,50,1
L2D_FRAME,243,MULTI_AXIS,100,1,22,0,58,909,1382,3,1149,18468,25,28714,19,7599,0,159,1125,6474,7599,11,0,14,25,17,199,28932,0,0,320,320,0,0,0,0,0,6507,0,0,0,0,0,50,1
L2D_FRAME,244,MULTI_AXIS,100,1,23,0,54,911,1345,4,1148,18567,28,28705,15,7538,0,156,1124,6414,7538,14,0,14,28,20,200,28920,0,0,320,320,0,0,0,0,0,6451,0,0,0,0,0,50,1
L2D_FRAME,245,MULTI_AXIS,100,1,24,0,55,917,1350,4,1176,18539,52,28728,18,7548,0,154,1127,6421,7548,39,0,13,52,20,192,28938,0,0,320,320,0,0,0,0,0,6455,0,0,0,0,0,50,1
L2D_FRAME,246,MULTI_AXIS,100,1,25,0,55,926,1392,3,1117,18491,28,28664,19,7512,0,153,1092,6420,7512,14,0,14,28,17,193,28876,0,0,320,320,0,0,0,0,0,6457,0,0,0,0,0,50,1
L2D_FRAME,247,MULTI_AXIS,100,1,26,0,58,938,1361,3,1121,18648,24,28801,23,7510,0,158,1099,6411,7510,11,0,13,24,16,194,29018,0,0,320,320,0,0,0,0,0,6441,0,0,0,0,0,50,1
L2D_FRAME,248,MULTI_AXIS,100,1,27,0,58,911,1387,4,1157,18578,24,28765,18,7545,0,153,1133,6412,7545,11,0,13,24,16,190,28973,0,0,320,320,0,0,0,0,0,6449,0,0,0,0,0,50,1
L2D_FRAME,249,MULTI_AXIS,100,1,28,0,58,914,1343,3,1151,18590,28,28725,18,7532,0,155,1126,6406,7532,15,0,13,28,20,193,28936,0,0,320,320,0,0,0,0,0,6444,0,0,0,0,0,50,1
L2D_FRAME,250,MULTI_AXIS,100,1,29,0,55,874,1265,3,1139,18547,27,28605,22,7576,0,149,1115,6461,7576,14,0,13,27,20,190,28817,0,0,320,320,0,0,0,0,0,6494,0,0,0,0,0,50,1
L2D_FRAME,251,MULTI_AXIS,100,1,30,0,55,865,1343,4,1168,18652,25,28747,19,7548,0,147,1147,6401,7548,11,0,14,25,19,184,28950,0,0,320,320,0,0,0,0,0,6434,0,0,0,0,0,50,1
L2D_FRAME,252,MULTI_AXIS,100,1,31,0,55,900,1384,3,1080,18513,24,28784,19,7642,0,166,1056,6586,7642,11,0,13,24,16,206,29009,0,0,320,320,0,0,0,0,0,6615,0,0,0,0,0,50,1
L2D_FRAME,253,MULTI_AXIS,100,1,32,0,55,910,1355,4,872,18582,24,28613,18,7401,0,146,851,6550,7401,11,0,13,24,16,186,28817,0,0,320,320,0,0,0,0,0,6580,0,0,0,0,0,50,1
L2D_FRAME,254,MULTI_AXIS,100,1,33,0,54,891,1395,3,937,18426,24,28648,23,7576,0,156,917,6659,7576,11,0,13,24,20,196,28867,0,0,320,320,0,0,0,0,0,6695,0,0,0,0,0,50,1
L2D_FRAME,255,MULTI_AXIS,100,1,34,0,55,911,1351,3,1065,18527,24,28714,18,7586,0,146,1041,6545,7586,11,0,13,24,20,192,28924,0,0,320,320,0,0,0,0,0,6575,0,0,0,0,0,50,1
L2D_FRAME,256,MULTI_AXIS,100,1,35,0,58,899,1386,3,916,18470,24,28626,18,7513,0,155,891,6622,7513,11,0,13,24,16,196,28840,0,0,320,320,0,0,0,0,0,6656,0,0,0,0,0,50,1
L2D_FRAME,257,MULTI_AXIS,100,1,36,0,55,900,1357,4,922,18520,24,28587,18,7459,0,151,901,6558,7459,11,0,13,24,24,194,28799,0,0,320,320,0,0,0,0,0,6599,0,0,0,0,0,50,1
L2D_FRAME,258,MULTI_AXIS,100,1,37,0,58,917,1394,3,991,18410,24,28587,18,7505,0,155,970,6535,7505,11,0,13,24,24,198,28803,0,0,320,320,0,0,0,0,0,6568,0,0,0,0,0,50,1
L2D_FRAME,259,MULTI_AXIS,100,1,38,0,58,918,1355,3,1100,18583,25,28839,19,7626,0,159,1079,6547,7626,11,0,14,25,16,199,29057,0,0,320,320,0,0,0,0,0,6583,0,0,0,0,0,50,1
L2D_FRAME,260,MULTI_AXIS,100,1,39,0,58,907,1400,3,909,18488,26,28588,19,7428,0,157,880,6548,7428,12,0,14,26,16,198,28805,0,0,320,320,0,0,0,0,0,6597,0,0,0,0,0,50,1
L2D_FRAME,261,MULTI_AXIS,100,1,40,0,58,927,1352,3,956,18537,25,28654,19,7486,0,161,936,6550,7486,11,0,14,25,16,198,28871,0,0,320,320,0,0,0,0,0,6587,0,0,0,0,0,50,1
L2D_FRAME,262,MULTI_AXIS,100,1,41,0,59,903,1354,3,1068,18431,26,28627,19,7594,0,145,1046,6548,7594,12,0,14,26,20,183,28829,0,0,320,320,0,0,0,0,0,6581,0,0,0,0,0,50,1
L2D_FRAME,263,MULTI_AXIS,100,1,42,0,58,893,1378,3,1110,18395,25,28677,19,7653,0,139,1090,6563,7653,12,0,13,25,20,184,28880,0,0,320,320,0,0,0,0,0,6598,0,0,0,0,0,50,1
L2D_FRAME,264,MULTI_AXIS,100,1,43,0,58,852,1355,4,1165,18511,25,28614,19,7548,0,154,1144,6404,7548,11,0,14,25,21,192,28825,0,0,320,320,0,0,0,0,0,6441,0,0,0,0,0,50,1
L2D_FRAME,265,MULTI_AXIS,100,1,44,0,59,858,1382,3,1152,18340,24,28470,18,7535,0,152,1128,6407,7535,11,0,13,24,16,195,28683,0,0,320,320,0,0,0,0,0,6437,0,0,0,0,0,50,1
L2D_FRAME,266,MULTI_AXIS,100,1,45,0,58,895,1354,3,1132,18542,24,28691,19,7521,0,153,1111,6410,7521,11,0,13,24,16,195,28905,0,0,320,320,0,0,0,0,0,6443,0,0,0,0,0,50,1
L2D_FRAME,267,MULTI_AXIS,100,1,46,0,59,921,1365,3,1153,18515,28,28686,18,7538,0,165,1129,6409,7538,15,0,13,28,16,203,28907,0,0,320,320,0,0,0,0,0,6448,0,0,0,0,0,50,1
L2D_FRAME,268,MULTI_AXIS,100,1,47,0,58,903,1393,3,1147,18503,24,28763,18,7600,0,144,1123,6477,7600,11,0,13,24,20,186,28967,0,0,320,320,0,0,0,0,0,6514,0,0,0,0,0,50,1
L2D_FRAME,269,MULTI_AXIS,100,1,48,0,58,872,1352,3,1151,18645,24,28754,22,7538,0,158,1130,6408,7538,11,0,13,24,16,193,28969,0,0,320,320,0,0,0,0,0,6442,0,0,0,0,0,50,1
L2D_FRAME,270,MULTI_AXIS,100,1,49,0,58,888,1354,3,1131,18568,24,28819,26,7633,0,159,1107,6526,7633,11,0,13,24,16,194,29039,0,0,320,320,0,0,0,0,0,6559,0,0,0,0,0,50,1
L2D_FRAME,271,MULTI_AXIS,100,1,50,0,58,906,1397,3,947,18621,24,28747,14,7474,0,156,927,6547,7474,11,0,13,24,20,200,28961,0,0,320,320,0,0,0,0,0,6581,0,0,0,0,0,50,1
L2D_FRAME,272,MULTI_AXIS,100,1,51,0,58,918,1356,3,1077,18672,25,29030,23,7735,0,154,1056,6679,7735,11,0,14,25,16,188,29241,0,0,320,320,0,0,0,0,0,6712,0,0,0,0,0,50,1
L2D_FRAME,273,MULTI_AXIS,100,1,52,0,58,898,1385,3,1109,18552,24,29020,22,7820,0,148,1089,6731,7820,11,0,13,24,20,191,29233,0,0,320,320,0,0,0,0,0,6777,0,0,0,0,0,50,1
L2D_FRAME,274,MULTI_AXIS,100,1,53,0,58,897,1350,3,1152,18624,25,29027,19,7810,0,149,1128,6682,7810,11,0,14,25,24,191,29237,0,0,320,320,0,0,0,0,0,6719,0,0,0,0,0,50,1
L2D_FRAME,275,MULTI_AXIS,100,1,54,0,59,923,1349,3,1120,18604,24,29008,26,7777,0,161,1099,6678,7777,11,0,13,24,20,200,29234,0,0,320,320,0,0,0,0,0,6721,0,0,0,0,0,50,1
L2D_SUMMARY,MULTI_AXIS,100,1,slot_wait_us,50,0.00,0,0,0,0,0,0
L2D_SUMMARY,MULTI_AXIS,100,1,controller_us,50,57.54,58,59,60,54,60,0
L2D_SUMMARY,MULTI_AXIS,100,1,rt30_us,50,909.10,911,934,940,852,940,0
L2D_SUMMARY,MULTI_AXIS,100,1,hierarchy_vertex_us,50,1364.16,1356,1395,1400,1265,1400,0
L2D_SUMMARY,MULTI_AXIS,100,1,bounds_us,50,3.20,3,4,4,3,4,0
L2D_SUMMARY,MULTI_AXIS,100,1,clear_us,50,1102.22,1132,1176,1182,872,1182,0
L2D_SUMMARY,MULTI_AXIS,100,1,raster_us,50,18451.76,18491,18648,18672,18166,18672,0
I (16632) l2d_profile: MULTI_AXIS scale=100 round=1 raster_us avg=18452 p95=18648 p99=18672 max=18672
L2D_SUMMARY,MULTI_AXIS,100,1,convert_us,50,6533.62,6499,6719,6777,6428,6777,0
L2D_SUMMARY,MULTI_AXIS,100,1,cache_sync_us,50,26.04,25,28,53,24,53,0
L2D_SUMMARY,MULTI_AXIS,100,1,producer_total_us,50,28658.60,28664,29020,29030,28343,29030,0
I (16662) l2d_profile: MULTI_AXIS scale=100 round=1 producer_total_us avg=28659 p95=29020 p99=29030 max=29030
L2D_SUMMARY,MULTI_AXIS,100,1,publish_consume_us,50,19.74,19,26,27,14,27,0
L2D_SUMMARY,MULTI_AXIS,100,1,ppa_wait_us,50,7575.32,7548,7777,7820,7401,7820,0
L2D_SUMMARY,MULTI_AXIS,100,1,ppa_blend_us,50,0.00,0,0,0,0,0,0
L2D_SUMMARY,MULTI_AXIS,100,1,panel_submit_us,50,154.88,155,167,174,139,174,0
L2D_SUMMARY,MULTI_AXIS,100,1,frame_drop,50,0.00,0,0,0,0,0,0
L2D_SUMMARY,MULTI_AXIS,100,1,ppa_fill_us,50,1077.94,1111,1146,1156,851,1156,0
L2D_SUMMARY,MULTI_AXIS,100,1,ppa_srm_us,50,6497.38,6465,6679,6731,6380,6731,0
L2D_SUMMARY,MULTI_AXIS,100,1,ppa_total_us,50,7575.32,7548,7777,7820,7401,7820,0
L2D_SUMMARY,MULTI_AXIS,100,1,clear_cache_sync_us,50,12.68,11,15,40,11,40,0
L2D_SUMMARY,MULTI_AXIS,100,1,convert_cache_sync_us,50,0.00,0,0,0,0,0,0
L2D_SUMMARY,MULTI_AXIS,100,1,flush_cache_sync_us,50,13.36,13,14,14,13,14,0
L2D_SUMMARY,MULTI_AXIS,100,1,cache_sync_total_us,50,26.04,25,28,53,24,53,0
L2D_SUMMARY,MULTI_AXIS,100,1,display_lock_wait_us,50,104.38,20,593,1074,16,1074,0
L2D_SUMMARY,MULTI_AXIS,100,1,flush_total_us,50,280.82,194,769,1263,182,1263,0
L2D_SUMMARY,MULTI_AXIS,100,1,frame_total_us,50,28959.16,28920,29337,30062,28548,30062,0
L2D_SUMMARY,MULTI_AXIS,100,1,keypoint_us,50,0.00,0,0,0,0,0,0
L2D_SUMMARY,MULTI_AXIS,100,1,visual_transform_us,50,0.00,0,0,0,0,0,0
L2D_SUMMARY,MULTI_AXIS,100,1,stretch_us,50,0.00,0,0,0,0,0,0
L2D_SUMMARY,MULTI_AXIS,100,1,vertex_transform_us,50,0.00,0,0,0,0,0,0
L2D_SUMMARY,MULTI_AXIS,100,1,uv_update_us,50,0.00,0,0,0,0,0,0
L2D_SUMMARY,MULTI_AXIS,100,1,trig_cache_hit,50,50.00,50,50,50,50,50,0
L2D_SUMMARY,MULTI_AXIS,100,1,trig_cache_miss,50,1.00,1,1,1,1,1,0
L2D_SUMMARY,MULTI_AXIS,100,1,slot_miss,50,0.00,0,0,0,0,0,0
L2D_SUMMARY,MULTI_AXIS,100,1,lock_skip,50,0.00,0,0,0,0,0,0
L2D_SUMMARY,MULTI_AXIS,100,1,deadline_miss,50,0.00,0,0,0,0,0,0
I (16827) l2d_profile: done MULTI_AXIS scale=100 round=1
L2D_DONE
