ESP-ROM:esp32p4-eco2-20240710
Build:Jul 10 2024
rst:0x1 (POWERON),boot:0x30f (SPI_FAST_FLASH_BOOT)
SPI mode:DIO, clock div:1
load:0x4ff33ce0,len:0x514
load:0x4ff29ed0,len:0xbbc
load:0x4ff2cbd0,len:0x3114
entry 0x4ff29ed0
I (336) hex_psram: vendor id    : 0x0d (AP)
I (336) hex_psram: Latency      : 0x01 (Fixed)
I (336) hex_psram: DriveStr.    : 0x00 (25 Ohm)
I (337) hex_psram: dev id       : 0x03 (generation 4)
I (341) hex_psram: density      : 0x07 (256 Mbit)
I (346) hex_psram: good-die     : 0x06 (Pass)
I (350) hex_psram: SRF          : 0x02 (Slow Refresh)
I (355) hex_psram: BurstType    : 0x00 ( Wrap)
I (359) hex_psram: BurstLen     : 0x03 (2048 Byte)
I (363) hex_psram: BitMode      : 0x01 (X16 Mode)
I (368) hex_psram: Readlatency  : 0x04 (14 cycles@Fixed)
I (373) hex_psram: DriveStrength: 0x00 (1/1)
I (377) MSPI Timing: Enter psram timing tuning
I (551) esp_psram: Found 32MB PSRAM device
I (551) esp_psram: Speed: 200MHz
I (552) hex_psram: psram CS IO is dedicated
I (552) cpu_start: Multicore app
I (1459) esp_psram: SPI SRAM memory test OK
I (1470) cpu_start: GPIO 38 and 37 are used as console UART I/O pins
I (1470) cpu_start: Pro cpu start user code
I (1471) cpu_start: cpu freq: 360000000 Hz
I (1473) app_init: Application information:
I (1476) app_init: Project name:     live2d_rt30_baseline
I (1482) app_init: App version:      6c8d79e-dirty
I (1486) app_init: Compile time:     Sep 29 2026 11:27:36
I (1491) app_init: ELF file SHA256:  f2e657c87...
I (1496) app_init: ESP-IDF:          v5.5.2
I (1500) efuse_init: Min chip rev:     v0.1
I (1503) efuse_init: Max chip rev:     v1.99 
I (1508) efuse_init: Chip rev:         v1.3
I (1512) heap_init: Initializing. RAM available for dynamic allocation:
I (1518) heap_init: At 4FF23300 len 00017CC0 (95 KiB): RETENT_RAM
I (1524) heap_init: At 4FF3AFC0 len 00004BF0 (18 KiB): RAM
I (1529) heap_init: At 4FF40000 len 00060000 (384 KiB): RAM
I (1534) heap_init: At 501080A0 len 00007F60 (31 KiB): RTCRAM
I (1540) heap_init: At 30100084 len 00001F7C (7 KiB): TCM
I (1545) esp_psram: Adding pool of 32768K of PSRAM memory to heap allocator
I (1552) spi_flash: detected chip: generic
I (1555) spi_flash: flash io: dio
I (1559) sleep_gpio: Configure to isolate all GPIO pins in sleep state
I (1565) sleep_gpio: Enable automatic switching of GPIO sleep configuration
I (1572) main_task: Started on CPU0
I (1596) esp_psram: Reserving pool of 256K of internal memory for DMA/internal allocations
I (1597) main_task: Calling app_main()
I (1597) l2d_baseline: === Live2D RT30 baseline ===
I (1601) l2d_baseline: ========================================
I (1607) l2d_baseline:  Live2D RT30 baseline, target=30 fps, core=0
I (1613) l2d_baseline:  model=/sdcard/esp.live
I (1617) l2d_baseline: ========================================
I (1622) l2d_baseline: heap boot: psram_free=33551716 psram_min=33551716 internal_free=489195
I (1657) sys_storage: Mounting SD card at /sdcard
I (1658) main_task: Returned from app_main()
I (1713) sys_storage: Storage subsystem ready (NVS + SD at /sdcard)
I (1713) sys_sdio: ready: SD serial task core=0 prio=4 queue=20
I (1715) sys_storage: font cache found: /sdcard/fonts/noto_sans_sc_16.bin (955208 bytes)
I (1721) l2d_baseline: storage ready at /sdcard
I (1727) esp_lvgl:adapter: LVGL adapter initialized successfully
I (1804) GT911: TouchPad_ID:0x39,0x31,0x31
I (1804) GT911: TouchPad_Config_Version:101
W (1804) ledc: GPIO 20 is not usable, maybe conflict with others
I (1807) WT99P4C5_S1_BOARD: MIPI DSI PHY Powered on
I (1812) WT99P4C5_S1_BOARD: Install MIPI DSI LCD control panel
I (1817) WT99P4C5_S1_BOARD: Install EK79007 LCD control panel
I (1822) WT99P4C5_S1_BOARD: MIPI DSI DPI clock: 80.00 MHz
I (1827) ek79007: version: 1.0.4
I (2001) WT99P4C5_S1_BOARD: Display initialized
I (2001) WT99P4C5_S1_BOARD: Display resolution 1024x600
I (2005) esp_lvgl:bridge_v9: Initializing hardware resources
I (2005) esp_lvgl:bridge_v9: Hardware resources initialized successfully
I (2016) WT99P4C5_S1_BOARD: GT911 touch ready on GPIO 21
W (2016) esp_lvgl:touch: LV_USE_GESTURE_RECOGNITION is disabled; only single-point pointer events are available
I (2026) esp_lvgl:touch: Touch input device registered successfully (IRQ mode: disabled)
I (2034) esp_lvgl:adapter: LVGL task started successfully
I (2039) sys_display: Display + LVGL initialized (custom config)
I (2044) WT99P4C5_S1_BOARD: Setting LCD backlight: 80%
I (2049) sys_monitor: CPU monitor started (FreeRTOS idle run time, 1 s windows)
I (2056) sys_monitor: FPS tracking attached to display
I (2595) l2d_baseline: model file loaded: /sdcard/esp.live (798660 bytes)
I (2596) l2d_baseline: model CRC32_LE=0x06dce0ed
I (2647) l2d_baseline: model SHA256=786b18e342f3a7b3e67042822f138824aaad610d6c46130f58f5c59bbb379b0b
I (2647) live2d_engine: Live2D engine pool allocated in PSRAM: 16777216 bytes
I (2652) live2d_engine: Importing PainterEngine Live2D model, file size=798660 bytes, pool free=16777216 bytes
I (2706) live2d_engine: Model loaded: id='esp', size=320x320, layers=11, textures=12, animations=1, pool free=15944312 bytes
I (2707) live2d_engine: Using nearest-neighbor pixel shader for ESP renderer
I (2713) live2d_engine: RT30 realtime axes: 4
I (2717) live2d_engine:   axis[0] id='left_eye' default=0 middle=15 bindings=2 sampleBytes=360 stride=12 vidx=0 Q(coord=4 rot=6 stretch=14)
I (2730) live2d_engine:     binding[0] layer=6 id='right_eye' mask=0x0050 vertices=0 sample_offset=0
I (2738) live2d_engine:     binding[1] layer=8 id='left_eyeup' mask=0x0010 vertices=0 sample_offset=6
I (2747) live2d_engine:   axis[1] id='right_eye' default=0 middle=15 bindings=2 sampleBytes=240 stride=8 vidx=0 Q(coord=4 rot=6 stretch=14)
I (2760) live2d_engine:     binding[0] layer=5 id='left_eye' mask=0x0040 vertices=0 sample_offset=0
I (2768) live2d_engine:     binding[1] layer=7 id='right_eyeup' mask=0x0010 vertices=0 sample_offset=2
I (2777) live2d_engine:   axis[2] id='neck' default=15 middle=15 bindings=1 sampleBytes=960 stride=32 vidx=7 Q(coord=4 rot=6 stretch=14)
I (2789) live2d_engine:     binding[0] layer=3 id='neck' mask=0x0028 vertices=7 sample_offset=0
I (2798) live2d_engine:   axis[3] id='face' default=15 middle=15 bindings=11 sampleBytes=27240 stride=908 vidx=227 Q(coord=4 rot=6 stretch=14)
I (2810) live2d_engine:     binding[0] layer=0 id='back_hair' mask=0x0008 vertices=42 sample_offset=0
I (2819) live2d_engine:     binding[1] layer=1 id='cloth' mask=0x0008 vertices=25 sample_offset=168
I (2828) live2d_engine:     binding[2] layer=2 id='face' mask=0x0008 vertices=15 sample_offset=268
I (2837) live2d_engine:     binding[3] layer=3 id='neck' mask=0x0008 vertices=8 sample_offset=328
I (2845) live2d_engine:     binding[4] layer=4 id='mouth' mask=0x0008 vertices=5 sample_offset=360
I (2854) live2d_engine:     binding[5] layer=5 id='left_eye' mask=0x0008 vertices=11 sample_offset=380
I (2863) live2d_engine:     binding[6] layer=6 id='right_eye' mask=0x0008 vertices=10 sample_offset=424
I (2872) live2d_engine:     binding[7] layer=7 id='right_eyeup' mask=0x0008 vertices=13 sample_offset=464
I (2881) live2d_engine:     binding[8] layer=8 id='left_eyeup' mask=0x0008 vertices=13 sample_offset=516
I (2891) live2d_engine:     binding[9] layer=9 id='front_hair' mask=0x0008 vertices=64 sample_offset=568
I (2900) live2d_engine:     binding[10] layer=10 id='hairwear' mask=0x0008 vertices=21 sample_offset=824
I (2910) live2d_engine: Playing default animation index 1/1
I (2914) l2d_baseline: model ready id='esp' size=320x320 layers=11 textures=12 animations=1 load=262ms pool_free=15944312
I (2925) l2d_baseline: RT30 axis_count=4 static=29524 runtime=2392 selectedSample=0
I (2933) l2d_baseline: axis handles: left_eye=0 right_eye=1 neck=2 face=3 mouth=-1
I (2940) l2d_baseline: benchmark axes=4, mouth=absent (mouth sweep skipped)
I (2946) l2d_baseline: render ROI: 320x320 at (352,140), lcd=1024x600
I (2953) sys_display_buf: PSRAM before alloc: total=33554432  free=14282532 largest=13369344
I (2961) sys_display_buf: buffers created: 320x320  ARGB=409600  RGB565=204800 bytes (PSRAM DMA=yes)
I (2970) sys_display_buf: PSRAM after alloc: total=33554432  free=13668124 largest=13369344
I (2980) sys_display_flush: Flush path: 320x320 at (352,140) -> panel direct draw
I (2985) live2d_engine: Internal render scale set to 1.000
I (2997) live2d_renderer: PPA fill transparent clear enabled
I (2998) live2d_renderer: Renderer initialized: 320x320 ARGB8888 -> RGB565 via PPA SRM, rgb_swap=0, byte_swap=0, source block=320x320@(0,0)
I (3008) l2d_baseline: render backends: clear=PPA convert=PPA
I (3013) l2d_baseline: heap ready: psram_free=13667128 psram_min=13479712 internal_free=364571
I (3022) l2d_baseline: continuous RT30 drive active on 4 model axes
L2D_META_BEGIN
esp_commit=6c8d79e283b770437b1f1438a8d27e76029e05d6
live2d_commit=78fc634
model_sha256=786b18e342f3a7b3e67042822f138824aaad610d6c46130f58f5c59bbb379b0b
model_size=798660
model_load_us=262462
mode=visual_diagnostic
profile_visual=1
scale_q100=100
warmup=5
measure=50
rounds=1
note=section_times_include_timer_reads_and_are_not_formal_benchmarks
L2D_META_END
L2D_VISUAL_HEADER,scenario,warmup,frame,physical_ran,history_valid,layers,get_visual_calls,point_rotate_calls,sin_angle_calls,cos_angle_calls,sind_calls,sind_transform,sind_final,sind_set_rotation,sind_other,unique_rotation_angles,unique_local_rotation_angles,unique_point_rotate_angles,point_rotate_angle_samples,point_rotate_angle_overflow,ancestor_visits,unique_ancestors,depth_sum,max_depth,rotation_changed,local_rotation_changed,scale_changed,local_translation_changed,hierarchy_translation_changed,keypoint_changed,parent_visual_changed,traverse_us,local_translation_rotate_us,relative_rotate_us,final_sincos_us,diag_pose_us,diag_physical_us
L2D_VISUAL_POSE_HEADER,scenario,index,parent,depth,children,rotation_bits,local_rotation_bits,scale_bits,local_tx_bits,local_ty_bits,key_x_bits,key_y_bits,id
I (3131) live2d_engine: Internal render scale set to 1.000
L2D_VISUAL,STATIC,1,0,1,0,11,11,80,182,182,364,320,22,22,0,1,1,1,80,0,40,11,40,5,0,0,0,0,0,0,0,153,3141,3176,435,56,8289
L2D_VISUAL,STATIC,1,1,0,1,11,0,0,0,0,0,0,0,0,0,1,1,0,0,0,0,0,0,0,0,0,0,0,0,0,0,0,0,0,0,49,163
L2D_VISUAL,STATIC,1,2,0,1,11,0,0,0,0,0,0,0,0,0,1,1,0,0,0,0,0,0,0,0,0,0,0,0,0,0,0,0,0,0,42,155
L2D_VISUAL,STATIC,1,3,0,1,11,0,0,0,0,0,0,0,0,0,1,1,0,0,0,0,0,0,0,0,0,0,0,0,0,0,0,0,0,0,43,128
L2D_VISUAL,STATIC,1,4,0,1,11,0,0,0,0,0,0,0,0,0,1,1,0,0,0,0,0,0,0,0,0,0,0,0,0,0,0,0,0,0,43,127
L2D_VISUAL,STATIC,0,5,0,1,11,0,0,0,0,0,0,0,0,0,1,1,0,0,0,0,0,0,0,0,0,0,0,0,0,0,0,0,0,0,43,130
L2D_VISUAL_POSE,STATIC,0,9,5,0,00000000,00000000,3f800000,00000000,00000000,43200000,43128000,back_hair
L2D_VISUAL_POSE,STATIC,1,-1,1,1,00000000,00000000,3f800000,00000000,00000000,431e0000,437b0000,cloth
L2D_VISUAL_POSE,STATIC,2,3,3,6,00000000,00000000,3f800000,00000000,00000000,431c8000,43228000,face
L2D_VISUAL_POSE,STATIC,3,1,2,1,00000000,00000000,3f800000,00000000,00000000,431c0000,43588000,neck
L2D_VISUAL_POSE,STATIC,4,2,4,0,00000000,00000000,3f800000,00000000,00000000,431a0000,43490000,mouth
L2D_VISUAL_POSE,STATIC,5,2,4,0,00000000,00000000,3f800000,00000000,00000000,43358000,43308000,left_eye
L2D_VISUAL_POSE,STATIC,6,2,4,0,00000000,00000000,3f800000,00000000,00000000,42f40000,432f8000,right_eye
L2D_VISUAL_POSE,STATIC,7,2,4,0,00000000,00000000,3f800000,00000000,00000000,433862b3,4323b783,right_eyeup
L2D_VISUAL_POSE,STATIC,8,2,4,0,00000000,00000000,3f800000,00000000,00000000,42f27534,4324424f,left_eyeup
L2D_VISUAL_POSE,STATIC,9,2,4,2,00000000,00000000,3f800000,00000000,00000000,431d0000,42f50000,front_hair
L2D_VISUAL_POSE,STATIC,10,9,5,0,00000000,00000000,3f800000,00000000,00000000,43550000,430b0000,hairwear
L2D_VISUAL,STATIC,0,6,0,1,11,0,0,0,0,0,0,0,0,0,1,1,0,0,0,0,0,0,0,0,0,0,0,0,0,0,0,0,0,0,39,131
L2D_VISUAL,STATIC,0,7,0,1,11,0,0,0,0,0,0,0,0,0,1,1,0,0,0,0,0,0,0,0,0,0,0,0,0,0,0,0,0,0,43,133
L2D_VISUAL,STATIC,0,8,0,1,11,0,0,0,0,0,0,0,0,0,1,1,0,0,0,0,0,0,0,0,0,0,0,0,0,0,0,0,0,0,44,131
L2D_VISUAL,STATIC,0,9,0,1,11,0,0,0,0,0,0,0,0,0,1,1,0,0,0,0,0,0,0,0,0,0,0,0,0,0,0,0,0,0,42,130
L2D_VISUAL,STATIC,0,10,0,1,11,0,0,0,0,0,0,0,0,0,1,1,0,0,0,0,0,0,0,0,0,0,0,0,0,0,0,0,0,0,40,131
L2D_VISUAL,STATIC,0,11,0,1,11,0,0,0,0,0,0,0,0,0,1,1,0,0,0,0,0,0,0,0,0,0,0,0,0,0,0,0,0,0,45,147
L2D_VISUAL,STATIC,0,12,0,1,11,0,0,0,0,0,0,0,0,0,1,1,0,0,0,0,0,0,0,0,0,0,0,0,0,0,0,0,0,0,46,127
L2D_VISUAL,STATIC,0,13,0,1,11,0,0,0,0,0,0,0,0,0,1,1,0,0,0,0,0,0,0,0,0,0,0,0,0,0,0,0,0,0,46,132
L2D_VISUAL,STATIC,0,14,0,1,11,0,0,0,0,0,0,0,0,0,1,1,0,0,0,0,0,0,0,0,0,0,0,0,0,0,0,0,0,0,42,155
L2D_VISUAL,STATIC,0,15,0,1,11,0,0,0,0,0,0,0,0,0,1,1,0,0,0,0,0,0,0,0,0,0,0,0,0,0,0,0,0,0,42,128
L2D_VISUAL,STATIC,0,16,0,1,11,0,0,0,0,0,0,0,0,0,1,1,0,0,0,0,0,0,0,0,0,0,0,0,0,0,0,0,0,0,42,132
L2D_VISUAL,STATIC,0,17,0,1,11,0,0,0,0,0,0,0,0,0,1,1,0,0,0,0,0,0,0,0,0,0,0,0,0,0,0,0,0,0,45,130
L2D_VISUAL,STATIC,0,18,0,1,11,0,0,0,0,0,0,0,0,0,1,1,0,0,0,0,0,0,0,0,0,0,0,0,0,0,0,0,0,0,41,132
L2D_VISUAL,STATIC,0,19,0,1,11,0,0,0,0,0,0,0,0,0,1,1,0,0,0,0,0,0,0,0,0,0,0,0,0,0,0,0,0,0,46,131
L2D_VISUAL,STATIC,0,20,0,1,11,0,0,0,0,0,0,0,0,0,1,1,0,0,0,0,0,0,0,0,0,0,0,0,0,0,0,0,0,0,42,158
L2D_VISUAL,STATIC,0,21,0,1,11,0,0,0,0,0,0,0,0,0,1,1,0,0,0,0,0,0,0,0,0,0,0,0,0,0,0,0,0,0,40,97
L2D_VISUAL,STATIC,0,22,0,1,11,0,0,0,0,0,0,0,0,0,1,1,0,0,0,0,0,0,0,0,0,0,0,0,0,0,0,0,0,0,43,132
L2D_VISUAL,STATIC,0,23,0,1,11,0,0,0,0,0,0,0,0,0,1,1,0,0,0,0,0,0,0,0,0,0,0,0,0,0,0,0,0,0,43,129
L2D_VISUAL,STATIC,0,24,0,1,11,0,0,0,0,0,0,0,0,0,1,1,0,0,0,0,0,0,0,0,0,0,0,0,0,0,0,0,0,0,47,128
L2D_VISUAL,STATIC,0,25,0,1,11,0,0,0,0,0,0,0,0,0,1,1,0,0,0,0,0,0,0,0,0,0,0,0,0,0,0,0,0,0,45,132
L2D_VISUAL,STATIC,0,26,0,1,11,0,0,0,0,0,0,0,0,0,1,1,0,0,0,0,0,0,0,0,0,0,0,0,0,0,0,0,0,0,44,157
L2D_VISUAL,STATIC,0,27,0,1,11,0,0,0,0,0,0,0,0,0,1,1,0,0,0,0,0,0,0,0,0,0,0,0,0,0,0,0,0,0,45,129
L2D_VISUAL,STATIC,0,28,0,1,11,0,0,0,0,0,0,0,0,0,1,1,0,0,0,0,0,0,0,0,0,0,0,0,0,0,0,0,0,0,47,131
L2D_VISUAL,STATIC,0,29,0,1,11,0,0,0,0,0,0,0,0,0,1,1,0,0,0,0,0,0,0,0,0,0,0,0,0,0,0,0,0,0,40,128
L2D_VISUAL,STATIC,0,30,0,1,11,0,0,0,0,0,0,0,0,0,1,1,0,0,0,0,0,0,0,0,0,0,0,0,0,0,0,0,0,0,42,132
L2D_VISUAL,STATIC,0,31,0,1,11,0,0,0,0,0,0,0,0,0,1,1,0,0,0,0,0,0,0,0,0,0,0,0,0,0,0,0,0,0,40,131
L2D_VISUAL,STATIC,0,32,0,1,11,0,0,0,0,0,0,0,0,0,1,1,0,0,0,0,0,0,0,0,0,0,0,0,0,0,0,0,0,0,40,126
L2D_VISUAL,STATIC,0,33,0,1,11,0,0,0,0,0,0,0,0,0,1,1,0,0,0,0,0,0,0,0,0,0,0,0,0,0,0,0,0,0,45,144
L2D_VISUAL,STATIC,0,34,0,1,11,0,0,0,0,0,0,0,0,0,1,1,0,0,0,0,0,0,0,0,0,0,0,0,0,0,0,0,0,0,42,129
L2D_VISUAL,STATIC,0,35,0,1,11,0,0,0,0,0,0,0,0,0,1,1,0,0,0,0,0,0,0,0,0,0,0,0,0,0,0,0,0,0,45,129
L2D_VISUAL,STATIC,0,36,0,1,11,0,0,0,0,0,0,0,0,0,1,1,0,0,0,0,0,0,0,0,0,0,0,0,0,0,0,0,0,0,42,131
L2D_VISUAL,STATIC,0,37,0,1,11,0,0,0,0,0,0,0,0,0,1,1,0,0,0,0,0,0,0,0,0,0,0,0,0,0,0,0,0,0,42,154
L2D_VISUAL,STATIC,0,38,0,1,11,0,0,0,0,0,0,0,0,0,1,1,0,0,0,0,0,0,0,0,0,0,0,0,0,0,0,0,0,0,44,127
L2D_VISUAL,STATIC,0,39,0,1,11,0,0,0,0,0,0,0,0,0,1,1,0,0,0,0,0,0,0,0,0,0,0,0,0,0,0,0,0,0,44,131
L2D_VISUAL,STATIC,0,40,0,1,11,0,0,0,0,0,0,0,0,0,1,1,0,0,0,0,0,0,0,0,0,0,0,0,0,0,0,0,0,0,45,129
L2D_VISUAL,STATIC,0,41,0,1,11,0,0,0,0,0,0,0,0,0,1,1,0,0,0,0,0,0,0,0,0,0,0,0,0,0,0,0,0,0,42,131
L2D_VISUAL,STATIC,0,42,0,1,11,0,0,0,0,0,0,0,0,0,1,1,0,0,0,0,0,0,0,0,0,0,0,0,0,0,0,0,0,0,41,155
L2D_VISUAL,STATIC,0,43,0,1,11,0,0,0,0,0,0,0,0,0,1,1,0,0,0,0,0,0,0,0,0,0,0,0,0,0,0,0,0,0,47,130
L2D_VISUAL,STATIC,0,44,0,1,11,0,0,0,0,0,0,0,0,0,1,1,0,0,0,0,0,0,0,0,0,0,0,0,0,0,0,0,0,0,40,99
L2D_VISUAL,STATIC,0,45,0,1,11,0,0,0,0,0,0,0,0,0,1,1,0,0,0,0,0,0,0,0,0,0,0,0,0,0,0,0,0,0,44,130
L2D_VISUAL,STATIC,0,46,0,1,11,0,0,0,0,0,0,0,0,0,1,1,0,0,0,0,0,0,0,0,0,0,0,0,0,0,0,0,0,0,47,164
L2D_VISUAL,STATIC,0,47,0,1,11,0,0,0,0,0,0,0,0,0,1,1,0,0,0,0,0,0,0,0,0,0,0,0,0,0,0,0,0,0,43,128
L2D_VISUAL,STATIC,0,48,0,1,11,0,0,0,0,0,0,0,0,0,1,1,0,0,0,0,0,0,0,0,0,0,0,0,0,0,0,0,0,0,42,132
L2D_VISUAL,STATIC,0,49,0,1,11,0,0,0,0,0,0,0,0,0,1,1,0,0,0,0,0,0,0,0,0,0,0,0,0,0,0,0,0,0,41,131
L2D_VISUAL,STATIC,0,50,0,1,11,0,0,0,0,0,0,0,0,0,1,1,0,0,0,0,0,0,0,0,0,0,0,0,0,0,0,0,0,0,45,133
L2D_VISUAL,STATIC,0,51,0,1,11,0,0,0,0,0,0,0,0,0,1,1,0,0,0,0,0,0,0,0,0,0,0,0,0,0,0,0,0,0,42,159
L2D_VISUAL,STATIC,0,52,0,1,11,0,0,0,0,0,0,0,0,0,1,1,0,0,0,0,0,0,0,0,0,0,0,0,0,0,0,0,0,0,41,128
L2D_VISUAL,STATIC,0,53,0,1,11,0,0,0,0,0,0,0,0,0,1,1,0,0,0,0,0,0,0,0,0,0,0,0,0,0,0,0,0,0,45,131
L2D_VISUAL,STATIC,0,54,0,1,11,0,0,0,0,0,0,0,0,0,1,1,0,0,0,0,0,0,0,0,0,0,0,0,0,0,0,0,0,0,44,126
I (5097) l2d_profile: visual diagnostic STATIC done
L2D_VISUAL,EYE_L_SWEEP,1,0,1,0,11,11,80,182,182,364,320,22,22,0,1,1,1,80,0,40,11,40,5,0,0,0,0,0,0,0,157,3185,3178,447,484,8088
L2D_VISUAL,EYE_L_SWEEP,1,1,1,1,11,11,80,182,182,364,320,22,22,0,1,1,1,80,0,40,11,40,5,0,0,1,2,0,0,0,164,3164,3134,468,547,8044
L2D_VISUAL,EYE_L_SWEEP,1,2,1,1,11,11,80,182,182,364,320,22,22,0,1,1,1,80,0,40,11,40,5,0,0,1,2,0,0,0,166,3129,3166,474,557,8062
L2D_VISUAL,EYE_L_SWEEP,1,3,1,1,11,11,80,182,182,364,320,22,22,0,1,1,1,80,0,40,11,40,5,0,0,1,2,0,0,0,161,3153,3156,444,548,8046
L2D_VISUAL,EYE_L_SWEEP,1,4,1,1,11,11,80,182,182,364,320,22,22,0,1,1,1,80,0,40,11,40,5,0,0,1,2,0,0,0,160,3167,3207,448,557,8105
L2D_VISUAL,EYE_L_SWEEP,0,5,1,1,11,11,80,182,182,364,320,22,22,0,1,1,1,80,0,40,11,40,5,0,0,1,2,0,0,0,165,3190,3170,434,566,8089
L2D_VISUAL_POSE,EYE_L_SWEEP,0,9,5,0,00000000,00000000,3f800000,00000000,00000000,43200000,43128000,back_hair
L2D_VISUAL_POSE,EYE_L_SWEEP,1,-1,1,1,00000000,00000000,3f800000,00000000,00000000,431e0000,437b0000,cloth
L2D_VISUAL_POSE,EYE_L_SWEEP,2,3,3,6,00000000,00000000,3f800000,00000000,00000000,431c8000,43228000,face
L2D_VISUAL_POSE,EYE_L_SWEEP,3,1,2,1,00000000,00000000,3f800000,00000000,00000000,431c0000,43588000,neck
L2D_VISUAL_POSE,EYE_L_SWEEP,4,2,4,0,00000000,00000000,3f800000,00000000,00000000,431a0000,43490000,mouth
L2D_VISUAL_POSE,EYE_L_SWEEP,5,2,4,0,00000000,00000000,3f800000,00000000,00000000,43358000,43308000,left_eye
L2D_VISUAL_POSE,EYE_L_SWEEP,6,2,4,0,00000000,00000000,3f39cc00,00000000,bf300000,42f40000,432f8000,right_eye
L2D_VISUAL_POSE,EYE_L_SWEEP,7,2,4,0,00000000,00000000,3f800000,00000000,00000000,433862b3,4323b783,right_eyeup
L2D_VISUAL_POSE,EYE_L_SWEEP,8,2,4,0,00000000,00000000,3f800000,3e000000,40500000,42f27534,4324424f,left_eyeup
L2D_VISUAL_POSE,EYE_L_SWEEP,9,2,4,2,00000000,00000000,3f800000,00000000,00000000,431d0000,42f50000,front_hair
L2D_VISUAL_POSE,EYE_L_SWEEP,10,9,5,0,00000000,00000000,3f800000,00000000,00000000,43550000,430b0000,hairwear
L2D_VISUAL,EYE_L_SWEEP,0,6,1,1,11,11,80,182,182,364,320,22,22,0,1,1,1,80,0,40,11,40,5,0,0,1,2,0,0,0,175,3218,3152,438,532,8088
L2D_VISUAL,EYE_L_SWEEP,0,7,1,1,11,11,80,182,182,364,320,22,22,0,1,1,1,80,0,40,11,40,5,0,0,1,2,0,0,0,159,3226,3167,435,554,8125
L2D_VISUAL,EYE_L_SWEEP,0,8,1,1,11,11,80,182,182,364,320,22,22,0,1,1,1,80,0,40,11,40,5,0,0,1,2,0,0,0,158,3162,3190,435,541,8058
L2D_VISUAL,EYE_L_SWEEP,0,9,1,1,11,11,80,182,182,364,320,22,22,0,1,1,1,80,0,40,11,40,5,0,0,1,2,0,0,0,162,3215,3144,439,565,8094
L2D_VISUAL,EYE_L_SWEEP,0,10,1,1,11,11,80,182,182,364,320,22,22,0,1,1,1,80,0,40,11,40,5,0,0,1,2,0,0,0,164,3148,3200,438,563,8076
L2D_VISUAL,EYE_L_SWEEP,0,11,1,1,11,11,80,182,182,364,320,22,22,0,1,1,1,80,0,40,11,40,5,0,0,1,2,0,0,0,167,3152,3178,432,538,8071
L2D_VISUAL,EYE_L_SWEEP,0,12,1,1,11,11,80,182,182,364,320,22,22,0,1,1,1,80,0,40,11,40,5,0,0,1,2,0,0,0,162,3152,3173,433,549,8076
L2D_VISUAL,EYE_L_SWEEP,0,13,1,1,11,11,80,182,182,364,320,22,22,0,1,1,1,80,0,40,11,40,5,0,0,1,2,0,0,0,188,3134,3147,467,549,8048
L2D_VISUAL,EYE_L_SWEEP,0,14,1,1,11,11,80,182,182,364,320,22,22,0,1,1,1,80,0,40,11,40,5,0,0,1,2,0,0,0,167,3133,3210,445,507,8080
L2D_VISUAL,EYE_L_SWEEP,0,15,1,1,11,11,80,182,182,364,320,22,22,0,1,1,1,80,0,40,11,40,5,0,0,1,2,0,0,0,160,3156,3176,445,572,8054
L2D_VISUAL,EYE_L_SWEEP,0,16,1,1,11,11,80,182,182,364,320,22,22,0,1,1,1,80,0,40,11,40,5,0,0,1,2,0,0,0,156,3191,3145,434,556,8077
L2D_VISUAL,EYE_L_SWEEP,0,17,1,1,11,11,80,182,182,364,320,22,22,0,1,1,1,80,0,40,11,40,5,0,0,1,2,0,0,0,161,3148,3184,433,563,8052
L2D_VISUAL,EYE_L_SWEEP,0,18,1,1,11,11,80,182,182,364,320,22,22,0,1,1,1,80,0,40,11,40,5,0,0,1,2,0,0,0,158,3169,3182,434,560,8090
L2D_VISUAL,EYE_L_SWEEP,0,19,1,1,11,11,80,182,182,364,320,22,22,0,1,1,1,80,0,40,11,40,5,0,0,1,2,0,0,0,170,3195,3128,442,565,8049
L2D_VISUAL,EYE_L_SWEEP,0,20,1,1,11,11,80,182,182,364,320,22,22,0,1,1,1,80,0,40,11,40,5,0,0,1,2,0,0,0,167,3155,3193,468,546,8101
L2D_VISUAL,EYE_L_SWEEP,0,21,1,1,11,11,80,182,182,364,320,22,22,0,1,1,1,80,0,40,11,40,5,0,0,1,2,0,0,0,167,3204,3164,439,556,8124
L2D_VISUAL,EYE_L_SWEEP,0,22,1,1,11,11,80,182,182,364,320,22,22,0,1,1,1,80,0,40,11,40,5,0,0,1,2,0,0,0,157,3177,3152,433,551,8047
L2D_VISUAL,EYE_L_SWEEP,0,23,1,1,11,11,80,182,182,364,320,22,22,0,1,1,1,80,0,40,11,40,5,0,0,1,2,0,0,0,158,3191,3144,467,558,8076
L2D_VISUAL,EYE_L_SWEEP,0,24,1,1,11,11,80,182,182,364,320,22,22,0,1,1,1,80,0,40,11,40,5,0,0,1,2,0,0,0,166,3195,3133,452,571,8065
L2D_VISUAL,EYE_L_SWEEP,0,25,1,1,11,11,80,182,182,364,320,22,22,0,1,1,1,80,0,40,11,40,5,0,0,1,2,0,0,0,156,3190,3179,446,485,8092
L2D_VISUAL,EYE_L_SWEEP,0,26,1,1,11,11,80,182,182,364,320,22,22,0,1,1,1,80,0,40,11,40,5,0,0,1,2,0,0,0,160,3150,3186,433,547,8094
L2D_VISUAL,EYE_L_SWEEP,0,27,1,1,11,11,80,182,182,364,320,22,22,0,1,1,1,80,0,40,11,40,5,0,0,1,2,0,0,0,165,3139,3181,432,555,8035
L2D_VISUAL,EYE_L_SWEEP,0,28,1,1,11,11,80,182,182,364,320,22,22,0,1,1,1,80,0,40,11,40,5,0,0,1,2,0,0,0,189,3158,3176,435,554,8069
L2D_VISUAL,EYE_L_SWEEP,0,29,1,1,11,11,80,182,182,364,320,22,22,0,1,1,1,80,0,40,11,40,5,0,0,1,2,0,0,0,189,3131,3164,447,549,8032
L2D_VISUAL,EYE_L_SWEEP,0,30,1,1,11,11,80,182,182,364,320,22,22,0,1,1,1,80,0,40,11,40,5,0,0,1,2,0,0,0,152,3242,3149,434,544,8094
L2D_VISUAL,EYE_L_SWEEP,0,31,1,1,11,11,80,182,182,364,320,22,22,0,1,1,1,80,0,40,11,40,5,0,0,1,2,0,0,0,168,3145,3171,448,539,8056
L2D_VISUAL,EYE_L_SWEEP,0,32,1,1,11,11,80,182,182,364,320,22,22,0,1,1,1,80,0,40,11,40,5,0,0,1,2,0,0,0,160,3217,3134,433,543,8060
L2D_VISUAL,EYE_L_SWEEP,0,33,1,1,11,11,80,182,182,364,320,22,22,0,1,1,1,80,0,40,11,40,5,0,0,1,2,0,0,0,166,3173,3137,443,537,8061
L2D_VISUAL,EYE_L_SWEEP,0,34,1,1,11,11,80,182,182,364,320,22,22,0,1,1,1,80,0,40,11,40,5,0,0,1,2,0,0,0,156,3180,3149,440,518,8052
L2D_VISUAL,EYE_L_SWEEP,0,35,1,1,11,11,80,182,182,364,320,22,22,0,1,1,1,80,0,40,11,40,5,0,0,1,2,0,0,0,165,3228,3135,433,555,8093
L2D_VISUAL,EYE_L_SWEEP,0,36,1,1,11,11,80,182,182,364,320,22,22,0,1,1,1,80,0,40,11,40,5,0,0,1,2,0,0,0,173,3172,3150,433,544,8057
L2D_VISUAL,EYE_L_SWEEP,0,37,1,1,11,11,80,182,182,364,320,22,22,0,1,1,1,80,0,40,11,40,5,0,0,1,2,0,0,0,161,3157,3186,466,546,8092
L2D_VISUAL,EYE_L_SWEEP,0,38,1,1,11,11,80,182,182,364,320,22,22,0,1,1,1,80,0,40,11,40,5,0,0,1,2,0,0,0,158,3155,3180,435,541,8091
L2D_VISUAL,EYE_L_SWEEP,0,39,1,1,11,11,80,182,182,364,320,22,22,0,1,1,1,80,0,40,11,40,5,0,0,1,2,0,0,0,164,3156,3189,437,540,8061
L2D_VISUAL,EYE_L_SWEEP,0,40,1,1,11,11,80,182,182,364,320,22,22,0,1,1,1,80,0,40,11,40,5,0,0,1,2,0,0,0,160,3196,3179,435,556,8089
L2D_VISUAL,EYE_L_SWEEP,0,41,1,1,11,11,80,182,182,364,320,22,22,0,1,1,1,80,0,40,11,40,5,0,0,1,1,0,0,0,152,3181,3144,447,582,8047
L2D_VISUAL,EYE_L_SWEEP,0,42,1,1,11,11,80,182,182,364,320,22,22,0,1,1,1,80,0,40,11,40,5,0,0,1,2,0,0,0,167,3142,3198,433,544,8093
L2D_VISUAL,EYE_L_SWEEP,0,43,1,1,11,11,80,182,182,364,320,22,22,0,1,1,1,80,0,40,11,40,5,0,0,1,2,0,0,0,162,3178,3146,434,509,8073
L2D_VISUAL,EYE_L_SWEEP,0,44,1,1,11,11,80,182,182,364,320,22,22,0,1,1,1,80,0,40,11,40,5,0,0,1,2,0,0,0,165,3135,3156,474,535,8046
L2D_VISUAL,EYE_L_SWEEP,0,45,1,1,11,11,80,182,182,364,320,22,22,0,1,1,1,80,0,40,11,40,5,0,0,1,2,0,0,0,157,3190,3185,436,552,8084
L2D_VISUAL,EYE_L_SWEEP,0,46,1,1,11,11,80,182,182,364,320,22,22,0,1,1,1,80,0,40,11,40,5,0,0,1,2,0,0,0,168,3157,3177,432,535,8055
L2D_VISUAL,EYE_L_SWEEP,0,47,1,1,11,11,80,182,182,364,320,22,22,0,1,1,1,80,0,40,11,40,5,0,0,1,2,0,0,0,156,3214,3153,436,545,8088
L2D_VISUAL,EYE_L_SWEEP,0,48,1,1,11,11,80,182,182,364,320,22,22,0,1,1,1,80,0,40,11,40,5,0,0,1,2,0,0,0,160,3189,3147,434,568,8051
L2D_VISUAL,EYE_L_SWEEP,0,49,1,1,11,11,80,182,182,364,320,22,22,0,1,1,1,80,0,40,11,40,5,0,0,1,2,0,0,0,170,3156,3156,475,544,8080
L2D_VISUAL,EYE_L_SWEEP,0,50,1,1,11,11,80,182,182,364,320,22,22,0,1,1,1,80,0,40,11,40,5,0,0,1,2,0,0,0,165,3180,3140,443,544,8085
L2D_VISUAL,EYE_L_SWEEP,0,51,1,1,11,11,80,182,182,364,320,22,22,0,1,1,1,80,0,40,11,40,5,0,0,1,2,0,0,0,161,3165,3126,478,547,8049
L2D_VISUAL,EYE_L_SWEEP,0,52,1,1,11,11,80,182,182,364,320,22,22,0,1,1,1,80,0,40,11,40,5,0,0,1,2,0,0,0,163,3140,3174,442,476,8085
L2D_VISUAL,EYE_L_SWEEP,0,53,1,1,11,11,80,182,182,364,320,22,22,0,1,1,1,80,0,40,11,40,5,0,0,1,2,0,0,0,155,3164,3177,447,542,8068
L2D_VISUAL,EYE_L_SWEEP,0,54,1,1,11,11,80,182,182,364,320,22,22,0,1,1,1,80,0,40,11,40,5,0,0,1,2,0,0,0,155,3185,3182,435,562,8091
I (7245) l2d_profile: visual diagnostic EYE_L_SWEEP done
L2D_VISUAL,NECK_SWEEP,1,0,1,0,11,11,80,182,182,364,320,22,22,0,1,2,2,80,0,40,11,40,5,0,0,0,0,0,0,0,166,3200,3341,550,583,8377
L2D_VISUAL,NECK_SWEEP,1,1,1,1,11,11,80,182,182,364,320,22,22,0,1,2,2,80,0,40,11,40,5,0,1,0,0,0,0,9,155,3242,3361,545,575,8426
L2D_VISUAL,NECK_SWEEP,1,2,1,1,11,11,80,182,182,364,320,22,22,0,1,2,2,80,0,40,11,40,5,0,1,0,0,0,0,9,161,3198,3352,545,582,8387
L2D_VISUAL,NECK_SWEEP,1,3,1,1,11,11,80,182,182,364,320,22,22,0,1,2,2,80,0,40,11,40,5,0,1,0,0,0,0,9,173,3214,3359,543,577,8396
L2D_VISUAL,NECK_SWEEP,1,4,1,1,11,11,80,182,182,364,320,22,22,0,1,2,2,80,0,40,11,40,5,0,1,0,0,0,0,9,152,3180,3378,574,572,8411
L2D_VISUAL,NECK_SWEEP,0,5,1,1,11,11,80,182,182,364,320,22,22,0,1,2,2,80,0,40,11,40,5,0,1,0,0,0,0,9,164,3182,3388,541,579,8432
L2D_VISUAL_POSE,NECK_SWEEP,0,9,5,0,00000000,00000000,3f800000,00000000,00000000,43200000,43128000,back_hair
L2D_VISUAL_POSE,NECK_SWEEP,1,-1,1,1,00000000,00000000,3f800000,00000000,00000000,431e0000,437b0000,cloth
L2D_VISUAL_POSE,NECK_SWEEP,2,3,3,6,00000000,00000000,3f800000,00000000,00000000,431c8000,43228000,face
L2D_VISUAL_POSE,NECK_SWEEP,3,1,2,1,00000000,c109c000,3f800000,00000000,00000000,431c0000,43588000,neck
L2D_VISUAL_POSE,NECK_SWEEP,4,2,4,0,00000000,00000000,3f800000,00000000,00000000,431a0000,43490000,mouth
L2D_VISUAL_POSE,NECK_SWEEP,5,2,4,0,00000000,00000000,3f800000,00000000,00000000,43358000,43308000,left_eye
L2D_VISUAL_POSE,NECK_SWEEP,6,2,4,0,00000000,00000000,3f800000,00000000,00000000,42f40000,432f8000,right_eye
L2D_VISUAL_POSE,NECK_SWEEP,7,2,4,0,00000000,00000000,3f800000,00000000,00000000,433862b3,4323b783,right_eyeup
L2D_VISUAL_POSE,NECK_SWEEP,8,2,4,0,00000000,00000000,3f800000,00000000,00000000,42f27534,4324424f,left_eyeup
L2D_VISUAL_POSE,NECK_SWEEP,9,2,4,2,00000000,00000000,3f800000,00000000,00000000,431d0000,42f50000,front_hair
L2D_VISUAL_POSE,NECK_SWEEP,10,9,5,0,00000000,00000000,3f800000,00000000,00000000,43550000,430b0000,hairwear
L2D_VISUAL,NECK_SWEEP,0,6,1,1,11,11,80,182,182,364,320,22,22,0,1,2,2,80,0,40,11,40,5,0,1,0,0,0,0,9,166,3198,3355,553,583,8387
L2D_VISUAL,NECK_SWEEP,0,7,1,1,11,11,80,182,182,364,320,22,22,0,1,2,2,80,0,40,11,40,5,0,1,0,0,0,0,9,162,3155,3434,545,535,8411
L2D_VISUAL,NECK_SWEEP,0,8,1,1,11,11,80,182,182,364,320,22,22,0,1,2,2,80,0,40,11,40,5,0,1,0,0,0,0,9,156,3214,3353,552,599,8396
L2D_VISUAL,NECK_SWEEP,0,9,1,1,11,11,80,182,182,364,320,22,22,0,1,2,2,80,0,40,11,40,5,0,1,0,0,0,0,9,189,3153,3403,539,503,8402
L2D_VISUAL,NECK_SWEEP,0,10,1,1,11,11,80,182,182,364,320,22,22,0,1,2,2,80,0,40,11,40,5,0,1,0,0,0,0,9,167,3172,3388,542,560,8390
L2D_VISUAL,NECK_SWEEP,0,11,1,1,11,11,80,182,182,364,320,22,22,0,1,2,2,80,0,40,11,40,5,0,1,0,0,0,0,9,155,3152,3373,559,556,8383
L2D_VISUAL,NECK_SWEEP,0,12,1,1,11,11,80,182,182,364,320,22,22,0,1,2,2,80,0,40,11,40,5,0,1,0,0,0,0,9,162,3167,3398,535,584,8391
L2D_VISUAL,NECK_SWEEP,0,13,1,1,11,11,80,182,182,364,320,22,22,0,1,2,2,80,0,40,11,40,5,0,1,0,0,0,0,9,197,3131,3362,546,539,8386
L2D_VISUAL,NECK_SWEEP,0,14,1,1,11,11,80,182,182,364,320,22,22,0,1,1,1,80,0,40,11,40,5,0,1,0,0,0,0,9,161,3196,3140,432,568,8044
L2D_VISUAL,NECK_SWEEP,0,15,1,1,11,11,80,182,182,364,320,22,22,0,1,2,2,80,0,40,11,40,5,0,1,0,0,0,0,9,171,3168,3350,547,499,8390
L2D_VISUAL,NECK_SWEEP,0,16,1,1,11,11,80,182,182,364,320,22,22,0,1,2,2,80,0,40,11,40,5,0,1,0,0,0,0,9,160,3193,3357,557,579,8403
L2D_VISUAL,NECK_SWEEP,0,17,1,1,11,11,80,182,182,364,320,22,22,0,1,2,2,80,0,40,11,40,5,0,1,0,0,0,0,9,161,3178,3371,536,523,8402
L2D_VISUAL,NECK_SWEEP,0,18,1,1,11,11,80,182,182,364,320,22,22,0,1,2,2,80,0,40,11,40,5,0,1,0,0,0,0,9,167,3209,3372,540,575,8391
L2D_VISUAL,NECK_SWEEP,0,19,1,1,11,11,80,182,182,364,320,22,22,0,1,2,2,80,0,40,11,40,5,0,1,0,0,0,0,9,165,3172,3370,551,558,8402
L2D_VISUAL,NECK_SWEEP,0,20,1,1,11,11,80,182,182,364,320,22,22,0,1,2,2,80,0,40,11,40,5,0,1,0,0,0,0,9,167,3198,3390,538,571,8406
L2D_VISUAL,NECK_SWEEP,0,21,1,1,11,11,80,182,182,364,320,22,22,0,1,2,2,80,0,40,11,40,5,0,1,0,0,0,0,9,158,3190,3353,537,573,8355
L2D_VISUAL,NECK_SWEEP,0,22,1,1,11,11,80,182,182,364,320,22,22,0,1,2,2,80,0,40,11,40,5,0,1,0,0,0,0,9,165,3145,3453,538,589,8419
L2D_VISUAL,NECK_SWEEP,0,23,1,1,11,11,80,182,182,364,320,22,22,0,1,2,2,80,0,40,11,40,5,0,1,0,0,0,0,9,158,3153,3382,549,562,8374
L2D_VISUAL,NECK_SWEEP,0,24,1,1,11,11,80,182,182,364,320,22,22,0,1,2,2,80,0,40,11,40,5,0,1,0,0,0,0,9,155,3160,3421,559,582,8404
L2D_VISUAL,NECK_SWEEP,0,25,1,1,11,11,80,182,182,364,320,22,22,0,1,2,2,80,0,40,11,40,5,0,1,0,0,0,0,9,167,3174,3353,532,548,8345
L2D_VISUAL,NECK_SWEEP,0,26,1,1,11,11,80,182,182,364,320,22,22,0,1,2,2,80,0,40,11,40,5,0,1,0,0,0,0,9,170,3223,3363,538,585,8401
L2D_VISUAL,NECK_SWEEP,0,27,1,1,11,11,80,182,182,364,320,22,22,0,1,2,2,80,0,40,11,40,5,0,1,0,0,0,0,9,162,3166,3370,546,498,8371
L2D_VISUAL,NECK_SWEEP,0,28,1,1,11,11,80,182,182,364,320,22,22,0,1,2,2,80,0,40,11,40,5,0,1,0,0,0,0,9,166,3226,3352,550,583,8399
L2D_VISUAL,NECK_SWEEP,0,29,1,1,11,11,80,182,182,364,320,22,22,0,1,2,2,80,0,40,11,40,5,0,1,0,0,0,0,9,162,3183,3371,572,515,8419
L2D_VISUAL,NECK_SWEEP,0,30,1,1,11,11,80,182,182,364,320,22,22,0,1,2,2,80,0,40,11,40,5,0,1,0,0,0,0,9,154,3182,3377,532,575,8397
L2D_VISUAL,NECK_SWEEP,0,31,1,1,11,11,80,182,182,364,320,22,22,0,1,2,2,80,0,40,11,40,5,0,1,0,0,0,0,9,167,3149,3398,542,517,8399
L2D_VISUAL,NECK_SWEEP,0,32,1,1,11,11,80,182,182,364,320,22,22,0,1,2,2,80,0,40,11,40,5,0,1,0,0,0,0,9,159,3180,3382,542,587,8405
L2D_VISUAL,NECK_SWEEP,0,33,1,1,11,11,80,182,182,364,320,22,22,0,1,2,2,80,0,40,11,40,5,0,1,0,0,0,0,9,160,3178,3396,573,514,8430
L2D_VISUAL,NECK_SWEEP,0,34,1,1,11,11,80,182,182,364,320,22,22,0,1,2,2,80,0,40,11,40,5,0,1,0,0,0,0,9,156,3210,3354,538,590,8389
L2D_VISUAL,NECK_SWEEP,0,35,1,1,11,11,80,182,182,364,320,22,22,0,1,2,2,80,0,40,11,40,5,0,1,0,0,0,0,9,164,3145,3389,575,571,8395
L2D_VISUAL,NECK_SWEEP,0,36,1,1,11,11,80,182,182,364,320,22,22,0,1,2,2,80,0,40,11,40,5,0,1,0,0,0,0,9,169,3142,3406,551,575,8383
L2D_VISUAL,NECK_SWEEP,0,37,1,1,11,11,80,182,182,364,320,22,22,0,1,2,2,80,0,40,11,40,5,0,1,0,0,0,0,9,164,3145,3430,541,504,8400
L2D_VISUAL,NECK_SWEEP,0,38,1,1,11,11,80,182,182,364,320,22,22,0,1,2,2,80,0,40,11,40,5,0,1,0,0,0,0,9,164,3147,3405,537,580,8360
L2D_VISUAL,NECK_SWEEP,0,39,1,1,11,11,80,182,182,364,320,22,22,0,1,2,2,80,0,40,11,40,5,0,1,0,0,0,0,9,165,3219,3361,536,530,8403
L2D_VISUAL,NECK_SWEEP,0,40,1,1,11,11,80,182,182,364,320,22,22,0,1,2,2,80,0,40,11,40,5,0,1,0,0,0,0,9,169,3187,3367,539,566,8383
L2D_VISUAL,NECK_SWEEP,0,41,1,1,11,11,80,182,182,364,320,22,22,0,1,2,2,80,0,40,11,40,5,0,1,0,0,0,0,9,158,3132,3374,545,556,8370
L2D_VISUAL,NECK_SWEEP,0,42,1,1,11,11,80,182,182,364,320,22,22,0,1,2,2,80,0,40,11,40,5,0,1,0,0,0,0,9,165,3168,3391,537,573,8373
L2D_VISUAL,NECK_SWEEP,0,43,1,1,11,11,80,182,182,364,320,22,22,0,1,2,2,80,0,40,11,40,5,0,1,0,0,0,0,9,164,3164,3352,539,494,8374
L2D_VISUAL,NECK_SWEEP,0,44,1,1,11,11,80,182,182,364,320,22,22,0,1,2,2,80,0,40,11,40,5,0,1,0,0,0,0,9,164,3202,3379,551,571,8399
L2D_VISUAL,NECK_SWEEP,0,45,1,1,11,11,80,182,182,364,320,22,22,0,1,2,2,80,0,40,11,40,5,0,1,0,0,0,0,9,156,3173,3382,541,532,8410
L2D_VISUAL,NECK_SWEEP,0,46,1,1,11,11,80,182,182,364,320,22,22,0,1,2,2,80,0,40,11,40,5,0,1,0,0,0,0,9,172,3167,3369,546,573,8398
L2D_VISUAL,NECK_SWEEP,0,47,1,1,11,11,80,182,182,364,320,22,22,0,1,2,2,80,0,40,11,40,5,0,1,0,0,0,0,9,171,3133,3388,550,585,8355
L2D_VISUAL,NECK_SWEEP,0,48,1,1,11,11,80,182,182,364,320,22,22,0,1,2,2,80,0,40,11,40,5,0,1,0,0,0,0,9,167,3195,3378,560,573,8412
L2D_VISUAL,NECK_SWEEP,0,49,1,1,11,11,80,182,182,364,320,22,22,0,1,2,2,80,0,40,11,40,5,0,1,0,0,0,0,9,163,3204,3350,544,518,8385
L2D_VISUAL,NECK_SWEEP,0,50,1,1,11,11,80,182,182,364,320,22,22,0,1,2,2,80,0,40,11,40,5,0,1,0,0,0,0,9,157,3187,3417,543,578,8413
L2D_VISUAL,NECK_SWEEP,0,51,1,1,11,11,80,182,182,364,320,22,22,0,1,2,2,80,0,40,11,40,5,0,1,0,0,0,0,9,168,3144,3410,542,509,8377
L2D_VISUAL,NECK_SWEEP,0,52,1,1,11,11,80,182,182,364,320,22,22,0,1,2,2,80,0,40,11,40,5,0,1,0,0,0,0,9,160,3224,3373,542,569,8419
L2D_VISUAL,NECK_SWEEP,0,53,1,1,11,11,80,182,182,364,320,22,22,0,1,2,2,80,0,40,11,40,5,0,1,0,0,0,0,9,160,3160,3391,554,529,8382
L2D_VISUAL,NECK_SWEEP,0,54,1,1,11,11,80,182,182,364,320,22,22,0,1,2,2,80,0,40,11,40,5,0,1,0,0,0,0,9,163,3155,3413,560,576,8398
I (9426) l2d_profile: visual diagnostic NECK_SWEEP done
L2D_VISUAL,FACE_SWEEP,1,0,1,0,11,11,80,182,182,364,320,22,22,0,1,1,1,80,0,40,11,40,5,0,0,0,0,0,0,0,162,3126,3193,446,883,8054
L2D_VISUAL,FACE_SWEEP,1,1,1,1,11,11,80,182,182,364,320,22,22,0,1,1,1,80,0,40,11,40,5,0,0,0,0,0,0,0,162,3165,3166,436,856,8084
L2D_VISUAL,FACE_SWEEP,1,2,1,1,11,11,80,182,182,364,320,22,22,0,1,1,1,80,0,40,11,40,5,0,0,0,0,0,0,0,165,3155,3214,433,893,8086
L2D_VISUAL,FACE_SWEEP,1,3,1,1,11,11,80,182,182,364,320,22,22,0,1,1,1,80,0,40,11,40,5,0,0,0,0,0,0,0,160,3182,3140,433,839,8079
L2D_VISUAL,FACE_SWEEP,1,4,1,1,11,11,80,182,182,364,320,22,22,0,1,1,1,80,0,40,11,40,5,0,0,0,0,0,0,0,169,3179,3164,434,904,8093
L2D_VISUAL,FACE_SWEEP,0,5,1,1,11,11,80,182,182,364,320,22,22,0,1,1,1,80,0,40,11,40,5,0,0,0,0,0,0,0,170,3155,3165,437,903,8041
L2D_VISUAL_POSE,FACE_SWEEP,0,9,5,0,00000000,00000000,3f800000,00000000,00000000,43200000,43128000,back_hair
L2D_VISUAL_POSE,FACE_SWEEP,1,-1,1,1,00000000,00000000,3f800000,00000000,00000000,431e0000,437b0000,cloth
L2D_VISUAL_POSE,FACE_SWEEP,2,3,3,6,00000000,00000000,3f800000,00000000,00000000,431c8000,43228000,face
L2D_VISUAL_POSE,FACE_SWEEP,3,1,2,1,00000000,00000000,3f800000,00000000,00000000,431c0000,43588000,neck
L2D_VISUAL_POSE,FACE_SWEEP,4,2,4,0,00000000,00000000,3f800000,00000000,00000000,431a0000,43490000,mouth
L2D_VISUAL_POSE,FACE_SWEEP,5,2,4,0,00000000,00000000,3f800000,00000000,00000000,43358000,43308000,left_eye
L2D_VISUAL_POSE,FACE_SWEEP,6,2,4,0,00000000,00000000,3f800000,00000000,00000000,42f40000,432f8000,right_eye
L2D_VISUAL_POSE,FACE_SWEEP,7,2,4,0,00000000,00000000,3f800000,00000000,00000000,433862b3,4323b783,right_eyeup
L2D_VISUAL_POSE,FACE_SWEEP,8,2,4,0,00000000,00000000,3f800000,00000000,00000000,42f27534,4324424f,left_eyeup
L2D_VISUAL_POSE,FACE_SWEEP,9,2,4,2,00000000,00000000,3f800000,00000000,00000000,431d0000,42f50000,front_hair
L2D_VISUAL_POSE,FACE_SWEEP,10,9,5,0,00000000,00000000,3f800000,00000000,00000000,43550000,430b0000,hairwear
L2D_VISUAL,FACE_SWEEP,0,6,1,1,11,11,80,182,182,364,320,22,22,0,1,1,1,80,0,40,11,40,5,0,0,0,0,0,0,0,163,3177,3155,433,884,8055
L2D_VISUAL,FACE_SWEEP,0,7,1,1,11,11,80,182,182,364,320,22,22,0,1,1,1,80,0,40,11,40,5,0,0,0,0,0,0,0,161,3163,3198,466,899,8093
L2D_VISUAL,FACE_SWEEP,0,8,1,1,11,11,80,182,182,364,320,22,22,0,1,1,1,80,0,40,11,40,5,0,0,0,0,0,0,0,165,3171,3137,444,914,8029
L2D_VISUAL,FACE_SWEEP,0,9,1,1,11,11,80,182,182,364,320,22,22,0,1,1,1,80,0,40,11,40,5,0,0,0,0,0,0,0,169,3204,3141,444,897,8078
L2D_VISUAL,FACE_SWEEP,0,10,1,1,11,11,80,182,182,364,320,22,22,0,1,1,1,80,0,40,11,40,5,0,0,0,0,0,0,0,163,3165,3163,435,844,8032
L2D_VISUAL,FACE_SWEEP,0,11,1,1,11,11,80,182,182,364,320,22,22,0,1,1,1,80,0,40,11,40,5,0,0,0,0,0,0,0,166,3217,3149,446,894,8101
L2D_VISUAL,FACE_SWEEP,0,12,1,1,11,11,80,182,182,364,320,22,22,0,1,1,1,80,0,40,11,40,5,0,0,0,0,0,0,0,160,3144,3161,434,845,8030
L2D_VISUAL,FACE_SWEEP,0,13,1,1,11,11,80,182,182,364,320,22,22,0,1,1,1,80,0,40,11,40,5,0,0,0,0,0,0,0,176,3178,3190,446,901,8099
L2D_VISUAL,FACE_SWEEP,0,14,1,1,11,11,80,182,182,364,320,22,22,0,1,1,1,80,0,40,11,40,5,0,0,0,0,0,0,0,146,3194,3149,445,837,8046
L2D_VISUAL,FACE_SWEEP,0,15,1,1,11,11,80,182,182,364,320,22,22,0,1,1,1,80,0,40,11,40,5,0,0,0,0,0,0,0,161,3174,3182,438,877,8072
L2D_VISUAL,FACE_SWEEP,0,16,1,1,11,11,80,182,182,364,320,22,22,0,1,1,1,80,0,40,11,40,5,0,0,0,0,0,0,0,160,3139,3173,441,832,8020
L2D_VISUAL,FACE_SWEEP,0,17,1,1,11,11,80,182,182,364,320,22,22,0,1,1,1,80,0,40,11,40,5,0,0,0,0,0,0,0,162,3197,3153,442,889,8081
L2D_VISUAL,FACE_SWEEP,0,18,1,1,11,11,80,182,182,364,320,22,22,0,1,1,1,80,0,40,11,40,5,0,0,0,0,0,0,0,156,3190,3141,436,870,8042
L2D_VISUAL,FACE_SWEEP,0,19,1,1,11,11,80,182,182,364,320,22,22,0,1,1,1,80,0,40,11,40,5,0,0,0,0,0,0,0,162,3169,3201,444,879,8087
L2D_VISUAL,FACE_SWEEP,0,20,1,1,11,11,80,182,182,364,320,22,22,0,1,1,1,80,0,40,11,40,5,0,0,0,0,0,0,0,160,3145,3176,444,890,8046
L2D_VISUAL,FACE_SWEEP,0,21,1,1,11,11,80,182,182,364,320,22,22,0,1,1,1,80,0,40,11,40,5,0,0,0,0,0,0,0,155,3186,3172,453,866,8093
L2D_VISUAL,FACE_SWEEP,0,22,1,1,11,11,80,182,182,364,320,22,22,0,1,1,1,80,0,40,11,40,5,0,0,0,0,0,0,0,169,3132,3191,434,876,8039
L2D_VISUAL,FACE_SWEEP,0,23,1,1,11,11,80,182,182,364,320,22,22,0,1,1,1,80,0,40,11,40,5,0,0,0,0,0,0,0,199,3180,3138,454,882,8084
L2D_VISUAL,FACE_SWEEP,0,24,1,1,11,11,80,182,182,364,320,22,22,0,1,1,1,80,0,40,11,40,5,0,0,0,0,0,0,0,162,3140,3181,443,879,8029
L2D_VISUAL,FACE_SWEEP,0,25,1,1,11,11,80,182,182,364,320,22,22,0,1,1,1,80,0,40,11,40,5,0,0,0,0,0,0,0,161,3155,3191,443,875,8099
L2D_VISUAL,FACE_SWEEP,0,26,1,1,11,11,80,182,182,364,320,22,22,0,1,1,1,80,0,40,11,40,5,0,0,0,0,0,0,0,164,3155,3142,435,893,8075
L2D_VISUAL,FACE_SWEEP,0,27,1,1,11,11,80,182,182,364,320,22,22,0,1,1,1,80,0,40,11,40,5,0,0,0,0,0,0,0,158,3139,3200,433,910,8044
L2D_VISUAL,FACE_SWEEP,0,28,1,1,11,11,80,182,182,364,320,22,22,0,1,1,1,80,0,40,11,40,5,0,0,0,0,0,0,0,165,3187,3164,442,841,8066
L2D_VISUAL,FACE_SWEEP,0,29,1,1,11,11,80,182,182,364,320,22,22,0,1,1,1,80,0,40,11,40,5,0,0,0,0,0,0,0,172,3161,3169,436,870,8053
L2D_VISUAL,FACE_SWEEP,0,30,1,1,11,11,80,182,182,364,320,22,22,0,1,1,1,80,0,40,11,40,5,0,0,0,0,0,0,0,159,3171,3191,443,889,8071
L2D_VISUAL,FACE_SWEEP,0,31,1,1,11,11,80,182,182,364,320,22,22,0,1,1,1,80,0,40,11,40,5,0,0,0,0,0,0,0,168,3180,3136,444,879,8047
L2D_VISUAL,FACE_SWEEP,0,32,1,1,11,11,80,182,182,364,320,22,22,0,1,1,1,80,0,40,11,40,5,0,0,0,0,0,0,0,158,3180,3167,445,879,8064
L2D_VISUAL,FACE_SWEEP,0,33,1,1,11,11,80,182,182,364,320,22,22,0,1,1,1,80,0,40,11,40,5,0,0,0,0,0,0,0,158,3199,3146,445,886,8052
L2D_VISUAL,FACE_SWEEP,0,34,1,1,11,11,80,182,182,364,320,22,22,0,1,1,1,80,0,40,11,40,5,0,0,0,0,0,0,0,160,3194,3146,435,865,8086
L2D_VISUAL,FACE_SWEEP,0,35,1,1,11,11,80,182,182,364,320,22,22,0,1,1,1,80,0,40,11,40,5,0,0,0,0,0,0,0,170,3187,3139,436,879,8053
L2D_VISUAL,FACE_SWEEP,0,36,1,1,11,11,80,182,182,364,320,22,22,0,1,1,1,80,0,40,11,40,5,0,0,0,0,0,0,0,163,3178,3127,441,874,8065
L2D_VISUAL,FACE_SWEEP,0,37,1,1,11,11,80,182,182,364,320,22,22,0,1,1,1,80,0,40,11,40,5,0,0,0,0,0,0,0,162,3189,3148,442,883,8075
L2D_VISUAL,FACE_SWEEP,0,38,1,1,11,11,80,182,182,364,320,22,22,0,1,1,1,80,0,40,11,40,5,0,0,0,0,0,0,0,174,3159,3138,446,881,8059
L2D_VISUAL,FACE_SWEEP,0,39,1,1,11,11,80,182,182,364,320,22,22,0,1,1,1,80,0,40,11,40,5,0,0,0,0,0,0,0,163,3184,3176,448,882,8099
L2D_VISUAL,FACE_SWEEP,0,40,1,1,11,11,80,182,182,364,320,22,22,0,1,1,1,80,0,40,11,40,5,0,0,0,0,0,0,0,165,3148,3171,436,864,8045
L2D_VISUAL,FACE_SWEEP,0,41,1,1,11,11,80,182,182,364,320,22,22,0,1,1,1,80,0,40,11,40,5,0,0,0,0,0,0,0,159,3196,3144,473,885,8091
L2D_VISUAL,FACE_SWEEP,0,42,1,1,11,11,80,182,182,364,320,22,22,0,1,1,1,80,0,40,11,40,5,0,0,0,0,0,0,0,168,3173,3149,434,934,8031
L2D_VISUAL,FACE_SWEEP,0,43,1,1,11,11,80,182,182,364,320,22,22,0,1,1,1,80,0,40,11,40,5,0,0,0,0,0,0,0,156,3189,3158,436,888,8089
L2D_VISUAL,FACE_SWEEP,0,44,1,1,11,11,80,182,182,364,320,22,22,0,1,1,1,80,0,40,11,40,5,0,0,0,0,0,0,0,159,3181,3148,438,926,8053
L2D_VISUAL,FACE_SWEEP,0,45,1,1,11,11,80,182,182,364,320,22,22,0,1,1,1,80,0,40,11,40,5,0,0,0,0,0,0,0,150,3177,3212,444,902,8092
L2D_VISUAL,FACE_SWEEP,0,46,1,1,11,11,80,182,182,364,320,22,22,0,1,1,1,80,0,40,11,40,5,0,0,0,0,0,0,0,176,3179,3129,438,869,8040
L2D_VISUAL,FACE_SWEEP,0,47,1,1,11,11,80,182,182,364,320,22,22,0,1,1,1,80,0,40,11,40,5,0,0,0,0,0,0,0,164,3172,3184,433,889,8087
L2D_VISUAL,FACE_SWEEP,0,48,1,1,11,11,80,182,182,364,320,22,22,0,1,1,1,80,0,40,11,40,5,0,0,0,0,0,0,0,161,3145,3182,443,899,8050
L2D_VISUAL,FACE_SWEEP,0,49,1,1,11,11,80,182,182,364,320,22,22,0,1,1,1,80,0,40,11,40,5,0,0,0,0,0,0,0,159,3196,3162,454,908,8088
L2D_VISUAL,FACE_SWEEP,0,50,1,1,11,11,80,182,182,364,320,22,22,0,1,1,1,80,0,40,11,40,5,0,0,0,0,0,0,0,191,3139,3148,442,885,8043
L2D_VISUAL,FACE_SWEEP,0,51,1,1,11,11,80,182,182,364,320,22,22,0,1,1,1,80,0,40,11,40,5,0,0,0,0,0,0,0,199,3148,3149,451,899,8067
L2D_VISUAL,FACE_SWEEP,0,52,1,1,11,11,80,182,182,364,320,22,22,0,1,1,1,80,0,40,11,40,5,0,0,0,0,0,0,0,166,3178,3127,437,882,8031
L2D_VISUAL,FACE_SWEEP,0,53,1,1,11,11,80,182,182,364,320,22,22,0,1,1,1,80,0,40,11,40,5,0,0,0,0,0,0,0,159,3196,3153,432,897,8067
L2D_VISUAL,FACE_SWEEP,0,54,1,1,11,11,80,182,182,364,320,22,22,0,1,1,1,80,0,40,11,40,5,0,0,0,0,0,0,0,168,3141,3184,435,885,8039
I (11604) l2d_profile: visual diagnostic FACE_SWEEP done
L2D_VISUAL,MULTI_AXIS,1,0,1,0,11,11,80,182,182,364,320,22,22,0,1,2,2,80,0,40,11,40,5,0,0,0,0,0,0,0,183,3173,3322,557,909,8373
L2D_VISUAL,MULTI_AXIS,1,1,1,1,11,11,80,182,182,364,320,22,22,0,1,1,1,80,0,40,11,40,5,0,1,2,3,0,0,9,163,3136,3201,445,917,8067
L2D_VISUAL,MULTI_AXIS,1,2,1,1,11,11,80,182,182,364,320,22,22,0,1,2,2,80,0,40,11,40,5,0,1,2,3,0,0,9,160,3198,3344,540,938,8358
L2D_VISUAL,MULTI_AXIS,1,3,1,1,11,11,80,182,182,364,320,22,22,0,1,2,2,80,0,40,11,40,5,0,1,2,3,0,0,9,175,3210,3361,540,913,8389
L2D_VISUAL,MULTI_AXIS,1,4,1,1,11,11,80,182,182,364,320,22,22,0,1,2,2,80,0,40,11,40,5,0,1,2,3,0,0,9,178,3194,3351,546,912,8367
L2D_VISUAL,MULTI_AXIS,0,5,1,1,11,11,80,182,182,364,320,22,22,0,1,2,2,80,0,40,11,40,5,0,1,2,3,0,0,9,156,3157,3434,540,911,8411
L2D_VISUAL_POSE,MULTI_AXIS,0,9,5,0,00000000,00000000,3f800000,00000000,00000000,43200000,43128000,back_hair
L2D_VISUAL_POSE,MULTI_AXIS,1,-1,1,1,00000000,00000000,3f800000,00000000,00000000,431e0000,437b0000,cloth
L2D_VISUAL_POSE,MULTI_AXIS,2,3,3,6,00000000,00000000,3f800000,00000000,00000000,431c8000,43228000,face
L2D_VISUAL_POSE,MULTI_AXIS,3,1,2,1,00000000,40808000,3f800000,00000000,00000000,431c0000,43588000,neck
L2D_VISUAL_POSE,MULTI_AXIS,4,2,4,0,00000000,00000000,3f800000,00000000,00000000,431a0000,43490000,mouth
L2D_VISUAL_POSE,MULTI_AXIS,5,2,4,0,00000000,00000000,3eb42000,00000000,00000000,43358000,43308000,left_eye
L2D_VISUAL_POSE,MULTI_AXIS,6,2,4,0,00000000,00000000,3f39cc00,00000000,bf300000,42f40000,432f8000,right_eye
L2D_VISUAL_POSE,MULTI_AXIS,7,2,4,0,00000000,00000000,3f800000,3e800000,41190000,433862b3,4323b783,right_eyeup
L2D_VISUAL_POSE,MULTI_AXIS,8,2,4,0,00000000,00000000,3f800000,3e000000,40500000,42f27534,4324424f,left_eyeup
L2D_VISUAL_POSE,MULTI_AXIS,9,2,4,2,00000000,00000000,3f800000,00000000,00000000,431d0000,42f50000,front_hair
L2D_VISUAL_POSE,MULTI_AXIS,10,9,5,0,00000000,00000000,3f800000,00000000,00000000,43550000,430b0000,hairwear
L2D_VISUAL,MULTI_AXIS,0,6,1,1,11,11,80,182,182,364,320,22,22,0,1,2,2,80,0,40,11,40,5,0,1,2,3,0,0,9,152,3193,3376,540,882,8414
L2D_VISUAL,MULTI_AXIS,0,7,1,1,11,11,80,182,182,364,320,22,22,0,1,2,2,80,0,40,11,40,5,0,1,2,3,0,0,9,168,3145,3405,548,946,8380
L2D_VISUAL,MULTI_AXIS,0,8,1,1,11,11,80,182,182,364,320,22,22,0,1,2,2,80,0,40,11,40,5,0,1,2,3,0,0,9,165,3164,3346,572,920,8395
L2D_VISUAL,MULTI_AXIS,0,9,1,1,11,11,80,182,182,364,320,22,22,0,1,2,2,80,0,40,11,40,5,0,1,2,3,0,0,9,175,3165,3399,550,880,8395
L2D_VISUAL,MULTI_AXIS,0,10,1,1,11,11,80,182,182,364,320,22,22,0,1,2,2,80,0,40,11,40,5,0,1,2,3,0,0,9,165,3148,3400,543,951,8376
L2D_VISUAL,MULTI_AXIS,0,11,1,1,11,11,80,182,182,364,320,22,22,0,1,2,2,80,0,40,11,40,5,0,1,2,3,0,0,9,163,3158,3422,542,915,8391
L2D_VISUAL,MULTI_AXIS,0,12,1,1,11,11,80,182,182,364,320,22,22,0,1,2,2,80,0,40,11,40,5,0,1,2,3,0,0,9,160,3139,3397,537,948,8355
L2D_VISUAL,MULTI_AXIS,0,13,1,1,11,11,80,182,182,364,320,22,22,0,1,2,2,80,0,40,11,40,5,0,1,2,3,0,0,9,155,3172,3408,546,863,8396
L2D_VISUAL,MULTI_AXIS,0,14,1,1,11,11,80,182,182,364,320,22,22,0,1,2,2,80,0,40,11,40,5,0,1,2,3,0,0,9,158,3188,3338,561,917,8363
L2D_VISUAL,MULTI_AXIS,0,15,1,1,11,11,80,182,182,364,320,22,22,0,1,2,2,80,0,40,11,40,5,0,1,2,3,0,0,9,163,3151,3434,541,870,8407
L2D_VISUAL,MULTI_AXIS,0,16,1,1,11,11,80,182,182,364,320,22,22,0,1,2,2,80,0,40,11,40,5,0,1,2,3,0,0,9,158,3182,3343,569,908,8359
L2D_VISUAL,MULTI_AXIS,0,17,1,1,11,11,80,182,182,364,320,22,22,0,1,2,2,80,0,40,11,40,5,0,1,2,3,0,0,9,161,3195,3384,540,919,8387
L2D_VISUAL,MULTI_AXIS,0,18,1,1,11,11,80,182,182,364,320,22,22,0,1,2,2,80,0,40,11,40,5,0,1,2,3,0,0,9,161,3206,3356,555,904,8385
L2D_VISUAL,MULTI_AXIS,0,19,1,1,11,11,80,182,182,364,320,22,22,0,1,2,2,80,0,40,11,40,5,0,1,2,3,0,0,9,170,3161,3356,557,852,8389
L2D_VISUAL,MULTI_AXIS,0,20,1,1,11,11,80,182,182,364,320,22,22,0,1,2,2,80,0,40,11,40,5,0,1,2,3,0,0,9,167,3178,3410,541,899,8407
L2D_VISUAL,MULTI_AXIS,0,21,1,1,11,11,80,182,182,364,320,22,22,0,1,2,2,80,0,40,11,40,5,0,1,2,3,0,0,9,161,3176,3364,560,918,8364
L2D_VISUAL,MULTI_AXIS,0,22,1,1,11,11,80,182,182,364,320,22,22,0,1,2,2,80,0,40,11,40,5,0,1,2,3,0,0,9,164,3177,3357,539,911,8399
L2D_VISUAL,MULTI_AXIS,0,23,1,1,11,11,80,182,182,364,320,22,22,0,1,2,2,80,0,40,11,40,5,0,1,2,3,0,0,9,158,3186,3327,566,913,8356
L2D_VISUAL,MULTI_AXIS,0,24,1,1,11,11,80,182,182,364,320,22,22,0,1,2,2,80,0,40,11,40,5,0,1,2,3,0,0,9,171,3203,3372,542,930,8394
L2D_VISUAL,MULTI_AXIS,0,25,1,1,11,11,80,182,182,364,320,22,22,0,1,2,2,80,0,40,11,40,5,0,1,2,3,0,0,9,169,3176,3371,570,919,8396
L2D_VISUAL,MULTI_AXIS,0,26,1,1,11,11,80,182,182,364,320,22,22,0,1,2,2,80,0,40,11,40,5,0,1,2,3,0,0,9,160,3141,3393,571,922,8390
L2D_VISUAL,MULTI_AXIS,0,27,1,1,11,11,80,182,182,364,320,22,22,0,1,2,2,80,0,40,11,40,5,0,1,2,3,0,0,9,158,3173,3421,541,910,8401
L2D_VISUAL,MULTI_AXIS,0,28,1,1,11,11,80,182,182,364,320,22,22,0,1,2,2,80,0,40,11,40,5,0,1,2,3,0,0,9,169,3171,3355,569,924,8407
L2D_VISUAL,MULTI_AXIS,0,29,1,1,11,11,80,182,182,364,320,22,22,0,1,1,1,80,0,40,11,40,5,0,1,2,3,0,0,9,165,3204,3164,434,911,8089
L2D_VISUAL,MULTI_AXIS,0,30,1,1,11,11,80,182,182,364,320,22,22,0,1,2,2,80,0,40,11,40,5,0,1,2,3,0,0,9,167,3152,3374,532,918,8382
L2D_VISUAL,MULTI_AXIS,0,31,1,1,11,11,80,182,182,364,320,22,22,0,1,2,2,80,0,40,11,40,5,0,1,2,3,0,0,9,157,3173,3391,540,908,8389
L2D_VISUAL,MULTI_AXIS,0,32,1,1,11,11,80,182,182,364,320,22,22,0,1,2,2,80,0,40,11,40,5,0,1,2,3,0,0,9,162,3164,3365,536,941,8352
L2D_VISUAL,MULTI_AXIS,0,33,1,1,11,11,80,182,182,364,320,22,22,0,1,2,2,80,0,40,11,40,5,0,1,2,3,0,0,9,156,3189,3384,539,917,8383
L2D_VISUAL,MULTI_AXIS,0,34,1,1,11,11,80,182,182,364,320,22,22,0,1,2,2,80,0,40,11,40,5,0,1,2,3,0,0,9,167,3206,3350,542,950,8368
L2D_VISUAL,MULTI_AXIS,0,35,1,1,11,11,80,182,182,364,320,22,22,0,1,2,2,80,0,40,11,40,5,0,1,2,3,0,0,9,170,3133,3431,539,923,8389
L2D_VISUAL,MULTI_AXIS,0,36,1,1,11,11,80,182,182,364,320,22,22,0,1,2,2,80,0,40,11,40,5,0,1,2,3,0,0,9,159,3207,3336,552,915,8374
L2D_VISUAL,MULTI_AXIS,0,37,1,1,11,11,80,182,182,364,320,22,22,0,1,2,2,80,0,40,11,40,5,0,1,2,3,0,0,9,167,3190,3375,562,915,8402
L2D_VISUAL,MULTI_AXIS,0,38,1,1,11,11,80,182,182,364,320,22,22,0,1,2,2,80,0,40,11,40,5,0,1,2,3,0,0,9,159,3176,3373,551,911,8381
L2D_VISUAL,MULTI_AXIS,0,39,1,1,11,11,80,182,182,364,320,22,22,0,1,2,2,80,0,40,11,40,5,0,1,2,3,0,0,9,152,3205,3384,552,914,8407
L2D_VISUAL,MULTI_AXIS,0,40,1,1,11,11,80,182,182,364,320,22,22,0,1,2,2,80,0,40,11,40,5,0,1,2,3,0,0,9,158,3171,3352,564,922,8380
L2D_VISUAL,MULTI_AXIS,0,41,1,1,11,11,80,182,182,364,320,22,22,0,1,2,2,80,0,40,11,40,5,0,1,2,3,0,0,9,162,3158,3415,541,892,8398
L2D_VISUAL,MULTI_AXIS,0,42,1,1,11,11,80,182,182,364,320,22,22,0,1,2,2,80,0,40,11,40,5,0,1,2,3,0,0,9,160,3205,3398,542,927,8410
L2D_VISUAL,MULTI_AXIS,0,43,1,1,11,11,80,182,182,364,320,22,22,0,1,2,2,80,0,40,11,40,5,0,1,2,3,0,0,9,156,3178,3379,545,898,8410
L2D_VISUAL,MULTI_AXIS,0,44,1,1,11,11,80,182,182,364,320,22,22,0,1,2,2,80,0,40,11,40,5,0,1,2,3,0,0,9,160,3154,3424,540,922,8404
L2D_VISUAL,MULTI_AXIS,0,45,1,1,11,11,80,182,182,364,320,22,22,0,1,2,2,80,0,40,11,40,5,0,1,2,3,0,0,9,165,3138,3381,573,902,8398
L2D_VISUAL,MULTI_AXIS,0,46,1,1,11,11,80,182,182,364,320,22,22,0,1,2,2,80,0,40,11,40,5,0,1,2,3,0,0,9,156,3163,3426,543,920,8401
L2D_VISUAL,MULTI_AXIS,0,47,1,1,11,11,80,182,182,364,320,22,22,0,1,2,2,80,0,40,11,40,5,0,1,2,3,0,0,9,158,3127,3410,542,947,8348
L2D_VISUAL,MULTI_AXIS,0,48,1,1,11,11,80,182,182,364,320,22,22,0,1,2,2,80,0,40,11,40,5,0,1,2,3,0,0,9,157,3174,3406,544,921,8413
L2D_VISUAL,MULTI_AXIS,0,49,1,1,11,11,80,182,182,364,320,22,22,0,1,2,2,80,0,40,11,40,5,0,1,2,3,0,0,9,156,3201,3358,544,950,8361
L2D_VISUAL,MULTI_AXIS,0,50,1,1,11,11,80,182,182,364,320,22,22,0,1,2,2,80,0,40,11,40,5,0,1,2,3,0,0,9,163,3210,3378,552,925,8413
L2D_VISUAL,MULTI_AXIS,0,51,1,1,11,11,80,182,182,364,320,22,22,0,1,2,2,80,0,40,11,40,5,0,1,2,3,0,0,9,166,3173,3378,572,919,8410
L2D_VISUAL,MULTI_AXIS,0,52,1,1,11,11,80,182,182,364,320,22,22,0,1,2,2,80,0,40,11,40,5,0,1,2,3,0,0,9,161,3217,3358,543,906,8405
L2D_VISUAL,MULTI_AXIS,0,53,1,1,11,11,80,182,182,364,320,22,22,0,1,2,2,80,0,40,11,40,5,0,1,2,3,0,0,9,171,3165,3405,538,902,8375
L2D_VISUAL,MULTI_AXIS,0,54,1,1,11,11,80,182,182,364,320,22,22,0,1,2,2,80,0,40,11,40,5,0,1,2,3,0,0,9,169,3132,3391,573,899,8414
I (13787) l2d_profile: visual diagnostic MULTI_AXIS done
L2D_DONE
