ESP-ROM:esp32p4-eco2-20240710
Build:Jul 10 2024
rst:0x1 (POWERON),boot:0x30f (SPI_FAST_FLASH_BOOT)
SPI mode:DIO, clock div:1
load:0x4ff33ce0,len:0x514
load:0x4ff29ed0,len:0xbbc
load:0x4ff2cbd0,len:0x3114
entry 0x4ff29ed0
I (335) hex_psram: vendor id    : 0x0d (AP)
I (335) hex_psram: Latency      : 0x01 (Fixed)
I (335) hex_psram: DriveStr.    : 0x00 (25 Ohm)
I (336) hex_psram: dev id       : 0x03 (generation 4)
I (341) hex_psram: density      : 0x07 (256 Mbit)
I (345) hex_psram: good-die     : 0x06 (Pass)
I (349) hex_psram: SRF          : 0x02 (Slow Refresh)
I (354) hex_psram: BurstType    : 0x00 ( Wrap)
I (358) hex_psram: BurstLen     : 0x03 (2048 Byte)
I (363) hex_psram: BitMode      : 0x01 (X16 Mode)
I (367) hex_psram: Readlatency  : 0x04 (14 cycles@Fixed)
I (372) hex_psram: DriveStrength: 0x00 (1/1)
I (376) MSPI Timing: Enter psram timing tuning
I (550) esp_psram: Found 32MB PSRAM device
I (551) esp_psram: Speed: 200MHz
I (551) hex_psram: psram CS IO is dedicated
I (552) cpu_start: Multicore app
I (1459) esp_psram: SPI SRAM memory test OK
I (1469) cpu_start: GPIO 38 and 37 are used as console UART I/O pins
I (1470) cpu_start: Pro cpu start user code
I (1470) cpu_start: cpu freq: 360000000 Hz
I (1472) app_init: Application information:
I (1476) app_init: Project name:     live2d_rt30_baseline
I (1481) app_init: App version:      1
I (1484) app_init: Compile time:     Sep 28 2026 19:05:43
I (1490) app_init: ELF file SHA256:  88e8ee51c...
I (1494) app_init: ESP-IDF:          v5.5.2
I (1498) efuse_init: Min chip rev:     v0.1
I (1502) efuse_init: Max chip rev:     v1.99
I (1506) efuse_init: Chip rev:         v1.3
I (1510) heap_init: Initializing. RAM available for dynamic allocation:
I (1516) heap_init: At 4FF20770 len 0001A850 (106 KiB): RETENT_RAM
I (1522) heap_init: At 4FF3AFC0 len 00004BF0 (18 KiB): RAM
I (1527) heap_init: At 4FF40000 len 00060000 (384 KiB): RAM
I (1533) heap_init: At 501080A0 len 00007F60 (31 KiB): RTCRAM
I (1538) heap_init: At 30100084 len 00001F7C (7 KiB): TCM
I (1543) esp_psram: Adding pool of 32768K of PSRAM memory to heap allocator
I (1551) spi_flash: detected chip: generic
I (1554) spi_flash: flash io: dio
I (1557) sleep_gpio: Configure to isolate all GPIO pins in sleep state
I (1563) sleep_gpio: Enable automatic switching of GPIO sleep configuration
I (1570) main_task: Started on CPU0
I (1594) esp_psram: Reserving pool of 256K of internal memory for DMA/internal allocations
I (1595) main_task: Calling app_main()
I (1595) l2d_baseline: === Live2D RT30 baseline ===
I (1599) l2d_baseline: ========================================
I (1605) l2d_baseline:  Live2D RT30 baseline, target=30 fps, core=0
I (1611) l2d_baseline:  model=/sdcard/esp.live
I (1615) l2d_baseline: ========================================
I (1620) l2d_baseline: heap boot: psram_free=33551716 psram_min=33551716 internal_free=500547
I (1655) sys_storage: Mounting SD card at /sdcard
I (1656) main_task: Returned from app_main()
I (1710) sys_storage: Storage subsystem ready (NVS + SD at /sdcard)
I (1710) sys_sdio: ready: SD serial task core=0 prio=4 queue=20
I (1712) sys_storage: font cache found: /sdcard/fonts/noto_sans_sc_16.bin (955208 bytes)
I (1718) l2d_baseline: storage ready at /sdcard
I (1724) esp_lvgl:adapter: LVGL adapter initialized successfully
I (1801) GT911: TouchPad_ID:0x39,0x31,0x31
I (1801) GT911: TouchPad_Config_Version:101
W (1801) ledc: GPIO 20 is not usable, maybe conflict with others
I (1804) WT99P4C5_S1_BOARD: MIPI DSI PHY Powered on
I (1809) WT99P4C5_S1_BOARD: Install MIPI DSI LCD control panel
I (1814) WT99P4C5_S1_BOARD: Install EK79007 LCD control panel
I (1819) WT99P4C5_S1_BOARD: MIPI DSI DPI clock: 80.00 MHz
I (1824) ek79007: version: 1.0.4
I (1998) WT99P4C5_S1_BOARD: Display initialized
I (1998) WT99P4C5_S1_BOARD: Display resolution 1024x600
I (2002) esp_lvgl:bridge_v9: Initializing hardware resources
I (2002) esp_lvgl:bridge_v9: Hardware resources initialized successfully
I (2013) WT99P4C5_S1_BOARD: GT911 touch ready on GPIO 21
W (2013) esp_lvgl:touch: LV_USE_GESTURE_RECOGNITION is disabled; only single-point pointer events are available
I (2023) esp_lvgl:touch: Touch input device registered successfully (IRQ mode: disabled)
I (2031) esp_lvgl:adapter: LVGL task started successfully
I (2036) sys_display: Display + LVGL initialized (custom config)
I (2041) WT99P4C5_S1_BOARD: Setting LCD backlight: 80%
I (2046) sys_monitor: CPU monitor started (per-core idle tasks)
I (2052) sys_monitor: FPS tracking attached to display
I (2588) l2d_baseline: model file loaded: /sdcard/esp.live (798660 bytes)
I (2588) l2d_baseline: model CRC32_LE=0x06dce0ed
I (2641) l2d_baseline: model SHA256=786b18e342f3a7b3e67042822f138824aaad610d6c46130f58f5c59bbb379b0b
I (2641) live2d_engine: Live2D engine pool allocated in PSRAM: 16777216 bytes
I (2645) live2d_engine: Importing PainterEngine Live2D model, file size=798660 bytes, pool free=16777216 bytes
I (2701) live2d_engine: Model loaded: id='esp', size=320x320, layers=11, textures=12, animations=1, pool free=15944312 bytes
I (2701) live2d_engine: Using nearest-neighbor pixel shader for ESP renderer
I (2708) live2d_engine: RT30 realtime axes: 4
I (2712) live2d_engine:   axis[0] id='left_eye' default=0 middle=15 bindings=2 sampleBytes=360 stride=12 vidx=0 Q(coord=4 rot=6 stretch=14)
I (2724) live2d_engine:     binding[0] layer=6 id='right_eye' mask=0x0050 vertices=0 sample_offset=0
I (2733) live2d_engine:     binding[1] layer=8 id='left_eyeup' mask=0x0010 vertices=0 sample_offset=6
I (2742) live2d_engine:   axis[1] id='right_eye' default=0 middle=15 bindings=2 sampleBytes=240 stride=8 vidx=0 Q(coord=4 rot=6 stretch=14)
I (2754) live2d_engine:     binding[0] layer=5 id='left_eye' mask=0x0040 vertices=0 sample_offset=0
I (2763) live2d_engine:     binding[1] layer=7 id='right_eyeup' mask=0x0010 vertices=0 sample_offset=2
I (2772) live2d_engine:   axis[2] id='neck' default=15 middle=15 bindings=1 sampleBytes=960 stride=32 vidx=7 Q(coord=4 rot=6 stretch=14)
I (2784) live2d_engine:     binding[0] layer=3 id='neck' mask=0x0028 vertices=7 sample_offset=0
I (2792) live2d_engine:   axis[3] id='face' default=15 middle=15 bindings=11 sampleBytes=27240 stride=908 vidx=227 Q(coord=4 rot=6 stretch=14)
I (2805) live2d_engine:     binding[0] layer=0 id='back_hair' mask=0x0008 vertices=42 sample_offset=0
I (2814) live2d_engine:     binding[1] layer=1 id='cloth' mask=0x0008 vertices=25 sample_offset=168
I (2822) live2d_engine:     binding[2] layer=2 id='face' mask=0x0008 vertices=15 sample_offset=268
I (2831) live2d_engine:     binding[3] layer=3 id='neck' mask=0x0008 vertices=8 sample_offset=328
I (2840) live2d_engine:     binding[4] layer=4 id='mouth' mask=0x0008 vertices=5 sample_offset=360
I (2848) live2d_engine:     binding[5] layer=5 id='left_eye' mask=0x0008 vertices=11 sample_offset=380
I (2857) live2d_engine:     binding[6] layer=6 id='right_eye' mask=0x0008 vertices=10 sample_offset=424
I (2867) live2d_engine:     binding[7] layer=7 id='right_eyeup' mask=0x0008 vertices=13 sample_offset=464
I (2876) live2d_engine:     binding[8] layer=8 id='left_eyeup' mask=0x0008 vertices=13 sample_offset=516
I (2885) live2d_engine:     binding[9] layer=9 id='front_hair' mask=0x0008 vertices=64 sample_offset=568
I (2894) live2d_engine:     binding[10] layer=10 id='hairwear' mask=0x0008 vertices=21 sample_offset=824
I (2904) live2d_engine: Playing default animation index 1/1
I (2909) l2d_baseline: model ready id='esp' size=320x320 layers=11 textures=12 animations=1 load=263ms pool_free=15944312
I (2919) l2d_baseline: RT30 axis_count=4 static=29524 runtime=2392 selectedSample=0
I (2928) l2d_baseline: axis handles: left_eye=0 right_eye=1 neck=2 face=3 mouth=-1
I (2934) l2d_baseline: benchmark axes=4, mouth=absent (mouth sweep skipped)
I (2941) l2d_baseline: render ROI: 320x320 at (352,140), lcd=1024x600
I (2947) sys_display_buf: PSRAM before alloc: total=33554432  free=14282668 largest=13369344
I (2955) sys_display_buf: buffers created: 320x320  ARGB=409600  RGB565=204800 bytes (PSRAM DMA=yes)
I (2964) sys_display_buf: PSRAM after alloc: total=33554432  free=13668260 largest=13369344
I (2974) sys_display_flush: Flush path: 320x320 at (352,140) -> panel direct draw
I (2979) live2d_engine: Internal render scale set to 1.000
I (2992) live2d_renderer: PPA fill transparent clear enabled
I (2992) live2d_renderer: Renderer initialized: 320x320 ARGB8888 -> RGB565 via PPA SRM, rgb_swap=0, byte_swap=0, source block=320x320@(0,0)
I (3002) l2d_baseline: PPA mode: hardware transparent clear + hardware ARGB->RGB565 convert
I (3010) l2d_baseline: heap ready: psram_free=13667296 psram_min=13479848 internal_free=373391
I (3019) l2d_baseline: continuous five-axis drive active; no duration and no idle transition
L2D_DETAIL_HEADER,scenario,scale_q100,layer,triangles,fragments,sampler_calls,four_tap_alpha_zero,alpha_zero,alpha_opaque,alpha_mixed,covered_pixels,avg_overdraw,max_overdraw
I (3042) live2d_engine: Internal render scale set to 1.000
L2D_DETAIL,STATIC,100,0,51,11546,11546,0,2563,6930,2053,33488,1.576,5
L2D_DETAIL,STATIC,100,1,31,7765,7765,0,1000,5494,1271,33488,1.576,5
L2D_DETAIL,STATIC,100,2,17,10496,10496,0,516,9198,782,33488,1.576,5
L2D_DETAIL,STATIC,100,3,6,269,269,0,58,55,156,33488,1.576,5
L2D_DETAIL,STATIC,100,4,4,100,100,0,13,29,58,33488,1.576,5
L2D_DETAIL,STATIC,100,5,11,636,636,0,64,378,194,33488,1.576,5
L2D_DETAIL,STATIC,100,6,10,723,723,0,31,457,235,33488,1.576,5
L2D_DETAIL,STATIC,100,7,10,510,510,0,156,104,250,33488,1.576,5
L2D_DETAIL,STATIC,100,8,11,511,511,0,185,102,224,33488,1.576,5
L2D_DETAIL,STATIC,100,9,80,18510,18510,0,3495,11604,3411,33488,1.576,5
L2D_DETAIL,STATIC,100,10,26,1696,1696,0,356,440,900,33488,1.576,5
I (3624) l2d_profile: detail STATIC scale=100 layers=11 covered=33488 max_overdraw=5
L2D_DETAIL,ALL_14_5,100,0,51,11554,11554,0,2557,6941,2056,33495,1.536,5
L2D_DETAIL,ALL_14_5,100,1,31,7755,7755,0,973,5508,1274,33495,1.536,5
L2D_DETAIL,ALL_14_5,100,2,17,10503,10503,0,524,9200,779,33495,1.536,5
L2D_DETAIL,ALL_14_5,100,3,6,269,269,0,57,61,151,33495,1.536,5
L2D_DETAIL,ALL_14_5,100,4,4,104,104,0,11,33,60,33495,1.536,5
L2D_DETAIL,ALL_14_5,100,5,11,25,25,0,3,19,3,33495,1.536,5
L2D_DETAIL,ALL_14_5,100,6,10,30,30,0,1,19,10,33495,1.536,5
L2D_DETAIL,ALL_14_5,100,7,10,515,515,0,165,108,242,33495,1.536,5
L2D_DETAIL,ALL_14_5,100,8,11,503,503,0,189,98,216,33495,1.536,5
L2D_DETAIL,ALL_14_5,100,9,80,18484,18484,0,3477,11598,3409,33495,1.536,5
L2D_DETAIL,ALL_14_5,100,10,26,1705,1705,0,355,449,901,33495,1.536,5
I (4249) l2d_profile: detail ALL_14_5 scale=100 layers=11 covered=33495 max_overdraw=5
L2D_DETAIL,ALL_29,100,0,51,11614,11614,0,2614,6915,2085,32343,1.628,5
L2D_DETAIL,ALL_29,100,1,31,7762,7762,0,1044,5451,1267,32343,1.628,5
L2D_DETAIL,ALL_29,100,2,17,10803,10803,0,548,9444,811,32343,1.628,5
L2D_DETAIL,ALL_29,100,3,6,520,520,0,106,126,288,32343,1.628,5
L2D_DETAIL,ALL_29,100,4,4,125,125,0,14,33,78,32343,1.628,5
L2D_DETAIL,ALL_29,100,5,11,420,420,0,40,259,121,32343,1.628,5
L2D_DETAIL,ALL_29,100,6,10,947,947,0,47,592,308,32343,1.628,5
L2D_DETAIL,ALL_29,100,7,10,348,348,0,110,73,165,32343,1.628,5
L2D_DETAIL,ALL_29,100,8,11,670,670,0,258,130,282,32343,1.628,5
L2D_DETAIL,ALL_29,100,9,80,18265,18265,0,3458,11448,3359,32343,1.628,5
L2D_DETAIL,ALL_29,100,10,26,1166,1166,0,247,306,613,32343,1.628,5
I (4880) l2d_profile: detail ALL_29 scale=100 layers=11 covered=32343 max_overdraw=5
L2D_DETAIL,EYE_L_SWEEP,100,0,51,11546,11546,0,2563,6930,2053,33488,1.557,5
L2D_DETAIL,EYE_L_SWEEP,100,1,31,7765,7765,0,1000,5494,1271,33488,1.557,5
L2D_DETAIL,EYE_L_SWEEP,100,2,17,10496,10496,0,516,9198,782,33488,1.557,5
L2D_DETAIL,EYE_L_SWEEP,100,3,6,269,269,0,58,55,156,33488,1.557,5
L2D_DETAIL,EYE_L_SWEEP,100,4,4,100,100,0,13,29,58,33488,1.557,5
L2D_DETAIL,EYE_L_SWEEP,100,5,11,636,636,0,64,378,194,33488,1.557,5
L2D_DETAIL,EYE_L_SWEEP,100,6,10,108,108,0,4,72,32,33488,1.557,5
L2D_DETAIL,EYE_L_SWEEP,100,7,10,510,510,0,156,104,250,33488,1.557,5
L2D_DETAIL,EYE_L_SWEEP,100,8,11,512,512,0,195,94,223,33488,1.557,5
L2D_DETAIL,EYE_L_SWEEP,100,9,80,18510,18510,0,3495,11604,3411,33488,1.557,5
L2D_DETAIL,EYE_L_SWEEP,100,10,26,1696,1696,0,356,440,900,33488,1.557,5
I (5569) l2d_profile: detail EYE_L_SWEEP scale=100 layers=11 covered=33488 max_overdraw=5
L2D_DETAIL,EYE_R_SWEEP,100,0,51,11546,11546,0,2563,6930,2053,33488,1.559,5
L2D_DETAIL,EYE_R_SWEEP,100,1,31,7765,7765,0,1000,5494,1271,33488,1.559,5
L2D_DETAIL,EYE_R_SWEEP,100,2,17,10496,10496,0,516,9198,782,33488,1.559,5
L2D_DETAIL,EYE_R_SWEEP,100,3,6,269,269,0,58,55,156,33488,1.559,5
L2D_DETAIL,EYE_R_SWEEP,100,4,4,100,100,0,13,29,58,33488,1.559,5
L2D_DETAIL,EYE_R_SWEEP,100,5,11,99,99,0,8,70,21,33488,1.559,5
L2D_DETAIL,EYE_R_SWEEP,100,6,10,723,723,0,31,457,235,33488,1.559,5
L2D_DETAIL,EYE_R_SWEEP,100,7,10,508,508,0,157,111,240,33488,1.559,5
L2D_DETAIL,EYE_R_SWEEP,100,8,11,511,511,0,185,102,224,33488,1.559,5
L2D_DETAIL,EYE_R_SWEEP,100,9,80,18510,18510,0,3495,11604,3411,33488,1.559,5
L2D_DETAIL,EYE_R_SWEEP,100,10,26,1696,1696,0,356,440,900,33488,1.559,5
I (6255) l2d_profile: detail EYE_R_SWEEP scale=100 layers=11 covered=33488 max_overdraw=5
L2D_DETAIL,NECK_SWEEP,100,0,51,11542,11542,0,2544,6944,2054,33509,1.574,5
L2D_DETAIL,NECK_SWEEP,100,1,31,7765,7765,0,1000,5494,1271,33509,1.574,5
L2D_DETAIL,NECK_SWEEP,100,2,17,10493,10493,0,489,9208,796,33509,1.574,5
L2D_DETAIL,NECK_SWEEP,100,3,6,282,282,0,57,67,158,33509,1.574,5
L2D_DETAIL,NECK_SWEEP,100,4,4,100,100,0,13,32,55,33509,1.574,5
L2D_DETAIL,NECK_SWEEP,100,5,11,628,628,0,59,380,189,33509,1.574,5
L2D_DETAIL,NECK_SWEEP,100,6,10,722,722,0,37,459,226,33509,1.574,5
L2D_DETAIL,NECK_SWEEP,100,7,10,509,509,0,156,92,261,33509,1.574,5
L2D_DETAIL,NECK_SWEEP,100,8,11,511,511,0,191,92,228,33509,1.574,5
L2D_DETAIL,NECK_SWEEP,100,9,80,18477,18477,0,3493,11587,3397,33509,1.574,5
L2D_DETAIL,NECK_SWEEP,100,10,26,1698,1698,0,364,451,883,33509,1.574,5
I (6949) l2d_profile: detail NECK_SWEEP scale=100 layers=11 covered=33509 max_overdraw=5
L2D_DETAIL,FACE_SWEEP,100,0,51,11563,11563,0,2561,6987,2015,33497,1.576,5
L2D_DETAIL,FACE_SWEEP,100,1,31,7666,7666,0,965,5411,1290,33497,1.576,5
L2D_DETAIL,FACE_SWEEP,100,2,17,10437,10437,0,504,9141,792,33497,1.576,5
L2D_DETAIL,FACE_SWEEP,100,3,6,262,262,0,58,54,150,33497,1.576,5
L2D_DETAIL,FACE_SWEEP,100,4,4,97,97,0,14,29,54,33497,1.576,5
L2D_DETAIL,FACE_SWEEP,100,5,11,660,660,0,65,390,205,33497,1.576,5
L2D_DETAIL,FACE_SWEEP,100,6,10,676,676,0,31,430,215,33497,1.576,5
L2D_DETAIL,FACE_SWEEP,100,7,10,541,541,0,174,116,251,33497,1.576,5
L2D_DETAIL,FACE_SWEEP,100,8,11,482,482,0,193,94,195,33497,1.576,5
L2D_DETAIL,FACE_SWEEP,100,9,80,18603,18603,0,3563,11626,3414,33497,1.576,5
L2D_DETAIL,FACE_SWEEP,100,10,26,1819,1819,0,388,473,958,33497,1.576,5
I (7644) l2d_profile: detail FACE_SWEEP scale=100 layers=11 covered=33497 max_overdraw=5
L2D_DETAIL,MULTI_AXIS,100,0,51,11625,11625,0,2623,6925,2077,32801,1.569,6
L2D_DETAIL,MULTI_AXIS,100,1,31,7770,7770,0,1054,5422,1294,32801,1.569,6
L2D_DETAIL,MULTI_AXIS,100,2,17,10752,10752,0,540,9409,803,32801,1.569,6
L2D_DETAIL,MULTI_AXIS,100,3,6,426,426,0,91,93,242,32801,1.569,6
L2D_DETAIL,MULTI_AXIS,100,4,4,126,126,0,14,37,75,32801,1.569,6
L2D_DETAIL,MULTI_AXIS,100,5,11,39,39,0,4,26,9,32801,1.569,6
L2D_DETAIL,MULTI_AXIS,100,6,10,183,183,0,7,115,61,32801,1.569,6
L2D_DETAIL,MULTI_AXIS,100,7,10,369,369,0,117,82,170,32801,1.569,6
L2D_DETAIL,MULTI_AXIS,100,8,11,651,651,0,246,123,282,32801,1.569,6
L2D_DETAIL,MULTI_AXIS,100,9,80,18298,18298,0,3486,11454,3358,32801,1.569,6
L2D_DETAIL,MULTI_AXIS,100,10,26,1240,1240,0,260,334,646,32801,1.569,6
I (8329) l2d_profile: detail MULTI_AXIS scale=100 layers=11 covered=32801 max_overdraw=6
I (8337) live2d_engine: Internal render scale set to 0.750
L2D_DETAIL,STATIC,75,0,51,6486,6486,0,1431,3897,1158,18842,1.572,5
L2D_DETAIL,STATIC,75,1,31,4366,4366,0,557,3090,719,18842,1.572,5
L2D_DETAIL,STATIC,75,2,17,5896,5896,0,278,5205,413,18842,1.572,5
L2D_DETAIL,STATIC,75,3,6,140,140,0,25,38,77,18842,1.572,5
L2D_DETAIL,STATIC,75,4,4,56,56,0,9,14,33,18842,1.572,5
L2D_DETAIL,STATIC,75,5,11,352,352,0,34,211,107,18842,1.572,5
L2D_DETAIL,STATIC,75,6,10,408,408,0,19,262,127,18842,1.572,5
L2D_DETAIL,STATIC,75,7,10,284,284,0,84,66,134,18842,1.572,5
L2D_DETAIL,STATIC,75,8,11,285,285,0,112,55,118,18842,1.572,5
L2D_DETAIL,STATIC,75,9,80,10405,10405,0,1955,6527,1923,18842,1.572,5
L2D_DETAIL,STATIC,75,10,26,945,945,0,194,249,502,18842,1.572,5
I (8786) l2d_profile: detail STATIC scale=75 layers=11 covered=18842 max_overdraw=5
L2D_DETAIL,ALL_14_5,75,0,51,6492,6492,0,1438,3917,1137,18831,1.535,5
L2D_DETAIL,ALL_14_5,75,1,31,4356,4356,0,556,3068,732,18831,1.535,5
L2D_DETAIL,ALL_14_5,75,2,17,5901,5901,0,286,5176,439,18831,1.535,5
L2D_DETAIL,ALL_14_5,75,3,6,142,142,0,30,38,74,18831,1.535,5
L2D_DETAIL,ALL_14_5,75,4,4,55,55,0,8,15,32,18831,1.535,5
L2D_DETAIL,ALL_14_5,75,5,11,16,16,0,4,10,2,18831,1.535,5
L2D_DETAIL,ALL_14_5,75,6,10,17,17,0,0,8,9,18831,1.535,5
L2D_DETAIL,ALL_14_5,75,7,10,284,284,0,85,67,132,18831,1.535,5
L2D_DETAIL,ALL_14_5,75,8,11,284,284,0,108,59,117,18831,1.535,5
L2D_DETAIL,ALL_14_5,75,9,80,10399,10399,0,1949,6542,1908,18831,1.535,5
L2D_DETAIL,ALL_14_5,75,10,26,955,955,0,207,262,486,18831,1.535,5
I (9235) l2d_profile: detail ALL_14_5 scale=75 layers=11 covered=18831 max_overdraw=5
L2D_DETAIL,ALL_29,75,0,51,6541,6541,0,1480,3890,1171,18183,1.626,5
L2D_DETAIL,ALL_29,75,1,31,4359,4359,0,582,3086,691,18183,1.626,5
L2D_DETAIL,ALL_29,75,2,17,6073,6073,0,316,5315,442,18183,1.626,5
L2D_DETAIL,ALL_29,75,3,6,287,287,0,57,73,157,18183,1.626,5
L2D_DETAIL,ALL_29,75,4,4,72,72,0,10,20,42,18183,1.626,5
L2D_DETAIL,ALL_29,75,5,11,234,234,0,21,149,64,18183,1.626,5
L2D_DETAIL,ALL_29,75,6,10,534,534,0,25,338,171,18183,1.626,5
L2D_DETAIL,ALL_29,75,7,10,195,195,0,58,39,98,18183,1.626,5
L2D_DETAIL,ALL_29,75,8,11,377,377,0,141,77,159,18183,1.626,5
L2D_DETAIL,ALL_29,75,9,80,10245,10245,0,1937,6440,1868,18183,1.626,5
L2D_DETAIL,ALL_29,75,10,26,652,652,0,140,183,329,18183,1.626,5
I (9694) l2d_profile: detail ALL_29 scale=75 layers=11 covered=18183 max_overdraw=5
L2D_DETAIL,EYE_L_SWEEP,75,0,51,6486,6486,0,1431,3897,1158,18842,1.554,5
L2D_DETAIL,EYE_L_SWEEP,75,1,31,4366,4366,0,557,3090,719,18842,1.554,5
L2D_DETAIL,EYE_L_SWEEP,75,2,17,5896,5896,0,278,5205,413,18842,1.554,5
L2D_DETAIL,EYE_L_SWEEP,75,3,6,140,140,0,25,38,77,18842,1.554,5
L2D_DETAIL,EYE_L_SWEEP,75,4,4,56,56,0,9,14,33,18842,1.554,5
L2D_DETAIL,EYE_L_SWEEP,75,5,11,352,352,0,34,211,107,18842,1.554,5
L2D_DETAIL,EYE_L_SWEEP,75,6,10,63,63,0,2,44,17,18842,1.554,5
L2D_DETAIL,EYE_L_SWEEP,75,7,10,284,284,0,84,66,134,18842,1.554,5
L2D_DETAIL,EYE_L_SWEEP,75,8,11,285,285,0,111,55,119,18842,1.554,5
L2D_DETAIL,EYE_L_SWEEP,75,9,80,10405,10405,0,1955,6527,1923,18842,1.554,5
L2D_DETAIL,EYE_L_SWEEP,75,10,26,945,945,0,194,249,502,18842,1.554,5
I (10198) l2d_profile: detail EYE_L_SWEEP scale=75 layers=11 covered=18842 max_overdraw=5
L2D_DETAIL,EYE_R_SWEEP,75,0,51,6486,6486,0,1431,3897,1158,18842,1.556,5
L2D_DETAIL,EYE_R_SWEEP,75,1,31,4366,4366,0,557,3090,719,18842,1.556,5
L2D_DETAIL,EYE_R_SWEEP,75,2,17,5896,5896,0,278,5205,413,18842,1.556,5
L2D_DETAIL,EYE_R_SWEEP,75,3,6,140,140,0,25,38,77,18842,1.556,5
L2D_DETAIL,EYE_R_SWEEP,75,4,4,56,56,0,9,14,33,18842,1.556,5
L2D_DETAIL,EYE_R_SWEEP,75,5,11,55,55,0,4,32,19,18842,1.556,5
L2D_DETAIL,EYE_R_SWEEP,75,6,10,408,408,0,19,262,127,18842,1.556,5
L2D_DETAIL,EYE_R_SWEEP,75,7,10,285,285,0,86,63,136,18842,1.556,5
L2D_DETAIL,EYE_R_SWEEP,75,8,11,285,285,0,112,55,118,18842,1.556,5
L2D_DETAIL,EYE_R_SWEEP,75,9,80,10405,10405,0,1955,6527,1923,18842,1.556,5
L2D_DETAIL,EYE_R_SWEEP,75,10,26,945,945,0,194,249,502,18842,1.556,5
I (10705) l2d_profile: detail EYE_R_SWEEP scale=75 layers=11 covered=18842 max_overdraw=5
L2D_DETAIL,NECK_SWEEP,75,0,51,6491,6491,0,1434,3913,1144,18840,1.573,5
L2D_DETAIL,NECK_SWEEP,75,1,31,4366,4366,0,557,3090,719,18840,1.573,5
L2D_DETAIL,NECK_SWEEP,75,2,17,5904,5904,0,288,5173,443,18840,1.573,5
L2D_DETAIL,NECK_SWEEP,75,3,6,164,164,0,35,39,90,18840,1.573,5
L2D_DETAIL,NECK_SWEEP,75,4,4,54,54,0,6,14,34,18840,1.573,5
L2D_DETAIL,NECK_SWEEP,75,5,11,349,349,0,28,213,108,18840,1.573,5
L2D_DETAIL,NECK_SWEEP,75,6,10,406,406,0,19,264,123,18840,1.573,5
L2D_DETAIL,NECK_SWEEP,75,7,10,287,287,0,88,66,133,18840,1.573,5
L2D_DETAIL,NECK_SWEEP,75,8,11,287,287,0,104,58,125,18840,1.573,5
L2D_DETAIL,NECK_SWEEP,75,9,80,10378,10378,0,1957,6530,1891,18840,1.573,5
L2D_DETAIL,NECK_SWEEP,75,10,26,949,949,0,202,257,490,18840,1.573,5
I (11222) l2d_profile: detail NECK_SWEEP scale=75 layers=11 covered=18840 max_overdraw=5
L2D_DETAIL,FACE_SWEEP,75,0,51,6515,6515,0,1446,3935,1134,18833,1.577,5
L2D_DETAIL,FACE_SWEEP,75,1,31,4314,4314,0,557,3062,695,18833,1.577,5
L2D_DETAIL,FACE_SWEEP,75,2,17,5873,5873,0,283,5149,441,18833,1.577,5
L2D_DETAIL,FACE_SWEEP,75,3,6,148,148,0,32,35,81,18833,1.577,5
L2D_DETAIL,FACE_SWEEP,75,4,4,52,52,0,9,12,31,18833,1.577,5
L2D_DETAIL,FACE_SWEEP,75,5,11,371,371,0,37,224,110,18833,1.577,5
L2D_DETAIL,FACE_SWEEP,75,6,10,377,377,0,18,240,119,18833,1.577,5
L2D_DETAIL,FACE_SWEEP,75,7,10,301,301,0,94,68,139,18833,1.577,5
L2D_DETAIL,FACE_SWEEP,75,8,11,265,265,0,101,46,118,18833,1.577,5
L2D_DETAIL,FACE_SWEEP,75,9,80,10484,10484,0,1998,6577,1909,18833,1.577,5
L2D_DETAIL,FACE_SWEEP,75,10,26,1003,1003,0,203,275,525,18833,1.577,5
I (11733) l2d_profile: detail FACE_SWEEP scale=75 layers=11 covered=18833 max_overdraw=5
L2D_DETAIL,MULTI_AXIS,75,0,51,6547,6547,0,1491,3917,1139,18446,1.569,6
L2D_DETAIL,MULTI_AXIS,75,1,31,4365,4365,0,592,3087,686,18446,1.569,6
L2D_DETAIL,MULTI_AXIS,75,2,17,6048,6048,0,293,5297,458,18446,1.569,6
L2D_DETAIL,MULTI_AXIS,75,3,6,238,238,0,51,55,132,18446,1.569,6
L2D_DETAIL,MULTI_AXIS,75,4,4,73,73,0,11,18,44,18446,1.569,6
L2D_DETAIL,MULTI_AXIS,75,5,11,21,21,0,4,13,4,18446,1.569,6
L2D_DETAIL,MULTI_AXIS,75,6,10,105,105,0,7,70,28,18446,1.569,6
L2D_DETAIL,MULTI_AXIS,75,7,10,205,205,0,62,41,102,18446,1.569,6
L2D_DETAIL,MULTI_AXIS,75,8,11,364,364,0,141,74,149,18446,1.569,6
L2D_DETAIL,MULTI_AXIS,75,9,80,10277,10277,0,1959,6432,1886,18446,1.569,6
L2D_DETAIL,MULTI_AXIS,75,10,26,693,693,0,151,188,354,18446,1.569,6
I (12246) l2d_profile: detail MULTI_AXIS scale=75 layers=11 covered=18446 max_overdraw=6
L2D_DONE
