ESP-ROM:esp32p4-eco2-20240710
Build:Jul 10 2024
rst:0x1 (POWERON),boot:0x30f (SPI_FAST_FLASH_BOOT)
SPI mode:DIO, clock div:1
load:0x4ff33ce0,len:0x514
load:0x4ff29ed0,len:0xbbc
load:0x4ff2cbd0,len:0x3114
entry 0x4ff29ed0
I (336) hex_psram: vendor id    : 0x0d (AP)
I (336) hex_psram: Latency      : 0x01 (Fixed)
I (336) hex_psram: DriveStr.    : 0x00 (25 Ohm)
I (337) hex_psram: dev id       : 0x03 (generation 4)
I (342) hex_psram: density      : 0x07 (256 Mbit)
I (346) hex_psram: good-die     : 0x06 (Pass)
I (350) hex_psram: SRF          : 0x02 (Slow Refresh)
I (355) hex_psram: BurstType    : 0x00 ( Wrap)
I (359) hex_psram: BurstLen     : 0x03 (2048 Byte)
I (364) hex_psram: BitMode      : 0x01 (X16 Mode)
I (368) hex_psram: Readlatency  : 0x04 (14 cycles@Fixed)
I (373) hex_psram: DriveStrength: 0x00 (1/1)
I (377) MSPI Timing: Enter psram timing tuning
I (551) esp_psram: Found 32MB PSRAM device
I (552) esp_psram: Speed: 200MHz
I (552) hex_psram: psram CS IO is dedicated
I (552) cpu_start: Multicore app
I (1460) esp_psram: SPI SRAM memory test OK
I (1470) cpu_start: GPIO 38 and 37 are used as console UART I/O pins
I (1471) cpu_start: Pro cpu start user code
I (1471) cpu_start: cpu freq: 360000000 Hz
I (1473) app_init: Application information:
I (1477) app_init: Project name:     live2d_rt30_baseline
I (1482) app_init: App version:      369939e-dirty
I (1486) app_init: Compile time:     Sep 29 2026 09:50:27
I (1491) app_init: ELF file SHA256:  9ec634f74...
I (1496) app_init: ESP-IDF:          v5.5.2
I (1500) efuse_init: Min chip rev:     v0.1
I (1504) efuse_init: Max chip rev:     v1.99 
I (1508) efuse_init: Chip rev:         v1.3
I (1512) heap_init: Initializing. RAM available for dynamic allocation:
I (1518) heap_init: At 4FF1ED00 len 0001C2C0 (112 KiB): RETENT_RAM
I (1524) heap_init: At 4FF3AFC0 len 00004BF0 (18 KiB): RAM
I (1529) heap_init: At 4FF40000 len 00060000 (384 KiB): RAM
I (1535) heap_init: At 501080A0 len 00007F60 (31 KiB): RTCRAM
I (1540) heap_init: At 30100084 len 00001F7C (7 KiB): TCM
I (1545) esp_psram: Adding pool of 32768K of PSRAM memory to heap allocator
I (1553) spi_flash: detected chip: generic
I (1556) spi_flash: flash io: dio
I (1559) sleep_gpio: Configure to isolate all GPIO pins in sleep state
I (1565) sleep_gpio: Enable automatic switching of GPIO sleep configuration
I (1572) main_task: Started on CPU0
I (1596) esp_psram: Reserving pool of 256K of internal memory for DMA/internal allocations
I (1597) main_task: Calling app_main()
I (1597) l2d_baseline: === Live2D RT30 baseline ===
I (1601) l2d_baseline: ========================================
I (1607) l2d_baseline:  Live2D RT30 baseline, target=30 fps, core=0
I (1613) l2d_baseline:  model=/sdcard/esp.live
I (1617) l2d_baseline: ========================================
I (1622) l2d_baseline: heap boot: psram_free=33551716 psram_min=33551716 internal_free=507115
I (1657) sys_storage: Mounting SD card at /sdcard
I (1659) main_task: Returned from app_main()
I (1713) sys_storage: Storage subsystem ready (NVS + SD at /sdcard)
I (1713) sys_sdio: ready: SD serial task core=0 prio=4 queue=20
I (1715) sys_storage: font cache found: /sdcard/fonts/noto_sans_sc_16.bin (955208 bytes)
I (1721) l2d_baseline: storage ready at /sdcard
I (1727) esp_lvgl:adapter: LVGL adapter initialized successfully
I (1804) GT911: TouchPad_ID:0x39,0x31,0x31
I (1804) GT911: TouchPad_Config_Version:101
W (1804) ledc: GPIO 20 is not usable, maybe conflict with others
I (1807) WT99P4C5_S1_BOARD: MIPI DSI PHY Powered on
I (1812) WT99P4C5_S1_BOARD: Install MIPI DSI LCD control panel
I (1817) WT99P4C5_S1_BOARD: Install EK79007 LCD control panel
I (1822) WT99P4C5_S1_BOARD: MIPI DSI DPI clock: 80.00 MHz
I (1827) ek79007: version: 1.0.4
I (2001) WT99P4C5_S1_BOARD: Display initialized
I (2001) WT99P4C5_S1_BOARD: Display resolution 1024x600
I (2005) esp_lvgl:bridge_v9: Initializing hardware resources
I (2005) esp_lvgl:bridge_v9: Hardware resources initialized successfully
I (2016) WT99P4C5_S1_BOARD: GT911 touch ready on GPIO 21
W (2016) esp_lvgl:touch: LV_USE_GESTURE_RECOGNITION is disabled; only single-point pointer events are available
I (2026) esp_lvgl:touch: Touch input device registered successfully (IRQ mode: disabled)
I (2034) esp_lvgl:adapter: LVGL task started successfully
I (2039) sys_display: Display + LVGL initialized (custom config)
I (2044) WT99P4C5_S1_BOARD: Setting LCD backlight: 80%
I (2049) sys_monitor: CPU monitor started (FreeRTOS idle run time, 1 s windows)
I (2056) sys_monitor: FPS tracking attached to display
I (2597) l2d_baseline: model file loaded: /sdcard/esp.live (798660 bytes)
I (2597) l2d_baseline: model CRC32_LE=0x06dce0ed
I (2649) l2d_baseline: model SHA256=786b18e342f3a7b3e67042822f138824aaad610d6c46130f58f5c59bbb379b0b
I (2649) live2d_engine: Live2D engine pool allocated in PSRAM: 16777216 bytes
I (2654) live2d_engine: Importing PainterEngine Live2D model, file size=798660 bytes, pool free=16777216 bytes
I (2708) live2d_engine: Model loaded: id='esp', size=320x320, layers=11, textures=12, animations=1, pool free=15944312 bytes
I (2709) live2d_engine: Using nearest-neighbor pixel shader for ESP renderer
I (2715) live2d_engine: RT30 realtime axes: 4
I (2719) live2d_engine:   axis[0] id='left_eye' default=0 middle=15 bindings=2 sampleBytes=360 stride=12 vidx=0 Q(coord=4 rot=6 stretch=14)
I (2732) live2d_engine:     binding[0] layer=6 id='right_eye' mask=0x0050 vertices=0 sample_offset=0
I (2740) live2d_engine:     binding[1] layer=8 id='left_eyeup' mask=0x0010 vertices=0 sample_offset=6
I (2749) live2d_engine:   axis[1] id='right_eye' default=0 middle=15 bindings=2 sampleBytes=240 stride=8 vidx=0 Q(coord=4 rot=6 stretch=14)
I (2762) live2d_engine:     binding[0] layer=5 id='left_eye' mask=0x0040 vertices=0 sample_offset=0
I (2770) live2d_engine:     binding[1] layer=7 id='right_eyeup' mask=0x0010 vertices=0 sample_offset=2
I (2779) live2d_engine:   axis[2] id='neck' default=15 middle=15 bindings=1 sampleBytes=960 stride=32 vidx=7 Q(coord=4 rot=6 stretch=14)
I (2791) live2d_engine:     binding[0] layer=3 id='neck' mask=0x0028 vertices=7 sample_offset=0
I (2800) live2d_engine:   axis[3] id='face' default=15 middle=15 bindings=11 sampleBytes=27240 stride=908 vidx=227 Q(coord=4 rot=6 stretch=14)
I (2812) live2d_engine:     binding[0] layer=0 id='back_hair' mask=0x0008 vertices=42 sample_offset=0
I (2821) live2d_engine:     binding[1] layer=1 id='cloth' mask=0x0008 vertices=25 sample_offset=168
I (2830) live2d_engine:     binding[2] layer=2 id='face' mask=0x0008 vertices=15 sample_offset=268
I (2839) live2d_engine:     binding[3] layer=3 id='neck' mask=0x0008 vertices=8 sample_offset=328
I (2847) live2d_engine:     binding[4] layer=4 id='mouth' mask=0x0008 vertices=5 sample_offset=360
I (2856) live2d_engine:     binding[5] layer=5 id='left_eye' mask=0x0008 vertices=11 sample_offset=380
I (2865) live2d_engine:     binding[6] layer=6 id='right_eye' mask=0x0008 vertices=10 sample_offset=424
I (2874) live2d_engine:     binding[7] layer=7 id='right_eyeup' mask=0x0008 vertices=13 sample_offset=464
I (2883) live2d_engine:     binding[8] layer=8 id='left_eyeup' mask=0x0008 vertices=13 sample_offset=516
I (2893) live2d_engine:     binding[9] layer=9 id='front_hair' mask=0x0008 vertices=64 sample_offset=568
I (2902) live2d_engine:     binding[10] layer=10 id='hairwear' mask=0x0008 vertices=21 sample_offset=824
I (2912) live2d_engine: Playing default animation index 1/1
I (2916) l2d_baseline: model ready id='esp' size=320x320 layers=11 textures=12 animations=1 load=262ms pool_free=15944312
I (2927) l2d_baseline: RT30 axis_count=4 static=29524 runtime=2392 selectedSample=0
I (2935) l2d_baseline: axis handles: left_eye=0 right_eye=1 neck=2 face=3 mouth=-1
I (2942) l2d_baseline: benchmark axes=4, mouth=absent (mouth sweep skipped)
I (2948) l2d_baseline: render ROI: 320x320 at (352,140), lcd=1024x600
I (2955) sys_display_buf: PSRAM before alloc: total=33554432  free=14282532 largest=13369344
I (2963) sys_display_buf: buffers created: 320x320  ARGB=409600  RGB565=204800 bytes (PSRAM DMA=yes)
I (2971) sys_display_buf: PSRAM after alloc: total=33554432  free=13668124 largest=13369344
I (2982) sys_display_flush: Flush path: 320x320 at (352,140) -> panel direct draw
I (2987) live2d_engine: Internal render scale set to 1.000
I (3000) live2d_renderer: PPA fill transparent clear enabled
I (3000) live2d_renderer: Renderer initialized: 320x320 ARGB8888 -> RGB565 via PPA SRM, rgb_swap=0, byte_swap=0, source block=320x320@(0,0)
I (3010) l2d_baseline: render backends: clear=PPA convert=PPA
I (3015) l2d_baseline: heap ready: psram_free=13667128 psram_min=13479712 internal_free=382463
I (3024) l2d_baseline: continuous RT30 drive active on 4 model axes
L2D_META_BEGIN
esp_commit=369939e59a092dee54cdc63fc339af4f7e83adf8
live2d_commit=78fc634
idf=v5.5.2
chip=ESP32-P4
cpu_mhz=360
psram_mhz=200
optimization=-O2
render_task=core0,priority6
lvgl_task=core0,priority4
canvas=320x320
slot=none,synchronous ARGB+RGB565 buffers
display=direct panel RGB565
ppa=fill+SRM clients,blocking,blend unused
model_sha256=786b18e342f3a7b3e67042822f138824aaad610d6c46130f58f5c59bbb379b0b
model_size=798660
model_load_us=262423
layers=11
vertices=227
triangles=257
textures=12
texture_pixels=184235
axes=4
sampler=fast-nearest
profile_stage=0
profile_mode=timing
default_clear=PPA
default_convert=PPA
backend_ids=0:PPA/PPA,1:CPU/PPA,2:PPA/CPU,3:CPU/CPU
warmup=5
measure=50
rounds=1
L2D_META_END
L2D_FRAME_HEADER,frame_id,scenario,scale_q100,round,frame,slot_wait_us,controller_us,rt30_us,hierarchy_vertex_us,bounds_us,clear_us,raster_us,cache_sync_us,producer_total_us,publish_consume_us,ppa_wait_us,ppa_blend_us,panel_submit_us,ppa_fill_us,ppa_srm_us,ppa_total_us,clear_cache_sync_us,convert_cache_sync_us,flush_cache_sync_us,cache_sync_total_us,display_lock_wait_us,flush_total_us,frame_total_us,dirty_x,dirty_y,dirty_w,dirty_h,frame_drop,slot_miss,lock_skip,deadline_miss,backend,convert_us,keypoint_us,visual_transform_us,stretch_us,vertex_transform_us,uv_update_us
L2D_SUMMARY_HEADER,scenario,scale_q100,round,metric,count,avg,p50,p95,p99,min,max,backend
L2D_SUMMARY,LOAD,0,0,load_us,1,262423,262423,262423,262423,262423,262423,0
I (3159) l2d_profile: profile suite: stage=0 rounds=1 frames=50
I (3165) live2d_engine: Internal render scale set to 1.000
L2D_FRAME,6,STATIC,100,1,5,0,16,37,155,1,1142,18553,20,26898,18,7832,0,169,1119,6713,7832,11,0,9,20,9,199,27115,0,0,320,320,0,0,0,0,0,6744,0,0,0,0,0
L2D_FRAME,7,STATIC,100,1,6,0,14,38,125,1,1143,18716,20,27015,20,7821,0,150,1116,6705,7821,11,0,9,20,9,185,27220,0,0,320,320,0,0,0,0,0,6739,0,0,0,0,0
L2D_FRAME,8,STATIC,100,1,7,0,13,33,129,1,1138,18620,20,27002,10,7902,0,139,1115,6787,7902,11,0,9,20,17,179,27191,0,0,320,320,0,0,0,0,0,6816,0,0,0,0,0
L2D_FRAME,9,STATIC,100,1,8,0,13,46,126,2,1144,18690,20,27045,11,7847,0,154,1122,6725,7847,11,0,9,20,9,190,27246,0,0,320,320,0,0,0,0,0,6755,0,0,0,0,0
L2D_FRAME,10,STATIC,100,1,9,0,13,47,128,2,1140,18661,20,26818,17,7673,0,155,1117,6556,7673,11,0,9,20,523,701,27536,0,0,320,320,0,0,0,0,0,6586,0,0,0,0,0
L2D_FRAME,11,STATIC,100,1,10,0,13,47,128,2,1144,18651,22,26898,11,7763,0,161,1117,6646,7763,12,0,10,22,9,195,27104,0,0,320,320,0,0,0,0,0,6673,0,0,0,0,0
L2D_FRAME,12,STATIC,100,1,11,0,13,33,128,2,1134,18641,20,26658,14,7548,0,162,1111,6437,7548,11,0,9,20,284,469,27141,0,0,320,320,0,0,0,0,0,6463,0,0,0,0,0
L2D_FRAME,13,STATIC,100,1,12,0,13,36,152,2,1124,18537,20,26581,15,7542,0,146,1097,6445,7542,11,0,9,20,9,178,26774,0,0,320,320,0,0,0,0,0,6474,0,0,0,0,0
L2D_FRAME,14,STATIC,100,1,13,0,13,34,125,2,1111,18672,21,26667,14,7528,0,165,1089,6439,7528,11,0,10,21,12,200,26881,0,0,320,320,0,0,0,0,0,6468,0,0,0,0,0
L2D_FRAME,15,STATIC,100,1,14,0,13,38,125,2,1132,18597,21,26612,15,7547,0,153,1106,6441,7547,11,0,10,21,9,185,26812,0,0,320,320,0,0,0,0,0,6471,0,0,0,0,0
L2D_FRAME,16,STATIC,100,1,15,0,13,37,127,1,1133,18575,21,26724,19,7674,0,166,1110,6564,7674,11,0,10,21,526,713,27456,0,0,320,320,0,0,0,0,0,6593,0,0,0,0,0
L2D_FRAME,17,STATIC,100,1,16,0,13,39,123,2,1118,18634,20,26792,15,7686,0,160,1095,6591,7686,11,0,9,20,604,788,27595,0,0,320,320,0,0,0,0,0,6617,0,0,0,0,0
L2D_FRAME,18,STATIC,100,1,17,0,13,34,159,2,1117,18584,22,26859,16,7773,0,159,1095,6678,7773,12,0,10,22,829,1012,27887,0,0,320,320,0,0,0,0,0,6704,0,0,0,0,0
L2D_FRAME,19,STATIC,100,1,18,0,13,47,125,2,1161,18707,22,27041,16,7844,0,154,1134,6710,7844,12,0,10,22,14,189,27246,0,0,320,320,0,0,0,0,0,6740,0,0,0,0,0
L2D_FRAME,20,STATIC,100,1,19,0,13,34,156,2,1107,18528,21,26699,18,7664,0,151,1085,6579,7664,11,0,10,21,9,183,26900,0,0,320,320,0,0,0,0,0,6613,0,0,0,0,0
L2D_FRAME,21,STATIC,100,1,20,0,22,36,126,1,1151,18730,20,26939,14,7727,0,171,1124,6603,7727,11,0,9,20,632,828,27781,0,0,320,320,0,0,0,0,0,6628,0,0,0,0,0
L2D_FRAME,22,STATIC,100,1,21,0,13,46,127,2,1151,18647,21,26974,22,7850,0,159,1129,6721,7850,12,0,9,21,9,189,27185,0,0,320,320,0,0,0,0,0,6747,0,0,0,0,0
L2D_FRAME,23,STATIC,100,1,22,0,13,33,127,2,1137,18690,20,26774,14,7611,0,167,1111,6500,7611,11,0,9,20,519,714,27502,0,0,320,320,0,0,0,0,0,6525,0,0,0,0,0
L2D_FRAME,24,STATIC,100,1,23,0,13,39,124,2,1118,18633,20,26802,15,7705,0,162,1095,6610,7705,11,0,9,20,13,196,27013,0,0,320,320,0,0,0,0,0,6637,0,0,0,0,0
L2D_FRAME,25,STATIC,100,1,24,0,13,34,125,1,1128,18706,21,26739,19,7559,0,176,1105,6454,7559,11,0,10,21,66,263,27021,0,0,320,320,0,0,0,0,0,6484,0,0,0,0,0
L2D_FRAME,26,STATIC,100,1,25,0,14,33,160,2,1142,18544,20,26609,21,7564,0,150,1115,6449,7564,11,0,9,20,9,181,26811,0,0,320,320,0,0,0,0,0,6478,0,0,0,0,0
L2D_FRAME,27,STATIC,100,1,26,0,13,34,126,2,1140,18652,21,26688,11,7567,0,153,1117,6450,7567,11,0,10,21,13,189,26888,0,0,320,320,0,0,0,0,0,6480,0,0,0,0,0
L2D_FRAME,28,STATIC,100,1,27,0,13,39,127,2,1127,18625,20,26641,17,7541,0,157,1102,6439,7541,11,0,9,20,9,192,26850,0,0,320,320,0,0,0,0,0,6469,0,0,0,0,0
L2D_FRAME,29,STATIC,100,1,28,0,13,38,128,2,1140,18555,20,26645,15,7616,0,178,1113,6503,7616,11,0,9,20,278,481,27141,0,0,320,320,0,0,0,0,0,6528,0,0,0,0,0
L2D_FRAME,30,STATIC,100,1,29,0,13,40,126,2,1119,18619,20,26632,15,7532,0,164,1096,6436,7532,11,0,9,20,9,197,26844,0,0,320,320,0,0,0,0,0,6465,0,0,0,0,0
L2D_FRAME,31,STATIC,100,1,30,0,13,35,128,2,1111,18551,21,26604,15,7584,0,162,1088,6496,7584,11,0,10,21,52,241,26860,0,0,320,320,0,0,0,0,0,6521,0,0,0,0,0
L2D_FRAME,32,STATIC,100,1,31,0,13,34,126,2,1123,18633,21,26666,20,7538,0,171,1096,6442,7538,12,0,9,21,191,386,27072,0,0,320,320,0,0,0,0,0,6472,0,0,0,0,0
L2D_FRAME,33,STATIC,100,1,32,0,22,32,127,2,1143,18620,20,26732,15,7631,0,146,1116,6515,7631,11,0,9,20,13,182,26929,0,0,320,320,0,0,0,0,0,6541,0,0,0,0,0
L2D_FRAME,34,STATIC,100,1,33,0,13,35,126,1,1125,18637,20,26661,16,7537,0,155,1097,6440,7537,11,0,9,20,9,193,26870,0,0,320,320,0,0,0,0,0,6470,0,0,0,0,0
L2D_FRAME,35,STATIC,100,1,34,0,13,33,128,1,1139,18572,20,26663,15,7626,0,155,1116,6510,7626,11,0,9,20,13,191,26869,0,0,320,320,0,0,0,0,0,6539,0,0,0,0,0
L2D_FRAME,36,STATIC,100,1,35,0,14,37,124,1,1123,18626,21,26655,15,7539,0,157,1093,6446,7539,11,0,10,21,9,197,26867,0,0,320,320,0,0,0,0,0,6476,0,0,0,0,0
L2D_FRAME,37,STATIC,100,1,36,0,22,35,157,2,1144,18594,20,26649,14,7549,0,167,1117,6432,7549,11,0,9,20,10,199,26862,0,0,320,320,0,0,0,0,0,6458,0,0,0,0,0
L2D_FRAME,38,STATIC,100,1,37,0,13,34,126,2,1121,18645,20,26655,15,7543,0,158,1099,6444,7543,11,0,9,20,13,201,26871,0,0,320,320,0,0,0,0,0,6474,0,0,0,0,0
L2D_FRAME,39,STATIC,100,1,38,0,13,34,126,1,1141,18596,22,26629,15,7550,0,153,1114,6436,7550,12,0,10,22,9,189,26833,0,0,320,320,0,0,0,0,0,6465,0,0,0,0,0
L2D_FRAME,40,STATIC,100,1,39,0,13,33,127,1,1121,18539,20,26703,14,7683,0,167,1098,6585,7683,11,0,9,20,515,703,27420,0,0,320,320,0,0,0,0,0,6621,0,0,0,0,0
L2D_FRAME,41,STATIC,100,1,40,0,13,43,126,2,1143,18713,21,26891,18,7686,0,157,1117,6569,7686,11,0,10,21,539,716,27625,0,0,320,320,0,0,0,0,0,6599,0,0,0,0,0
L2D_FRAME,42,STATIC,100,1,41,0,13,45,154,2,1131,18607,21,26898,15,7793,0,170,1108,6685,7793,12,0,9,21,828,1019,27932,0,0,320,320,0,0,0,0,0,6710,0,0,0,0,0
L2D_FRAME,43,STATIC,100,1,42,0,13,50,123,2,1157,18660,21,26728,15,7595,0,152,1134,6461,7595,11,0,10,21,297,473,27216,0,0,320,320,0,0,0,0,0,6487,0,0,0,0,0
L2D_FRAME,44,STATIC,100,1,43,0,13,34,128,2,1144,18570,21,26666,14,7618,0,160,1118,6500,7618,11,0,10,21,10,197,26877,0,0,320,320,0,0,0,0,0,6530,0,0,0,0,0
L2D_FRAME,45,STATIC,100,1,44,0,13,34,126,1,1132,18657,21,26690,14,7555,0,166,1109,6446,7555,11,0,10,21,54,250,26954,0,0,320,320,0,0,0,0,0,6476,0,0,0,0,0
L2D_FRAME,46,STATIC,100,1,45,0,22,37,125,2,1143,18532,21,26656,15,7635,0,153,1117,6518,7635,11,0,10,21,13,189,26860,0,0,320,320,0,0,0,0,0,6547,0,0,0,0,0
L2D_FRAME,47,STATIC,100,1,46,0,14,33,126,1,1148,18636,20,26670,15,7558,0,161,1121,6437,7558,11,0,9,20,13,197,26882,0,0,320,320,0,0,0,0,0,6466,0,0,0,0,0
L2D_FRAME,48,STATIC,100,1,47,0,22,36,151,2,1121,18586,21,26621,15,7528,0,161,1095,6433,7528,11,0,10,21,11,196,26832,0,0,320,320,0,0,0,0,0,6463,0,0,0,0,0
L2D_FRAME,49,STATIC,100,1,48,0,13,36,123,2,1154,18654,21,26696,20,7571,0,159,1127,6444,7571,11,0,10,21,195,374,27090,0,0,320,320,0,0,0,0,0,6469,0,0,0,0,0
L2D_FRAME,50,STATIC,100,1,49,0,13,38,155,2,1110,18536,20,26568,16,7529,0,155,1084,6445,7529,11,0,9,20,13,190,26774,0,0,320,320,0,0,0,0,0,6474,0,0,0,0,0
L2D_FRAME,51,STATIC,100,1,50,0,13,38,123,2,1144,18669,21,26708,15,7562,0,161,1121,6441,7562,11,0,10,21,9,193,26916,0,0,320,320,0,0,0,0,0,6471,0,0,0,0,0
L2D_FRAME,52,STATIC,100,1,51,0,22,39,127,1,1139,18578,21,26617,14,7547,0,149,1112,6435,7547,11,0,10,21,17,189,26820,0,0,320,320,0,0,0,0,0,6465,0,0,0,0,0
L2D_FRAME,53,STATIC,100,1,52,0,13,34,128,1,1131,18598,22,26695,16,7618,0,159,1108,6510,7618,12,0,10,22,277,464,27175,0,0,320,320,0,0,0,0,0,6540,0,0,0,0,0
L2D_FRAME,54,STATIC,100,1,53,0,13,35,126,1,1153,18642,20,26702,16,7581,0,160,1130,6451,7581,11,0,9,20,9,195,26913,0,0,320,320,0,0,0,0,0,6480,0,0,0,0,0
L2D_FRAME,55,STATIC,100,1,54,0,13,34,127,2,1134,18574,20,26658,21,7614,0,150,1111,6503,7614,11,0,9,20,9,181,26860,0,0,320,320,0,0,0,0,0,6532,0,0,0,0,0
L2D_SUMMARY,STATIC,100,1,slot_wait_us,50,0.00,0,0,0,0,0,0
L2D_SUMMARY,STATIC,100,1,controller_us,50,14.22,13,22,22,13,22,0
L2D_SUMMARY,STATIC,100,1,rt30_us,50,37.20,36,47,50,32,50,0
L2D_SUMMARY,STATIC,100,1,hierarchy_vertex_us,50,131.40,127,157,160,123,160,0
L2D_SUMMARY,STATIC,100,1,bounds_us,50,1.68,2,2,2,1,2,0
L2D_SUMMARY,STATIC,100,1,clear_us,50,1134.32,1137,1154,1161,1107,1161,0
L2D_SUMMARY,STATIC,100,1,raster_us,50,18619.84,18625,18713,18730,18528,18730,0
I (5684) l2d_profile: STATIC scale=100 round=1 raster_us avg=18620 p95=18713 p99=18730 max=18730
L2D_SUMMARY,STATIC,100,1,convert_us,50,6552.86,6521,6747,6816,6458,6816,0
L2D_SUMMARY,STATIC,100,1,cache_sync_us,50,20.60,20,22,22,20,22,0
L2D_SUMMARY,STATIC,100,1,producer_total_us,50,26736.66,26690,27015,27045,26568,27045,0
I (5713) l2d_profile: STATIC scale=100 round=1 producer_total_us avg=26737 p95=27015 p99=27045 max=27045
L2D_SUMMARY,STATIC,100,1,publish_consume_us,50,15.70,15,21,22,10,22,0
L2D_SUMMARY,STATIC,100,1,ppa_wait_us,50,7633.72,7595,7847,7902,7528,7902,0
L2D_SUMMARY,STATIC,100,1,ppa_blend_us,50,0.00,0,0,0,0,0,0
L2D_SUMMARY,STATIC,100,1,panel_submit_us,50,158.90,159,171,178,139,178,0
L2D_SUMMARY,STATIC,100,1,frame_drop,50,0.00,0,0,0,0,0,0
L2D_SUMMARY,STATIC,100,1,ppa_fill_us,50,1109.62,1111,1130,1134,1084,1134,0
L2D_SUMMARY,STATIC,100,1,ppa_srm_us,50,6524.10,6496,6721,6787,6432,6787,0
L2D_SUMMARY,STATIC,100,1,ppa_total_us,50,7633.72,7595,7847,7902,7528,7902,0
L2D_SUMMARY,STATIC,100,1,clear_cache_sync_us,50,11.16,11,12,12,11,12,0
L2D_SUMMARY,STATIC,100,1,convert_cache_sync_us,50,0.00,0,0,0,0,0,0
L2D_SUMMARY,STATIC,100,1,flush_cache_sync_us,50,9.44,9,10,10,9,10,0
L2D_SUMMARY,STATIC,100,1,cache_sync_total_us,50,20.60,20,22,22,20,22,0
L2D_SUMMARY,STATIC,100,1,display_lock_wait_us,50,151.14,13,632,829,9,829,0
L2D_SUMMARY,STATIC,100,1,flush_total_us,50,334.02,197,828,1019,178,1019,0
L2D_SUMMARY,STATIC,100,1,frame_total_us,50,27086.38,26929,27781,27932,26774,27932,0
L2D_SUMMARY,STATIC,100,1,keypoint_us,50,0.00,0,0,0,0,0,0
L2D_SUMMARY,STATIC,100,1,visual_transform_us,50,0.00,0,0,0,0,0,0
L2D_SUMMARY,STATIC,100,1,stretch_us,50,0.00,0,0,0,0,0,0
L2D_SUMMARY,STATIC,100,1,vertex_transform_us,50,0.00,0,0,0,0,0,0
L2D_SUMMARY,STATIC,100,1,uv_update_us,50,0.00,0,0,0,0,0,0
L2D_SUMMARY,STATIC,100,1,slot_miss,50,0.00,0,0,0,0,0,0
L2D_SUMMARY,STATIC,100,1,lock_skip,50,0.00,0,0,0,0,0,0
L2D_SUMMARY,STATIC,100,1,deadline_miss,50,0.00,0,0,0,0,0,0
I (5857) l2d_profile: done STATIC scale=100 round=1
L2D_FRAME,61,EYE_L_SWEEP,100,1,5,0,86,652,4635,1,1599,18630,21,32371,15,8059,0,155,1572,6487,8059,11,0,10,21,504,680,33066,0,0,320,320,0,0,0,0,0,6516,0,0,0,0,0
L2D_FRAME,62,EYE_L_SWEEP,100,1,6,0,52,692,4634,2,1604,18497,20,32186,15,8024,0,150,1581,6443,8024,11,0,9,20,9,186,32387,0,0,320,320,0,0,0,0,0,6472,0,0,0,0,0
L2D_FRAME,63,EYE_L_SWEEP,100,1,7,0,51,679,4620,1,1624,18512,19,32230,11,8077,0,151,1602,6475,8077,10,0,9,19,13,191,32432,0,0,320,320,0,0,0,0,0,6505,0,0,0,0,0
L2D_FRAME,64,EYE_L_SWEEP,100,1,8,0,54,697,4642,1,1608,18408,21,32143,14,8051,0,149,1585,6466,8051,12,0,9,21,11,187,32344,0,0,320,320,0,0,0,0,0,6497,0,0,0,0,0
L2D_FRAME,65,EYE_L_SWEEP,100,1,9,0,52,681,4625,2,1628,18472,21,32187,19,8060,0,168,1605,6455,8060,11,0,10,21,9,198,32404,0,0,320,320,0,0,0,0,0,6484,0,0,0,0,0
L2D_FRAME,66,EYE_L_SWEEP,100,1,10,0,52,710,4595,2,1610,18389,20,32146,18,8041,0,154,1587,6454,8041,11,0,9,20,9,186,32350,0,0,320,320,0,0,0,0,0,6484,0,0,0,0,0
L2D_FRAME,67,EYE_L_SWEEP,100,1,11,0,52,678,4608,2,1616,18455,20,32141,15,8053,0,154,1593,6460,8053,11,0,9,20,9,190,32346,0,0,320,320,0,0,0,0,0,6493,0,0,0,0,0
L2D_FRAME,68,EYE_L_SWEEP,100,1,12,0,52,702,4596,2,1619,18403,20,32101,14,8058,0,174,1596,6462,8058,11,0,9,20,10,205,32320,0,0,320,320,0,0,0,0,0,6492,0,0,0,0,0
L2D_FRAME,69,EYE_L_SWEEP,100,1,13,0,52,669,4625,2,1596,18410,20,32091,16,8043,0,154,1573,6470,8043,11,0,9,20,10,189,32296,0,0,320,320,0,0,0,0,0,6501,0,0,0,0,0
L2D_FRAME,70,EYE_L_SWEEP,100,1,14,0,51,665,4609,1,1602,18386,21,32023,16,8028,0,146,1579,6449,8028,11,0,10,21,13,182,32221,0,0,320,320,0,0,0,0,0,6475,0,0,0,0,0
L2D_FRAME,71,EYE_L_SWEEP,100,1,15,0,52,669,4655,2,1613,18451,20,32167,15,8045,0,159,1591,6454,8045,11,0,9,20,9,191,32373,0,0,320,320,0,0,0,0,0,6484,0,0,0,0,0
L2D_FRAME,72,EYE_L_SWEEP,100,1,16,0,52,682,4642,1,1598,18379,21,32092,14,8028,0,154,1575,6453,8028,12,0,9,21,9,186,32292,0,0,320,320,0,0,0,0,0,6481,0,0,0,0,0
L2D_FRAME,73,EYE_L_SWEEP,100,1,17,0,52,671,4642,2,1603,18474,28,32170,11,8039,0,147,1581,6458,8039,11,0,17,28,10,187,32368,0,0,320,320,0,0,0,0,0,6488,0,0,0,0,0
L2D_FRAME,74,EYE_L_SWEEP,100,1,18,0,51,676,4649,1,1598,18445,21,32133,15,8025,0,149,1571,6454,8025,11,0,10,21,9,181,32329,0,0,320,320,0,0,0,0,0,6484,0,0,0,0,0
L2D_FRAME,75,EYE_L_SWEEP,100,1,19,0,52,679,4622,1,1597,18365,21,32100,15,8091,0,150,1574,6517,8091,11,0,10,21,9,182,32297,0,0,320,320,0,0,0,0,0,6546,0,0,0,0,0
L2D_FRAME,76,EYE_L_SWEEP,100,1,20,0,61,677,4653,2,1613,18450,20,32191,14,8052,0,153,1591,6461,8052,11,0,9,20,10,185,32390,0,0,320,320,0,0,0,0,0,6491,0,0,0,0,0
L2D_FRAME,77,EYE_L_SWEEP,100,1,21,0,53,670,4643,2,1625,18447,22,32203,15,8101,0,161,1599,6502,8101,12,0,10,22,13,197,32415,0,0,320,320,0,0,0,0,0,6531,0,0,0,0,0
L2D_FRAME,78,EYE_L_SWEEP,100,1,22,0,52,661,4634,10,1599,18475,21,32167,11,8029,0,150,1576,6453,8029,11,0,10,21,9,186,32364,0,0,320,320,0,0,0,0,0,6483,0,0,0,0,0
L2D_FRAME,79,EYE_L_SWEEP,100,1,23,0,52,666,4640,2,1602,18425,21,32179,11,8097,0,146,1576,6521,8097,11,0,10,21,9,181,32371,0,0,320,320,0,0,0,0,0,6550,0,0,0,0,0
L2D_FRAME,80,EYE_L_SWEEP,100,1,24,0,53,687,4631,2,1617,18536,21,32264,15,8054,0,150,1594,6460,8054,11,0,10,21,17,190,32469,0,0,320,320,0,0,0,0,0,6489,0,0,0,0,0
L2D_FRAME,81,EYE_L_SWEEP,100,1,25,0,52,659,4654,2,1605,18543,21,32323,11,8094,0,146,1582,6512,8094,12,0,9,21,9,182,32516,0,0,320,320,0,0,0,0,0,6540,0,0,0,0,0
L2D_FRAME,82,EYE_L_SWEEP,100,1,26,0,53,674,4660,2,1578,18665,21,32387,11,8024,0,146,1556,6468,8024,11,0,10,21,9,183,32581,0,0,320,320,0,0,0,0,0,6498,0,0,0,0,0
L2D_FRAME,83,EYE_L_SWEEP,100,1,27,0,53,681,4654,2,1598,18618,20,32382,11,8037,0,162,1575,6462,8037,11,0,9,20,10,195,32588,0,0,320,320,0,0,0,0,0,6492,0,0,0,0,0
L2D_FRAME,84,EYE_L_SWEEP,100,1,28,0,52,679,4661,2,1607,18698,20,32433,15,8029,0,146,1581,6448,8029,11,0,9,20,9,182,32630,0,0,320,320,0,0,0,0,0,6482,0,0,0,0,0
L2D_FRAME,85,EYE_L_SWEEP,100,1,29,0,53,682,4630,2,1602,18705,20,32395,14,8026,0,160,1579,6447,8026,11,0,9,20,9,200,32609,0,0,320,320,0,0,0,0,0,6473,0,0,0,0,0
L2D_FRAME,86,EYE_L_SWEEP,100,1,30,0,52,657,4643,1,1598,18595,21,32282,16,8033,0,153,1575,6458,8033,11,0,10,21,10,189,32487,0,0,320,320,0,0,0,0,0,6492,0,0,0,0,0
L2D_FRAME,87,EYE_L_SWEEP,100,1,31,0,52,688,4643,1,1630,18623,20,32457,15,8158,0,150,1607,6551,8158,11,0,9,20,9,182,32654,0,0,320,320,0,0,0,0,0,6580,0,0,0,0,0
L2D_FRAME,88,EYE_L_SWEEP,100,1,32,0,53,676,4644,1,1617,18576,20,32446,20,8199,0,183,1590,6609,8199,11,0,9,20,9,211,32677,0,0,320,320,0,0,0,0,0,6635,0,0,0,0,0
L2D_FRAME,89,EYE_L_SWEEP,100,1,33,0,53,671,4652,2,1576,18631,21,32459,20,8152,0,162,1553,6599,8152,12,0,9,21,20,201,32680,0,0,320,320,0,0,0,0,0,6629,0,0,0,0,0
L2D_FRAME,90,EYE_L_SWEEP,100,1,34,0,51,702,4628,1,1593,18548,22,32537,20,8273,0,154,1570,6703,8273,12,0,10,22,9,186,32743,0,0,320,320,0,0,0,0,0,6731,0,0,0,0,0
L2D_FRAME,91,EYE_L_SWEEP,100,1,35,0,52,677,4651,1,1594,18521,21,32492,19,8294,0,150,1568,6726,8294,11,0,10,21,9,182,32693,0,0,320,320,0,0,0,0,0,6755,0,0,0,0,0
L2D_FRAME,92,EYE_L_SWEEP,100,1,36,0,53,677,4640,1,1608,18455,20,32407,14,8287,0,160,1585,6702,8287,11,0,9,20,10,192,32613,0,0,320,320,0,0,0,0,0,6732,0,0,0,0,0
L2D_FRAME,93,EYE_L_SWEEP,100,1,37,0,53,667,4625,1,1583,18539,21,32458,15,8271,0,161,1556,6715,8271,11,0,10,21,9,191,32664,0,0,320,320,0,0,0,0,0,6745,0,0,0,0,0
L2D_FRAME,94,EYE_L_SWEEP,100,1,38,0,53,604,4636,2,1616,18349,20,32338,14,8395,0,148,1593,6802,8395,11,0,9,20,10,180,32532,0,0,320,320,0,0,0,0,0,6832,0,0,0,0,0
L2D_FRAME,95,EYE_L_SWEEP,100,1,39,0,52,587,4626,1,1607,18478,21,32339,15,8291,0,185,1580,6711,8291,11,0,10,21,1066,1272,33626,0,0,320,320,0,0,0,1,0,6744,0,0,0,0,0
L2D_FRAME,96,EYE_L_SWEEP,100,1,40,0,52,554,4618,2,1575,18434,21,32185,15,8231,0,159,1552,6679,8231,11,0,10,21,806,990,33190,0,0,320,320,0,0,0,0,0,6709,0,0,0,0,0
L2D_FRAME,97,EYE_L_SWEEP,100,1,41,0,52,665,4646,2,1622,18299,21,32104,14,8141,0,146,1599,6542,8141,12,0,9,21,13,182,32300,0,0,320,320,0,0,0,0,0,6569,0,0,0,0,0
L2D_FRAME,98,EYE_L_SWEEP,100,1,42,0,53,659,4640,2,1597,18401,21,32099,15,8027,0,151,1574,6453,8027,11,0,10,21,13,191,32305,0,0,320,320,0,0,0,0,0,6487,0,0,0,0,0
L2D_FRAME,99,EYE_L_SWEEP,100,1,43,0,61,681,4648,2,1574,18386,20,32152,15,8074,0,157,1552,6522,8074,11,0,9,20,9,189,32356,0,0,320,320,0,0,0,0,0,6551,0,0,0,0,0
L2D_FRAME,100,EYE_L_SWEEP,100,1,44,0,52,663,4654,2,1574,18440,22,32130,15,8010,0,156,1551,6459,8010,12,0,10,22,9,188,32333,0,0,320,320,0,0,0,0,0,6487,0,0,0,0,0
L2D_FRAME,101,EYE_L_SWEEP,100,1,45,0,53,672,4630,2,1594,18404,20,32078,20,8023,0,158,1572,6451,8023,11,0,9,20,9,187,32285,0,0,320,320,0,0,0,0,0,6477,0,0,0,0,0
L2D_FRAME,102,EYE_L_SWEEP,100,1,46,0,52,670,4654,2,1606,18476,21,32189,16,8044,0,169,1584,6460,8044,11,0,10,21,13,204,32409,0,0,320,320,0,0,0,0,0,6486,0,0,0,0,0
L2D_FRAME,103,EYE_L_SWEEP,100,1,47,0,53,666,4623,1,1624,18418,50,32110,10,8025,0,153,1571,6454,8025,41,0,9,50,13,190,32310,0,0,320,320,0,0,0,0,0,6483,0,0,0,0,0
L2D_FRAME,104,EYE_L_SWEEP,100,1,48,0,61,680,4643,1,1592,18551,21,32262,11,8034,0,157,1570,6464,8034,11,0,10,21,9,197,32470,0,0,320,320,0,0,0,0,0,6493,0,0,0,0,0
L2D_FRAME,105,EYE_L_SWEEP,100,1,49,0,53,684,4637,2,1599,18445,21,32134,16,8022,0,153,1573,6449,8022,11,0,10,21,13,189,32339,0,0,320,320,0,0,0,0,0,6478,0,0,0,0,0
L2D_FRAME,106,EYE_L_SWEEP,100,1,50,0,52,666,4632,1,1631,18595,21,32313,10,8058,0,150,1601,6457,8058,11,0,10,21,13,186,32509,0,0,320,320,0,0,0,0,0,6486,0,0,0,0,0
L2D_FRAME,107,EYE_L_SWEEP,100,1,51,0,53,695,4645,2,1588,18540,20,32238,11,8011,0,154,1565,6446,8011,11,0,9,20,9,190,32439,0,0,320,320,0,0,0,0,0,6476,0,0,0,0,0
L2D_FRAME,108,EYE_L_SWEEP,100,1,52,0,61,663,4630,2,1609,18633,20,32338,20,8043,0,154,1583,6460,8043,11,0,9,20,9,189,32547,0,0,320,320,0,0,0,0,0,6490,0,0,0,0,0
L2D_FRAME,109,EYE_L_SWEEP,100,1,53,0,52,685,4647,1,1605,18541,20,32253,18,8029,0,150,1578,6451,8029,11,0,9,20,9,180,32451,0,0,320,320,0,0,0,0,0,6480,0,0,0,0,0
L2D_FRAME,110,EYE_L_SWEEP,100,1,54,0,52,666,4644,2,1598,18620,21,32310,15,8026,0,160,1575,6451,8026,11,0,10,21,9,196,32521,0,0,320,320,0,0,0,0,0,6481,0,0,0,0,0
L2D_SUMMARY,EYE_L_SWEEP,100,1,slot_wait_us,50,0.00,0,0,0,0,0,0
L2D_SUMMARY,EYE_L_SWEEP,100,1,controller_us,50,53.66,52,61,86,51,86,0
L2D_SUMMARY,EYE_L_SWEEP,100,1,rt30_us,50,670.26,674,702,710,554,710,0
L2D_SUMMARY,EYE_L_SWEEP,100,1,hierarchy_vertex_us,50,4636.76,4640,4655,4661,4595,4661,0
L2D_SUMMARY,EYE_L_SWEEP,100,1,bounds_us,50,1.78,2,2,10,1,10,0
L2D_SUMMARY,EYE_L_SWEEP,100,1,clear_us,50,1603.42,1602,1628,1631,1574,1631,0
L2D_SUMMARY,EYE_L_SWEEP,100,1,raster_us,50,18494.72,18474,18665,18705,18299,18705,0
I (8385) l2d_profile: EYE_L_SWEEP scale=100 round=1 raster_us avg=18495 p95=18665 p99=18705 max=18705
L2D_SUMMARY,EYE_L_SWEEP,100,1,convert_us,50,6538.78,6492,6745,6832,6472,6832,0
L2D_SUMMARY,EYE_L_SWEEP,100,1,cache_sync_us,50,21.36,21,22,50,19,50,0
L2D_SUMMARY,EYE_L_SWEEP,100,1,producer_total_us,50,32246.30,32191,32459,32537,32023,32537,0
I (8415) l2d_profile: EYE_L_SWEEP scale=100 round=1 producer_total_us avg=32246 p95=32459 p99=32537 max=32537
L2D_SUMMARY,EYE_L_SWEEP,100,1,publish_consume_us,50,14.80,15,20,20,10,20,0
L2D_SUMMARY,EYE_L_SWEEP,100,1,ppa_wait_us,50,8088.32,8045,8291,8395,8010,8395,0
L2D_SUMMARY,EYE_L_SWEEP,100,1,ppa_blend_us,50,0.00,0,0,0,0,0,0
L2D_SUMMARY,EYE_L_SWEEP,100,1,panel_submit_us,50,155.34,154,174,185,146,185,0
L2D_SUMMARY,EYE_L_SWEEP,100,1,frame_drop,50,0.00,0,0,0,0,0,0
L2D_SUMMARY,EYE_L_SWEEP,100,1,ppa_fill_us,50,1579.02,1578,1602,1607,1551,1607,0
L2D_SUMMARY,EYE_L_SWEEP,100,1,ppa_srm_us,50,6509.30,6460,6715,6802,6443,6802,0
L2D_SUMMARY,EYE_L_SWEEP,100,1,ppa_total_us,50,8088.32,8045,8291,8395,8010,8395,0
L2D_SUMMARY,EYE_L_SWEEP,100,1,clear_cache_sync_us,50,11.74,11,12,41,10,41,0
L2D_SUMMARY,EYE_L_SWEEP,100,1,convert_cache_sync_us,50,0.00,0,0,0,0,0,0
L2D_SUMMARY,EYE_L_SWEEP,100,1,flush_cache_sync_us,50,9.62,9,10,17,9,17,0
L2D_SUMMARY,EYE_L_SWEEP,100,1,cache_sync_total_us,50,21.36,21,22,50,19,50,0
L2D_SUMMARY,EYE_L_SWEEP,100,1,display_lock_wait_us,50,57.28,9,504,1066,9,1066,0
L2D_SUMMARY,EYE_L_SWEEP,100,1,flush_total_us,50,236.72,189,680,1272,180,1272,0
L2D_SUMMARY,EYE_L_SWEEP,100,1,frame_total_us,50,32497.82,32415,33066,33626,32221,33626,0
L2D_SUMMARY,EYE_L_SWEEP,100,1,keypoint_us,50,0.00,0,0,0,0,0,0
L2D_SUMMARY,EYE_L_SWEEP,100,1,visual_transform_us,50,0.00,0,0,0,0,0,0
L2D_SUMMARY,EYE_L_SWEEP,100,1,stretch_us,50,0.00,0,0,0,0,0,0
L2D_SUMMARY,EYE_L_SWEEP,100,1,vertex_transform_us,50,0.00,0,0,0,0,0,0
L2D_SUMMARY,EYE_L_SWEEP,100,1,uv_update_us,50,0.00,0,0,0,0,0,0
L2D_SUMMARY,EYE_L_SWEEP,100,1,slot_miss,50,0.00,0,0,0,0,0,0
L2D_SUMMARY,EYE_L_SWEEP,100,1,lock_skip,50,0.00,0,0,0,0,0,0
L2D_SUMMARY,EYE_L_SWEEP,100,1,deadline_miss,50,0.02,0,0,1,0,1,0
I (8570) l2d_profile: done EYE_L_SWEEP scale=100 round=1
L2D_FRAME,116,MULTI_AXIS,100,1,5,0,63,1039,4835,1,1608,18215,21,32563,18,8107,0,154,1581,6526,8107,11,0,10,21,10,186,32767,0,0,320,320,0,0,0,0,0,6559,0,0,0,0,0
L2D_FRAME,117,MULTI_AXIS,100,1,6,0,58,1007,4826,2,1604,18315,21,32515,11,8017,0,165,1581,6436,8017,12,0,9,21,9,202,32728,0,0,320,320,0,0,0,0,0,6465,0,0,0,0,0
L2D_FRAME,118,MULTI_AXIS,100,1,7,0,59,1003,4828,1,1584,18211,21,32472,19,8067,0,154,1561,6506,8067,11,0,10,21,9,186,32677,0,0,320,320,0,0,0,0,0,6532,0,0,0,0,0
L2D_FRAME,119,MULTI_AXIS,100,1,8,0,59,998,4826,2,1611,18204,21,32414,19,8036,0,148,1589,6447,8036,11,0,10,21,9,180,32613,0,0,320,320,0,0,0,0,0,6477,0,0,0,0,0
L2D_FRAME,120,MULTI_AXIS,100,1,9,0,59,1012,4834,2,1615,18176,24,32654,20,8044,0,153,1592,6452,8044,11,0,13,24,9,188,32862,0,0,320,320,0,0,0,0,0,6484,0,0,0,0,0
L2D_FRAME,121,MULTI_AXIS,100,1,10,0,58,994,4850,2,1602,18230,20,32453,15,8027,0,163,1580,6447,8027,11,0,9,20,9,196,32664,0,0,320,320,0,0,0,0,0,6472,0,0,0,0,0
L2D_FRAME,122,MULTI_AXIS,100,1,11,0,59,986,4842,1,1618,18378,20,32594,21,8030,0,154,1591,6439,8030,11,0,9,20,9,185,32800,0,0,320,320,0,0,0,0,0,6472,0,0,0,0,0
L2D_FRAME,123,MULTI_AXIS,100,1,12,0,59,1018,4832,1,1623,18283,21,32524,20,8033,0,150,1596,6437,8033,11,0,10,21,9,182,32726,0,0,320,320,0,0,0,0,0,6466,0,0,0,0,0
L2D_FRAME,124,MULTI_AXIS,100,1,13,0,58,1005,4838,2,1607,18343,21,32568,11,8028,0,151,1585,6443,8028,11,0,10,21,13,186,32765,0,0,320,320,0,0,0,0,0,6473,0,0,0,0,0
L2D_FRAME,125,MULTI_AXIS,100,1,14,0,59,999,4833,2,1618,18233,21,32670,19,8240,0,154,1595,6645,8240,12,0,9,21,9,186,32875,0,0,320,320,0,0,0,0,0,6675,0,0,0,0,0
L2D_FRAME,126,MULTI_AXIS,100,1,15,0,59,1008,4842,1,1593,18351,21,32720,15,8165,0,161,1570,6595,8165,11,0,10,21,9,193,32928,0,0,320,320,0,0,0,0,0,6625,0,0,0,0,0
L2D_FRAME,127,MULTI_AXIS,100,1,16,0,59,1002,4842,2,1603,18368,20,32854,19,8285,0,154,1580,6705,8285,11,0,9,20,9,186,33059,0,0,320,320,0,0,0,0,0,6738,0,0,0,0,0
L2D_FRAME,128,MULTI_AXIS,100,1,17,0,59,1044,4806,2,1587,18304,21,32825,11,8281,0,153,1565,6716,8281,11,0,10,21,9,193,33029,0,0,320,320,0,0,0,0,0,6747,0,0,0,0,0
L2D_FRAME,129,MULTI_AXIS,100,1,18,0,58,892,4823,2,1632,18394,21,32792,11,8317,0,161,1609,6708,8317,11,0,10,21,9,197,33000,0,0,320,320,0,0,0,0,0,6738,0,0,0,0,0
L2D_FRAME,130,MULTI_AXIS,100,1,19,0,58,938,4833,2,1582,18372,21,32831,11,8339,0,142,1559,6780,8339,11,0,10,21,13,178,33020,0,0,320,320,0,0,0,0,0,6806,0,0,0,0,0
L2D_FRAME,131,MULTI_AXIS,100,1,20,0,59,958,4834,2,1590,18506,20,32917,10,8260,0,169,1555,6705,8260,11,0,9,20,43,240,33167,0,0,320,320,0,0,0,0,0,6736,0,0,0,0,0
L2D_FRAME,132,MULTI_AXIS,100,1,21,0,58,947,4835,2,1647,18583,20,32793,15,8058,0,163,1622,6436,8058,11,0,9,20,188,374,33182,0,0,320,320,0,0,0,0,0,6469,0,0,0,0,0
L2D_FRAME,133,MULTI_AXIS,100,1,22,0,58,1033,4827,2,1589,18515,20,32812,10,8079,0,154,1567,6512,8079,11,0,9,20,9,190,33012,0,0,320,320,0,0,0,0,0,6541,0,0,0,0,0
L2D_FRAME,134,MULTI_AXIS,100,1,23,0,59,1006,4834,2,1600,18552,20,32789,11,8027,0,158,1573,6454,8027,11,0,9,20,9,193,32993,0,0,320,320,0,0,0,0,0,6483,0,0,0,0,0
L2D_FRAME,135,MULTI_AXIS,100,1,24,0,59,1012,4843,2,1586,18530,21,32745,15,8006,0,146,1563,6443,8006,11,0,10,21,9,181,32941,0,0,320,320,0,0,0,0,0,6476,0,0,0,0,0
L2D_FRAME,136,MULTI_AXIS,100,1,25,0,59,1003,4849,1,1586,18582,20,32840,16,8024,0,152,1563,6461,8024,11,0,9,20,13,188,33044,0,0,320,320,0,0,0,0,0,6490,0,0,0,0,0
L2D_FRAME,137,MULTI_AXIS,100,1,26,0,58,1007,4844,2,1594,18583,20,32828,16,8038,0,147,1568,6470,8038,11,0,9,20,13,182,33026,0,0,320,320,0,0,0,0,0,6500,0,0,0,0,0
L2D_FRAME,138,MULTI_AXIS,100,1,27,0,59,1015,4839,1,1600,18603,20,32997,11,8169,0,154,1577,6592,8169,11,0,9,20,9,189,33197,0,0,320,320,0,0,0,0,0,6620,0,0,0,0,0
L2D_FRAME,139,MULTI_AXIS,100,1,28,0,59,1002,4836,1,1601,18642,21,33013,11,8160,0,166,1574,6586,8160,11,0,10,21,9,199,33223,0,0,320,320,0,0,0,0,0,6615,0,0,0,0,0
L2D_FRAME,140,MULTI_AXIS,100,1,29,0,59,992,4624,2,1598,18636,21,32894,15,8263,0,166,1575,6688,8263,11,0,10,21,1081,1274,34183,0,0,320,320,0,0,0,1,0,6718,0,0,0,0,0
L2D_FRAME,141,MULTI_AXIS,100,1,30,0,59,903,4812,1,1598,18519,20,32865,20,8269,0,165,1575,6694,8269,11,0,9,20,12,196,33081,0,0,320,320,0,0,0,0,0,6727,0,0,0,0,0
L2D_FRAME,142,MULTI_AXIS,100,1,31,0,59,980,4825,1,1567,18503,20,32830,28,8171,0,155,1540,6631,8171,11,0,9,20,720,899,33757,0,0,320,320,0,0,0,1,0,6656,0,0,0,0,0
L2D_FRAME,143,MULTI_AXIS,100,1,32,0,59,998,4826,1,1589,18478,21,32669,15,8019,0,158,1566,6453,8019,11,0,10,21,10,190,32874,0,0,320,320,0,0,0,0,0,6479,0,0,0,0,0
L2D_FRAME,144,MULTI_AXIS,100,1,33,0,68,1004,4835,2,1625,18468,20,32698,11,8033,0,155,1602,6431,8033,11,0,9,20,9,191,32900,0,0,320,320,0,0,0,0,0,6456,0,0,0,0,0
L2D_FRAME,145,MULTI_AXIS,100,1,34,0,58,1008,4835,2,1618,18381,21,32629,19,8038,0,150,1596,6442,8038,11,0,10,21,9,182,32830,0,0,320,320,0,0,0,0,0,6467,0,0,0,0,0
L2D_FRAME,146,MULTI_AXIS,100,1,35,0,59,1001,4844,1,1625,18453,21,32697,16,8040,0,157,1598,6442,8040,11,0,10,21,9,197,32910,0,0,320,320,0,0,0,0,0,6479,0,0,0,0,0
L2D_FRAME,147,MULTI_AXIS,100,1,36,0,59,1039,4846,2,1515,18352,21,32608,15,8010,0,150,1493,6517,8010,11,0,10,21,9,183,32806,0,0,320,320,0,0,0,0,0,6546,0,0,0,0,0
L2D_FRAME,148,MULTI_AXIS,100,1,37,0,59,1020,4851,2,1574,18499,21,32728,11,8003,0,154,1551,6452,8003,11,0,10,21,13,193,32932,0,0,320,320,0,0,0,0,0,6481,0,0,0,0,0
L2D_FRAME,149,MULTI_AXIS,100,1,38,0,58,1023,4865,2,1594,18487,20,32764,10,8024,0,158,1568,6456,8024,11,0,9,20,13,195,32969,0,0,320,320,0,0,0,0,0,6486,0,0,0,0,0
L2D_FRAME,150,MULTI_AXIS,100,1,39,0,59,1027,4813,2,1622,18391,20,32817,15,8194,0,154,1599,6595,8194,11,0,9,20,12,189,33021,0,0,320,320,0,0,0,0,0,6628,0,0,0,0,0
L2D_FRAME,151,MULTI_AXIS,100,1,40,0,59,1008,4854,1,1605,18539,21,33069,19,8307,0,168,1582,6725,8307,11,0,10,21,9,202,33290,0,0,320,320,0,0,0,0,0,6753,0,0,0,0,0
L2D_FRAME,152,MULTI_AXIS,100,1,41,0,59,854,4843,1,1468,18393,20,32611,18,8159,0,150,1445,6714,8159,11,0,9,20,9,182,32811,0,0,320,320,0,0,0,0,0,6748,0,0,0,0,0
L2D_FRAME,153,MULTI_AXIS,100,1,42,0,59,964,4850,2,1625,18371,20,32865,15,8330,0,154,1593,6737,8330,11,0,9,20,9,190,33070,0,0,320,320,0,0,0,0,0,6762,0,0,0,0,0
L2D_FRAME,154,MULTI_AXIS,100,1,43,0,59,950,4845,2,1557,18424,21,32818,19,8238,0,182,1535,6703,8238,11,0,10,21,9,211,33048,0,0,320,320,0,0,0,0,0,6732,0,0,0,0,0
L2D_FRAME,155,MULTI_AXIS,100,1,44,0,58,955,4831,2,1587,18354,21,32683,30,8190,0,155,1565,6625,8190,11,0,10,21,515,691,33404,0,0,320,320,0,0,0,1,0,6655,0,0,0,0,0
L2D_FRAME,156,MULTI_AXIS,100,1,45,0,59,989,4842,1,1607,18392,21,32611,11,8026,0,156,1580,6446,8026,11,0,10,21,13,191,32813,0,0,320,320,0,0,0,0,0,6477,0,0,0,0,0
L2D_FRAME,157,MULTI_AXIS,100,1,46,0,58,999,4842,2,1617,18516,21,32746,11,8030,0,153,1585,6445,8030,11,0,10,21,9,189,32946,0,0,320,320,0,0,0,0,0,6476,0,0,0,0,0
L2D_FRAME,158,MULTI_AXIS,100,1,47,0,58,1006,4830,2,1596,18437,20,32725,11,8077,0,165,1566,6511,8077,11,0,9,20,9,200,32936,0,0,320,320,0,0,0,0,0,6539,0,0,0,0,0
L2D_FRAME,159,MULTI_AXIS,100,1,48,0,59,993,4861,2,1624,18607,21,32866,15,8038,0,164,1588,6450,8038,11,0,10,21,11,202,33083,0,0,320,320,0,0,0,0,0,6475,0,0,0,0,0
L2D_FRAME,160,MULTI_AXIS,100,1,49,0,59,1007,4853,2,1595,18617,20,32857,18,8033,0,158,1572,6461,8033,11,0,9,20,9,188,33063,0,0,320,320,0,0,0,0,0,6487,0,0,0,0,0
L2D_FRAME,161,MULTI_AXIS,100,1,50,0,59,1016,4861,2,1593,18619,21,33104,10,8253,0,150,1570,6683,8253,12,0,9,21,10,194,33308,0,0,320,320,0,0,0,0,0,6709,0,0,0,0,0
L2D_FRAME,162,MULTI_AXIS,100,1,51,0,59,939,4852,1,1624,18729,20,33168,18,8293,0,195,1601,6692,8293,11,0,9,20,13,229,33415,0,0,320,320,0,0,0,1,0,6721,0,0,0,0,0
L2D_FRAME,163,MULTI_AXIS,100,1,52,0,59,884,4841,2,1583,18607,21,32957,11,8264,0,157,1560,6704,8264,11,0,10,21,13,203,33171,0,0,320,320,0,0,0,0,0,6734,0,0,0,0,0
L2D_FRAME,164,MULTI_AXIS,100,1,53,0,59,952,4842,2,1570,18607,20,33028,20,8262,0,153,1547,6715,8262,11,0,9,20,12,187,33235,0,0,320,320,0,0,0,0,0,6745,0,0,0,0,0
L2D_FRAME,165,MULTI_AXIS,100,1,54,0,59,946,4846,1,1583,18564,20,32866,19,8144,0,153,1546,6598,8144,11,0,9,20,9,185,33070,0,0,320,320,0,0,0,0,0,6628,0,0,0,0,0
L2D_SUMMARY,MULTI_AXIS,100,1,slot_wait_us,50,0.00,0,0,0,0,0,0
L2D_SUMMARY,MULTI_AXIS,100,1,controller_us,50,59.00,59,59,68,58,68,0
L2D_SUMMARY,MULTI_AXIS,100,1,rt30_us,50,987.70,1002,1039,1044,854,1044,0
L2D_SUMMARY,MULTI_AXIS,100,1,hierarchy_vertex_us,50,4834.00,4838,4861,4865,4624,4865,0
L2D_SUMMARY,MULTI_AXIS,100,1,bounds_us,50,1.66,2,2,2,1,2,0
L2D_SUMMARY,MULTI_AXIS,100,1,clear_us,50,1596.78,1598,1625,1647,1468,1647,0
L2D_SUMMARY,MULTI_AXIS,100,1,raster_us,50,18448.32,18453,18636,18729,18176,18729,0
I (11128) l2d_profile: MULTI_AXIS scale=100 round=1 raster_us avg=18448 p95=18636 p99=18729 max=18729
L2D_SUMMARY,MULTI_AXIS,100,1,convert_us,50,6588.46,6541,6753,6806,6456,6806,0
L2D_SUMMARY,MULTI_AXIS,100,1,cache_sync_us,50,20.62,21,21,24,20,24,0
L2D_SUMMARY,MULTI_AXIS,100,1,producer_total_us,50,32767.12,32789,33069,33168,32414,33168,0
I (11158) l2d_profile: MULTI_AXIS scale=100 round=1 producer_total_us avg=32767 p95=33069 p99=33168 max=33168
L2D_SUMMARY,MULTI_AXIS,100,1,publish_consume_us,50,15.50,15,21,30,10,30,0
L2D_SUMMARY,MULTI_AXIS,100,1,ppa_wait_us,50,8130.90,8077,8317,8339,8003,8339,0
L2D_SUMMARY,MULTI_AXIS,100,1,ppa_blend_us,50,0.00,0,0,0,0,0,0
L2D_SUMMARY,MULTI_AXIS,100,1,panel_submit_us,50,157.22,154,169,195,142,195,0
L2D_SUMMARY,MULTI_AXIS,100,1,frame_drop,50,0.00,0,0,0,0,0,0
L2D_SUMMARY,MULTI_AXIS,100,1,ppa_fill_us,50,1571.88,1574,1602,1622,1445,1622,0
L2D_SUMMARY,MULTI_AXIS,100,1,ppa_srm_us,50,6559.02,6512,6725,6780,6431,6780,0
L2D_SUMMARY,MULTI_AXIS,100,1,ppa_total_us,50,8130.90,8077,8317,8339,8003,8339,0
L2D_SUMMARY,MULTI_AXIS,100,1,clear_cache_sync_us,50,11.06,11,12,12,11,12,0
L2D_SUMMARY,MULTI_AXIS,100,1,convert_cache_sync_us,50,0.00,0,0,0,0,0,0
L2D_SUMMARY,MULTI_AXIS,100,1,flush_cache_sync_us,50,9.56,9,10,13,9,13,0
L2D_SUMMARY,MULTI_AXIS,100,1,cache_sync_total_us,50,20.62,21,21,24,20,24,0
L2D_SUMMARY,MULTI_AXIS,100,1,display_lock_wait_us,50,60.04,9,515,1081,9,1081,0
L2D_SUMMARY,MULTI_AXIS,100,1,flush_total_us,50,241.86,190,691,1274,178,1274,0
L2D_SUMMARY,MULTI_AXIS,100,1,frame_total_us,50,33024.48,33000,33415,34183,32613,34183,0
L2D_SUMMARY,MULTI_AXIS,100,1,keypoint_us,50,0.00,0,0,0,0,0,0
L2D_SUMMARY,MULTI_AXIS,100,1,visual_transform_us,50,0.00,0,0,0,0,0,0
L2D_SUMMARY,MULTI_AXIS,100,1,stretch_us,50,0.00,0,0,0,0,0,0
L2D_SUMMARY,MULTI_AXIS,100,1,vertex_transform_us,50,0.00,0,0,0,0,0,0
L2D_SUMMARY,MULTI_AXIS,100,1,uv_update_us,50,0.00,0,0,0,0,0,0
L2D_SUMMARY,MULTI_AXIS,100,1,slot_miss,50,0.00,0,0,0,0,0,0
L2D_SUMMARY,MULTI_AXIS,100,1,lock_skip,50,0.00,0,0,0,0,0,0
L2D_SUMMARY,MULTI_AXIS,100,1,deadline_miss,50,0.08,0,1,1,0,1,0
I (11311) l2d_profile: done MULTI_AXIS scale=100 round=1
L2D_DONE
I (11317) l2d_profile: suite complete; serial data ready for PC capture
I (12352) l2d_baseline: perf window=0 fps=30.14 eye=28 neck=18 face=12 mouth=3 frames=31 over_budget=3 batch_fail=0 avg_us axis=57 clear=1582 fill=1557 sync=11 pose=973 physical=4832 sort=83 draw=18458 engine=24453 render=26035 convert=6580 flush=269 total=33021 budget_remain=366 actual_wait=84 period=33165 max_total=34456 cpu0=87 cpu1=0
I (13368) l2d_baseline: perf window=1 fps=29.53 eye=2 neck=14 face=8 mouth=27 frames=30 over_budget=4 batch_fail=0 avg_us axis=56 clear=1588 fill=1564 sync=11 pose=972 physical=4836 sort=84 draw=18463 engine=24453 render=26042 convert=6603 flush=298 total=33078 budget_remain=336 actual_wait=76 period=33213 max_total=34379 cpu0=82 cpu1=0
