ESP-ROM:esp32p4-eco2-20240710
Build:Jul 10 2024
rst:0x1 (POWERON),boot:0x30f (SPI_FAST_FLASH_BOOT)
SPI mode:DIO, clock div:1
load:0x4ff33ce0,len:0x514
load:0x4ff29ed0,len:0xbbc
load:0x4ff2cbd0,len:0x3114
entry 0x4ff29ed0
ESP-ROM:esp32p4-eco2-20240710
Build:Jul 10 2024
rst:0x1 (POWERON),boot:0x30f (SPI_FAST_FLASH_BOOT)
SPI mode:DIO, clock div:1
load:0x4ff33ce0,len:0x514
load:0x4ff29ed0,len:0xbbc
load:0x4ff2cbd0,len:0x3114
entry 0x4ff29ed0
I (337) hex_psram: vendor id    : 0x0d (AP)
I (338) hex_psram: Latency      : 0x01 (Fixed)
I (338) hex_psram: DriveStr.    : 0x00 (25 Ohm)
I (338) hex_psram: dev id       : 0x03 (generation 4)
I (343) hex_psram: density      : 0x07 (256 Mbit)
I (348) hex_psram: good-die     : 0x06 (Pass)
I (352) hex_psram: SRF          : 0x02 (Slow Refresh)
I (356) hex_psram: BurstType    : 0x00 ( Wrap)
I (361) hex_psram: BurstLen     : 0x03 (2048 Byte)
I (365) hex_psram: BitMode      : 0x01 (X16 Mode)
I (370) hex_psram: Readlatency  : 0x04 (14 cycles@Fixed)
I (375) hex_psram: DriveStrength: 0x00 (1/1)
I (379) MSPI Timing: Enter psram timing tuning
I (553) esp_psram: Found 32MB PSRAM device
I (553) esp_psram: Speed: 200MHz
I (554) hex_psram: psram CS IO is dedicated
I (554) cpu_start: Multicore app
I (1316) esp_psram: SPI SRAM memory test OK
I (1326) cpu_start: GPIO 38 and 37 are used as console UART I/O pins
I (1327) cpu_start: Pro cpu start user code
I (1327) cpu_start: cpu freq: 360000000 Hz
I (1329) app_init: Application information:
I (1333) app_init: Project name:     live2d_rt30_baseline
I (1338) app_init: App version:      846b65e-dirty
I (1343) app_init: Compile time:     Sep 29 2026 22:10:34
I (1348) app_init: ELF file SHA256:  0eb53645d...
I (1352) app_init: ESP-IDF:          v5.5.2
I (1356) efuse_init: Min chip rev:     v0.1
I (1360) efuse_init: Max chip rev:     v1.99 
I (1364) efuse_init: Chip rev:         v1.3
I (1368) heap_init: Initializing. RAM available for dynamic allocation:
I (1374) heap_init: At 4FF1ED00 len 0001C2C0 (112 KiB): RETENT_RAM
I (1380) heap_init: At 4FF3AFC0 len 00004BF0 (18 KiB): RAM
I (1385) heap_init: At 4FF40000 len 00040000 (256 KiB): RAM
I (1391) heap_init: At 501080A0 len 00007F60 (31 KiB): RTCRAM
I (1396) heap_init: At 30100084 len 00001F7C (7 KiB): TCM
I (1401) esp_psram: Adding pool of 32768K of PSRAM memory to heap allocator
I (1409) spi_flash: detected chip: generic
I (1412) spi_flash: flash io: dio
I (1415) sleep_gpio: Configure to isolate all GPIO pins in sleep state
I (1421) sleep_gpio: Enable automatic switching of GPIO sleep configuration
I (1428) main_task: Started on CPU0
I (1452) esp_psram: Reserving pool of 128K of internal memory for DMA/internal allocations
I (1453) main_task: Calling app_main()
I (1453) l2d_baseline: === Live2D RT30 baseline ===
I (1457) l2d_baseline: ========================================
I (1463) l2d_baseline:  Live2D RT30 baseline, target=30 fps, core=0
I (1469) l2d_baseline:  model=/sdcard/esp.live
I (1473) l2d_baseline: ========================================
I (1478) l2d_baseline: heap boot: psram_free=33551716 psram_min=33551716 internal_free=376943
I (1513) sys_storage: Mounting SD card at /sdcard
I (1514) main_task: Returned from app_main()
I (1569) sys_storage: Storage subsystem ready (NVS + SD at /sdcard)
I (1569) sys_sdio: ready: SD serial task core=0 prio=4 queue=20
I (1571) sys_storage: font cache found: /sdcard/fonts/noto_sans_sc_16.bin (955208 bytes)
I (1577) l2d_baseline: storage ready at /sdcard
I (1583) esp_lvgl:adapter: LVGL adapter initialized successfully
I (1660) GT911: TouchPad_ID:0x39,0x31,0x31
I (1660) GT911: TouchPad_Config_Version:101
W (1660) ledc: GPIO 20 is not usable, maybe conflict with others
I (1663) WT99P4C5_S1_BOARD: MIPI DSI PHY Powered on
I (1668) WT99P4C5_S1_BOARD: Install MIPI DSI LCD control panel
I (1673) WT99P4C5_S1_BOARD: Install EK79007 LCD control panel
I (1678) WT99P4C5_S1_BOARD: MIPI DSI DPI clock: 80.00 MHz
I (1683) ek79007: version: 1.0.4
I (1856) WT99P4C5_S1_BOARD: Display initialized
I (1856) WT99P4C5_S1_BOARD: Display resolution 1024x600
I (1860) esp_lvgl:bridge_v9: Initializing hardware resources
I (1860) esp_lvgl:bridge_v9: Hardware resources initialized successfully
I (1871) WT99P4C5_S1_BOARD: GT911 touch ready on GPIO 21
W (1871) esp_lvgl:touch: LV_USE_GESTURE_RECOGNITION is disabled; only single-point pointer events are available
I (1881) esp_lvgl:touch: Touch input device registered successfully (IRQ mode: disabled)
I (1889) esp_lvgl:adapter: LVGL task started successfully
I (1894) sys_display: Display + LVGL initialized (custom config)
I (1899) WT99P4C5_S1_BOARD: Setting LCD backlight: 80%
I (1904) sys_monitor: CPU monitor started (FreeRTOS idle run time, 1 s windows)
I (1911) sys_monitor: FPS tracking attached to display
I (2446) l2d_baseline: model file loaded: /sdcard/esp.live (800796 bytes)
I (2446) l2d_baseline: model CRC32_LE=0x5f25edc0
I (2498) l2d_baseline: model SHA256=1d7f21471dcedee2d205904791df7147c63760269462ad5d7169a97afe386100
I (2498) live2d_engine: allocated runtime pool: 2650168 bytes
I (2501) live2d_engine: Importing PainterEngine Live2D model, file size=800796 bytes, pool free=2650168 bytes
I (2556) live2d_engine: Model loaded: id='esp', size=320x320, layers=11, textures=12, animations=1, pool free=1814320 bytes
I (2556) live2d_engine: Using nearest-neighbor pixel shader for ESP renderer
I (2563) live2d_engine: RT30 realtime axes: 5
I (2567) live2d_engine:   axis[0] id='left_eye' default=0 middle=15 bindings=2 sampleBytes=360 stride=12 vidx=0 Q(coord=4 rot=6 stretch=14)
I (2579) live2d_engine:     binding[0] layer=6 id='right_eye' mask=0x0050 vertices=0 sample_offset=0
I (2588) live2d_engine:     binding[1] layer=8 id='left_eyeup' mask=0x0010 vertices=0 sample_offset=6
I (2597) live2d_engine:   axis[1] id='right_eye' default=0 middle=15 bindings=2 sampleBytes=240 stride=8 vidx=0 Q(coord=4 rot=6 stretch=14)
I (2609) live2d_engine:     binding[0] layer=5 id='left_eye' mask=0x0040 vertices=0 sample_offset=0
I (2618) live2d_engine:     binding[1] layer=7 id='right_eyeup' mask=0x0010 vertices=0 sample_offset=2
I (2627) live2d_engine:   axis[2] id='neck' default=15 middle=15 bindings=1 sampleBytes=960 stride=32 vidx=7 Q(coord=4 rot=6 stretch=14)
I (2639) live2d_engine:     binding[0] layer=3 id='neck' mask=0x0028 vertices=7 sample_offset=0
I (2647) live2d_engine:   axis[3] id='face' default=15 middle=15 bindings=11 sampleBytes=28560 stride=952 vidx=227 Q(coord=4 rot=6 stretch=14)
I (2660) live2d_engine:     binding[0] layer=0 id='back_hair' mask=0x0009 vertices=42 sample_offset=0
I (2669) live2d_engine:     binding[1] layer=1 id='cloth' mask=0x0009 vertices=25 sample_offset=172
I (2677) live2d_engine:     binding[2] layer=2 id='face' mask=0x0009 vertices=15 sample_offset=276
I (2686) live2d_engine:     binding[3] layer=3 id='neck' mask=0x0009 vertices=8 sample_offset=340
I (2695) live2d_engine:     binding[4] layer=4 id='mouth' mask=0x0009 vertices=5 sample_offset=376
I (2703) live2d_engine:     binding[5] layer=5 id='left_eye' mask=0x0009 vertices=11 sample_offset=400
I (2712) live2d_engine:     binding[6] layer=6 id='right_eye' mask=0x0009 vertices=10 sample_offset=448
I (2722) live2d_engine:     binding[7] layer=7 id='right_eyeup' mask=0x0009 vertices=13 sample_offset=492
I (2731) live2d_engine:     binding[8] layer=8 id='left_eyeup' mask=0x0009 vertices=13 sample_offset=548
I (2740) live2d_engine:     binding[9] layer=9 id='front_hair' mask=0x0009 vertices=64 sample_offset=604
I (2749) live2d_engine:     binding[10] layer=10 id='hairwear' mask=0x0009 vertices=21 sample_offset=864
I (2758) live2d_engine:   axis[4] id='mouth' default=15 middle=15 bindings=1 sampleBytes=720 stride=24 vidx=5 Q(coord=4 rot=6 stretch=14)
I (2771) live2d_engine:     binding[0] layer=4 id='mouth' mask=0x0048 vertices=5 sample_offset=0
I (2780) live2d_engine: Playing default animation index 1/1
I (2785) live2d_engine: allocated runtime pool: 1048576 bytes
I (2790) l2d_baseline: model ready id='esp' size=320x320 layers=11 textures=12 animations=1 load=286ms pool_free=1017664
I (2800) l2d_baseline: RT30 axis_count=5 static=31590 runtime=0 selectedSample=0
I (2808) l2d_baseline: axis handles: left_eye=0 right_eye=1 neck=2 face=3 mouth=4
I (2815) l2d_baseline: benchmark model_path=/sdcard/esp.live axis_count=5
I (2821) l2d_baseline: render ROI: 320x320 at (352,140), lcd=1024x600
I (2827) sys_display_buf: PSRAM before alloc: total=33554432  free=27353404 largest=26214400
I (2836) sys_display_buf: buffers created: 320x320  ARGB=409600  RGB565=204800 bytes (PSRAM DMA=yes)
I (2844) sys_display_buf: PSRAM after alloc: total=33554432  free=26738996 largest=26214400
I (2855) sys_display_flush: Flush path: 320x320 at (352,140) -> panel direct draw
I (2860) live2d_engine: Internal render scale set to 1.000
I (2872) live2d_renderer: PPA fill transparent clear enabled
I (2872) live2d_renderer: Renderer initialized: 320x320 ARGB8888 -> RGB565 via PPA SRM, rgb_swap=0, byte_swap=0, source block=320x320@(0,0)
I (2882) l2d_baseline: render backends: clear=PPA convert=PPA
I (2888) l2d_baseline: heap ready: psram_free=26737928 psram_min=26737928 internal_free=256007
I (2896) l2d_baseline: continuous RT30 drive active on 5 model axes
L2D_META_BEGIN
esp_commit=846b65e4811217fca9aca0e7150ccfd1434a27d7
live2d_commit=78fc634
idf=v5.5.2
chip=ESP32-P4
cpu_mhz=360
psram_mhz=200
optimization=-O2
render_task=core0,priority6
lvgl_task=core0,priority4
canvas=320x320
slot=none,synchronous ARGB+RGB565 buffers
display=direct panel RGB565
ppa=fill+SRM clients,blocking,blend unused
model_path=/sdcard/esp.live
model_sha256=1d7f21471dcedee2d205904791df7147c63760269462ad5d7169a97afe386100
model_size=800796
model_load_us=286637
axis_count=5
layer_count=11
vertex_count=227
triangle_count=257
texture_count=12
layers=11
vertices=227
triangles=257
textures=12
texture_pixels=184235
axes=5
sampler=fast-nearest
profile_stage=0
profile_mode=timing
srm_roi=1
default_clear=PPA
default_convert=PPA
backend_ids=0:PPA/PPA,1:CPU/PPA,2:PPA/CPU,3:CPU/CPU
warmup=5
measure=50
rounds=1
L2D_META_END
L2D_FRAME_HEADER,frame_id,scenario,scale_q100,round,frame,slot_wait_us,controller_us,rt30_us,hierarchy_vertex_us,bounds_us,clear_us,raster_us,cache_sync_us,producer_total_us,publish_consume_us,ppa_wait_us,ppa_blend_us,panel_submit_us,ppa_fill_us,ppa_srm_us,ppa_total_us,clear_cache_sync_us,convert_cache_sync_us,flush_cache_sync_us,cache_sync_total_us,display_lock_wait_us,flush_total_us,frame_total_us,dirty_x,dirty_y,dirty_w,dirty_h,frame_drop,slot_miss,lock_skip,deadline_miss,backend,convert_us,keypoint_us,visual_transform_us,stretch_us,vertex_transform_us,uv_update_us,trig_cache_hit,trig_cache_miss
L2D_SUMMARY_HEADER,scenario,scale_q100,round,metric,count,avg,p50,p95,p99,min,max,backend
L2D_ROI_HEADER,frame_id,scenario,scale_q100,round,frame,current_valid,current_min_x,current_min_y,current_max_x,current_max_y,current_w,current_h,current_area,previous_valid,previous_min_x,previous_min_y,previous_max_x,previous_max_y,union_min_x,union_min_y,union_max_x,union_max_y,union_w,union_h,union_area,current_area_ratio_q10000,union_area_ratio_q10000,force_full
L2D_SUMMARY,LOAD,0,0,load_us,1,286637,286637,286637,286637,286637,286637,0
I (3078) l2d_profile: profile suite: stage=0 rounds=1 frames=50
I (3084) live2d_engine: Internal render scale set to 1.000
L2D_FRAME,6,STATIC,100,1,5,0,6,33,89,3,1117,18157,28,24260,12,5483,0,137,1087,4396,5483,13,0,15,28,16,178,24450,0,0,320,320,0,0,0,0,0,4429,0,0,0,0,0,0,0
L2D_FRAME,7,STATIC,100,1,6,0,5,36,92,3,1044,18238,29,24229,13,5368,0,143,1018,4350,5368,14,0,15,29,20,188,24430,0,0,320,320,0,0,0,0,0,4388,0,0,0,0,0,0,0
L2D_FRAME,8,STATIC,100,1,7,0,8,39,93,3,942,18236,27,24147,12,5260,0,132,917,4343,5260,12,0,15,27,20,177,24336,0,0,320,320,0,0,0,0,0,4380,0,0,0,0,0,0,0
L2D_FRAME,9,STATIC,100,1,8,0,5,37,89,4,908,18238,35,24138,9,5254,0,147,874,4380,5254,21,0,14,35,20,192,24339,0,0,320,320,0,0,0,0,0,4418,0,0,0,0,0,0,0
L2D_FRAME,10,STATIC,100,1,9,0,9,33,75,4,980,18257,32,24154,8,5290,0,140,953,4337,5290,17,0,15,32,16,185,24347,0,0,320,320,0,0,0,0,0,4374,0,0,0,0,0,0,0
L2D_FRAME,11,STATIC,100,1,10,0,10,32,64,4,1067,18181,28,24227,11,5441,0,135,1040,4401,5441,13,0,15,28,16,179,24417,0,0,320,320,0,0,0,0,0,4434,0,0,0,0,0,0,0
L2D_FRAME,12,STATIC,100,1,11,0,5,31,66,3,1133,18161,28,24220,16,5458,0,142,1110,4348,5458,13,0,15,28,16,184,24420,0,0,320,320,0,0,0,0,0,4386,0,0,0,0,0,0,0
L2D_FRAME,13,STATIC,100,1,12,0,10,36,88,3,1115,18145,29,24256,15,5441,0,145,1088,4353,5441,14,0,15,29,16,187,24458,0,0,320,320,0,0,0,0,0,4386,0,0,0,0,0,0,0
L2D_FRAME,14,STATIC,100,1,13,0,5,32,90,3,1128,18106,28,24183,11,5454,0,190,1105,4349,5454,13,0,15,28,20,239,24433,0,0,320,320,0,0,0,0,0,4386,0,0,0,0,0,0,0
L2D_FRAME,15,STATIC,100,1,14,0,6,30,89,4,1130,18163,27,24272,14,5490,0,145,1103,4387,5490,13,0,14,27,16,191,24477,0,0,320,320,0,0,0,0,0,4417,0,0,0,0,0,0,0
L2D_FRAME,16,STATIC,100,1,15,0,5,31,85,3,1138,18138,32,24373,20,5607,0,149,1107,4500,5607,17,0,15,32,16,191,24584,0,0,320,320,0,0,0,0,0,4537,0,0,0,0,0,0,0
L2D_FRAME,17,STATIC,100,1,16,0,10,34,85,4,1110,18128,27,24405,15,5655,0,146,1083,4572,5655,13,0,14,27,821,993,25413,0,0,320,320,0,0,0,0,0,4605,0,0,0,0,0,0,0
L2D_FRAME,18,STATIC,100,1,17,0,9,35,82,3,1127,18072,28,24401,20,5688,0,153,1101,4587,5688,13,0,15,28,17,195,24616,0,0,320,320,0,0,0,0,0,4620,0,0,0,0,0,0,0
L2D_FRAME,19,STATIC,100,1,18,0,10,33,93,3,1131,18106,32,24476,20,5740,0,141,1100,4640,5740,17,0,15,32,16,183,24679,0,0,320,320,0,0,0,0,0,4674,0,0,0,0,0,0,0
L2D_FRAME,20,STATIC,100,1,19,0,9,32,83,4,1121,18139,28,24439,11,5701,0,146,1098,4603,5701,13,0,15,28,20,192,24642,0,0,320,320,0,0,0,0,0,4632,0,0,0,0,0,0,0
L2D_FRAME,21,STATIC,100,1,20,0,5,33,83,3,1117,18128,27,24481,17,5747,0,138,1091,4656,5747,13,0,14,27,16,179,24677,0,0,320,320,0,0,0,0,0,4688,0,0,0,0,0,0,0
L2D_FRAME,22,STATIC,100,1,21,0,9,50,91,3,1136,18166,27,24509,11,5699,0,143,1113,4586,5699,13,0,14,27,16,188,24708,0,0,320,320,0,0,0,0,0,4623,0,0,0,0,0,0,0
L2D_FRAME,23,STATIC,100,1,22,0,5,32,118,4,1134,18131,28,24501,15,5721,0,147,1107,4614,5721,13,0,15,28,20,193,24709,0,0,320,320,0,0,0,0,0,4647,0,0,0,0,0,0,0
L2D_FRAME,24,STATIC,100,1,23,0,5,36,84,4,1114,18192,32,24483,11,5674,0,145,1087,4587,5674,17,0,15,32,16,191,24685,0,0,320,320,0,0,0,0,0,4621,0,0,0,0,0,0,0
L2D_FRAME,25,STATIC,100,1,24,0,9,46,87,3,1140,18187,27,24509,17,5697,0,137,1114,4583,5697,13,0,14,27,16,178,24704,0,0,320,320,0,0,0,0,0,4615,0,0,0,0,0,0,0
L2D_FRAME,26,STATIC,100,1,25,0,10,38,83,3,1132,18037,32,24413,16,5745,0,137,1098,4647,5745,17,0,15,32,17,179,24608,0,0,320,320,0,0,0,0,0,4684,0,0,0,0,0,0,0
L2D_FRAME,27,STATIC,100,1,26,0,5,32,89,3,1134,18149,28,24504,16,5728,0,136,1108,4620,5728,13,0,15,28,20,182,24702,0,0,320,320,0,0,0,0,0,4656,0,0,0,0,0,0,0
L2D_FRAME,28,STATIC,100,1,27,0,5,38,84,3,1121,18096,27,24427,20,5675,0,140,1094,4581,5675,13,0,14,27,16,181,24628,0,0,320,320,0,0,0,0,0,4613,0,0,0,0,0,0,0
L2D_FRAME,29,STATIC,100,1,28,0,9,37,87,4,1133,18148,28,24482,11,5705,0,149,1105,4600,5705,14,0,14,28,20,202,24695,0,0,320,320,0,0,0,0,0,4633,0,0,0,0,0,0,0
L2D_FRAME,30,STATIC,100,1,29,0,10,41,89,4,1120,18200,28,24491,15,5662,0,154,1097,4565,5662,13,0,15,28,529,712,25218,0,0,320,320,0,0,0,0,0,4598,0,0,0,0,0,0,0
L2D_FRAME,31,STATIC,100,1,30,0,10,36,85,3,1129,18069,29,24425,15,5705,0,145,1101,4604,5705,14,0,15,29,16,190,24630,0,0,320,320,0,0,0,0,0,4669,0,0,0,0,0,0,0
L2D_FRAME,32,STATIC,100,1,31,0,5,33,86,3,1115,18195,29,24489,10,5672,0,161,1092,4580,5672,14,0,15,29,533,723,25222,0,0,320,320,0,0,0,0,0,4616,0,0,0,0,0,0,0
L2D_FRAME,33,STATIC,100,1,32,0,9,42,84,3,1143,18084,28,24451,11,5744,0,144,1117,4627,5744,13,0,15,28,20,193,24655,0,0,320,320,0,0,0,0,0,4660,0,0,0,0,0,0,0
L2D_FRAME,34,STATIC,100,1,33,0,9,46,88,3,1134,18121,33,24468,15,5712,0,141,1108,4604,5712,18,0,15,33,20,187,24670,0,0,320,320,0,0,0,0,0,4637,0,0,0,0,0,0,0
L2D_FRAME,35,STATIC,100,1,34,0,5,35,86,3,1126,18070,29,24437,11,5757,0,146,1099,4658,5757,14,0,15,29,22,193,24641,0,0,320,320,0,0,0,0,0,4691,0,0,0,0,0,0,0
L2D_FRAME,36,STATIC,100,1,35,0,10,34,84,3,1125,18151,28,24464,10,5693,0,141,1102,4591,5693,13,0,15,28,16,186,24660,0,0,320,320,0,0,0,0,0,4624,0,0,0,0,0,0,0
L2D_FRAME,37,STATIC,100,1,36,0,10,32,87,3,1124,18087,28,24425,12,5687,0,142,1101,4586,5687,13,0,15,28,16,184,24621,0,0,320,320,0,0,0,0,0,4618,0,0,0,0,0,0,0
L2D_FRAME,38,STATIC,100,1,37,0,10,32,83,3,1119,18140,31,24476,13,5713,0,145,1092,4621,5713,17,0,14,31,16,192,24681,0,0,320,320,0,0,0,0,0,4653,0,0,0,0,0,0,0
L2D_FRAME,39,STATIC,100,1,38,0,10,36,84,4,1123,18131,28,24448,9,5706,0,150,1099,4607,5706,14,0,14,28,575,754,25211,0,0,320,320,0,0,0,0,0,4640,0,0,0,0,0,0,0
L2D_FRAME,40,STATIC,100,1,39,0,10,33,87,3,1121,18159,29,24474,13,5704,0,145,1094,4610,5704,14,0,15,29,24,193,24680,0,0,320,320,0,0,0,0,0,4643,0,0,0,0,0,0,0
L2D_FRAME,41,STATIC,100,1,40,0,9,31,88,3,1116,18112,28,24404,12,5688,0,149,1090,4598,5688,13,0,15,28,16,191,24607,0,0,320,320,0,0,0,0,0,4631,0,0,0,0,0,0,0
L2D_FRAME,42,STATIC,100,1,41,0,9,35,85,3,1124,18096,30,24470,17,5748,0,138,1095,4653,5748,16,0,14,30,16,179,24666,0,0,320,320,0,0,0,0,0,4686,0,0,0,0,0,0,0
L2D_FRAME,43,STATIC,100,1,42,0,6,35,87,3,1120,18147,28,24438,11,5691,0,149,1094,4597,5691,13,0,15,28,27,201,24650,0,0,320,320,0,0,0,0,0,4630,0,0,0,0,0,0,0
L2D_FRAME,44,STATIC,100,1,43,0,9,35,110,3,1131,18130,28,24483,12,5685,0,144,1101,4584,5685,13,0,15,28,17,186,24681,0,0,320,320,0,0,0,0,0,4617,0,0,0,0,0,0,0
L2D_FRAME,45,STATIC,100,1,44,0,9,31,91,3,1130,18190,31,24510,13,5698,0,142,1103,4595,5698,17,0,14,31,20,187,24710,0,0,320,320,0,0,0,0,0,4629,0,0,0,0,0,0,0
L2D_FRAME,46,STATIC,100,1,45,0,9,33,83,3,1126,18220,31,24507,9,5675,0,134,1096,4579,5675,17,0,14,31,20,181,24697,0,0,320,320,0,0,0,0,0,4612,0,0,0,0,0,0,0
L2D_FRAME,47,STATIC,100,1,46,0,6,32,84,3,1138,18180,27,24559,9,5761,0,154,1112,4649,5761,13,0,14,27,20,199,24767,0,0,320,320,0,0,0,0,0,4683,0,0,0,0,0,0,0
L2D_FRAME,48,STATIC,100,1,47,0,9,36,91,3,1130,18216,32,24476,9,5631,0,141,1099,4532,5631,17,0,15,32,20,186,24671,0,0,320,320,0,0,0,0,0,4565,0,0,0,0,0,0,0
L2D_FRAME,49,STATIC,100,1,48,0,9,31,119,3,1136,18138,27,24333,9,5538,0,146,1109,4429,5538,13,0,14,27,20,198,24540,0,0,320,320,0,0,0,0,0,4466,0,0,0,0,0,0,0
L2D_FRAME,50,STATIC,100,1,49,0,6,33,86,3,1121,18205,27,24357,45,5540,0,143,1094,4446,5540,13,0,14,27,20,188,24590,0,0,320,320,0,0,0,0,0,4479,0,0,0,0,0,0,0
L2D_FRAME,51,STATIC,100,1,50,0,9,31,87,3,1128,18186,28,24368,9,5568,0,142,1102,4466,5568,13,0,15,28,20,190,24567,0,0,320,320,0,0,0,0,0,4496,0,0,0,0,0,0,0
L2D_FRAME,52,STATIC,100,1,51,0,9,32,89,3,1130,18144,28,24348,13,5584,0,137,1104,4480,5584,13,0,15,28,17,179,24540,0,0,320,320,0,0,0,0,0,4512,0,0,0,0,0,0,0
L2D_FRAME,53,STATIC,100,1,52,0,9,37,85,3,1134,18195,31,24266,13,5452,0,141,1103,4349,5452,17,0,14,31,16,183,24462,0,0,320,320,0,0,0,0,0,4381,0,0,0,0,0,0,0
L2D_FRAME,54,STATIC,100,1,53,0,9,34,82,3,1062,18190,32,24223,8,5376,0,143,1032,4344,5376,17,0,15,32,20,188,24419,0,0,320,320,0,0,0,0,0,4377,0,0,0,0,0,0,0
L2D_FRAME,55,STATIC,100,1,54,0,9,35,92,3,948,18168,32,24056,13,5271,0,145,918,4353,5271,17,0,15,32,20,190,24259,0,0,320,320,0,0,0,0,0,4386,0,0,0,0,0,0,0
L2D_ROI,6,STATIC,100,1,5,1,59,14,257,298,199,285,56715,1,59,14,257,298,59,14,257,298,199,285,56715,5538,5538,0
L2D_ROI,7,STATIC,100,1,6,1,59,14,257,298,199,285,56715,1,59,14,257,298,59,14,257,298,199,285,56715,5538,5538,0
L2D_ROI,8,STATIC,100,1,7,1,59,14,257,298,199,285,56715,1,59,14,257,298,59,14,257,298,199,285,56715,5538,5538,0
L2D_ROI,9,STATIC,100,1,8,1,59,14,257,298,199,285,56715,1,59,14,257,298,59,14,257,298,199,285,56715,5538,5538,0
L2D_ROI,10,STATIC,100,1,9,1,59,14,257,298,199,285,56715,1,59,14,257,298,59,14,257,298,199,285,56715,5538,5538,0
L2D_ROI,11,STATIC,100,1,10,1,59,14,257,298,199,285,56715,1,59,14,257,298,59,14,257,298,199,285,56715,5538,5538,0
L2D_ROI,12,STATIC,100,1,11,1,59,14,257,298,199,285,56715,1,59,14,257,298,59,14,257,298,199,285,56715,5538,5538,0
L2D_ROI,13,STATIC,100,1,12,1,59,14,257,298,199,285,56715,1,59,14,257,298,59,14,257,298,199,285,56715,5538,5538,0
L2D_ROI,14,STATIC,100,1,13,1,59,14,257,298,199,285,56715,1,59,14,257,298,59,14,257,298,199,285,56715,5538,5538,0
L2D_ROI,15,STATIC,100,1,14,1,59,14,257,298,199,285,56715,1,59,14,257,298,59,14,257,298,199,285,56715,5538,5538,0
L2D_ROI,16,STATIC,100,1,15,1,59,14,257,298,199,285,56715,1,59,14,257,298,59,14,257,298,199,285,56715,5538,5538,0
L2D_ROI,17,STATIC,100,1,16,1,59,14,257,298,199,285,56715,1,59,14,257,298,59,14,257,298,199,285,56715,5538,5538,0
L2D_ROI,18,STATIC,100,1,17,1,59,14,257,298,199,285,56715,1,59,14,257,298,59,14,257,298,199,285,56715,5538,5538,0
L2D_ROI,19,STATIC,100,1,18,1,59,14,257,298,199,285,56715,1,59,14,257,298,59,14,257,298,199,285,56715,5538,5538,0
L2D_ROI,20,STATIC,100,1,19,1,59,14,257,298,199,285,56715,1,59,14,257,298,59,14,257,298,199,285,56715,5538,5538,0
L2D_ROI,21,STATIC,100,1,20,1,59,14,257,298,199,285,56715,1,59,14,257,298,59,14,257,298,199,285,56715,5538,5538,0
L2D_ROI,22,STATIC,100,1,21,1,59,14,257,298,199,285,56715,1,59,14,257,298,59,14,257,298,199,285,56715,5538,5538,0
L2D_ROI,23,STATIC,100,1,22,1,59,14,257,298,199,285,56715,1,59,14,257,298,59,14,257,298,199,285,56715,5538,5538,0
L2D_ROI,24,STATIC,100,1,23,1,59,14,257,298,199,285,56715,1,59,14,257,298,59,14,257,298,199,285,56715,5538,5538,0
L2D_ROI,25,STATIC,100,1,24,1,59,14,257,298,199,285,56715,1,59,14,257,298,59,14,257,298,199,285,56715,5538,5538,0
L2D_ROI,26,STATIC,100,1,25,1,59,14,257,298,199,285,56715,1,59,14,257,298,59,14,257,298,199,285,56715,5538,5538,0
L2D_ROI,27,STATIC,100,1,26,1,59,14,257,298,199,285,56715,1,59,14,257,298,59,14,257,298,199,285,56715,5538,5538,0
L2D_ROI,28,STATIC,100,1,27,1,59,14,257,298,199,285,56715,1,59,14,257,298,59,14,257,298,199,285,56715,5538,5538,0
L2D_ROI,29,STATIC,100,1,28,1,59,14,257,298,199,285,56715,1,59,14,257,298,59,14,257,298,199,285,56715,5538,5538,0
L2D_ROI,30,STATIC,100,1,29,1,59,14,257,298,199,285,56715,1,59,14,257,298,59,14,257,298,199,285,56715,5538,5538,0
L2D_ROI,31,STATIC,100,1,30,1,59,14,257,298,199,285,56715,1,59,14,257,298,59,14,257,298,199,285,56715,5538,5538,0
L2D_ROI,32,STATIC,100,1,31,1,59,14,257,298,199,285,56715,1,59,14,257,298,59,14,257,298,199,285,56715,5538,5538,0
L2D_ROI,33,STATIC,100,1,32,1,59,14,257,298,199,285,56715,1,59,14,257,298,59,14,257,298,199,285,56715,5538,5538,0
L2D_ROI,34,STATIC,100,1,33,1,59,14,257,298,199,285,56715,1,59,14,257,298,59,14,257,298,199,285,56715,5538,5538,0
L2D_ROI,35,STATIC,100,1,34,1,59,14,257,298,199,285,56715,1,59,14,257,298,59,14,257,298,199,285,56715,5538,5538,0
L2D_ROI,36,STATIC,100,1,35,1,59,14,257,298,199,285,56715,1,59,14,257,298,59,14,257,298,199,285,56715,5538,5538,0
L2D_ROI,37,STATIC,100,1,36,1,59,14,257,298,199,285,56715,1,59,14,257,298,59,14,257,298,199,285,56715,5538,5538,0
L2D_ROI,38,STATIC,100,1,37,1,59,14,257,298,199,285,56715,1,59,14,257,298,59,14,257,298,199,285,56715,5538,5538,0
L2D_ROI,39,STATIC,100,1,38,1,59,14,257,298,199,285,56715,1,59,14,257,298,59,14,257,298,199,285,56715,5538,5538,0
L2D_ROI,40,STATIC,100,1,39,1,59,14,257,298,199,285,56715,1,59,14,257,298,59,14,257,298,199,285,56715,5538,5538,0
L2D_ROI,41,STATIC,100,1,40,1,59,14,257,298,199,285,56715,1,59,14,257,298,59,14,257,298,199,285,56715,5538,5538,0
L2D_ROI,42,STATIC,100,1,41,1,59,14,257,298,199,285,56715,1,59,14,257,298,59,14,257,298,199,285,56715,5538,5538,0
L2D_ROI,43,STATIC,100,1,42,1,59,14,257,298,199,285,56715,1,59,14,257,298,59,14,257,298,199,285,56715,5538,5538,0
L2D_ROI,44,STATIC,100,1,43,1,59,14,257,298,199,285,56715,1,59,14,257,298,59,14,257,298,199,285,56715,5538,5538,0
L2D_ROI,45,STATIC,100,1,44,1,59,14,257,298,199,285,56715,1,59,14,257,298,59,14,257,298,199,285,56715,5538,5538,0
L2D_ROI,46,STATIC,100,1,45,1,59,14,257,298,199,285,56715,1,59,14,257,298,59,14,257,298,199,285,56715,5538,5538,0
L2D_ROI,47,STATIC,100,1,46,1,59,14,257,298,199,285,56715,1,59,14,257,298,59,14,257,298,199,285,56715,5538,5538,0
L2D_ROI,48,STATIC,100,1,47,1,59,14,257,298,199,285,56715,1,59,14,257,298,59,14,257,298,199,285,56715,5538,5538,0
L2D_ROI,49,STATIC,100,1,48,1,59,14,257,298,199,285,56715,1,59,14,257,298,59,14,257,298,199,285,56715,5538,5538,0
L2D_ROI,50,STATIC,100,1,49,1,59,14,257,298,199,285,56715,1,59,14,257,298,59,14,257,298,199,285,56715,5538,5538,0
L2D_ROI,51,STATIC,100,1,50,1,59,14,257,298,199,285,56715,1,59,14,257,298,59,14,257,298,199,285,56715,5538,5538,0
L2D_ROI,52,STATIC,100,1,51,1,59,14,257,298,199,285,56715,1,59,14,257,298,59,14,257,298,199,285,56715,5538,5538,0
L2D_ROI,53,STATIC,100,1,52,1,59,14,257,298,199,285,56715,1,59,14,257,298,59,14,257,298,199,285,56715,5538,5538,0
L2D_ROI,54,STATIC,100,1,53,1,59,14,257,298,199,285,56715,1,59,14,257,298,59,14,257,298,199,285,56715,5538,5538,0
L2D_ROI,55,STATIC,100,1,54,1,59,14,257,298,199,285,56715,1,59,14,257,298,59,14,257,298,199,285,56715,5538,5538,0
L2D_SUMMARY,STATIC,100,1,slot_wait_us,50,0.00,0,0,0,0,0,0
L2D_SUMMARY,STATIC,100,1,controller_us,50,7.96,9,10,10,5,10,0
L2D_SUMMARY,STATIC,100,1,rt30_us,50,34.94,34,46,50,30,50,0
L2D_SUMMARY,STATIC,100,1,hierarchy_vertex_us,50,87.42,87,110,119,64,119,0
L2D_SUMMARY,STATIC,100,1,bounds_us,50,3.22,3,4,4,3,4,0
L2D_SUMMARY,STATIC,100,1,clear_us,50,1108.10,1125,1138,1143,908,1143,0
L2D_SUMMARY,STATIC,100,1,raster_us,50,18152.46,18148,18238,18257,18037,18257,0
I (6091) l2d_profile: STATIC scale=100 round=1 raster_us avg=18152 p95=18238 p99=18257 max=18257
L2D_SUMMARY,STATIC,100,1,convert_us,50,4560.90,4616,4686,4691,4374,4691,0
L2D_SUMMARY,STATIC,100,1,cache_sync_us,50,29.08,28,32,35,27,35,0
L2D_SUMMARY,STATIC,100,1,producer_total_us,50,24386.70,24427,24509,24559,24056,24559,0
I (6119) l2d_profile: STATIC scale=100 round=1 producer_total_us avg=24387 p95=24509 p99=24559 max=24559
L2D_SUMMARY,STATIC,100,1,publish_consume_us,50,13.54,12,20,45,8,45,0
L2D_SUMMARY,STATIC,100,1,ppa_wait_us,50,5607.64,5675,5748,5761,5254,5761,0
L2D_SUMMARY,STATIC,100,1,ppa_blend_us,50,0.00,0,0,0,0,0,0
L2D_SUMMARY,STATIC,100,1,panel_submit_us,50,144.50,143,154,190,132,190,0
L2D_SUMMARY,STATIC,100,1,frame_drop,50,0.00,0,0,0,0,0,0
L2D_SUMMARY,STATIC,100,1,ppa_fill_us,50,1081.10,1099,1113,1117,874,1117,0
L2D_SUMMARY,STATIC,100,1,ppa_srm_us,50,4526.54,4583,4653,4658,4337,4658,0
L2D_SUMMARY,STATIC,100,1,ppa_total_us,50,5607.64,5675,5748,5761,5254,5761,0
L2D_SUMMARY,STATIC,100,1,clear_cache_sync_us,50,14.42,13,17,21,12,21,0
L2D_SUMMARY,STATIC,100,1,convert_cache_sync_us,50,0.00,0,0,0,0,0,0
L2D_SUMMARY,STATIC,100,1,flush_cache_sync_us,50,14.66,15,15,15,14,15,0
L2D_SUMMARY,STATIC,100,1,cache_sync_total_us,50,29.08,28,32,35,27,35,0
L2D_SUMMARY,STATIC,100,1,display_lock_wait_us,50,65.98,20,533,821,16,821,0
L2D_SUMMARY,STATIC,100,1,flush_total_us,50,237.20,188,723,993,177,993,0
L2D_SUMMARY,STATIC,100,1,frame_total_us,50,24637.44,24641,25218,25413,24259,25413,0
L2D_SUMMARY,STATIC,100,1,keypoint_us,50,0.00,0,0,0,0,0,0
L2D_SUMMARY,STATIC,100,1,visual_transform_us,50,0.00,0,0,0,0,0,0
L2D_SUMMARY,STATIC,100,1,stretch_us,50,0.00,0,0,0,0,0,0
L2D_SUMMARY,STATIC,100,1,vertex_transform_us,50,0.00,0,0,0,0,0,0
L2D_SUMMARY,STATIC,100,1,uv_update_us,50,0.00,0,0,0,0,0,0
L2D_SUMMARY,STATIC,100,1,trig_cache_hit,50,0.00,0,0,0,0,0,0
L2D_SUMMARY,STATIC,100,1,trig_cache_miss,50,0.00,0,0,0,0,0,0
L2D_SUMMARY,STATIC,100,1,slot_miss,50,0.00,0,0,0,0,0,0
L2D_SUMMARY,STATIC,100,1,lock_skip,50,0.00,0,0,0,0,0,0
L2D_SUMMARY,STATIC,100,1,deadline_miss,50,0.00,0,0,0,0,0,0
L2D_SUMMARY,STATIC,100,1,roi.current_area,50,56715.00,56715,56715,56715,56715,56715,0
L2D_SUMMARY,STATIC,100,1,roi.union_area,50,56715.00,56715,56715,56715,56715,56715,0
L2D_SUMMARY,STATIC,100,1,roi.current_area_ratio_q10000,50,5538.00,5538,5538,5538,5538,5538,0
L2D_SUMMARY,STATIC,100,1,roi.union_area_ratio_q10000,50,5538.00,5538,5538,5538,5538,5538,0
L2D_SUMMARY,STATIC,100,1,roi.current_w,50,199.00,199,199,199,199,199,0
L2D_SUMMARY,STATIC,100,1,roi.current_h,50,285.00,285,285,285,285,285,0
L2D_SUMMARY,STATIC,100,1,roi.union_w,50,199.00,199,199,199,199,199,0
L2D_SUMMARY,STATIC,100,1,roi.union_h,50,285.00,285,285,285,285,285,0
I (6330) l2d_profile: done STATIC scale=100 round=1
L2D_FRAME,61,EYE_L_SWEEP,100,1,5,0,46,465,1215,3,1121,18109,32,26106,15,5772,0,150,1087,4685,5772,17,0,15,32,16,192,26313,0,0,320,320,0,0,0,0,0,4719,0,0,0,0,0,51,0
L2D_FRAME,62,EYE_L_SWEEP,100,1,6,0,42,478,1186,3,1134,18181,29,26032,11,5674,0,150,1108,4566,5674,15,0,14,29,16,198,26241,0,0,320,320,0,0,0,0,0,4599,0,0,0,0,0,51,0
L2D_FRAME,63,EYE_L_SWEEP,100,1,7,0,46,485,1220,3,1126,18057,28,25988,11,5708,0,157,1100,4608,5708,13,0,15,28,20,207,26206,0,0,320,320,0,0,0,0,0,4637,0,0,0,0,0,51,0
L2D_FRAME,64,EYE_L_SWEEP,100,1,8,0,45,467,1187,3,1122,18031,28,25933,20,5719,0,141,1099,4620,5719,13,0,15,28,23,190,26143,0,0,320,320,0,0,0,0,0,4654,0,0,0,0,0,51,0
L2D_FRAME,65,EYE_L_SWEEP,100,1,9,0,46,508,1181,4,1129,17953,27,25938,15,5770,0,155,1103,4667,5770,12,0,15,27,27,210,26163,0,0,320,320,0,0,0,0,0,4703,0,0,0,0,0,51,0
L2D_FRAME,66,EYE_L_SWEEP,100,1,10,0,41,478,1180,3,1119,18029,28,25902,11,5688,0,150,1089,4599,5688,13,0,15,28,198,377,26290,0,0,320,320,0,0,0,0,0,4627,0,0,0,0,0,51,0
L2D_FRAME,67,EYE_L_SWEEP,100,1,11,0,46,518,1197,3,1140,17911,32,25919,15,5761,0,149,1106,4655,5761,17,0,15,32,20,204,26138,0,0,320,320,0,0,0,0,0,4689,0,0,0,0,0,51,0
L2D_FRAME,68,EYE_L_SWEEP,100,1,12,0,46,485,1188,3,1141,17997,32,25918,10,5708,0,158,1110,4598,5708,17,0,15,32,206,394,26322,0,0,320,320,0,0,0,0,0,4631,0,0,0,0,0,51,0
L2D_FRAME,69,EYE_L_SWEEP,100,1,13,0,46,506,1196,3,1139,17855,32,25860,15,5764,0,168,1105,4659,5764,17,0,15,32,20,217,26092,0,0,320,320,0,0,0,0,0,4696,0,0,0,0,0,51,0
L2D_FRAME,70,EYE_L_SWEEP,100,1,14,0,38,482,1187,4,1125,17875,29,25754,8,5679,0,164,1097,4582,5679,14,0,15,29,282,475,26237,0,0,320,320,0,0,0,0,0,4611,0,0,0,0,0,51,0
L2D_FRAME,71,EYE_L_SWEEP,100,1,15,0,46,477,1177,3,1144,17894,28,25771,11,5696,0,168,1117,4579,5696,13,0,15,28,20,218,26000,0,0,320,320,0,0,0,0,0,4612,0,0,0,0,0,51,0
L2D_FRAME,72,EYE_L_SWEEP,100,1,16,0,38,470,1211,4,1124,17918,28,25813,16,5703,0,163,1101,4602,5703,13,0,15,28,12,201,26030,0,0,320,320,0,0,0,0,0,4635,0,0,0,0,0,51,0
L2D_FRAME,73,EYE_L_SWEEP,100,1,17,0,42,462,1180,4,1124,17933,27,25812,13,5713,0,173,1101,4612,5713,13,0,14,27,16,213,26038,0,0,320,320,0,0,0,0,0,4645,0,0,0,0,0,51,0
L2D_FRAME,74,EYE_L_SWEEP,100,1,18,0,42,503,1181,3,1123,17882,30,25737,12,5632,0,149,1098,4534,5632,15,0,15,30,12,187,25936,0,0,320,320,0,0,0,0,0,4568,0,0,0,0,0,51,0
L2D_FRAME,75,EYE_L_SWEEP,100,1,19,0,41,477,1189,3,1120,18030,26,25660,18,5455,0,157,1099,4356,5455,12,0,14,26,81,264,25942,0,0,320,320,0,0,0,0,0,4386,0,0,0,0,0,51,0
L2D_FRAME,76,EYE_L_SWEEP,100,1,20,0,42,483,1194,4,1132,18017,27,25689,16,5463,0,147,1102,4361,5463,13,0,14,27,16,193,25898,0,0,320,320,0,0,0,0,0,4397,0,0,0,0,0,51,0
L2D_FRAME,77,EYE_L_SWEEP,100,1,21,0,42,473,1214,3,1124,18079,27,25735,15,5461,0,146,1099,4362,5461,12,0,15,27,16,188,25938,0,0,320,320,0,0,0,0,0,4395,0,0,0,0,0,51,0
L2D_FRAME,78,EYE_L_SWEEP,100,1,22,0,38,444,1183,3,1065,18118,27,25668,11,5412,0,159,1039,4373,5412,13,0,14,27,481,668,26347,0,0,320,320,0,0,0,0,0,4406,0,0,0,0,0,51,0
L2D_FRAME,79,EYE_L_SWEEP,100,1,23,0,42,427,1210,3,1135,18060,27,25682,20,5461,0,147,1109,4352,5461,13,0,14,27,20,192,25894,0,0,320,320,0,0,0,0,0,4388,0,0,0,0,0,51,0
L2D_FRAME,80,EYE_L_SWEEP,100,1,24,0,38,461,1181,3,944,18170,28,25643,15,5322,0,154,918,4404,5322,13,0,15,28,524,704,26362,0,0,320,320,0,0,0,0,0,4438,0,0,0,0,0,51,0
L2D_FRAME,81,EYE_L_SWEEP,100,1,25,0,42,446,1210,3,1035,18126,32,25637,15,5347,0,149,1000,4347,5347,17,0,15,32,16,191,25843,0,0,320,320,0,0,0,0,0,4380,0,0,0,0,0,51,0
L2D_FRAME,82,EYE_L_SWEEP,100,1,26,0,42,434,1181,3,1128,18164,33,25795,20,5494,0,155,1098,4396,5494,18,0,15,33,17,197,26012,0,0,320,320,0,0,0,0,0,4428,0,0,0,0,0,51,0
L2D_FRAME,83,EYE_L_SWEEP,100,1,27,0,39,483,1221,3,917,18215,27,25815,10,5395,0,147,888,4507,5395,12,0,15,27,24,197,26022,0,0,320,320,0,0,0,0,0,4539,0,0,0,0,0,51,0
L2D_FRAME,84,EYE_L_SWEEP,100,1,28,0,42,467,1177,3,1102,18273,28,26006,17,5561,0,144,1074,4487,5561,14,0,14,28,16,185,26208,0,0,320,320,0,0,0,0,0,4527,0,0,0,0,0,51,0
L2D_FRAME,85,EYE_L_SWEEP,100,1,29,0,42,497,1185,3,1131,18116,28,26077,11,5724,0,144,1101,4623,5724,13,0,15,28,20,192,26280,0,0,320,320,0,0,0,0,0,4658,0,0,0,0,0,51,0
L2D_FRAME,86,EYE_L_SWEEP,100,1,30,0,42,475,1184,3,1118,18199,30,26060,15,5681,0,141,1089,4592,5681,16,0,14,30,16,185,26260,0,0,320,320,0,0,0,0,0,4626,0,0,0,0,0,51,0
L2D_FRAME,87,EYE_L_SWEEP,100,1,31,0,42,506,1178,3,1127,18068,28,26021,14,5753,0,143,1101,4652,5753,13,0,15,28,16,189,26224,0,0,320,320,0,0,0,0,0,4685,0,0,0,0,0,51,0
L2D_FRAME,88,EYE_L_SWEEP,100,1,32,0,42,466,1175,3,1130,18087,38,25948,11,5706,0,158,1100,4606,5706,16,0,22,38,206,401,26360,0,0,320,320,0,0,0,0,0,4636,0,0,0,0,0,51,0
L2D_FRAME,89,EYE_L_SWEEP,100,1,33,0,38,504,1177,3,1126,18023,27,25988,15,5761,0,152,1101,4660,5761,12,0,15,27,16,194,26197,0,0,320,320,0,0,0,0,0,4698,0,0,0,0,0,51,0
L2D_FRAME,90,EYE_L_SWEEP,100,1,34,0,42,461,1186,3,1121,18058,28,25933,11,5702,0,161,1091,4611,5702,13,0,15,28,214,401,26345,0,0,320,320,0,0,0,0,0,4639,0,0,0,0,0,51,0
L2D_FRAME,91,EYE_L_SWEEP,100,1,35,0,42,502,1179,3,1128,17954,28,25931,15,5768,0,143,1101,4667,5768,13,0,15,28,27,197,26143,0,0,320,320,0,0,0,0,0,4700,0,0,0,0,0,51,0
L2D_FRAME,92,EYE_L_SWEEP,100,1,36,0,42,472,1180,3,1130,18033,30,25910,15,5710,0,145,1104,4606,5710,16,0,14,30,207,378,26303,0,0,320,320,0,0,0,0,0,4636,0,0,0,0,0,51,0
L2D_FRAME,93,EYE_L_SWEEP,100,1,37,0,42,490,1172,3,1132,17948,28,25908,16,5773,0,149,1106,4667,5773,13,0,15,28,16,191,26115,0,0,320,320,0,0,0,0,0,4700,0,0,0,0,0,51,0
L2D_FRAME,94,EYE_L_SWEEP,100,1,38,0,39,474,1177,3,1122,18008,30,25906,14,5721,0,149,1097,4624,5721,15,0,15,30,206,381,26301,0,0,320,320,0,0,0,0,0,4661,0,0,0,0,0,51,0
L2D_FRAME,95,EYE_L_SWEEP,100,1,39,0,42,508,1176,3,1133,17847,28,25831,15,5767,0,157,1107,4660,5767,13,0,15,28,20,205,26051,0,0,320,320,0,0,0,0,0,4699,0,0,0,0,0,51,0
L2D_FRAME,96,EYE_L_SWEEP,100,1,40,0,41,478,1175,3,1126,17958,39,25848,11,5714,0,155,1101,4613,5714,16,0,23,39,195,386,26245,0,0,320,320,0,0,0,0,0,4642,0,0,0,0,0,51,0
L2D_FRAME,97,EYE_L_SWEEP,100,1,41,0,42,484,1182,3,1119,17899,31,25799,14,5690,0,160,1090,4600,5690,16,0,15,31,17,206,26019,0,0,320,320,0,0,0,0,0,4637,0,0,0,0,0,51,0
L2D_FRAME,98,EYE_L_SWEEP,100,1,42,0,42,482,1222,3,1143,17917,29,25874,11,5731,0,153,1112,4619,5731,14,0,15,29,16,198,26083,0,0,320,320,0,0,0,0,0,4651,0,0,0,0,0,51,0
L2D_FRAME,99,EYE_L_SWEEP,100,1,43,0,53,482,1173,4,1129,17960,32,25854,24,5706,0,150,1098,4608,5706,17,0,15,32,191,371,26249,0,0,320,320,0,0,0,0,0,4646,0,0,0,0,0,51,0
L2D_FRAME,100,EYE_L_SWEEP,100,1,44,0,38,503,1181,3,1132,17901,31,25874,16,5757,0,153,1106,4651,5757,16,0,15,31,16,195,26085,0,0,320,320,0,0,0,0,0,4687,0,0,0,0,0,51,0
L2D_FRAME,101,EYE_L_SWEEP,100,1,45,0,42,463,1175,3,1131,18008,28,25643,16,5479,0,147,1105,4374,5479,13,0,15,28,12,185,25844,0,0,320,320,0,0,0,0,0,4407,0,0,0,0,0,51,0
L2D_FRAME,102,EYE_L_SWEEP,100,1,46,0,42,499,1201,4,1143,17958,35,25794,15,5619,0,153,1113,4506,5619,20,0,15,35,16,195,26004,0,0,320,320,0,0,0,0,0,4539,0,0,0,0,0,51,0
L2D_FRAME,103,EYE_L_SWEEP,100,1,47,0,41,476,1183,3,1126,18056,33,25727,11,5470,0,154,1096,4374,5470,19,0,14,33,17,200,25938,0,0,320,320,0,0,0,0,0,4411,0,0,0,0,0,51,0
L2D_FRAME,104,EYE_L_SWEEP,100,1,48,0,38,582,1237,3,1122,18192,26,26007,11,5463,0,142,1093,4370,5463,12,0,14,26,16,186,26204,0,0,320,320,0,0,0,0,0,4411,0,0,0,0,0,51,0
L2D_FRAME,105,EYE_L_SWEEP,100,1,49,0,42,478,1214,3,1134,18045,31,25730,15,5466,0,146,1107,4359,5466,17,0,14,31,16,195,25940,0,0,320,320,0,0,0,0,0,4396,0,0,0,0,0,51,0
L2D_FRAME,106,EYE_L_SWEEP,100,1,50,0,42,450,1189,3,1052,18127,27,25670,11,5389,0,142,1026,4363,5389,13,0,14,27,486,657,26338,0,0,320,320,0,0,0,0,0,4392,0,0,0,0,0,51,0
L2D_FRAME,107,EYE_L_SWEEP,100,1,51,0,45,418,1224,3,1133,18069,29,25704,16,5458,0,147,1107,4351,5458,14,0,15,29,16,189,25909,0,0,320,320,0,0,0,0,0,4385,0,0,0,0,0,51,0
L2D_FRAME,108,EYE_L_SWEEP,100,1,52,0,42,468,1176,4,956,18186,39,25727,10,5369,0,150,915,4454,5369,24,0,15,39,305,485,26222,0,0,320,320,0,0,0,0,0,4483,0,0,0,0,0,51,0
L2D_FRAME,109,EYE_L_SWEEP,100,1,53,0,46,503,1190,3,1052,18122,34,25869,14,5526,0,172,1027,4499,5526,19,0,15,34,16,218,26101,0,0,320,320,0,0,0,0,0,4535,0,0,0,0,0,51,0
L2D_FRAME,110,EYE_L_SWEEP,100,1,54,0,46,458,1188,4,1120,18230,32,26112,16,5707,0,152,1093,4614,5707,17,0,15,32,66,244,26372,0,0,320,320,0,0,0,0,0,4643,0,0,0,0,0,51,0
L2D_ROI,61,EYE_L_SWEEP,100,1,5,1,59,14,257,298,199,285,56715,1,59,14,257,298,59,14,257,298,199,285,56715,5538,5538,0
L2D_ROI,62,EYE_L_SWEEP,100,1,6,1,59,14,257,298,199,285,56715,1,59,14,257,298,59,14,257,298,199,285,56715,5538,5538,0
L2D_ROI,63,EYE_L_SWEEP,100,1,7,1,59,14,257,298,199,285,56715,1,59,14,257,298,59,14,257,298,199,285,56715,5538,5538,0
L2D_ROI,64,EYE_L_SWEEP,100,1,8,1,59,14,257,298,199,285,56715,1,59,14,257,298,59,14,257,298,199,285,56715,5538,5538,0
L2D_ROI,65,EYE_L_SWEEP,100,1,9,1,59,14,257,298,199,285,56715,1,59,14,257,298,59,14,257,298,199,285,56715,5538,5538,0
L2D_ROI,66,EYE_L_SWEEP,100,1,10,1,59,14,257,298,199,285,56715,1,59,14,257,298,59,14,257,298,199,285,56715,5538,5538,0
L2D_ROI,67,EYE_L_SWEEP,100,1,11,1,59,14,257,298,199,285,56715,1,59,14,257,298,59,14,257,298,199,285,56715,5538,5538,0
L2D_ROI,68,EYE_L_SWEEP,100,1,12,1,59,14,257,298,199,285,56715,1,59,14,257,298,59,14,257,298,199,285,56715,5538,5538,0
L2D_ROI,69,EYE_L_SWEEP,100,1,13,1,59,14,257,298,199,285,56715,1,59,14,257,298,59,14,257,298,199,285,56715,5538,5538,0
L2D_ROI,70,EYE_L_SWEEP,100,1,14,1,59,14,257,298,199,285,56715,1,59,14,257,298,59,14,257,298,199,285,56715,5538,5538,0
L2D_ROI,71,EYE_L_SWEEP,100,1,15,1,59,14,257,298,199,285,56715,1,59,14,257,298,59,14,257,298,199,285,56715,5538,5538,0
L2D_ROI,72,EYE_L_SWEEP,100,1,16,1,59,14,257,298,199,285,56715,1,59,14,257,298,59,14,257,298,199,285,56715,5538,5538,0
L2D_ROI,73,EYE_L_SWEEP,100,1,17,1,59,14,257,298,199,285,56715,1,59,14,257,298,59,14,257,298,199,285,56715,5538,5538,0
L2D_ROI,74,EYE_L_SWEEP,100,1,18,1,59,14,257,298,199,285,56715,1,59,14,257,298,59,14,257,298,199,285,56715,5538,5538,0
L2D_ROI,75,EYE_L_SWEEP,100,1,19,1,59,14,257,298,199,285,56715,1,59,14,257,298,59,14,257,298,199,285,56715,5538,5538,0
L2D_ROI,76,EYE_L_SWEEP,100,1,20,1,59,14,257,298,199,285,56715,1,59,14,257,298,59,14,257,298,199,285,56715,5538,5538,0
L2D_ROI,77,EYE_L_SWEEP,100,1,21,1,59,14,257,298,199,285,56715,1,59,14,257,298,59,14,257,298,199,285,56715,5538,5538,0
L2D_ROI,78,EYE_L_SWEEP,100,1,22,1,59,14,257,298,199,285,56715,1,59,14,257,298,59,14,257,298,199,285,56715,5538,5538,0
L2D_ROI,79,EYE_L_SWEEP,100,1,23,1,59,14,257,298,199,285,56715,1,59,14,257,298,59,14,257,298,199,285,56715,5538,5538,0
L2D_ROI,80,EYE_L_SWEEP,100,1,24,1,59,14,257,298,199,285,56715,1,59,14,257,298,59,14,257,298,199,285,56715,5538,5538,0
L2D_ROI,81,EYE_L_SWEEP,100,1,25,1,59,14,257,298,199,285,56715,1,59,14,257,298,59,14,257,298,199,285,56715,5538,5538,0
L2D_ROI,82,EYE_L_SWEEP,100,1,26,1,59,14,257,298,199,285,56715,1,59,14,257,298,59,14,257,298,199,285,56715,5538,5538,0
L2D_ROI,83,EYE_L_SWEEP,100,1,27,1,59,14,257,298,199,285,56715,1,59,14,257,298,59,14,257,298,199,285,56715,5538,5538,0
L2D_ROI,84,EYE_L_SWEEP,100,1,28,1,59,14,257,298,199,285,56715,1,59,14,257,298,59,14,257,298,199,285,56715,5538,5538,0
L2D_ROI,85,EYE_L_SWEEP,100,1,29,1,59,14,257,298,199,285,56715,1,59,14,257,298,59,14,257,298,199,285,56715,5538,5538,0
L2D_ROI,86,EYE_L_SWEEP,100,1,30,1,59,14,257,298,199,285,56715,1,59,14,257,298,59,14,257,298,199,285,56715,5538,5538,0
L2D_ROI,87,EYE_L_SWEEP,100,1,31,1,59,14,257,298,199,285,56715,1,59,14,257,298,59,14,257,298,199,285,56715,5538,5538,0
L2D_ROI,88,EYE_L_SWEEP,100,1,32,1,59,14,257,298,199,285,56715,1,59,14,257,298,59,14,257,298,199,285,56715,5538,5538,0
L2D_ROI,89,EYE_L_SWEEP,100,1,33,1,59,14,257,298,199,285,56715,1,59,14,257,298,59,14,257,298,199,285,56715,5538,5538,0
L2D_ROI,90,EYE_L_SWEEP,100,1,34,1,59,14,257,298,199,285,56715,1,59,14,257,298,59,14,257,298,199,285,56715,5538,5538,0
L2D_ROI,91,EYE_L_SWEEP,100,1,35,1,59,14,257,298,199,285,56715,1,59,14,257,298,59,14,257,298,199,285,56715,5538,5538,0
L2D_ROI,92,EYE_L_SWEEP,100,1,36,1,59,14,257,298,199,285,56715,1,59,14,257,298,59,14,257,298,199,285,56715,5538,5538,0
L2D_ROI,93,EYE_L_SWEEP,100,1,37,1,59,14,257,298,199,285,56715,1,59,14,257,298,59,14,257,298,199,285,56715,5538,5538,0
L2D_ROI,94,EYE_L_SWEEP,100,1,38,1,59,14,257,298,199,285,56715,1,59,14,257,298,59,14,257,298,199,285,56715,5538,5538,0
L2D_ROI,95,EYE_L_SWEEP,100,1,39,1,59,14,257,298,199,285,56715,1,59,14,257,298,59,14,257,298,199,285,56715,5538,5538,0
L2D_ROI,96,EYE_L_SWEEP,100,1,40,1,59,14,257,298,199,285,56715,1,59,14,257,298,59,14,257,298,199,285,56715,5538,5538,0
L2D_ROI,97,EYE_L_SWEEP,100,1,41,1,59,14,257,298,199,285,56715,1,59,14,257,298,59,14,257,298,199,285,56715,5538,5538,0
L2D_ROI,98,EYE_L_SWEEP,100,1,42,1,59,14,257,298,199,285,56715,1,59,14,257,298,59,14,257,298,199,285,56715,5538,5538,0
L2D_ROI,99,EYE_L_SWEEP,100,1,43,1,59,14,257,298,199,285,56715,1,59,14,257,298,59,14,257,298,199,285,56715,5538,5538,0
L2D_ROI,100,EYE_L_SWEEP,100,1,44,1,59,14,257,298,199,285,56715,1,59,14,257,298,59,14,257,298,199,285,56715,5538,5538,0
L2D_ROI,101,EYE_L_SWEEP,100,1,45,1,59,14,257,298,199,285,56715,1,59,14,257,298,59,14,257,298,199,285,56715,5538,5538,0
L2D_ROI,102,EYE_L_SWEEP,100,1,46,1,59,14,257,298,199,285,56715,1,59,14,257,298,59,14,257,298,199,285,56715,5538,5538,0
L2D_ROI,103,EYE_L_SWEEP,100,1,47,1,59,14,257,298,199,285,56715,1,59,14,257,298,59,14,257,298,199,285,56715,5538,5538,0
L2D_ROI,104,EYE_L_SWEEP,100,1,48,1,59,14,257,298,199,285,56715,1,59,14,257,298,59,14,257,298,199,285,56715,5538,5538,0
L2D_ROI,105,EYE_L_SWEEP,100,1,49,1,59,14,257,298,199,285,56715,1,59,14,257,298,59,14,257,298,199,285,56715,5538,5538,0
L2D_ROI,106,EYE_L_SWEEP,100,1,50,1,59,14,257,298,199,285,56715,1,59,14,257,298,59,14,257,298,199,285,56715,5538,5538,0
L2D_ROI,107,EYE_L_SWEEP,100,1,51,1,59,14,257,298,199,285,56715,1,59,14,257,298,59,14,257,298,199,285,56715,5538,5538,0
L2D_ROI,108,EYE_L_SWEEP,100,1,52,1,59,14,257,298,199,285,56715,1,59,14,257,298,59,14,257,298,199,285,56715,5538,5538,0
L2D_ROI,109,EYE_L_SWEEP,100,1,53,1,59,14,257,298,199,285,56715,1,59,14,257,298,59,14,257,298,199,285,56715,5538,5538,0
L2D_ROI,110,EYE_L_SWEEP,100,1,54,1,59,14,257,298,199,285,56715,1,59,14,257,298,59,14,257,298,199,285,56715,5538,5538,0
L2D_SUMMARY,EYE_L_SWEEP,100,1,slot_wait_us,50,0.00,0,0,0,0,0,0
L2D_SUMMARY,EYE_L_SWEEP,100,1,controller_us,50,42.30,42,46,53,38,53,0
L2D_SUMMARY,EYE_L_SWEEP,100,1,rt30_us,50,479.16,478,508,582,418,582,0
L2D_SUMMARY,EYE_L_SWEEP,100,1,hierarchy_vertex_us,50,1190.50,1184,1222,1237,1172,1237,0
L2D_SUMMARY,EYE_L_SWEEP,100,1,bounds_us,50,3.18,3,4,4,3,4,0
L2D_SUMMARY,EYE_L_SWEEP,100,1,clear_us,50,1110.58,1126,1143,1144,917,1144,0
L2D_SUMMARY,EYE_L_SWEEP,100,1,raster_us,50,18036.92,18031,18215,18273,17847,18273,0
I (9404) l2d_profile: EYE_L_SWEEP scale=100 round=1 raster_us avg=18037 p95=18215 p99=18273 max=18273
L2D_SUMMARY,EYE_L_SWEEP,100,1,convert_us,50,4570.26,4627,4700,4719,4380,4719,0
L2D_SUMMARY,EYE_L_SWEEP,100,1,cache_sync_us,50,29.82,28,38,39,26,39,0
L2D_SUMMARY,EYE_L_SWEEP,100,1,producer_total_us,50,25851.16,25854,26077,26112,25637,26112,0
I (9435) l2d_profile: EYE_L_SWEEP scale=100 round=1 producer_total_us avg=25851 p95=26077 p99=26112 max=26112
L2D_SUMMARY,EYE_L_SWEEP,100,1,publish_consume_us,50,14.06,15,20,24,8,24,0
L2D_SUMMARY,EYE_L_SWEEP,100,1,ppa_wait_us,50,5619.36,5690,5770,5773,5322,5773,0
L2D_SUMMARY,EYE_L_SWEEP,100,1,ppa_blend_us,50,0.00,0,0,0,0,0,0
L2D_SUMMARY,EYE_L_SWEEP,100,1,panel_submit_us,50,152.36,150,168,173,141,173,0
L2D_SUMMARY,EYE_L_SWEEP,100,1,frame_drop,50,0.00,0,0,0,0,0,0
L2D_SUMMARY,EYE_L_SWEEP,100,1,ppa_fill_us,50,1082.68,1100,1112,1117,888,1117,0
L2D_SUMMARY,EYE_L_SWEEP,100,1,ppa_srm_us,50,4536.68,4598,4667,4685,4347,4685,0
L2D_SUMMARY,EYE_L_SWEEP,100,1,ppa_total_us,50,5619.36,5690,5770,5773,5322,5773,0
L2D_SUMMARY,EYE_L_SWEEP,100,1,clear_cache_sync_us,50,14.78,14,19,24,12,24,0
L2D_SUMMARY,EYE_L_SWEEP,100,1,convert_cache_sync_us,50,0.00,0,0,0,0,0,0
L2D_SUMMARY,EYE_L_SWEEP,100,1,flush_cache_sync_us,50,15.04,15,15,23,14,23,0
L2D_SUMMARY,EYE_L_SWEEP,100,1,cache_sync_total_us,50,29.82,28,38,39,26,39,0
L2D_SUMMARY,EYE_L_SWEEP,100,1,display_lock_wait_us,50,89.28,20,481,524,12,524,0
L2D_SUMMARY,EYE_L_SWEEP,100,1,flush_total_us,50,269.72,200,657,704,185,704,0
L2D_SUMMARY,EYE_L_SWEEP,100,1,frame_total_us,50,26134.94,26143,26360,26372,25843,26372,0
L2D_SUMMARY,EYE_L_SWEEP,100,1,keypoint_us,50,0.00,0,0,0,0,0,0
L2D_SUMMARY,EYE_L_SWEEP,100,1,visual_transform_us,50,0.00,0,0,0,0,0,0
L2D_SUMMARY,EYE_L_SWEEP,100,1,stretch_us,50,0.00,0,0,0,0,0,0
L2D_SUMMARY,EYE_L_SWEEP,100,1,vertex_transform_us,50,0.00,0,0,0,0,0,0
L2D_SUMMARY,EYE_L_SWEEP,100,1,uv_update_us,50,0.00,0,0,0,0,0,0
L2D_SUMMARY,EYE_L_SWEEP,100,1,trig_cache_hit,50,51.00,51,51,51,51,51,0
L2D_SUMMARY,EYE_L_SWEEP,100,1,trig_cache_miss,50,0.00,0,0,0,0,0,0
L2D_SUMMARY,EYE_L_SWEEP,100,1,slot_miss,50,0.00,0,0,0,0,0,0
L2D_SUMMARY,EYE_L_SWEEP,100,1,lock_skip,50,0.00,0,0,0,0,0,0
L2D_SUMMARY,EYE_L_SWEEP,100,1,deadline_miss,50,0.00,0,0,0,0,0,0
L2D_SUMMARY,EYE_L_SWEEP,100,1,roi.current_area,50,56715.00,56715,56715,56715,56715,56715,0
L2D_SUMMARY,EYE_L_SWEEP,100,1,roi.union_area,50,56715.00,56715,56715,56715,56715,56715,0
L2D_SUMMARY,EYE_L_SWEEP,100,1,roi.current_area_ratio_q10000,50,5538.00,5538,5538,5538,5538,5538,0
L2D_SUMMARY,EYE_L_SWEEP,100,1,roi.union_area_ratio_q10000,50,5538.00,5538,5538,5538,5538,5538,0
L2D_SUMMARY,EYE_L_SWEEP,100,1,roi.current_w,50,199.00,199,199,199,199,199,0
L2D_SUMMARY,EYE_L_SWEEP,100,1,roi.current_h,50,285.00,285,285,285,285,285,0
L2D_SUMMARY,EYE_L_SWEEP,100,1,roi.union_w,50,199.00,199,199,199,199,199,0
L2D_SUMMARY,EYE_L_SWEEP,100,1,roi.union_h,50,285.00,285,285,285,285,285,0
I (9661) l2d_profile: done EYE_L_SWEEP scale=100 round=1
L2D_FRAME,116,MULTI_AXIS,100,1,5,0,46,848,1347,3,1129,17922,28,26208,11,5557,0,142,1099,4458,5557,13,0,15,28,16,188,26407,0,0,320,320,0,0,0,0,0,4487,0,0,0,0,0,50,1
L2D_FRAME,117,MULTI_AXIS,100,1,6,0,48,851,1373,3,1140,17767,28,26143,11,5615,0,147,1113,4502,5615,13,0,15,28,20,193,26347,0,0,320,320,0,0,0,0,0,4536,0,0,0,0,0,50,1
L2D_FRAME,118,MULTI_AXIS,100,1,7,0,46,847,1334,3,1134,17787,31,26073,11,5558,0,140,1104,4454,5558,17,0,14,31,16,182,26266,0,0,320,320,0,0,0,0,0,4487,0,0,0,0,0,50,1
L2D_FRAME,119,MULTI_AXIS,100,1,8,0,46,856,1368,3,1131,17797,28,26170,15,5625,0,143,1105,4520,5625,13,0,15,28,16,185,26370,0,0,320,320,0,0,0,0,0,4554,0,0,0,0,0,50,1
L2D_FRAME,120,MULTI_AXIS,100,1,9,0,46,905,1339,4,1153,17769,33,26710,15,5482,0,158,1118,4364,5482,18,0,15,33,16,200,26925,0,0,320,320,0,0,0,0,0,4397,0,0,0,0,0,50,1
L2D_FRAME,121,MULTI_AXIS,100,1,10,0,49,833,1368,3,1141,17755,31,26041,15,5509,0,154,1110,4399,5509,17,0,14,31,89,268,26324,0,0,320,320,0,0,0,0,0,4441,0,0,0,0,0,50,1
L2D_FRAME,122,MULTI_AXIS,100,1,11,0,41,884,1337,3,1139,17722,28,26108,16,5576,0,150,1108,4468,5576,13,0,15,28,12,188,26312,0,0,320,320,0,0,0,0,0,4505,0,0,0,0,0,50,1
L2D_FRAME,123,MULTI_AXIS,100,1,12,0,46,849,1334,3,1137,17836,32,26206,17,5646,0,163,1107,4539,5646,17,0,15,32,536,724,26947,0,0,320,320,0,0,0,0,0,4572,0,0,0,0,0,50,1
L2D_FRAME,124,MULTI_AXIS,100,1,13,0,46,869,1347,3,1141,17777,27,26004,17,5462,0,157,1111,4351,5462,13,0,14,27,16,198,26219,0,0,320,320,0,0,0,0,0,4398,0,0,0,0,0,50,1
L2D_FRAME,125,MULTI_AXIS,100,1,14,0,42,857,1384,3,1140,17922,27,26153,15,5462,0,153,1110,4352,5462,13,0,14,27,16,195,26363,0,0,320,320,0,0,0,0,0,4384,0,0,0,0,0,50,1
L2D_FRAME,126,MULTI_AXIS,100,1,15,0,46,908,1345,3,1138,17915,28,26264,16,5566,0,182,1111,4455,5566,13,0,15,28,16,224,26504,0,0,320,320,0,0,0,0,0,4484,0,0,0,0,0,50,1
L2D_FRAME,127,MULTI_AXIS,100,1,16,0,49,851,1343,3,1138,17902,28,26111,20,5481,0,144,1108,4373,5481,13,0,15,28,17,185,26316,0,0,320,320,0,0,0,0,0,4406,0,0,0,0,0,50,1
L2D_FRAME,128,MULTI_AXIS,100,1,17,0,42,861,1365,3,1142,17890,32,26161,15,5515,0,152,1107,4408,5515,18,0,14,32,16,194,26370,0,0,320,320,0,0,0,0,0,4442,0,0,0,0,0,50,1
L2D_FRAME,129,MULTI_AXIS,100,1,18,0,46,863,1330,3,1133,17986,28,26128,15,5420,0,154,1107,4313,5420,13,0,15,28,530,710,26853,0,0,320,320,0,0,0,0,0,4346,0,0,0,0,0,50,1
L2D_FRAME,130,MULTI_AXIS,100,1,19,0,42,861,1379,3,1136,17958,28,26207,18,5460,0,149,1106,4354,5460,13,0,15,28,16,190,26415,0,0,320,320,0,0,0,0,0,4387,0,0,0,0,0,50,1
L2D_FRAME,131,MULTI_AXIS,100,1,20,0,46,879,1339,3,1134,17997,60,26325,15,5564,0,157,1104,4460,5564,14,0,46,60,20,235,26575,0,0,320,320,0,0,0,0,0,4493,0,0,0,0,0,50,1
L2D_FRAME,132,MULTI_AXIS,100,1,21,0,46,863,1328,3,1136,18121,39,26505,14,5648,0,162,1106,4542,5648,13,0,26,39,519,721,27240,0,0,320,320,0,0,0,0,0,4574,0,0,0,0,0,50,1
L2D_FRAME,133,MULTI_AXIS,100,1,22,0,48,880,1333,3,1141,18074,27,26852,16,6034,0,155,1111,4923,6034,13,0,14,27,17,197,27065,0,0,320,320,0,0,0,0,0,4956,0,0,0,0,0,50,1
L2D_FRAME,134,MULTI_AXIS,100,1,23,0,47,851,1380,3,1136,18029,30,26263,14,5462,0,151,1107,4355,5462,15,0,15,30,16,197,26474,0,0,320,320,0,0,0,0,0,4384,0,0,0,0,0,50,1
L2D_FRAME,135,MULTI_AXIS,100,1,24,0,42,876,1335,1,1136,18050,29,26144,10,5360,0,141,1105,4255,5360,14,0,15,29,20,192,26346,0,0,320,320,0,0,0,0,0,4288,0,0,0,0,0,50,1
L2D_FRAME,136,MULTI_AXIS,100,1,25,0,46,856,1336,4,1127,18065,28,26182,20,5407,0,151,1100,4307,5407,14,0,14,28,16,191,26393,0,0,320,320,0,0,0,0,0,4339,0,0,0,0,0,50,1
L2D_FRAME,137,MULTI_AXIS,100,1,26,0,48,853,1364,3,1128,18070,28,26324,11,5494,0,145,1105,4389,5494,13,0,15,28,16,187,26522,0,0,320,320,0,0,0,0,0,4423,0,0,0,0,0,50,1
L2D_FRAME,138,MULTI_AXIS,100,1,27,0,48,862,1337,3,1126,18145,28,26438,16,5557,0,170,1104,4453,5557,13,0,15,28,701,896,27350,0,0,320,320,0,0,0,0,0,4487,0,0,0,0,0,50,1
L2D_FRAME,139,MULTI_AXIS,100,1,28,0,46,868,1360,3,1140,18056,28,26417,16,5583,0,151,1110,4473,5583,13,0,15,28,16,193,26626,0,0,320,320,0,0,0,0,0,4515,0,0,0,0,0,50,1
L2D_FRAME,140,MULTI_AXIS,100,1,29,0,49,884,1230,3,1151,17986,32,26263,16,5621,0,186,1117,4504,5621,17,0,15,32,17,231,26510,0,0,320,320,0,0,0,0,0,4537,0,0,0,0,0,50,1
L2D_FRAME,141,MULTI_AXIS,100,1,30,0,48,858,1335,3,1127,18099,31,26399,15,5587,0,158,1097,4490,5587,16,0,15,31,16,200,26614,0,0,320,320,0,0,0,0,0,4519,0,0,0,0,0,50,1
L2D_FRAME,142,MULTI_AXIS,100,1,31,0,45,882,1365,3,1133,17936,29,27112,11,6414,0,179,1106,5308,6414,14,0,15,29,20,231,27354,0,0,320,320,0,0,0,0,0,5340,0,0,0,0,0,50,1
L2D_FRAME,143,MULTI_AXIS,100,1,32,0,41,887,1337,3,1147,17999,27,26568,11,5824,0,147,1117,4707,5824,13,0,14,27,21,194,26773,0,0,320,320,0,0,0,0,0,4737,0,0,0,0,0,50,1
L2D_FRAME,144,MULTI_AXIS,100,1,33,0,46,869,1380,3,1145,17936,29,26543,11,5830,0,161,1118,4712,5830,14,0,15,29,20,206,26760,0,0,320,320,0,0,0,0,0,4745,0,0,0,0,0,50,1
L2D_FRAME,145,MULTI_AXIS,100,1,34,0,49,891,1330,1,1146,17977,29,26565,19,5830,0,157,1122,4708,5830,14,0,15,29,16,199,26783,0,0,320,320,0,0,0,0,0,4741,0,0,0,0,0,50,1
L2D_FRAME,146,MULTI_AXIS,100,1,35,0,46,858,1332,3,1131,17928,32,26399,10,5745,0,160,1104,4641,5745,17,0,15,32,20,207,26616,0,0,320,320,0,0,0,0,0,4677,0,0,0,0,0,50,1
L2D_FRAME,147,MULTI_AXIS,100,1,36,0,47,869,1371,3,1127,17848,29,26488,15,5870,0,157,1103,4767,5870,14,0,15,29,16,199,26702,0,0,320,320,0,0,0,0,0,4797,0,0,0,0,0,50,1
L2D_FRAME,148,MULTI_AXIS,100,1,37,0,46,862,1353,3,1128,17949,29,26451,11,5763,0,152,1103,4660,5763,15,0,14,29,16,194,26656,0,0,320,320,0,0,0,0,0,4693,0,0,0,0,0,50,1
L2D_FRAME,149,MULTI_AXIS,100,1,38,0,45,866,1366,3,1147,17889,29,26432,11,5795,0,148,1122,4673,5795,15,0,14,29,20,194,26637,0,0,320,320,0,0,0,0,0,4703,0,0,0,0,0,50,1
L2D_FRAME,150,MULTI_AXIS,100,1,39,0,46,885,1335,1,1150,17916,32,26572,11,5905,0,146,1116,4789,5905,17,0,15,32,20,192,26775,0,0,320,320,0,0,0,0,0,4818,0,0,0,0,0,50,1
L2D_FRAME,151,MULTI_AXIS,100,1,40,0,49,860,1334,3,1142,17965,28,26553,15,5863,0,153,1115,4748,5863,13,0,15,28,16,194,26762,0,0,320,320,0,0,0,0,0,4781,0,0,0,0,0,50,1
L2D_FRAME,152,MULTI_AXIS,100,1,41,0,46,857,1367,3,1153,17926,34,26660,11,5982,0,143,1124,4858,5982,19,0,15,34,20,193,26864,0,0,320,320,0,0,0,0,0,4890,0,0,0,0,0,50,1
L2D_FRAME,153,MULTI_AXIS,100,1,42,0,46,867,1337,3,1149,17930,27,26607,17,5953,0,149,1118,4835,5953,13,0,14,27,16,190,26814,0,0,320,320,0,0,0,0,0,4868,0,0,0,0,0,50,1
L2D_FRAME,154,MULTI_AXIS,100,1,43,0,46,861,1365,3,1150,17904,28,26597,11,5943,0,158,1128,4815,5943,13,0,15,28,19,204,26812,0,0,320,320,0,0,0,0,0,4848,0,0,0,0,0,50,1
L2D_FRAME,155,MULTI_AXIS,100,1,44,0,49,880,1329,1,1143,18009,30,26743,11,6009,0,157,1117,4892,6009,15,0,15,30,17,200,26954,0,0,320,320,0,0,0,0,0,4926,0,0,0,0,0,50,1
L2D_FRAME,156,MULTI_AXIS,100,1,45,0,46,873,1374,3,1141,17910,31,26696,10,6025,0,144,1116,4909,6025,16,0,15,31,20,190,26896,0,0,320,320,0,0,0,0,0,4937,0,0,0,0,0,50,1
L2D_FRAME,157,MULTI_AXIS,100,1,46,0,46,856,1342,1,1135,18021,31,26619,11,5884,0,155,1106,4778,5884,16,0,15,31,20,200,26830,0,0,320,320,0,0,0,0,0,4810,0,0,0,0,0,50,1
L2D_FRAME,158,MULTI_AXIS,100,1,47,0,48,858,1373,3,1138,18023,28,26817,11,6026,0,176,1112,4914,6026,13,0,15,28,16,221,27049,0,0,320,320,0,0,0,0,0,4946,0,0,0,0,0,50,1
L2D_FRAME,159,MULTI_AXIS,100,1,48,0,43,853,1337,3,1143,18158,29,27464,11,6598,0,152,1120,5478,6598,14,0,15,29,20,203,27678,0,0,320,320,0,0,0,0,0,5511,0,0,0,0,0,50,1
L2D_FRAME,160,MULTI_AXIS,100,1,49,0,45,858,1367,1,1132,18025,31,26625,11,5844,0,154,1101,4743,5844,17,0,14,31,20,200,26836,0,0,320,320,0,0,0,0,0,4776,0,0,0,0,0,50,1
L2D_FRAME,161,MULTI_AXIS,100,1,50,0,47,897,1341,1,1131,18171,30,26558,11,5617,0,137,1105,4512,5617,15,0,15,30,20,183,26752,0,0,320,320,0,0,0,0,0,4546,0,0,0,0,0,50,1
L2D_FRAME,162,MULTI_AXIS,100,1,51,0,46,848,1350,1,1127,18182,30,26485,15,5578,0,151,1097,4481,5578,15,0,15,30,20,197,26697,0,0,320,320,0,0,0,0,0,4513,0,0,0,0,0,50,1
L2D_FRAME,163,MULTI_AXIS,100,1,52,0,42,858,1368,1,1142,18033,29,26528,11,5749,0,146,1111,4638,5749,14,0,15,29,20,192,26731,0,0,320,320,0,0,0,0,0,4670,0,0,0,0,0,50,1
L2D_FRAME,164,MULTI_AXIS,100,1,53,0,46,860,1339,0,1137,18117,32,26595,17,5744,0,156,1106,4638,5744,17,0,15,32,17,198,26810,0,0,320,320,0,0,0,0,0,4674,0,0,0,0,0,50,1
L2D_FRAME,165,MULTI_AXIS,100,1,54,0,48,862,1366,1,1138,18043,32,26454,20,5644,0,152,1104,4540,5644,17,0,15,32,16,194,26668,0,0,320,320,0,0,0,0,0,4574,0,0,0,0,0,50,1
L2D_ROI,116,MULTI_AXIS,100,1,5,1,73,15,272,298,200,284,56800,1,71,14,270,298,71,14,272,298,202,285,57570,5546,5622,0
L2D_ROI,117,MULTI_AXIS,100,1,6,1,75,15,274,298,200,284,56800,1,73,15,272,298,73,15,274,298,202,284,57368,5546,5602,0
L2D_ROI,118,MULTI_AXIS,100,1,7,1,77,16,276,298,200,283,56600,1,75,15,274,298,75,15,276,298,202,284,57368,5527,5602,0
L2D_ROI,119,MULTI_AXIS,100,1,8,1,79,16,277,298,199,283,56317,1,77,16,276,298,77,16,277,298,201,283,56883,5499,5554,0
L2D_ROI,120,MULTI_AXIS,100,1,9,1,78,17,276,298,199,282,56118,1,79,16,277,298,78,16,277,298,200,283,56600,5480,5527,0
L2D_ROI,121,MULTI_AXIS,100,1,10,1,78,17,276,298,199,282,56118,1,78,17,276,298,78,17,276,298,199,282,56118,5480,5480,0
L2D_ROI,122,MULTI_AXIS,100,1,11,1,77,18,275,298,199,281,55919,1,78,17,276,298,77,17,276,298,200,282,56400,5460,5507,0
L2D_ROI,123,MULTI_AXIS,100,1,12,1,77,18,275,298,199,281,55919,1,77,18,275,298,77,18,275,298,199,281,55919,5460,5460,0
L2D_ROI,124,MULTI_AXIS,100,1,13,1,76,19,275,298,200,280,56000,1,77,18,275,298,76,18,275,298,200,281,56200,5468,5488,0
L2D_ROI,125,MULTI_AXIS,100,1,14,1,76,20,274,298,199,279,55521,1,76,19,275,298,76,19,275,298,200,280,56000,5421,5468,0
L2D_ROI,126,MULTI_AXIS,100,1,15,1,75,21,274,298,200,278,55600,1,76,20,274,298,75,20,274,298,200,279,55800,5429,5449,0
L2D_ROI,127,MULTI_AXIS,100,1,16,1,74,20,272,298,199,279,55521,1,75,21,274,298,74,20,274,298,201,279,56079,5421,5476,0
L2D_ROI,128,MULTI_AXIS,100,1,17,1,72,19,269,298,198,280,55440,1,74,20,272,298,72,19,272,298,201,280,56280,5414,5496,0
L2D_ROI,129,MULTI_AXIS,100,1,18,1,70,19,267,298,198,280,55440,1,72,19,269,298,70,19,269,298,200,280,56000,5414,5468,0
L2D_ROI,130,MULTI_AXIS,100,1,19,1,68,18,266,298,199,281,55919,1,70,19,267,298,68,18,267,298,200,281,56200,5460,5488,0
L2D_ROI,131,MULTI_AXIS,100,1,20,1,66,17,264,298,199,282,56118,1,68,18,266,298,66,17,266,298,201,282,56682,5480,5535,0
L2D_ROI,132,MULTI_AXIS,100,1,21,1,65,17,263,298,199,282,56118,1,66,17,264,298,65,17,264,298,200,282,56400,5480,5507,0
L2D_ROI,133,MULTI_AXIS,100,1,22,1,63,17,261,298,199,282,56118,1,65,17,263,298,63,17,263,298,201,282,56682,5480,5535,0
L2D_ROI,134,MULTI_AXIS,100,1,23,1,61,16,259,298,199,283,56317,1,63,17,261,298,61,16,261,298,201,283,56883,5499,5554,0
L2D_ROI,135,MULTI_AXIS,100,1,24,1,60,15,258,298,199,284,56516,1,61,16,259,298,60,15,259,298,200,284,56800,5519,5546,0
L2D_ROI,136,MULTI_AXIS,100,1,25,1,58,15,256,298,199,284,56516,1,60,15,258,298,58,15,258,298,201,284,57084,5519,5574,0
L2D_ROI,137,MULTI_AXIS,100,1,26,1,56,14,254,298,199,285,56715,1,58,15,256,298,56,14,256,298,201,285,57285,5538,5594,0
L2D_ROI,138,MULTI_AXIS,100,1,27,1,54,14,252,298,199,285,56715,1,56,14,254,298,54,14,254,298,201,285,57285,5538,5594,0
L2D_ROI,139,MULTI_AXIS,100,1,28,1,52,14,250,298,199,285,56715,1,54,14,252,298,52,14,252,298,201,285,57285,5538,5594,0
L2D_ROI,140,MULTI_AXIS,100,1,29,1,50,13,248,298,199,286,56914,1,52,14,250,298,50,13,250,298,201,286,57486,5558,5613,0
L2D_ROI,141,MULTI_AXIS,100,1,30,1,48,13,247,298,200,286,57200,1,50,13,248,298,48,13,248,298,201,286,57486,5585,5613,0
L2D_ROI,142,MULTI_AXIS,100,1,31,1,47,12,245,298,199,287,57113,1,48,13,247,298,47,12,247,298,201,287,57687,5577,5633,0
L2D_ROI,143,MULTI_AXIS,100,1,32,1,45,12,243,298,199,287,57113,1,47,12,245,298,45,12,245,298,201,287,57687,5577,5633,0
L2D_ROI,144,MULTI_AXIS,100,1,33,1,43,11,242,298,200,288,57600,1,45,12,243,298,43,11,243,298,201,288,57888,5625,5653,0
L2D_ROI,145,MULTI_AXIS,100,1,34,1,41,11,240,298,200,288,57600,1,43,11,242,298,41,11,242,298,202,288,58176,5625,5681,0
L2D_ROI,146,MULTI_AXIS,100,1,35,1,40,11,238,298,199,288,57312,1,41,11,240,298,40,11,240,298,201,288,57888,5596,5653,0
L2D_ROI,147,MULTI_AXIS,100,1,36,1,38,10,237,298,200,289,57800,1,40,11,238,298,38,10,238,298,201,289,58089,5644,5672,0
L2D_ROI,148,MULTI_AXIS,100,1,37,1,36,10,235,298,200,289,57800,1,38,10,237,298,36,10,237,298,202,289,58378,5644,5700,0
L2D_ROI,149,MULTI_AXIS,100,1,38,1,37,10,236,298,200,289,57800,1,36,10,235,298,36,10,236,298,201,289,58089,5644,5672,0
L2D_ROI,150,MULTI_AXIS,100,1,39,1,38,10,237,298,200,289,57800,1,37,10,236,298,37,10,237,298,201,289,58089,5644,5672,0
L2D_ROI,151,MULTI_AXIS,100,1,40,1,39,10,238,298,200,289,57800,1,38,10,237,298,38,10,238,298,201,289,58089,5644,5672,0
L2D_ROI,152,MULTI_AXIS,100,1,41,1,40,10,239,298,200,289,57800,1,39,10,238,298,39,10,239,298,201,289,58089,5644,5672,0
L2D_ROI,153,MULTI_AXIS,100,1,42,1,40,10,240,298,201,289,58089,1,40,10,239,298,40,10,240,298,201,289,58089,5672,5672,0
L2D_ROI,154,MULTI_AXIS,100,1,43,1,41,10,241,298,201,289,58089,1,40,10,240,298,40,10,241,298,202,289,58378,5672,5700,0
L2D_ROI,155,MULTI_AXIS,100,1,44,1,41,10,241,298,201,289,58089,1,41,10,241,298,41,10,241,298,201,289,58089,5672,5672,0
L2D_ROI,156,MULTI_AXIS,100,1,45,1,44,10,243,298,200,289,57800,1,41,10,241,298,41,10,243,298,203,289,58667,5644,5729,0
L2D_ROI,157,MULTI_AXIS,100,1,46,1,45,10,245,298,201,289,58089,1,44,10,243,298,44,10,245,298,202,289,58378,5672,5700,0
L2D_ROI,158,MULTI_AXIS,100,1,47,1,47,10,247,298,201,289,58089,1,45,10,245,298,45,10,247,298,203,289,58667,5672,5729,0
L2D_ROI,159,MULTI_AXIS,100,1,48,1,49,10,248,298,200,289,57800,1,47,10,247,298,47,10,248,298,202,289,58378,5644,5700,0
L2D_ROI,160,MULTI_AXIS,100,1,49,1,50,11,250,298,201,288,57888,1,49,10,248,298,49,10,250,298,202,289,58378,5653,5700,0
L2D_ROI,161,MULTI_AXIS,100,1,50,1,52,11,252,298,201,288,57888,1,50,11,250,298,50,11,252,298,203,288,58464,5653,5709,0
L2D_ROI,162,MULTI_AXIS,100,1,51,1,53,11,253,298,201,288,57888,1,52,11,252,298,52,11,253,298,202,288,58176,5653,5681,0
L2D_ROI,163,MULTI_AXIS,100,1,52,1,55,11,255,298,201,288,57888,1,53,11,253,298,53,11,255,298,203,288,58464,5653,5709,0
L2D_ROI,164,MULTI_AXIS,100,1,53,1,56,11,256,298,201,288,57888,1,55,11,255,298,55,11,256,298,202,288,58176,5653,5681,0
L2D_ROI,165,MULTI_AXIS,100,1,54,1,58,12,258,298,201,287,57687,1,56,11,256,298,56,11,258,298,203,288,58464,5633,5709,0
L2D_SUMMARY,MULTI_AXIS,100,1,slot_wait_us,50,0.00,0,0,0,0,0,0
L2D_SUMMARY,MULTI_AXIS,100,1,controller_us,50,45.98,46,49,49,41,49,0
L2D_SUMMARY,MULTI_AXIS,100,1,rt30_us,50,865.80,861,897,908,833,908,0
L2D_SUMMARY,MULTI_AXIS,100,1,hierarchy_vertex_us,50,1348.56,1343,1380,1384,1230,1384,0
L2D_SUMMARY,MULTI_AXIS,100,1,bounds_us,50,2.58,3,3,4,0,4,0
L2D_SUMMARY,MULTI_AXIS,100,1,clear_us,50,1138.18,1138,1151,1153,1126,1153,0
L2D_SUMMARY,MULTI_AXIS,100,1,raster_us,50,17963.84,17958,18158,18182,17722,18182,0
I (12707) l2d_profile: MULTI_AXIS scale=100 round=1 raster_us avg=17964 p95=18158 p99=18182 max=18182
L2D_SUMMARY,MULTI_AXIS,100,1,convert_us,50,4637.24,4554,4956,5511,4288,5511,0
L2D_SUMMARY,MULTI_AXIS,100,1,cache_sync_us,50,30.24,29,34,60,27,60,0
L2D_SUMMARY,MULTI_AXIS,100,1,producer_total_us,50,26438.60,26438,26852,27464,26004,27464,0
I (12737) l2d_profile: MULTI_AXIS scale=100 round=1 producer_total_us avg=26439 p95=26852 p99=27464 max=27464
L2D_SUMMARY,MULTI_AXIS,100,1,publish_consume_us,50,13.86,15,20,20,10,20,0
L2D_SUMMARY,MULTI_AXIS,100,1,ppa_wait_us,50,5713.72,5625,6034,6598,5360,6598,0
L2D_SUMMARY,MULTI_AXIS,100,1,ppa_blend_us,50,0.00,0,0,0,0,0,0
L2D_SUMMARY,MULTI_AXIS,100,1,panel_submit_us,50,154.10,152,179,186,137,186,0
L2D_SUMMARY,MULTI_AXIS,100,1,frame_drop,50,0.00,0,0,0,0,0,0
L2D_SUMMARY,MULTI_AXIS,100,1,ppa_fill_us,50,1109.62,1107,1122,1128,1097,1128,0
L2D_SUMMARY,MULTI_AXIS,100,1,ppa_srm_us,50,4604.10,4520,4923,5478,4255,5478,0
L2D_SUMMARY,MULTI_AXIS,100,1,ppa_total_us,50,5713.72,5625,6034,6598,5360,6598,0
L2D_SUMMARY,MULTI_AXIS,100,1,clear_cache_sync_us,50,14.64,14,18,19,13,19,0
L2D_SUMMARY,MULTI_AXIS,100,1,convert_cache_sync_us,50,0.00,0,0,0,0,0,0
L2D_SUMMARY,MULTI_AXIS,100,1,flush_cache_sync_us,50,15.60,15,15,46,14,46,0
L2D_SUMMARY,MULTI_AXIS,100,1,cache_sync_total_us,50,30.24,29,34,60,27,60,0
L2D_SUMMARY,MULTI_AXIS,100,1,display_lock_wait_us,50,63.36,17,530,701,12,701,0
L2D_SUMMARY,MULTI_AXIS,100,1,flush_total_us,50,244.78,197,721,896,182,896,0
L2D_SUMMARY,MULTI_AXIS,100,1,frame_total_us,50,26697.24,26697,27350,27678,26219,27678,0
L2D_SUMMARY,MULTI_AXIS,100,1,keypoint_us,50,0.00,0,0,0,0,0,0
L2D_SUMMARY,MULTI_AXIS,100,1,visual_transform_us,50,0.00,0,0,0,0,0,0
L2D_SUMMARY,MULTI_AXIS,100,1,stretch_us,50,0.00,0,0,0,0,0,0
L2D_SUMMARY,MULTI_AXIS,100,1,vertex_transform_us,50,0.00,0,0,0,0,0,0
L2D_SUMMARY,MULTI_AXIS,100,1,uv_update_us,50,0.00,0,0,0,0,0,0
L2D_SUMMARY,MULTI_AXIS,100,1,trig_cache_hit,50,50.00,50,50,50,50,50,0
L2D_SUMMARY,MULTI_AXIS,100,1,trig_cache_miss,50,1.00,1,1,1,1,1,0
L2D_SUMMARY,MULTI_AXIS,100,1,slot_miss,50,0.00,0,0,0,0,0,0
L2D_SUMMARY,MULTI_AXIS,100,1,lock_skip,50,0.00,0,0,0,0,0,0
L2D_SUMMARY,MULTI_AXIS,100,1,deadline_miss,50,0.00,0,0,0,0,0,0
L2D_SUMMARY,MULTI_AXIS,100,1,roi.current_area,50,56974.08,56914,58089,58089,55440,58089,0
L2D_SUMMARY,MULTI_AXIS,100,1,roi.union_area,50,57421.20,57486,58464,58667,55800,58667,0
L2D_SUMMARY,MULTI_AXIS,100,1,roi.current_area_ratio_q10000,50,5563.38,5558,5672,5672,5414,5672,0
L2D_SUMMARY,MULTI_AXIS,100,1,roi.union_area_ratio_q10000,50,5607.00,5613,5709,5729,5449,5729,0
L2D_SUMMARY,MULTI_AXIS,100,1,roi.current_w,50,199.72,200,201,201,198,201,0
L2D_SUMMARY,MULTI_AXIS,100,1,roi.current_h,50,285.26,286,289,289,278,289,0
L2D_SUMMARY,MULTI_AXIS,100,1,roi.union_w,50,201.16,201,203,203,199,203,0
L2D_SUMMARY,MULTI_AXIS,100,1,roi.union_h,50,285.44,286,289,289,279,289,0
I (12960) l2d_profile: done MULTI_AXIS scale=100 round=1
L2D_DONE
I (12966) l2d_profile: suite complete; serial data ready for PC capture
