ESP-ROM:esp32p4-eco2-20240710
Build:Jul 10 2024
rst:0x1 (POWERON),boot:0x30f (SPI_FAST_FLASH_BOOT)
SPI mode:DIO, clock div:1
load:0x4ff33ce0,len:0x514
load:0x4ff29ed0,len:0xbbc
load:0x4ff2cbd0,len:0x3114
entry 0x4ff29ed0
ESP-ROM:esp32p4-eco2-20240710
Build:Jul 10 2024
rst:0x1 (POWERON),boot:0x30f (SPI_FAST_FLASH_BOOT)
SPI mode:DIO, clock div:1
load:0x4ff33ce0,len:0x514
load:0x4ff29ed0,len:0xbbc
load:0x4ff2cbd0,len:0x3114
entry 0x4ff29ed0
I (306) hex_psram: vendor id    : 0x0d (AP)
I (307) hex_psram: Latency      : 0x01 (Fixed)
I (307) hex_psram: DriveStr.    : 0x00 (25 Ohm)
I (307) hex_psram: dev id       : 0x03 (generation 4)
I (312) hex_psram: density      : 0x07 (256 Mbit)
I (317) hex_psram: good-die     : 0x06 (Pass)
I (321) hex_psram: SRF          : 0x02 (Slow Refresh)
I (326) hex_psram: BurstType    : 0x00 ( Wrap)
I (330) hex_psram: BurstLen     : 0x03 (2048 Byte)
I (334) hex_psram: BitMode      : 0x01 (X16 Mode)
I (339) hex_psram: Readlatency  : 0x04 (14 cycles@Fixed)
I (344) hex_psram: DriveStrength: 0x00 (1/1)
I (348) MSPI Timing: Enter psram timing tuning
I (522) esp_psram: Found 32MB PSRAM device
I (522) esp_psram: Speed: 200MHz
I (523) hex_psram: psram CS IO is dedicated
I (523) cpu_start: Multicore app
I (1001) esp_psram: SPI SRAM memory test OK
I (1012) cpu_start: GPIO 38 and 37 are used as console UART I/O pins
I (1013) cpu_start: Pro cpu start user code
I (1013) cpu_start: cpu freq: 360000000 Hz
I (1015) app_init: Application information:
I (1019) app_init: Project name:     live2d_rt30_baseline
I (1024) app_init: App version:      763c358-dirty
I (1028) app_init: Compile time:     Sep 29 2026 23:57:07
I (1033) app_init: ELF file SHA256:  5f8dd3943...
I (1038) app_init: ESP-IDF:          v5.5.2
I (1042) efuse_init: Min chip rev:     v0.1
I (1046) efuse_init: Max chip rev:     v1.99 
I (1050) efuse_init: Chip rev:         v1.3
I (1054) heap_init: Initializing. RAM available for dynamic allocation:
I (1060) heap_init: At 4FF1ED00 len 0001C2C0 (112 KiB): RETENT_RAM
I (1066) heap_init: At 4FF3AFC0 len 00004BF0 (18 KiB): RAM
I (1071) heap_init: At 4FF40000 len 00040000 (256 KiB): RAM
I (1077) heap_init: At 501080A0 len 00007F60 (31 KiB): RTCRAM
I (1082) heap_init: At 30100084 len 00001F7C (7 KiB): TCM
I (1087) esp_psram: Adding pool of 32768K of PSRAM memory to heap allocator
I (1095) spi_flash: detected chip: generic
I (1097) spi_flash: flash io: dio
I (1101) sleep_gpio: Configure to isolate all GPIO pins in sleep state
I (1107) sleep_gpio: Enable automatic switching of GPIO sleep configuration
I (1114) main_task: Started on CPU0
I (1138) esp_psram: Reserving pool of 128K of internal memory for DMA/internal allocations
I (1139) main_task: Calling app_main()
I (1139) l2d_baseline: === Live2D RT30 baseline ===
I (1143) l2d_baseline: ========================================
I (1149) l2d_baseline:  Live2D RT30 baseline, target=30 fps, core=0
I (1155) l2d_baseline:  model=/sdcard/esp.live
I (1159) l2d_baseline: ========================================
I (1164) l2d_baseline: heap boot: psram_free=33551716 psram_min=33551716 internal_free=376943
I (1199) sys_storage: Mounting SD card at /sdcard
I (1201) main_task: Returned from app_main()
I (1255) sys_storage: Storage subsystem ready (NVS + SD at /sdcard)
I (1255) sys_sdio: ready: SD serial task core=0 prio=4 queue=20
I (1257) sys_storage: font cache found: /sdcard/fonts/noto_sans_sc_16.bin (955208 bytes)
I (1263) l2d_baseline: storage ready at /sdcard
I (1269) esp_lvgl:adapter: LVGL adapter initialized successfully
I (1346) GT911: TouchPad_ID:0x39,0x31,0x31
I (1346) GT911: TouchPad_Config_Version:101
W (1346) ledc: GPIO 20 is not usable, maybe conflict with others
I (1349) WT99P4C5_S1_BOARD: MIPI DSI PHY Powered on
I (1354) WT99P4C5_S1_BOARD: Install MIPI DSI LCD control panel
I (1359) WT99P4C5_S1_BOARD: Install EK79007 LCD control panel
I (1364) WT99P4C5_S1_BOARD: MIPI DSI DPI clock: 80.00 MHz
I (1369) ek79007: version: 1.0.4
I (1533) WT99P4C5_S1_BOARD: Display initialized
I (1533) WT99P4C5_S1_BOARD: Display resolution 1024x600
I (1537) esp_lvgl:bridge_v9: Initializing hardware resources
I (1537) esp_lvgl:bridge_v9: Hardware resources initialized successfully
I (1549) WT99P4C5_S1_BOARD: GT911 touch ready on GPIO 21
W (1549) esp_lvgl:touch: LV_USE_GESTURE_RECOGNITION is disabled; only single-point pointer events are available
I (1558) esp_lvgl:touch: Touch input device registered successfully (IRQ mode: disabled)
I (1566) esp_lvgl:adapter: LVGL task started successfully
I (1571) sys_display: Display + LVGL initialized (custom config)
I (1576) WT99P4C5_S1_BOARD: Setting LCD backlight: 80%
I (1581) sys_monitor: CPU monitor started (FreeRTOS idle run time, 1 s windows)
I (1588) sys_monitor: FPS tracking attached to display
I (2116) l2d_baseline: model file loaded: /sdcard/esp.live (800796 bytes)
I (2117) l2d_baseline: model CRC32_LE=0x5f25edc0
I (2166) l2d_baseline: model SHA256=1d7f21471dcedee2d205904791df7147c63760269462ad5d7169a97afe386100
I (2166) live2d_engine: allocated runtime pool: 2650168 bytes
I (2169) live2d_engine: Importing PainterEngine Live2D model, file size=800796 bytes, pool free=2650168 bytes
I (2218) live2d_engine: Model loaded: id='esp', size=320x320, layers=11, textures=12, animations=1, pool free=1814320 bytes
I (2218) live2d_engine: Using nearest-neighbor pixel shader for ESP renderer
I (2225) live2d_engine: RT30 realtime axes: 5
I (2229) live2d_engine:   axis[0] id='left_eye' default=0 middle=15 bindings=2 sampleBytes=360 stride=12 vidx=0 Q(coord=4 rot=6 stretch=14)
I (2241) live2d_engine:     binding[0] layer=6 id='right_eye' mask=0x0050 vertices=0 sample_offset=0
I (2250) live2d_engine:     binding[1] layer=8 id='left_eyeup' mask=0x0010 vertices=0 sample_offset=6
I (2259) live2d_engine:   axis[1] id='right_eye' default=0 middle=15 bindings=2 sampleBytes=240 stride=8 vidx=0 Q(coord=4 rot=6 stretch=14)
I (2271) live2d_engine:     binding[0] layer=5 id='left_eye' mask=0x0040 vertices=0 sample_offset=0
I (2280) live2d_engine:     binding[1] layer=7 id='right_eyeup' mask=0x0010 vertices=0 sample_offset=2
I (2289) live2d_engine:   axis[2] id='neck' default=15 middle=15 bindings=1 sampleBytes=960 stride=32 vidx=7 Q(coord=4 rot=6 stretch=14)
I (2301) live2d_engine:     binding[0] layer=3 id='neck' mask=0x0028 vertices=7 sample_offset=0
I (2309) live2d_engine:   axis[3] id='face' default=15 middle=15 bindings=11 sampleBytes=28560 stride=952 vidx=227 Q(coord=4 rot=6 stretch=14)
I (2322) live2d_engine:     binding[0] layer=0 id='back_hair' mask=0x0009 vertices=42 sample_offset=0
I (2331) live2d_engine:     binding[1] layer=1 id='cloth' mask=0x0009 vertices=25 sample_offset=172
I (2339) live2d_engine:     binding[2] layer=2 id='face' mask=0x0009 vertices=15 sample_offset=276
I (2348) live2d_engine:     binding[3] layer=3 id='neck' mask=0x0009 vertices=8 sample_offset=340
I (2357) live2d_engine:     binding[4] layer=4 id='mouth' mask=0x0009 vertices=5 sample_offset=376
I (2365) live2d_engine:     binding[5] layer=5 id='left_eye' mask=0x0009 vertices=11 sample_offset=400
I (2374) live2d_engine:     binding[6] layer=6 id='right_eye' mask=0x0009 vertices=10 sample_offset=448
I (2383) live2d_engine:     binding[7] layer=7 id='right_eyeup' mask=0x0009 vertices=13 sample_offset=492
I (2393) live2d_engine:     binding[8] layer=8 id='left_eyeup' mask=0x0009 vertices=13 sample_offset=548
I (2402) live2d_engine:     binding[9] layer=9 id='front_hair' mask=0x0009 vertices=64 sample_offset=604
I (2411) live2d_engine:     binding[10] layer=10 id='hairwear' mask=0x0009 vertices=21 sample_offset=864
I (2420) live2d_engine:   axis[4] id='mouth' default=15 middle=15 bindings=1 sampleBytes=720 stride=24 vidx=5 Q(coord=4 rot=6 stretch=14)
I (2432) live2d_engine:     binding[0] layer=4 id='mouth' mask=0x0048 vertices=5 sample_offset=0
I (2442) live2d_engine: Playing default animation index 1/1
I (2446) live2d_engine: allocated runtime pool: 1048576 bytes
I (2452) l2d_baseline: model ready id='esp' size=320x320 layers=11 textures=12 animations=1 load=280ms pool_free=1017664
I (2462) l2d_baseline: RT30 axis_count=5 static=31590 runtime=0 selectedSample=0
I (2470) l2d_baseline: axis handles: left_eye=0 right_eye=1 neck=2 face=3 mouth=4
I (2477) l2d_baseline: benchmark model_path=/sdcard/esp.live axis_count=5
I (2483) l2d_baseline: render ROI: 320x320 at (352,140), lcd=1024x600
I (2489) sys_display_buf: PSRAM before alloc: total=33554432  free=27353412 largest=26214400
I (2497) sys_display_buf: buffers created: 320x320  ARGB=409600  RGB565=204800 bytes (PSRAM DMA=yes)
I (2506) sys_display_buf: PSRAM after alloc: total=33554432  free=26739004 largest=26214400
I (2517) sys_display_flush: Flush path: 320x320 at (352,140) -> panel direct draw
I (2522) live2d_engine: Internal render scale set to 1.000
I (2532) live2d_renderer: PPA fill transparent clear enabled
I (2532) live2d_renderer: Renderer initialized: 320x320 ARGB8888 -> RGB565 via PPA SRM, rgb_swap=0, byte_swap=0, source block=320x320@(0,0)
I (2544) l2d_baseline: render backends: clear=PPA convert=PPA
I (2550) l2d_baseline: heap ready: psram_free=26737916 psram_min=26737916 internal_free=256007
I (2558) l2d_baseline: continuous RT30 drive active on 5 model axes
L2D_META_BEGIN
esp_commit=763c3588ebbb84b67d77eb633c989e4237d8a565
live2d_commit=78fc634
idf=v5.5.2
chip=ESP32-P4
cpu_mhz=360
psram_mhz=200
optimization=-O2
render_task=core0,priority6
lvgl_task=core0,priority4
canvas=320x320
slot=none,synchronous ARGB+RGB565 buffers
display=direct panel RGB565
ppa=fill+SRM clients,blocking,blend unused
model_path=/sdcard/esp.live
model_sha256=1d7f21471dcedee2d205904791df7147c63760269462ad5d7169a97afe386100
model_size=800796
model_load_us=280025
axis_count=5
layer_count=11
vertex_count=227
triangle_count=257
texture_count=12
layers=11
vertices=227
triangles=257
textures=12
texture_pixels=184235
axes=5
sampler=fast-nearest
profile_stage=0
profile_mode=timing
srm_roi=1
default_clear=PPA
default_convert=PPA
backend_ids=0:PPA/PPA,1:CPU/PPA,2:PPA/CPU,3:CPU/CPU
warmup=5
measure=50
rounds=1
L2D_META_END
L2D_FRAME_HEADER,frame_id,scenario,scale_q100,round,frame,slot_wait_us,controller_us,rt30_us,hierarchy_vertex_us,bounds_us,clear_us,raster_us,cache_sync_us,producer_total_us,publish_consume_us,ppa_wait_us,ppa_blend_us,panel_submit_us,ppa_fill_us,ppa_srm_us,ppa_total_us,clear_cache_sync_us,convert_cache_sync_us,flush_cache_sync_us,cache_sync_total_us,display_lock_wait_us,flush_total_us,frame_total_us,dirty_x,dirty_y,dirty_w,dirty_h,frame_drop,slot_miss,lock_skip,deadline_miss,backend,convert_us,keypoint_us,visual_transform_us,stretch_us,vertex_transform_us,uv_update_us,trig_cache_hit,trig_cache_miss
L2D_SUMMARY_HEADER,scenario,scale_q100,round,metric,count,avg,p50,p95,p99,min,max,backend
L2D_ROI_HEADER,frame_id,scenario,scale_q100,round,frame,current_valid,current_min_x,current_min_y,current_max_x,current_max_y,current_w,current_h,current_area,previous_valid,previous_min_x,previous_min_y,previous_max_x,previous_max_y,union_min_x,union_min_y,union_max_x,union_max_y,union_w,union_h,union_area,current_area_ratio_q10000,union_area_ratio_q10000,force_full
L2D_SUMMARY,LOAD,0,0,load_us,1,280025,280025,280025,280025,280025,280025,0
I (2740) l2d_profile: profile suite: stage=0 rounds=1 frames=50
I (2746) live2d_engine: Internal render scale set to 1.000
L2D_FRAME,6,STATIC,100,1,5,0,8,46,101,1,929,10958,22,17264,35,5555,0,188,901,4654,5555,12,0,10,22,26,230,17529,0,0,320,320,0,0,0,0,0,4687,0,0,0,0,0,0,0
L2D_FRAME,7,STATIC,100,1,6,0,8,55,93,2,918,11004,20,17261,45,5565,0,139,899,4666,5565,11,0,9,20,25,180,17486,0,0,320,320,0,0,0,0,0,4708,0,0,0,0,0,0,0
L2D_FRAME,8,STATIC,100,1,7,0,8,41,70,2,992,10948,28,17284,27,5670,0,157,958,4712,5670,18,0,10,28,22,197,17508,0,0,320,320,0,0,0,0,0,4746,0,0,0,0,0,0,0
L2D_FRAME,9,STATIC,100,1,8,0,8,55,70,1,1077,11007,22,17423,35,5718,0,152,1057,4661,5718,12,0,10,22,25,193,17651,0,0,320,320,0,0,0,0,0,4694,0,0,0,0,0,0,0
L2D_FRAME,10,STATIC,100,1,9,0,8,47,92,2,1115,10904,21,17330,28,5752,0,153,1095,4657,5752,11,0,10,21,32,202,17560,0,0,320,320,0,0,0,0,0,4691,0,0,0,0,0,0,0
L2D_FRAME,11,STATIC,100,1,10,0,8,46,95,1,1101,10831,21,17252,45,5646,0,180,1081,4565,5646,11,0,10,21,22,221,17518,0,0,320,320,0,0,0,0,0,4598,0,0,0,0,0,0,0
L2D_FRAME,12,STATIC,100,1,11,0,8,50,92,2,1118,10997,20,17313,45,5614,0,152,1091,4523,5614,11,0,9,20,22,194,17552,0,0,320,320,0,0,0,0,0,4556,0,0,0,0,0,0,0
L2D_FRAME,13,STATIC,100,1,12,0,8,39,97,2,1115,10910,20,17312,45,5718,0,162,1088,4630,5718,11,0,9,20,25,201,17558,0,0,320,320,0,0,0,0,0,4663,0,0,0,0,0,0,0
L2D_FRAME,14,STATIC,100,1,13,0,8,48,94,2,1073,10963,21,17288,28,5607,0,144,1053,4554,5607,11,0,10,21,33,193,17509,0,0,320,320,0,0,0,0,0,4588,0,0,0,0,0,0,0
L2D_FRAME,15,STATIC,100,1,14,0,8,39,95,2,1102,10924,21,17093,35,5491,0,143,1082,4409,5491,11,0,10,21,70,229,17357,0,0,320,320,0,0,0,0,0,4444,0,0,0,0,0,0,0
L2D_FRAME,16,STATIC,100,1,15,0,8,48,94,2,1096,11008,28,17176,35,5471,0,146,1062,4409,5471,18,0,10,28,22,184,17395,0,0,320,320,0,0,0,0,0,4442,0,0,0,0,0,0,0
L2D_FRAME,17,STATIC,100,1,16,0,8,48,95,2,1111,10914,21,17079,28,5472,0,141,1091,4381,5472,11,0,10,21,32,189,17296,0,0,320,320,0,0,0,0,0,4415,0,0,0,0,0,0,0
L2D_FRAME,18,STATIC,100,1,17,0,7,53,96,2,1072,10938,28,17107,28,5459,0,148,1038,4421,5459,18,0,10,28,31,198,17333,0,0,320,320,0,0,0,0,0,4454,0,0,0,0,0,0,0
L2D_FRAME,19,STATIC,100,1,18,0,8,49,92,1,1103,10923,27,17114,45,5450,0,145,1062,4388,5450,18,0,9,27,22,181,17340,0,0,320,320,0,0,0,0,0,4428,0,0,0,0,0,0,0
L2D_FRAME,20,STATIC,100,1,19,0,8,57,92,2,1100,10941,21,17078,35,5442,0,142,1080,4362,5442,11,0,10,21,25,183,17296,0,0,320,320,0,0,0,0,0,4396,0,0,0,0,0,0,0
L2D_FRAME,21,STATIC,100,1,20,0,8,41,95,1,1096,11008,21,17174,35,5480,0,140,1069,4411,5480,11,0,10,21,24,181,17390,0,0,320,320,0,0,0,0,0,4445,0,0,0,0,0,0,0
L2D_FRAME,22,STATIC,100,1,21,0,8,39,92,2,1073,10948,21,17063,44,5444,0,148,1053,4391,5444,11,0,10,21,24,188,17295,0,0,320,320,0,0,0,0,0,4433,0,0,0,0,0,0,0
L2D_FRAME,23,STATIC,100,1,22,0,8,49,92,1,1120,10968,22,17197,28,5559,0,150,1099,4460,5559,12,0,10,22,23,190,17415,0,0,320,320,0,0,0,0,0,4495,0,0,0,0,0,0,0
L2D_FRAME,24,STATIC,100,1,23,0,8,51,88,2,1094,10978,21,17145,28,5458,0,155,1067,4391,5458,11,0,10,21,23,195,17368,0,0,320,320,0,0,0,0,0,4425,0,0,0,0,0,0,0
L2D_FRAME,25,STATIC,100,1,24,0,8,49,90,1,1088,11014,22,17180,28,5453,0,151,1061,4392,5453,12,0,10,22,32,199,17407,0,0,320,320,0,0,0,0,0,4432,0,0,0,0,0,0,0
L2D_FRAME,26,STATIC,100,1,25,0,8,51,90,2,1105,11096,21,17313,27,5539,0,202,1086,4453,5539,11,0,10,21,23,253,17593,0,0,320,320,0,0,0,0,0,4486,0,0,0,0,0,0,0
L2D_FRAME,27,STATIC,100,1,26,0,8,39,93,2,1076,11038,21,17354,28,5637,0,148,1056,4581,5637,11,0,10,21,33,196,17578,0,0,320,320,0,0,0,0,0,4615,0,0,0,0,0,0,0
L2D_FRAME,28,STATIC,100,1,27,0,8,41,92,2,1071,10975,28,17406,28,5746,0,147,1044,4702,5746,18,0,10,28,32,198,17632,0,0,320,320,0,0,0,0,0,4736,0,0,0,0,0,0,0
L2D_FRAME,29,STATIC,100,1,28,0,8,54,92,1,1119,10974,28,17434,35,5746,0,164,1092,4654,5746,18,0,10,28,27,206,17675,0,0,320,320,0,0,0,0,0,4688,0,0,0,0,0,0,0
L2D_FRAME,30,STATIC,100,1,29,0,8,46,93,1,1107,11005,27,17411,45,5723,0,145,1080,4643,5723,18,0,9,27,26,186,17642,0,0,320,320,0,0,0,0,0,4676,0,0,0,0,0,0,0
L2D_FRAME,31,STATIC,100,1,30,0,8,39,93,1,1109,11058,21,17496,45,5770,0,146,1082,4688,5770,11,0,10,21,25,187,17728,0,0,320,320,0,0,0,0,0,4721,0,0,0,0,0,0,0
L2D_FRAME,32,STATIC,100,1,31,0,8,45,88,1,1112,11008,28,17405,35,5725,0,154,1085,4640,5725,18,0,10,28,27,195,17635,0,0,320,320,0,0,0,0,0,4675,0,0,0,0,0,0,0
L2D_FRAME,33,STATIC,100,1,32,0,8,51,85,1,1095,10959,22,17424,28,5786,0,156,1068,4718,5786,11,0,11,22,23,196,17648,0,0,320,320,0,0,0,0,0,4752,0,0,0,0,0,0,0
L2D_FRAME,34,STATIC,100,1,33,0,8,39,87,2,1100,10981,21,17383,35,5713,0,148,1080,4633,5713,11,0,10,21,25,189,17607,0,0,320,320,0,0,0,0,0,4666,0,0,0,0,0,0,0
L2D_FRAME,35,STATIC,100,1,34,0,8,38,89,2,1127,10983,21,17420,35,5755,0,141,1100,4655,5755,11,0,10,21,25,182,17637,0,0,320,320,0,0,0,0,0,4689,0,0,0,0,0,0,0
L2D_FRAME,36,STATIC,100,1,35,0,8,40,91,1,1076,11016,21,17402,78,5718,0,140,1056,4662,5718,11,0,10,21,23,182,17662,0,0,320,320,0,0,0,0,0,4696,0,0,0,0,0,0,0
L2D_FRAME,37,STATIC,100,1,36,0,8,49,88,1,1089,11054,21,17454,34,5712,0,152,1062,4650,5712,11,0,10,21,25,193,17681,0,0,320,320,0,0,0,0,0,4683,0,0,0,0,0,0,0
L2D_FRAME,38,STATIC,100,1,37,0,8,50,85,2,1101,10965,20,17454,45,5801,0,138,1081,4720,5801,11,0,9,20,27,179,17678,0,0,320,320,0,0,0,0,0,4753,0,0,0,0,0,0,0
L2D_FRAME,39,STATIC,100,1,38,0,8,48,95,2,1130,11023,21,17481,35,5732,0,139,1096,4636,5732,11,0,10,21,26,180,17696,0,0,320,320,0,0,0,0,0,4671,0,0,0,0,0,0,0
L2D_FRAME,40,STATIC,100,1,39,0,8,41,86,2,1081,10909,27,17278,45,5698,0,152,1054,4644,5698,18,0,9,27,25,191,17514,0,0,320,320,0,0,0,0,0,4678,0,0,0,0,0,0,0
L2D_FRAME,41,STATIC,100,1,40,0,8,49,92,2,1097,10986,28,17406,77,5712,0,144,1063,4649,5712,18,0,10,28,23,181,17664,0,0,320,320,0,0,0,0,0,4683,0,0,0,0,0,0,0
L2D_FRAME,42,STATIC,100,1,41,0,8,51,90,1,949,10971,22,17251,35,5585,0,150,929,4656,5585,12,0,10,22,23,190,17476,0,0,320,320,0,0,0,0,0,4689,0,0,0,0,0,0,0
L2D_FRAME,43,STATIC,100,1,42,0,8,56,92,1,842,10935,21,17106,35,5453,0,154,815,4638,5453,11,0,10,21,23,197,17338,0,0,320,320,0,0,0,0,0,4672,0,0,0,0,0,0,0
L2D_FRAME,44,STATIC,100,1,43,0,8,44,84,2,924,10969,21,17211,28,5570,0,147,904,4666,5570,11,0,10,21,34,196,17435,0,0,320,320,0,0,0,0,0,4700,0,0,0,0,0,0,0
L2D_FRAME,45,STATIC,100,1,44,0,8,40,73,2,1017,10972,21,17313,28,5655,0,148,997,4658,5655,11,0,10,21,31,196,17537,0,0,320,320,0,0,0,0,0,4691,0,0,0,0,0,0,0
L2D_FRAME,46,STATIC,100,1,45,0,8,53,69,1,1079,10936,22,17382,87,5707,0,150,1051,4656,5707,12,0,10,22,27,191,17660,0,0,320,320,0,0,0,0,0,4689,0,0,0,0,0,0,0
L2D_FRAME,47,STATIC,100,1,46,0,8,39,102,2,1116,10967,21,17386,28,5731,0,161,1096,4635,5731,11,0,10,21,32,211,17625,0,0,320,320,0,0,0,0,0,4669,0,0,0,0,0,0,0
L2D_FRAME,48,STATIC,100,1,47,0,8,39,97,1,1120,10892,21,17308,28,5703,0,147,1100,4603,5703,11,0,10,21,31,194,17530,0,0,320,320,0,0,0,0,0,4636,0,0,0,0,0,0,0
L2D_FRAME,49,STATIC,100,1,48,0,8,43,94,2,1123,10957,21,17314,28,5622,0,150,1096,4526,5622,11,0,10,21,22,190,17532,0,0,320,320,0,0,0,0,0,4583,0,0,0,0,0,0,0
L2D_FRAME,50,STATIC,100,1,49,0,8,39,92,2,1082,10923,21,17199,35,5597,0,151,1055,4542,5597,11,0,10,21,25,192,17426,0,0,320,320,0,0,0,0,0,4576,0,0,0,0,0,0,0
L2D_FRAME,51,STATIC,100,1,50,0,8,44,90,1,1108,10903,28,17246,35,5586,0,183,1081,4505,5586,18,0,10,28,25,224,17505,0,0,320,320,0,0,0,0,0,4537,0,0,0,0,0,0,0
L2D_FRAME,52,STATIC,100,1,51,0,8,52,89,2,1083,10966,21,17104,35,5443,0,141,1056,4387,5443,11,0,10,21,32,189,17328,0,0,320,320,0,0,0,0,0,4420,0,0,0,0,0,0,0
L2D_FRAME,53,STATIC,100,1,52,0,7,39,97,2,1112,10888,21,17129,28,5553,0,160,1092,4461,5553,11,0,10,21,23,207,17364,0,0,320,320,0,0,0,0,0,4493,0,0,0,0,0,0,0
L2D_FRAME,54,STATIC,100,1,53,0,8,42,92,1,1059,10977,22,17107,28,5429,0,140,1039,4390,5429,12,0,10,22,32,188,17323,0,0,320,320,0,0,0,0,0,4424,0,0,0,0,0,0,0
L2D_FRAME,55,STATIC,100,1,54,0,8,40,96,2,1098,10941,22,17080,35,5439,0,153,1071,4368,5439,12,0,10,22,25,198,17313,0,0,320,320,0,0,0,0,0,4408,0,0,0,0,0,0,0
L2D_ROI,6,STATIC,100,1,5,1,59,14,257,298,199,285,56715,1,59,14,257,298,59,14,257,298,199,285,56715,5538,5538,0
L2D_ROI,7,STATIC,100,1,6,1,59,14,257,298,199,285,56715,1,59,14,257,298,59,14,257,298,199,285,56715,5538,5538,0
L2D_ROI,8,STATIC,100,1,7,1,59,14,257,298,199,285,56715,1,59,14,257,298,59,14,257,298,199,285,56715,5538,5538,0
L2D_ROI,9,STATIC,100,1,8,1,59,14,257,298,199,285,56715,1,59,14,257,298,59,14,257,298,199,285,56715,5538,5538,0
L2D_ROI,10,STATIC,100,1,9,1,59,14,257,298,199,285,56715,1,59,14,257,298,59,14,257,298,199,285,56715,5538,5538,0
L2D_ROI,11,STATIC,100,1,10,1,59,14,257,298,199,285,56715,1,59,14,257,298,59,14,257,298,199,285,56715,5538,5538,0
L2D_ROI,12,STATIC,100,1,11,1,59,14,257,298,199,285,56715,1,59,14,257,298,59,14,257,298,199,285,56715,5538,5538,0
L2D_ROI,13,STATIC,100,1,12,1,59,14,257,298,199,285,56715,1,59,14,257,298,59,14,257,298,199,285,56715,5538,5538,0
L2D_ROI,14,STATIC,100,1,13,1,59,14,257,298,199,285,56715,1,59,14,257,298,59,14,257,298,199,285,56715,5538,5538,0
L2D_ROI,15,STATIC,100,1,14,1,59,14,257,298,199,285,56715,1,59,14,257,298,59,14,257,298,199,285,56715,5538,5538,0
L2D_ROI,16,STATIC,100,1,15,1,59,14,257,298,199,285,56715,1,59,14,257,298,59,14,257,298,199,285,56715,5538,5538,0
L2D_ROI,17,STATIC,100,1,16,1,59,14,257,298,199,285,56715,1,59,14,257,298,59,14,257,298,199,285,56715,5538,5538,0
L2D_ROI,18,STATIC,100,1,17,1,59,14,257,298,199,285,56715,1,59,14,257,298,59,14,257,298,199,285,56715,5538,5538,0
L2D_ROI,19,STATIC,100,1,18,1,59,14,257,298,199,285,56715,1,59,14,257,298,59,14,257,298,199,285,56715,5538,5538,0
L2D_ROI,20,STATIC,100,1,19,1,59,14,257,298,199,285,56715,1,59,14,257,298,59,14,257,298,199,285,56715,5538,5538,0
L2D_ROI,21,STATIC,100,1,20,1,59,14,257,298,199,285,56715,1,59,14,257,298,59,14,257,298,199,285,56715,5538,5538,0
L2D_ROI,22,STATIC,100,1,21,1,59,14,257,298,199,285,56715,1,59,14,257,298,59,14,257,298,199,285,56715,5538,5538,0
L2D_ROI,23,STATIC,100,1,22,1,59,14,257,298,199,285,56715,1,59,14,257,298,59,14,257,298,199,285,56715,5538,5538,0
L2D_ROI,24,STATIC,100,1,23,1,59,14,257,298,199,285,56715,1,59,14,257,298,59,14,257,298,199,285,56715,5538,5538,0
L2D_ROI,25,STATIC,100,1,24,1,59,14,257,298,199,285,56715,1,59,14,257,298,59,14,257,298,199,285,56715,5538,5538,0
L2D_ROI,26,STATIC,100,1,25,1,59,14,257,298,199,285,56715,1,59,14,257,298,59,14,257,298,199,285,56715,5538,5538,0
L2D_ROI,27,STATIC,100,1,26,1,59,14,257,298,199,285,56715,1,59,14,257,298,59,14,257,298,199,285,56715,5538,5538,0
L2D_ROI,28,STATIC,100,1,27,1,59,14,257,298,199,285,56715,1,59,14,257,298,59,14,257,298,199,285,56715,5538,5538,0
L2D_ROI,29,STATIC,100,1,28,1,59,14,257,298,199,285,56715,1,59,14,257,298,59,14,257,298,199,285,56715,5538,5538,0
L2D_ROI,30,STATIC,100,1,29,1,59,14,257,298,199,285,56715,1,59,14,257,298,59,14,257,298,199,285,56715,5538,5538,0
L2D_ROI,31,STATIC,100,1,30,1,59,14,257,298,199,285,56715,1,59,14,257,298,59,14,257,298,199,285,56715,5538,5538,0
L2D_ROI,32,STATIC,100,1,31,1,59,14,257,298,199,285,56715,1,59,14,257,298,59,14,257,298,199,285,56715,5538,5538,0
L2D_ROI,33,STATIC,100,1,32,1,59,14,257,298,199,285,56715,1,59,14,257,298,59,14,257,298,199,285,56715,5538,5538,0
L2D_ROI,34,STATIC,100,1,33,1,59,14,257,298,199,285,56715,1,59,14,257,298,59,14,257,298,199,285,56715,5538,5538,0
L2D_ROI,35,STATIC,100,1,34,1,59,14,257,298,199,285,56715,1,59,14,257,298,59,14,257,298,199,285,56715,5538,5538,0
L2D_ROI,36,STATIC,100,1,35,1,59,14,257,298,199,285,56715,1,59,14,257,298,59,14,257,298,199,285,56715,5538,5538,0
L2D_ROI,37,STATIC,100,1,36,1,59,14,257,298,199,285,56715,1,59,14,257,298,59,14,257,298,199,285,56715,5538,5538,0
L2D_ROI,38,STATIC,100,1,37,1,59,14,257,298,199,285,56715,1,59,14,257,298,59,14,257,298,199,285,56715,5538,5538,0
L2D_ROI,39,STATIC,100,1,38,1,59,14,257,298,199,285,56715,1,59,14,257,298,59,14,257,298,199,285,56715,5538,5538,0
L2D_ROI,40,STATIC,100,1,39,1,59,14,257,298,199,285,56715,1,59,14,257,298,59,14,257,298,199,285,56715,5538,5538,0
L2D_ROI,41,STATIC,100,1,40,1,59,14,257,298,199,285,56715,1,59,14,257,298,59,14,257,298,199,285,56715,5538,5538,0
L2D_ROI,42,STATIC,100,1,41,1,59,14,257,298,199,285,56715,1,59,14,257,298,59,14,257,298,199,285,56715,5538,5538,0
L2D_ROI,43,STATIC,100,1,42,1,59,14,257,298,199,285,56715,1,59,14,257,298,59,14,257,298,199,285,56715,5538,5538,0
L2D_ROI,44,STATIC,100,1,43,1,59,14,257,298,199,285,56715,1,59,14,257,298,59,14,257,298,199,285,56715,5538,5538,0
L2D_ROI,45,STATIC,100,1,44,1,59,14,257,298,199,285,56715,1,59,14,257,298,59,14,257,298,199,285,56715,5538,5538,0
L2D_ROI,46,STATIC,100,1,45,1,59,14,257,298,199,285,56715,1,59,14,257,298,59,14,257,298,199,285,56715,5538,5538,0
L2D_ROI,47,STATIC,100,1,46,1,59,14,257,298,199,285,56715,1,59,14,257,298,59,14,257,298,199,285,56715,5538,5538,0
L2D_ROI,48,STATIC,100,1,47,1,59,14,257,298,199,285,56715,1,59,14,257,298,59,14,257,298,199,285,56715,5538,5538,0
L2D_ROI,49,STATIC,100,1,48,1,59,14,257,298,199,285,56715,1,59,14,257,298,59,14,257,298,199,285,56715,5538,5538,0
L2D_ROI,50,STATIC,100,1,49,1,59,14,257,298,199,285,56715,1,59,14,257,298,59,14,257,298,199,285,56715,5538,5538,0
L2D_ROI,51,STATIC,100,1,50,1,59,14,257,298,199,285,56715,1,59,14,257,298,59,14,257,298,199,285,56715,5538,5538,0
L2D_ROI,52,STATIC,100,1,51,1,59,14,257,298,199,285,56715,1,59,14,257,298,59,14,257,298,199,285,56715,5538,5538,0
L2D_ROI,53,STATIC,100,1,52,1,59,14,257,298,199,285,56715,1,59,14,257,298,59,14,257,298,199,285,56715,5538,5538,0
L2D_ROI,54,STATIC,100,1,53,1,59,14,257,298,199,285,56715,1,59,14,257,298,59,14,257,298,199,285,56715,5538,5538,0
L2D_ROI,55,STATIC,100,1,54,1,59,14,257,298,199,285,56715,1,59,14,257,298,59,14,257,298,199,285,56715,5538,5538,0
L2D_SUMMARY,STATIC,100,1,slot_wait_us,50,0.00,0,0,0,0,0,0
L2D_SUMMARY,STATIC,100,1,controller_us,50,7.96,8,8,8,7,8,0
L2D_SUMMARY,STATIC,100,1,rt30_us,50,45.82,46,55,57,38,57,0
L2D_SUMMARY,STATIC,100,1,hierarchy_vertex_us,50,90.42,92,97,102,69,102,0
L2D_SUMMARY,STATIC,100,1,bounds_us,50,1.60,2,2,2,1,2,0
L2D_SUMMARY,STATIC,100,1,clear_us,50,1076.00,1096,1123,1130,842,1130,0
L2D_SUMMARY,STATIC,100,1,raster_us,50,10966.26,10967,11054,11096,10831,11096,0
I (5730) l2d_profile: STATIC scale=100 round=1 raster_us avg=10966 p95=11054 p99=11096 max=11096
L2D_SUMMARY,STATIC,100,1,convert_us,50,4595.90,4663,4746,4753,4396,4753,0
L2D_SUMMARY,STATIC,100,1,cache_sync_us,50,22.58,21,28,28,20,28,0
L2D_SUMMARY,STATIC,100,1,producer_total_us,50,17275.80,17284,17454,17496,17063,17496,0
I (5758) l2d_profile: STATIC scale=100 round=1 producer_total_us avg=17276 p95=17454 p99=17496 max=17496
L2D_SUMMARY,STATIC,100,1,publish_consume_us,50,37.00,35,77,87,27,87,0
L2D_SUMMARY,STATIC,100,1,ppa_wait_us,50,5612.20,5614,5770,5801,5429,5801,0
L2D_SUMMARY,STATIC,100,1,ppa_blend_us,50,0.00,0,0,0,0,0,0
L2D_SUMMARY,STATIC,100,1,panel_submit_us,50,151.74,148,183,202,138,202,0
L2D_SUMMARY,STATIC,100,1,frame_drop,50,0.00,0,0,0,0,0,0
L2D_SUMMARY,STATIC,100,1,ppa_fill_us,50,1051.08,1067,1099,1100,815,1100,0
L2D_SUMMARY,STATIC,100,1,ppa_srm_us,50,4561.12,4630,4712,4720,4362,4720,0
L2D_SUMMARY,STATIC,100,1,ppa_total_us,50,5612.20,5614,5770,5801,5429,5801,0
L2D_SUMMARY,STATIC,100,1,clear_cache_sync_us,50,12.70,11,18,18,11,18,0
L2D_SUMMARY,STATIC,100,1,convert_cache_sync_us,50,0.00,0,0,0,0,0,0
L2D_SUMMARY,STATIC,100,1,flush_cache_sync_us,50,9.88,10,10,11,9,11,0
L2D_SUMMARY,STATIC,100,1,cache_sync_total_us,50,22.58,21,28,28,20,28,0
L2D_SUMMARY,STATIC,100,1,display_lock_wait_us,50,27.20,25,33,70,22,70,0
L2D_SUMMARY,STATIC,100,1,flush_total_us,50,195.70,193,229,253,179,253,0
L2D_SUMMARY,STATIC,100,1,frame_total_us,50,17508.50,17518,17681,17728,17295,17728,0
L2D_SUMMARY,STATIC,100,1,keypoint_us,50,0.00,0,0,0,0,0,0
L2D_SUMMARY,STATIC,100,1,visual_transform_us,50,0.00,0,0,0,0,0,0
L2D_SUMMARY,STATIC,100,1,stretch_us,50,0.00,0,0,0,0,0,0
L2D_SUMMARY,STATIC,100,1,vertex_transform_us,50,0.00,0,0,0,0,0,0
L2D_SUMMARY,STATIC,100,1,uv_update_us,50,0.00,0,0,0,0,0,0
L2D_SUMMARY,STATIC,100,1,trig_cache_hit,50,0.00,0,0,0,0,0,0
L2D_SUMMARY,STATIC,100,1,trig_cache_miss,50,0.00,0,0,0,0,0,0
L2D_SUMMARY,STATIC,100,1,slot_miss,50,0.00,0,0,0,0,0,0
L2D_SUMMARY,STATIC,100,1,lock_skip,50,0.00,0,0,0,0,0,0
L2D_SUMMARY,STATIC,100,1,deadline_miss,50,0.00,0,0,0,0,0,0
L2D_SUMMARY,STATIC,100,1,roi.current_area,50,56715.00,56715,56715,56715,56715,56715,0
L2D_SUMMARY,STATIC,100,1,roi.union_area,50,56715.00,56715,56715,56715,56715,56715,0
L2D_SUMMARY,STATIC,100,1,roi.current_area_ratio_q10000,50,5538.00,5538,5538,5538,5538,5538,0
L2D_SUMMARY,STATIC,100,1,roi.union_area_ratio_q10000,50,5538.00,5538,5538,5538,5538,5538,0
L2D_SUMMARY,STATIC,100,1,roi.current_w,50,199.00,199,199,199,199,199,0
L2D_SUMMARY,STATIC,100,1,roi.current_h,50,285.00,285,285,285,285,285,0
L2D_SUMMARY,STATIC,100,1,roi.union_w,50,199.00,199,199,199,199,199,0
L2D_SUMMARY,STATIC,100,1,roi.union_h,50,285.00,285,285,285,285,285,0
I (5969) l2d_profile: done STATIC scale=100 round=1
L2D_FRAME,61,EYE_L_SWEEP,100,1,5,0,49,438,1169,2,1110,10898,25,18577,27,5488,0,154,1086,4402,5488,15,0,10,25,22,194,18798,0,0,320,320,0,0,0,0,0,4435,0,0,0,0,0,51,0
L2D_FRAME,62,EYE_L_SWEEP,100,1,6,0,43,447,1180,2,1082,10905,29,18556,35,5438,0,142,1055,4383,5438,19,0,10,29,25,182,18773,0,0,320,320,0,0,0,0,0,4417,0,0,0,0,0,51,0
L2D_FRAME,63,EYE_L_SWEEP,100,1,7,0,50,470,1187,1,1124,10854,21,18599,35,5497,0,153,1090,4407,5497,11,0,10,21,23,191,18825,0,0,320,320,0,0,0,0,0,4440,0,0,0,0,0,51,0
L2D_FRAME,64,EYE_L_SWEEP,100,1,8,0,45,436,1186,1,1134,10870,25,18631,38,5561,0,141,1110,4451,5561,15,0,10,25,23,178,18847,0,0,320,320,0,0,0,0,0,4484,0,0,0,0,0,51,0
L2D_FRAME,65,EYE_L_SWEEP,100,1,9,0,52,429,1202,2,1084,11008,29,18679,27,5453,0,156,1050,4403,5453,11,0,18,29,214,395,19101,0,0,320,320,0,0,0,0,0,4437,0,0,0,0,0,51,0
L2D_FRAME,66,EYE_L_SWEEP,100,1,10,0,42,442,1176,2,1114,10806,25,18544,35,5543,0,141,1090,4453,5543,15,0,10,25,23,179,18758,0,0,320,320,0,0,0,0,0,4486,0,0,0,0,0,51,0
L2D_FRAME,67,EYE_L_SWEEP,100,1,11,0,50,452,1214,1,1126,10879,28,18637,35,5497,0,144,1092,4405,5497,18,0,10,28,23,182,18854,0,0,320,320,0,0,0,0,0,4439,0,0,0,0,0,51,0
L2D_FRAME,68,EYE_L_SWEEP,100,1,12,0,49,433,1184,1,1127,10891,29,18594,35,5499,0,141,1099,4400,5499,19,0,10,29,26,182,18811,0,0,320,320,0,0,0,0,0,4433,0,0,0,0,0,51,0
L2D_FRAME,69,EYE_L_SWEEP,100,1,13,0,51,417,1177,1,1078,10956,28,18627,28,5484,0,148,1044,4440,5484,18,0,10,28,32,196,18851,0,0,320,320,0,0,0,0,0,4473,0,0,0,0,0,51,0
L2D_FRAME,70,EYE_L_SWEEP,100,1,14,0,42,449,1181,2,1077,10845,21,18678,28,5617,0,140,1057,4560,5617,11,0,10,21,32,188,18894,0,0,320,320,0,0,0,0,0,4601,0,0,0,0,0,51,0
L2D_FRAME,71,EYE_L_SWEEP,100,1,15,0,49,439,1180,1,1081,10804,27,18748,45,5730,0,161,1047,4683,5730,18,0,9,27,23,197,18990,0,0,320,320,0,0,0,0,0,4717,0,0,0,0,0,51,0
L2D_FRAME,72,EYE_L_SWEEP,100,1,16,0,43,453,1172,2,1086,10918,24,18584,35,5462,0,146,1063,4399,5462,14,0,10,24,22,184,18803,0,0,320,320,0,0,0,0,0,4432,0,0,0,0,0,51,0
L2D_FRAME,73,EYE_L_SWEEP,100,1,17,0,50,441,1164,2,1120,10886,20,18703,45,5636,0,149,1093,4543,5636,11,0,9,20,23,191,18939,0,0,320,320,0,0,0,0,0,4575,0,0,0,0,0,51,0
L2D_FRAME,74,EYE_L_SWEEP,100,1,18,0,42,456,1174,2,1084,10891,22,18545,44,5442,0,143,1056,4386,5442,12,0,10,22,22,186,18775,0,0,320,320,0,0,0,0,0,4419,0,0,0,0,0,51,0
L2D_FRAME,75,EYE_L_SWEEP,100,1,19,0,49,433,1177,2,1096,10919,21,18653,28,5538,0,159,1069,4469,5538,11,0,10,21,23,199,18880,0,0,320,320,0,0,0,0,0,4502,0,0,0,0,0,51,0
L2D_FRAME,76,EYE_L_SWEEP,100,1,20,0,42,426,1210,1,1113,10979,21,18701,28,5512,0,143,1086,4426,5512,11,0,10,21,537,699,19428,0,0,320,320,0,0,0,0,0,4458,0,0,0,0,0,51,0
L2D_FRAME,77,EYE_L_SWEEP,100,1,21,0,49,430,1169,1,1113,10926,21,18754,44,5635,0,158,1085,4550,5635,11,0,10,21,22,195,18993,0,0,320,320,0,0,0,0,0,4583,0,0,0,0,0,51,0
L2D_FRAME,78,EYE_L_SWEEP,100,1,22,0,45,427,1215,2,1083,10930,21,18612,34,5449,0,149,1056,4393,5449,11,0,10,21,210,377,19023,0,0,320,320,0,0,0,0,0,4426,0,0,0,0,0,51,0
L2D_FRAME,79,EYE_L_SWEEP,100,1,23,0,51,448,1184,1,1099,10860,22,18623,28,5527,0,154,1064,4463,5527,11,0,11,22,32,202,18853,0,0,320,320,0,0,0,0,0,4496,0,0,0,0,0,51,0
L2D_FRAME,80,EYE_L_SWEEP,100,1,24,0,43,440,1218,1,1141,10922,20,18692,45,5537,0,144,1114,4423,5537,11,0,9,20,27,184,18921,0,0,320,320,0,0,0,0,0,4456,0,0,0,0,0,51,0
L2D_FRAME,81,EYE_L_SWEEP,100,1,25,0,50,443,1178,2,1068,10881,24,18619,35,5518,0,154,1045,4473,5518,14,0,10,24,23,192,18846,0,0,320,320,0,0,0,0,0,4506,0,0,0,0,0,51,0
L2D_FRAME,82,EYE_L_SWEEP,100,1,26,0,42,444,1215,1,1090,10997,21,18697,35,5455,0,140,1063,4392,5455,11,0,10,21,23,184,18916,0,0,320,320,0,0,0,0,0,4425,0,0,0,0,0,51,0
L2D_FRAME,83,EYE_L_SWEEP,100,1,27,0,49,435,1178,2,1113,10866,29,18594,35,5538,0,145,1078,4460,5538,19,0,10,29,22,183,18812,0,0,320,320,0,0,0,0,0,4493,0,0,0,0,0,51,0
L2D_FRAME,84,EYE_L_SWEEP,100,1,28,0,42,438,1215,1,1092,10965,32,18672,35,5472,0,154,1061,4411,5472,22,0,10,32,25,196,18903,0,0,320,320,0,0,0,0,0,4445,0,0,0,0,0,51,0
L2D_FRAME,85,EYE_L_SWEEP,100,1,29,0,49,435,1175,2,1108,10855,21,18590,28,5527,0,152,1081,4446,5527,11,0,10,21,23,192,18810,0,0,320,320,0,0,0,0,0,4479,0,0,0,0,0,51,0
L2D_FRAME,86,EYE_L_SWEEP,100,1,30,0,44,444,1211,1,1117,10947,25,18676,35,5500,0,144,1093,4407,5500,15,0,10,25,26,185,18896,0,0,320,320,0,0,0,0,0,4447,0,0,0,0,0,51,0
L2D_FRAME,87,EYE_L_SWEEP,100,1,31,0,49,433,1175,1,1096,10851,21,18564,27,5509,0,155,1069,4440,5509,11,0,10,21,32,203,18794,0,0,320,320,0,0,0,0,0,4473,0,0,0,0,0,51,0
L2D_FRAME,88,EYE_L_SWEEP,100,1,32,0,43,430,1208,2,1097,10933,21,18640,28,5476,0,140,1070,4406,5476,11,0,10,21,33,189,18857,0,0,320,320,0,0,0,0,0,4446,0,0,0,0,0,51,0
L2D_FRAME,89,EYE_L_SWEEP,100,1,33,0,52,428,1180,2,1126,10858,21,18563,45,5492,0,147,1091,4401,5492,12,0,9,21,23,191,18799,0,0,320,320,0,0,0,0,0,4434,0,0,0,0,0,51,0
L2D_FRAME,90,EYE_L_SWEEP,100,1,34,0,42,441,1182,2,1121,10904,21,18600,28,5490,0,153,1087,4403,5490,11,0,10,21,22,197,18825,0,0,320,320,0,0,0,0,0,4436,0,0,0,0,0,51,0
L2D_FRAME,91,EYE_L_SWEEP,100,1,35,0,49,479,1183,1,1129,10840,21,18590,45,5489,0,160,1095,4394,5489,11,0,10,21,23,197,18832,0,0,320,320,0,0,0,0,0,4428,0,0,0,0,0,51,0
L2D_FRAME,92,EYE_L_SWEEP,100,1,36,0,35,441,1175,2,1126,10881,21,18656,35,5578,0,138,1106,4472,5578,11,0,10,21,23,182,18873,0,0,320,320,0,0,0,0,0,4505,0,0,0,0,0,51,0
L2D_FRAME,93,EYE_L_SWEEP,100,1,37,0,50,448,1212,2,1073,10859,21,18550,35,5440,0,144,1053,4387,5440,11,0,10,21,23,186,18771,0,0,320,320,0,0,0,0,0,4420,0,0,0,0,0,51,0
L2D_FRAME,94,EYE_L_SWEEP,100,1,38,0,42,429,1180,1,1119,10849,20,18557,45,5498,0,153,1092,4406,5498,11,0,9,20,23,189,18791,0,0,320,320,0,0,0,0,0,4446,0,0,0,0,0,51,0
L2D_FRAME,95,EYE_L_SWEEP,100,1,39,0,50,430,1181,2,1086,10915,21,18567,44,5455,0,152,1059,4396,5455,11,0,10,21,24,191,18802,0,0,320,320,0,0,0,0,0,4429,0,0,0,0,0,51,0
L2D_FRAME,96,EYE_L_SWEEP,100,1,40,0,42,467,1186,2,1071,10852,21,18565,35,5486,0,139,1051,4435,5486,11,0,10,21,22,184,18784,0,0,320,320,0,0,0,0,0,4468,0,0,0,0,0,51,0
L2D_FRAME,97,EYE_L_SWEEP,100,1,41,0,50,435,1172,2,1104,10829,25,18665,28,5644,0,149,1080,4564,5644,15,0,10,25,23,189,18882,0,0,320,320,0,0,0,0,0,4597,0,0,0,0,0,51,0
L2D_FRAME,98,EYE_L_SWEEP,100,1,42,0,42,444,1194,1,1134,10944,21,18826,35,5686,0,144,1104,4582,5686,11,0,10,21,675,844,19705,0,0,320,320,0,0,0,0,0,4616,0,0,0,0,0,51,0
L2D_FRAME,99,EYE_L_SWEEP,100,1,43,0,49,427,1179,1,1104,10893,21,18825,28,5735,0,168,1070,4665,5735,11,0,10,21,23,212,19065,0,0,320,320,0,0,0,0,0,4699,0,0,0,0,0,51,0
L2D_FRAME,100,EYE_L_SWEEP,100,1,44,0,42,426,1220,1,1112,10891,24,18679,44,5559,0,151,1089,4470,5559,14,0,10,24,528,694,19417,0,0,320,320,0,0,0,0,0,4503,0,0,0,0,0,51,0
L2D_FRAME,101,EYE_L_SWEEP,100,1,45,0,50,423,1174,1,1107,10868,21,18715,33,5651,0,145,1080,4571,5651,11,0,10,21,23,185,18933,0,0,320,320,0,0,0,0,0,4604,0,0,0,0,0,51,0
L2D_FRAME,102,EYE_L_SWEEP,100,1,46,0,43,433,1208,1,1119,10964,25,18692,31,5507,0,138,1095,4412,5507,15,0,10,25,79,239,18962,0,0,320,320,0,0,0,0,0,4445,0,0,0,0,0,51,0
L2D_FRAME,103,EYE_L_SWEEP,100,1,47,0,50,439,1177,2,1115,10839,28,18599,35,5551,0,147,1081,4470,5551,18,0,10,28,23,191,18825,0,0,320,320,0,0,0,0,0,4503,0,0,0,0,0,51,0
L2D_FRAME,104,EYE_L_SWEEP,100,1,48,0,43,436,1203,2,1124,10894,21,18642,45,5508,0,138,1097,4411,5508,11,0,10,21,22,180,18867,0,0,320,320,0,0,0,0,0,4445,0,0,0,0,0,51,0
L2D_FRAME,105,EYE_L_SWEEP,100,1,49,0,50,422,1176,2,1099,10894,26,18558,28,5474,0,150,1075,4399,5474,16,0,10,26,23,193,18779,0,0,320,320,0,0,0,0,0,4432,0,0,0,0,0,51,0
L2D_FRAME,106,EYE_L_SWEEP,100,1,50,0,42,452,1178,2,1117,11019,25,18710,35,5488,0,139,1093,4395,5488,15,0,10,25,23,189,18934,0,0,320,320,0,0,0,0,0,4428,0,0,0,0,0,51,0
L2D_FRAME,107,EYE_L_SWEEP,100,1,51,0,50,424,1192,1,1103,10885,21,18585,35,5488,0,149,1076,4412,5488,11,0,10,21,23,199,18819,0,0,320,320,0,0,0,0,0,4445,0,0,0,0,0,51,0
L2D_FRAME,108,EYE_L_SWEEP,100,1,52,0,43,432,1183,1,1122,10974,21,18649,35,5483,0,139,1088,4395,5483,11,0,10,21,22,184,18868,0,0,320,320,0,0,0,0,0,4428,0,0,0,0,0,51,0
L2D_FRAME,109,EYE_L_SWEEP,100,1,53,0,50,462,1181,2,1126,10963,21,18691,28,5500,0,155,1099,4401,5500,11,0,10,21,31,203,18922,0,0,320,320,0,0,0,0,0,4434,0,0,0,0,0,51,0
L2D_FRAME,110,EYE_L_SWEEP,100,1,54,0,43,435,1180,1,1092,10944,21,18609,28,5482,0,141,1065,4417,5482,11,0,10,21,23,182,18819,0,0,320,320,0,0,0,0,0,4450,0,0,0,0,0,51,0
L2D_ROI,61,EYE_L_SWEEP,100,1,5,1,59,14,257,298,199,285,56715,1,59,14,257,298,59,14,257,298,199,285,56715,5538,5538,0
L2D_ROI,62,EYE_L_SWEEP,100,1,6,1,59,14,257,298,199,285,56715,1,59,14,257,298,59,14,257,298,199,285,56715,5538,5538,0
L2D_ROI,63,EYE_L_SWEEP,100,1,7,1,59,14,257,298,199,285,56715,1,59,14,257,298,59,14,257,298,199,285,56715,5538,5538,0
L2D_ROI,64,EYE_L_SWEEP,100,1,8,1,59,14,257,298,199,285,56715,1,59,14,257,298,59,14,257,298,199,285,56715,5538,5538,0
L2D_ROI,65,EYE_L_SWEEP,100,1,9,1,59,14,257,298,199,285,56715,1,59,14,257,298,59,14,257,298,199,285,56715,5538,5538,0
L2D_ROI,66,EYE_L_SWEEP,100,1,10,1,59,14,257,298,199,285,56715,1,59,14,257,298,59,14,257,298,199,285,56715,5538,5538,0
L2D_ROI,67,EYE_L_SWEEP,100,1,11,1,59,14,257,298,199,285,56715,1,59,14,257,298,59,14,257,298,199,285,56715,5538,5538,0
L2D_ROI,68,EYE_L_SWEEP,100,1,12,1,59,14,257,298,199,285,56715,1,59,14,257,298,59,14,257,298,199,285,56715,5538,5538,0
L2D_ROI,69,EYE_L_SWEEP,100,1,13,1,59,14,257,298,199,285,56715,1,59,14,257,298,59,14,257,298,199,285,56715,5538,5538,0
L2D_ROI,70,EYE_L_SWEEP,100,1,14,1,59,14,257,298,199,285,56715,1,59,14,257,298,59,14,257,298,199,285,56715,5538,5538,0
L2D_ROI,71,EYE_L_SWEEP,100,1,15,1,59,14,257,298,199,285,56715,1,59,14,257,298,59,14,257,298,199,285,56715,5538,5538,0
L2D_ROI,72,EYE_L_SWEEP,100,1,16,1,59,14,257,298,199,285,56715,1,59,14,257,298,59,14,257,298,199,285,56715,5538,5538,0
L2D_ROI,73,EYE_L_SWEEP,100,1,17,1,59,14,257,298,199,285,56715,1,59,14,257,298,59,14,257,298,199,285,56715,5538,5538,0
L2D_ROI,74,EYE_L_SWEEP,100,1,18,1,59,14,257,298,199,285,56715,1,59,14,257,298,59,14,257,298,199,285,56715,5538,5538,0
L2D_ROI,75,EYE_L_SWEEP,100,1,19,1,59,14,257,298,199,285,56715,1,59,14,257,298,59,14,257,298,199,285,56715,5538,5538,0
L2D_ROI,76,EYE_L_SWEEP,100,1,20,1,59,14,257,298,199,285,56715,1,59,14,257,298,59,14,257,298,199,285,56715,5538,5538,0
L2D_ROI,77,EYE_L_SWEEP,100,1,21,1,59,14,257,298,199,285,56715,1,59,14,257,298,59,14,257,298,199,285,56715,5538,5538,0
L2D_ROI,78,EYE_L_SWEEP,100,1,22,1,59,14,257,298,199,285,56715,1,59,14,257,298,59,14,257,298,199,285,56715,5538,5538,0
L2D_ROI,79,EYE_L_SWEEP,100,1,23,1,59,14,257,298,199,285,56715,1,59,14,257,298,59,14,257,298,199,285,56715,5538,5538,0
L2D_ROI,80,EYE_L_SWEEP,100,1,24,1,59,14,257,298,199,285,56715,1,59,14,257,298,59,14,257,298,199,285,56715,5538,5538,0
L2D_ROI,81,EYE_L_SWEEP,100,1,25,1,59,14,257,298,199,285,56715,1,59,14,257,298,59,14,257,298,199,285,56715,5538,5538,0
L2D_ROI,82,EYE_L_SWEEP,100,1,26,1,59,14,257,298,199,285,56715,1,59,14,257,298,59,14,257,298,199,285,56715,5538,5538,0
L2D_ROI,83,EYE_L_SWEEP,100,1,27,1,59,14,257,298,199,285,56715,1,59,14,257,298,59,14,257,298,199,285,56715,5538,5538,0
L2D_ROI,84,EYE_L_SWEEP,100,1,28,1,59,14,257,298,199,285,56715,1,59,14,257,298,59,14,257,298,199,285,56715,5538,5538,0
L2D_ROI,85,EYE_L_SWEEP,100,1,29,1,59,14,257,298,199,285,56715,1,59,14,257,298,59,14,257,298,199,285,56715,5538,5538,0
L2D_ROI,86,EYE_L_SWEEP,100,1,30,1,59,14,257,298,199,285,56715,1,59,14,257,298,59,14,257,298,199,285,56715,5538,5538,0
L2D_ROI,87,EYE_L_SWEEP,100,1,31,1,59,14,257,298,199,285,56715,1,59,14,257,298,59,14,257,298,199,285,56715,5538,5538,0
L2D_ROI,88,EYE_L_SWEEP,100,1,32,1,59,14,257,298,199,285,56715,1,59,14,257,298,59,14,257,298,199,285,56715,5538,5538,0
L2D_ROI,89,EYE_L_SWEEP,100,1,33,1,59,14,257,298,199,285,56715,1,59,14,257,298,59,14,257,298,199,285,56715,5538,5538,0
L2D_ROI,90,EYE_L_SWEEP,100,1,34,1,59,14,257,298,199,285,56715,1,59,14,257,298,59,14,257,298,199,285,56715,5538,5538,0
L2D_ROI,91,EYE_L_SWEEP,100,1,35,1,59,14,257,298,199,285,56715,1,59,14,257,298,59,14,257,298,199,285,56715,5538,5538,0
L2D_ROI,92,EYE_L_SWEEP,100,1,36,1,59,14,257,298,199,285,56715,1,59,14,257,298,59,14,257,298,199,285,56715,5538,5538,0
L2D_ROI,93,EYE_L_SWEEP,100,1,37,1,59,14,257,298,199,285,56715,1,59,14,257,298,59,14,257,298,199,285,56715,5538,5538,0
L2D_ROI,94,EYE_L_SWEEP,100,1,38,1,59,14,257,298,199,285,56715,1,59,14,257,298,59,14,257,298,199,285,56715,5538,5538,0
L2D_ROI,95,EYE_L_SWEEP,100,1,39,1,59,14,257,298,199,285,56715,1,59,14,257,298,59,14,257,298,199,285,56715,5538,5538,0
L2D_ROI,96,EYE_L_SWEEP,100,1,40,1,59,14,257,298,199,285,56715,1,59,14,257,298,59,14,257,298,199,285,56715,5538,5538,0
L2D_ROI,97,EYE_L_SWEEP,100,1,41,1,59,14,257,298,199,285,56715,1,59,14,257,298,59,14,257,298,199,285,56715,5538,5538,0
L2D_ROI,98,EYE_L_SWEEP,100,1,42,1,59,14,257,298,199,285,56715,1,59,14,257,298,59,14,257,298,199,285,56715,5538,5538,0
L2D_ROI,99,EYE_L_SWEEP,100,1,43,1,59,14,257,298,199,285,56715,1,59,14,257,298,59,14,257,298,199,285,56715,5538,5538,0
L2D_ROI,100,EYE_L_SWEEP,100,1,44,1,59,14,257,298,199,285,56715,1,59,14,257,298,59,14,257,298,199,285,56715,5538,5538,0
L2D_ROI,101,EYE_L_SWEEP,100,1,45,1,59,14,257,298,199,285,56715,1,59,14,257,298,59,14,257,298,199,285,56715,5538,5538,0
L2D_ROI,102,EYE_L_SWEEP,100,1,46,1,59,14,257,298,199,285,56715,1,59,14,257,298,59,14,257,298,199,285,56715,5538,5538,0
L2D_ROI,103,EYE_L_SWEEP,100,1,47,1,59,14,257,298,199,285,56715,1,59,14,257,298,59,14,257,298,199,285,56715,5538,5538,0
L2D_ROI,104,EYE_L_SWEEP,100,1,48,1,59,14,257,298,199,285,56715,1,59,14,257,298,59,14,257,298,199,285,56715,5538,5538,0
L2D_ROI,105,EYE_L_SWEEP,100,1,49,1,59,14,257,298,199,285,56715,1,59,14,257,298,59,14,257,298,199,285,56715,5538,5538,0
L2D_ROI,106,EYE_L_SWEEP,100,1,50,1,59,14,257,298,199,285,56715,1,59,14,257,298,59,14,257,298,199,285,56715,5538,5538,0
L2D_ROI,107,EYE_L_SWEEP,100,1,51,1,59,14,257,298,199,285,56715,1,59,14,257,298,59,14,257,298,199,285,56715,5538,5538,0
L2D_ROI,108,EYE_L_SWEEP,100,1,52,1,59,14,257,298,199,285,56715,1,59,14,257,298,59,14,257,298,199,285,56715,5538,5538,0
L2D_ROI,109,EYE_L_SWEEP,100,1,53,1,59,14,257,298,199,285,56715,1,59,14,257,298,59,14,257,298,199,285,56715,5538,5538,0
L2D_ROI,110,EYE_L_SWEEP,100,1,54,1,59,14,257,298,199,285,56715,1,59,14,257,298,59,14,257,298,199,285,56715,5538,5538,0
L2D_SUMMARY,EYE_L_SWEEP,100,1,slot_wait_us,50,0.00,0,0,0,0,0,0
L2D_SUMMARY,EYE_L_SWEEP,100,1,controller_us,50,46.26,49,51,52,35,52,0
L2D_SUMMARY,EYE_L_SWEEP,100,1,rt30_us,50,439.22,436,467,479,417,479,0
L2D_SUMMARY,EYE_L_SWEEP,100,1,hierarchy_vertex_us,50,1187.40,1181,1215,1220,1164,1220,0
L2D_SUMMARY,EYE_L_SWEEP,100,1,bounds_us,50,1.52,2,2,2,1,2,0
L2D_SUMMARY,EYE_L_SWEEP,100,1,clear_us,50,1105.64,1108,1134,1141,1068,1141,0
L2D_SUMMARY,EYE_L_SWEEP,100,1,raster_us,50,10900.02,10891,10997,11019,10804,11019,0
I (9020) l2d_profile: EYE_L_SWEEP scale=100 round=1 raster_us avg=10900 p95=10997 p99=11019 max=11019
L2D_SUMMARY,EYE_L_SWEEP,100,1,convert_us,50,4480.36,4446,4616,4717,4417,4717,0
L2D_SUMMARY,EYE_L_SWEEP,100,1,cache_sync_us,50,23.22,21,29,32,20,32,0
L2D_SUMMARY,EYE_L_SWEEP,100,1,producer_total_us,50,18637.64,18627,18754,18826,18544,18826,0
I (9050) l2d_profile: EYE_L_SWEEP scale=100 round=1 producer_total_us avg=18638 p95=18754 p99=18826 max=18826
L2D_SUMMARY,EYE_L_SWEEP,100,1,publish_consume_us,50,34.74,35,45,45,27,45,0
L2D_SUMMARY,EYE_L_SWEEP,100,1,ppa_wait_us,50,5524.48,5499,5686,5735,5438,5735,0
L2D_SUMMARY,EYE_L_SWEEP,100,1,ppa_blend_us,50,0.00,0,0,0,0,0,0
L2D_SUMMARY,EYE_L_SWEEP,100,1,panel_submit_us,50,147.78,147,160,168,138,168,0
L2D_SUMMARY,EYE_L_SWEEP,100,1,frame_drop,50,0.00,0,0,0,0,0,0
L2D_SUMMARY,EYE_L_SWEEP,100,1,ppa_fill_us,50,1077.84,1080,1106,1114,1044,1114,0
L2D_SUMMARY,EYE_L_SWEEP,100,1,ppa_srm_us,50,4446.64,4412,4582,4683,4383,4683,0
L2D_SUMMARY,EYE_L_SWEEP,100,1,ppa_total_us,50,5524.48,5499,5686,5735,5438,5735,0
L2D_SUMMARY,EYE_L_SWEEP,100,1,clear_cache_sync_us,50,13.14,11,19,22,11,22,0
L2D_SUMMARY,EYE_L_SWEEP,100,1,convert_cache_sync_us,50,0.00,0,0,0,0,0,0
L2D_SUMMARY,EYE_L_SWEEP,100,1,flush_cache_sync_us,50,10.08,10,10,18,9,18,0
L2D_SUMMARY,EYE_L_SWEEP,100,1,cache_sync_total_us,50,23.22,21,29,32,20,32,0
L2D_SUMMARY,EYE_L_SWEEP,100,1,display_lock_wait_us,50,66.30,23,528,675,22,675,0
L2D_SUMMARY,EYE_L_SWEEP,100,1,flush_total_us,50,232.12,191,694,844,178,844,0
L2D_SUMMARY,EYE_L_SWEEP,100,1,frame_total_us,50,18904.50,18853,19417,19705,18758,19705,0
L2D_SUMMARY,EYE_L_SWEEP,100,1,keypoint_us,50,0.00,0,0,0,0,0,0
L2D_SUMMARY,EYE_L_SWEEP,100,1,visual_transform_us,50,0.00,0,0,0,0,0,0
L2D_SUMMARY,EYE_L_SWEEP,100,1,stretch_us,50,0.00,0,0,0,0,0,0
L2D_SUMMARY,EYE_L_SWEEP,100,1,vertex_transform_us,50,0.00,0,0,0,0,0,0
L2D_SUMMARY,EYE_L_SWEEP,100,1,uv_update_us,50,0.00,0,0,0,0,0,0
L2D_SUMMARY,EYE_L_SWEEP,100,1,trig_cache_hit,50,51.00,51,51,51,51,51,0
L2D_SUMMARY,EYE_L_SWEEP,100,1,trig_cache_miss,50,0.00,0,0,0,0,0,0
L2D_SUMMARY,EYE_L_SWEEP,100,1,slot_miss,50,0.00,0,0,0,0,0,0
L2D_SUMMARY,EYE_L_SWEEP,100,1,lock_skip,50,0.00,0,0,0,0,0,0
L2D_SUMMARY,EYE_L_SWEEP,100,1,deadline_miss,50,0.00,0,0,0,0,0,0
L2D_SUMMARY,EYE_L_SWEEP,100,1,roi.current_area,50,56715.00,56715,56715,56715,56715,56715,0
L2D_SUMMARY,EYE_L_SWEEP,100,1,roi.union_area,50,56715.00,56715,56715,56715,56715,56715,0
L2D_SUMMARY,EYE_L_SWEEP,100,1,roi.current_area_ratio_q10000,50,5538.00,5538,5538,5538,5538,5538,0
L2D_SUMMARY,EYE_L_SWEEP,100,1,roi.union_area_ratio_q10000,50,5538.00,5538,5538,5538,5538,5538,0
L2D_SUMMARY,EYE_L_SWEEP,100,1,roi.current_w,50,199.00,199,199,199,199,199,0
L2D_SUMMARY,EYE_L_SWEEP,100,1,roi.current_h,50,285.00,285,285,285,285,285,0
L2D_SUMMARY,EYE_L_SWEEP,100,1,roi.union_w,50,199.00,199,199,199,199,199,0
L2D_SUMMARY,EYE_L_SWEEP,100,1,roi.union_h,50,285.00,285,285,285,285,285,0
I (9277) l2d_profile: done EYE_L_SWEEP scale=100 round=1
L2D_FRAME,116,MULTI_AXIS,100,1,5,0,47,804,1331,2,1124,10943,22,19213,28,5557,0,192,1089,4468,5557,11,0,11,22,32,244,19485,0,0,320,320,0,0,0,0,0,4501,0,0,0,0,0,50,1
L2D_FRAME,117,MULTI_AXIS,100,1,6,0,48,805,1380,1,1026,10907,21,19151,28,5476,0,148,999,4477,5476,11,0,10,21,32,195,19374,0,0,320,320,0,0,0,0,0,4511,0,0,0,0,0,50,1
L2D_FRAME,118,MULTI_AXIS,100,1,7,0,49,796,1341,2,937,10869,21,19001,28,5401,0,153,910,4491,5401,11,0,10,21,22,193,19222,0,0,320,320,0,0,0,0,0,4533,0,0,0,0,0,50,1
L2D_FRAME,119,MULTI_AXIS,100,1,8,0,48,813,1363,2,1098,10846,29,19178,28,5566,0,150,1064,4502,5566,19,0,10,29,31,198,19404,0,0,320,320,0,0,0,0,0,4536,0,0,0,0,0,50,1
L2D_FRAME,120,MULTI_AXIS,100,1,9,0,47,799,1333,1,1086,10849,20,19797,38,5553,0,156,1059,4494,5553,11,0,9,20,25,199,20034,0,0,320,320,0,0,0,0,0,4527,0,0,0,0,0,50,1
L2D_FRAME,121,MULTI_AXIS,100,1,10,0,58,795,1362,2,1098,10821,21,19063,28,5512,0,157,1071,4441,5512,11,0,10,21,22,197,19288,0,0,320,320,0,0,0,0,0,4475,0,0,0,0,0,50,1
L2D_FRAME,122,MULTI_AXIS,100,1,11,0,49,818,1334,1,1107,10854,21,19237,44,5627,0,146,1072,4555,5627,11,0,10,21,26,187,19468,0,0,320,320,0,0,0,0,0,4589,0,0,0,0,0,50,1
L2D_FRAME,123,MULTI_AXIS,100,1,12,0,49,816,1365,1,1111,10864,28,19200,27,5532,0,150,1063,4469,5532,18,0,10,28,34,200,19427,0,0,320,320,0,0,0,0,0,4503,0,0,0,0,0,50,1
L2D_FRAME,124,MULTI_AXIS,100,1,13,0,48,832,1338,2,1022,10917,29,19064,38,5408,0,161,995,4413,5408,19,0,10,29,76,256,19358,0,0,320,320,0,0,0,0,0,4448,0,0,0,0,0,50,1
L2D_FRAME,125,MULTI_AXIS,100,1,14,0,48,812,1344,2,911,10936,21,19048,28,5309,0,148,884,4425,5309,11,0,10,21,32,196,19272,0,0,320,320,0,0,0,0,0,4458,0,0,0,0,0,50,1
L2D_FRAME,126,MULTI_AXIS,100,1,15,0,50,803,1376,1,928,10922,28,19065,38,5371,0,141,900,4471,5371,19,0,9,28,74,230,19333,0,0,320,320,0,0,0,0,0,4505,0,0,0,0,0,50,1
L2D_FRAME,127,MULTI_AXIS,100,1,16,0,47,802,1344,2,986,10892,21,18978,33,5364,0,145,959,4405,5364,11,0,10,21,23,195,19206,0,0,320,320,0,0,0,0,0,4439,0,0,0,0,0,50,1
L2D_FRAME,128,MULTI_AXIS,100,1,17,0,50,805,1375,1,949,10970,27,19061,45,5321,0,143,915,4406,5321,18,0,9,27,79,242,19348,0,0,320,320,0,0,0,0,0,4439,0,0,0,0,0,50,1
L2D_FRAME,129,MULTI_AXIS,100,1,18,0,48,800,1333,1,883,10965,20,18986,45,5295,0,160,863,4432,5295,11,0,9,20,23,201,19232,0,0,320,320,0,0,0,0,0,4465,0,0,0,0,0,50,1
L2D_FRAME,130,MULTI_AXIS,100,1,19,0,48,807,1362,1,1094,11010,28,19204,45,5432,0,146,1060,4372,5432,19,0,9,28,25,186,19435,0,0,320,320,0,0,0,0,0,4413,0,0,0,0,0,50,1
L2D_FRAME,131,MULTI_AXIS,100,1,20,0,48,805,1348,2,974,10955,20,19080,45,5387,0,143,947,4440,5387,11,0,9,20,25,184,19309,0,0,320,320,0,0,0,0,0,4474,0,0,0,0,0,50,1
L2D_FRAME,132,MULTI_AXIS,100,1,21,0,50,798,1341,2,882,11053,21,19062,35,5289,0,142,863,4426,5289,11,0,10,21,22,193,19290,0,0,320,320,0,0,0,0,0,4466,0,0,0,0,0,50,1
L2D_FRAME,133,MULTI_AXIS,100,1,22,0,41,823,1346,1,946,11034,25,19908,35,6122,0,148,922,5200,6122,15,0,10,25,40,204,20147,0,0,320,320,0,0,0,0,0,5234,0,0,0,0,0,50,1
L2D_FRAME,134,MULTI_AXIS,100,1,23,0,46,805,1336,2,1028,10958,23,19329,35,5627,0,150,1001,4626,5627,12,0,11,23,23,190,19554,0,0,320,320,0,0,0,0,0,4660,0,0,0,0,0,50,1
L2D_FRAME,135,MULTI_AXIS,100,1,24,0,50,829,1329,2,930,11001,20,19200,45,5447,0,148,903,4544,5447,11,0,9,20,26,187,19432,0,0,320,320,0,0,0,0,0,4579,0,0,0,0,0,50,1
L2D_FRAME,136,MULTI_AXIS,100,1,25,0,50,779,1332,1,891,10927,25,19147,34,5451,0,142,867,4584,5451,15,0,10,25,32,190,19371,0,0,320,320,0,0,0,0,0,4618,0,0,0,0,0,50,1
L2D_FRAME,137,MULTI_AXIS,100,1,26,0,43,795,1365,1,990,11054,22,19303,28,5500,0,148,963,4537,5500,11,0,11,22,32,196,19527,0,0,320,320,0,0,0,0,0,4570,0,0,0,0,0,50,1
L2D_FRAME,138,MULTI_AXIS,100,1,27,0,42,810,1335,1,1051,10957,24,19253,45,5574,0,152,1027,4547,5574,15,0,9,24,23,195,19493,0,0,320,320,0,0,0,0,0,4581,0,0,0,0,0,50,1
L2D_FRAME,139,MULTI_AXIS,100,1,28,0,50,789,1366,2,1125,10962,21,19181,27,5470,0,146,1098,4372,5470,11,0,10,21,32,195,19403,0,0,320,320,0,0,0,0,0,4406,0,0,0,0,0,50,1
L2D_FRAME,140,MULTI_AXIS,100,1,29,0,47,797,1227,2,1127,10882,22,18993,41,5493,0,151,1100,4393,5493,12,0,10,22,76,245,19279,0,0,320,320,0,0,0,0,0,4427,0,0,0,0,0,50,1
L2D_FRAME,141,MULTI_AXIS,100,1,30,0,48,787,1334,1,1113,11009,25,19176,28,5463,0,149,1089,4374,5463,15,0,10,25,32,197,19401,0,0,320,320,0,0,0,0,0,4407,0,0,0,0,0,50,1
L2D_FRAME,142,MULTI_AXIS,100,1,31,0,51,803,1375,2,1132,10954,21,19870,28,6151,0,148,1104,5047,6151,11,0,10,21,25,188,20086,0,0,320,320,0,0,0,0,0,5081,0,0,0,0,0,50,1
L2D_FRAME,143,MULTI_AXIS,100,1,32,0,48,785,1336,2,1139,10960,32,19264,28,5583,0,192,1108,4475,5583,22,0,10,32,32,240,19532,0,0,320,320,0,0,0,0,0,4509,0,0,0,0,0,50,1
L2D_FRAME,144,MULTI_AXIS,100,1,33,0,49,786,1369,2,1106,10953,21,19267,28,5583,0,143,1086,4497,5583,11,0,10,21,31,197,19492,0,0,320,320,0,0,0,0,0,4531,0,0,0,0,0,50,1
L2D_FRAME,145,MULTI_AXIS,100,1,34,0,49,815,1341,2,1085,10970,21,19350,28,5628,0,150,1058,4570,5628,11,0,10,21,22,190,19568,0,0,320,320,0,0,0,0,0,4603,0,0,0,0,0,50,1
L2D_FRAME,146,MULTI_AXIS,100,1,35,0,47,810,1370,1,1106,10990,21,19243,27,5470,0,149,1086,4384,5470,11,0,10,21,22,200,19470,0,0,320,320,0,0,0,0,0,4425,0,0,0,0,0,50,1
L2D_FRAME,147,MULTI_AXIS,100,1,36,0,48,825,1352,2,1112,10975,28,19447,28,5693,0,148,1078,4615,5693,18,0,10,28,32,196,19671,0,0,320,320,0,0,0,0,0,4648,0,0,0,0,0,50,1
L2D_FRAME,148,MULTI_AXIS,100,1,37,0,49,801,1355,1,1119,10985,21,19353,28,5622,0,155,1092,4530,5622,11,0,10,21,76,250,19631,0,0,320,320,0,0,0,0,0,4563,0,0,0,0,0,50,1
L2D_FRAME,149,MULTI_AXIS,100,1,38,0,39,814,1389,1,1119,10899,25,19275,28,5593,0,150,1095,4498,5593,15,0,10,25,22,197,19500,0,0,320,320,0,0,0,0,0,4532,0,0,0,0,0,50,1
L2D_FRAME,150,MULTI_AXIS,100,1,39,0,46,796,1336,2,1118,10924,32,19435,28,5787,0,156,1087,4700,5787,22,0,10,32,32,204,19667,0,0,320,320,0,0,0,0,0,4734,0,0,0,0,0,50,1
L2D_FRAME,151,MULTI_AXIS,100,1,40,0,48,793,1336,2,1101,10963,25,19274,28,5554,0,151,1077,4477,5554,15,0,10,25,23,190,19492,0,0,320,320,0,0,0,0,0,4510,0,0,0,0,0,50,1
L2D_FRAME,152,MULTI_AXIS,100,1,41,0,48,825,1341,2,1124,10923,21,19343,35,5658,0,149,1095,4563,5658,11,0,10,21,25,194,19572,0,0,320,320,0,0,0,0,0,4596,0,0,0,0,0,50,1
L2D_FRAME,153,MULTI_AXIS,100,1,42,0,42,801,1340,1,1083,10985,21,19263,28,5548,0,193,1056,4492,5548,11,0,10,21,22,237,19528,0,0,320,320,0,0,0,0,0,4526,0,0,0,0,0,50,1
L2D_FRAME,154,MULTI_AXIS,100,1,43,0,51,801,1367,1,1085,11000,21,19257,28,5498,0,160,1058,4440,5498,11,0,10,21,25,207,19492,0,0,320,320,0,0,0,0,0,4474,0,0,0,0,0,50,1
L2D_FRAME,155,MULTI_AXIS,100,1,44,0,42,807,1336,1,1134,10948,29,19260,35,5567,0,159,1097,4470,5567,19,0,10,29,22,197,19492,0,0,320,320,0,0,0,0,0,4503,0,0,0,0,0,50,1
L2D_FRAME,156,MULTI_AXIS,100,1,45,0,49,802,1328,2,1090,11065,25,19292,28,5484,0,142,1066,4418,5484,15,0,10,25,23,189,19509,0,0,320,320,0,0,0,0,0,4452,0,0,0,0,0,50,1
L2D_FRAME,157,MULTI_AXIS,100,1,46,0,48,838,1342,2,1131,10981,21,19207,28,5447,0,148,1112,4335,5447,11,0,10,21,25,189,19424,0,0,320,320,0,0,0,0,0,4369,0,0,0,0,0,50,1
L2D_FRAME,158,MULTI_AXIS,100,1,47,0,50,812,1330,2,1099,11019,22,19245,35,5502,0,200,1072,4430,5502,11,0,11,22,23,247,19527,0,0,320,320,0,0,0,0,0,4463,0,0,0,0,0,50,1
L2D_FRAME,159,MULTI_AXIS,100,1,48,0,51,812,1365,1,1113,11009,22,19876,28,6103,0,158,1085,5018,6103,12,0,10,22,22,198,20102,0,0,320,320,0,0,0,0,0,5051,0,0,0,0,0,50,1
L2D_FRAME,160,MULTI_AXIS,100,1,49,0,48,820,1338,1,1139,11035,21,19279,45,5487,0,194,1111,4376,5487,12,0,9,21,25,234,19558,0,0,320,320,0,0,0,0,0,4410,0,0,0,0,0,50,1
L2D_FRAME,161,MULTI_AXIS,100,1,50,0,48,806,1372,2,1094,11030,26,19032,44,5235,0,145,1070,4165,5235,16,0,10,26,22,182,19258,0,0,320,320,0,0,0,0,0,4198,0,0,0,0,0,50,1
L2D_FRAME,162,MULTI_AXIS,100,1,51,0,48,798,1341,2,1128,11025,21,18955,32,5211,0,148,1093,4118,5211,11,0,10,21,32,196,19183,0,0,320,320,0,0,0,0,0,4152,0,0,0,0,0,50,1
L2D_FRAME,163,MULTI_AXIS,100,1,52,0,44,807,1338,1,1139,10961,20,19248,45,5560,0,149,1105,4455,5560,11,0,9,20,25,188,19481,0,0,320,320,0,0,0,0,0,4489,0,0,0,0,0,50,1
L2D_FRAME,164,MULTI_AXIS,100,1,53,0,50,815,1338,2,1143,10986,33,19464,28,5685,0,146,1113,4572,5685,22,0,11,33,34,195,19687,0,0,320,320,0,0,0,0,0,4605,0,0,0,0,0,50,1
L2D_FRAME,165,MULTI_AXIS,100,1,54,0,48,795,1366,2,1143,10963,20,19121,45,5406,0,153,1116,4290,5406,11,0,9,20,25,192,19358,0,0,320,320,0,0,0,0,0,4323,0,0,0,0,0,50,1
L2D_ROI,116,MULTI_AXIS,100,1,5,1,73,15,272,298,200,284,56800,1,71,14,270,298,71,14,272,298,202,285,57570,5546,5622,0
L2D_ROI,117,MULTI_AXIS,100,1,6,1,75,15,274,298,200,284,56800,1,73,15,272,298,73,15,274,298,202,284,57368,5546,5602,0
L2D_ROI,118,MULTI_AXIS,100,1,7,1,77,16,276,298,200,283,56600,1,75,15,274,298,75,15,276,298,202,284,57368,5527,5602,0
L2D_ROI,119,MULTI_AXIS,100,1,8,1,79,16,277,298,199,283,56317,1,77,16,276,298,77,16,277,298,201,283,56883,5499,5554,0
L2D_ROI,120,MULTI_AXIS,100,1,9,1,78,17,276,298,199,282,56118,1,79,16,277,298,78,16,277,298,200,283,56600,5480,5527,0
L2D_ROI,121,MULTI_AXIS,100,1,10,1,78,17,276,298,199,282,56118,1,78,17,276,298,78,17,276,298,199,282,56118,5480,5480,0
L2D_ROI,122,MULTI_AXIS,100,1,11,1,77,18,275,298,199,281,55919,1,78,17,276,298,77,17,276,298,200,282,56400,5460,5507,0
L2D_ROI,123,MULTI_AXIS,100,1,12,1,77,18,275,298,199,281,55919,1,77,18,275,298,77,18,275,298,199,281,55919,5460,5460,0
L2D_ROI,124,MULTI_AXIS,100,1,13,1,76,19,275,298,200,280,56000,1,77,18,275,298,76,18,275,298,200,281,56200,5468,5488,0
L2D_ROI,125,MULTI_AXIS,100,1,14,1,76,20,274,298,199,279,55521,1,76,19,275,298,76,19,275,298,200,280,56000,5421,5468,0
L2D_ROI,126,MULTI_AXIS,100,1,15,1,75,21,274,298,200,278,55600,1,76,20,274,298,75,20,274,298,200,279,55800,5429,5449,0
L2D_ROI,127,MULTI_AXIS,100,1,16,1,74,20,272,298,199,279,55521,1,75,21,274,298,74,20,274,298,201,279,56079,5421,5476,0
L2D_ROI,128,MULTI_AXIS,100,1,17,1,72,19,269,298,198,280,55440,1,74,20,272,298,72,19,272,298,201,280,56280,5414,5496,0
L2D_ROI,129,MULTI_AXIS,100,1,18,1,70,19,267,298,198,280,55440,1,72,19,269,298,70,19,269,298,200,280,56000,5414,5468,0
L2D_ROI,130,MULTI_AXIS,100,1,19,1,68,18,266,298,199,281,55919,1,70,19,267,298,68,18,267,298,200,281,56200,5460,5488,0
L2D_ROI,131,MULTI_AXIS,100,1,20,1,66,17,264,298,199,282,56118,1,68,18,266,298,66,17,266,298,201,282,56682,5480,5535,0
L2D_ROI,132,MULTI_AXIS,100,1,21,1,65,17,263,298,199,282,56118,1,66,17,264,298,65,17,264,298,200,282,56400,5480,5507,0
L2D_ROI,133,MULTI_AXIS,100,1,22,1,63,17,261,298,199,282,56118,1,65,17,263,298,63,17,263,298,201,282,56682,5480,5535,0
L2D_ROI,134,MULTI_AXIS,100,1,23,1,61,16,259,298,199,283,56317,1,63,17,261,298,61,16,261,298,201,283,56883,5499,5554,0
L2D_ROI,135,MULTI_AXIS,100,1,24,1,60,15,258,298,199,284,56516,1,61,16,259,298,60,15,259,298,200,284,56800,5519,5546,0
L2D_ROI,136,MULTI_AXIS,100,1,25,1,58,15,256,298,199,284,56516,1,60,15,258,298,58,15,258,298,201,284,57084,5519,5574,0
L2D_ROI,137,MULTI_AXIS,100,1,26,1,56,14,254,298,199,285,56715,1,58,15,256,298,56,14,256,298,201,285,57285,5538,5594,0
L2D_ROI,138,MULTI_AXIS,100,1,27,1,54,14,252,298,199,285,56715,1,56,14,254,298,54,14,254,298,201,285,57285,5538,5594,0
L2D_ROI,139,MULTI_AXIS,100,1,28,1,52,14,250,298,199,285,56715,1,54,14,252,298,52,14,252,298,201,285,57285,5538,5594,0
L2D_ROI,140,MULTI_AXIS,100,1,29,1,50,13,248,298,199,286,56914,1,52,14,250,298,50,13,250,298,201,286,57486,5558,5613,0
L2D_ROI,141,MULTI_AXIS,100,1,30,1,48,13,247,298,200,286,57200,1,50,13,248,298,48,13,248,298,201,286,57486,5585,5613,0
L2D_ROI,142,MULTI_AXIS,100,1,31,1,47,12,245,298,199,287,57113,1,48,13,247,298,47,12,247,298,201,287,57687,5577,5633,0
L2D_ROI,143,MULTI_AXIS,100,1,32,1,45,12,243,298,199,287,57113,1,47,12,245,298,45,12,245,298,201,287,57687,5577,5633,0
L2D_ROI,144,MULTI_AXIS,100,1,33,1,43,11,242,298,200,288,57600,1,45,12,243,298,43,11,243,298,201,288,57888,5625,5653,0
L2D_ROI,145,MULTI_AXIS,100,1,34,1,41,11,240,298,200,288,57600,1,43,11,242,298,41,11,242,298,202,288,58176,5625,5681,0
L2D_ROI,146,MULTI_AXIS,100,1,35,1,40,11,238,298,199,288,57312,1,41,11,240,298,40,11,240,298,201,288,57888,5596,5653,0
L2D_ROI,147,MULTI_AXIS,100,1,36,1,38,10,237,298,200,289,57800,1,40,11,238,298,38,10,238,298,201,289,58089,5644,5672,0
L2D_ROI,148,MULTI_AXIS,100,1,37,1,36,10,235,298,200,289,57800,1,38,10,237,298,36,10,237,298,202,289,58378,5644,5700,0
L2D_ROI,149,MULTI_AXIS,100,1,38,1,37,10,236,298,200,289,57800,1,36,10,235,298,36,10,236,298,201,289,58089,5644,5672,0
L2D_ROI,150,MULTI_AXIS,100,1,39,1,38,10,237,298,200,289,57800,1,37,10,236,298,37,10,237,298,201,289,58089,5644,5672,0
L2D_ROI,151,MULTI_AXIS,100,1,40,1,39,10,238,298,200,289,57800,1,38,10,237,298,38,10,238,298,201,289,58089,5644,5672,0
L2D_ROI,152,MULTI_AXIS,100,1,41,1,40,10,239,298,200,289,57800,1,39,10,238,298,39,10,239,298,201,289,58089,5644,5672,0
L2D_ROI,153,MULTI_AXIS,100,1,42,1,40,10,240,298,201,289,58089,1,40,10,239,298,40,10,240,298,201,289,58089,5672,5672,0
L2D_ROI,154,MULTI_AXIS,100,1,43,1,41,10,241,298,201,289,58089,1,40,10,240,298,40,10,241,298,202,289,58378,5672,5700,0
L2D_ROI,155,MULTI_AXIS,100,1,44,1,41,10,241,298,201,289,58089,1,41,10,241,298,41,10,241,298,201,289,58089,5672,5672,0
L2D_ROI,156,MULTI_AXIS,100,1,45,1,44,10,243,298,200,289,57800,1,41,10,241,298,41,10,243,298,203,289,58667,5644,5729,0
L2D_ROI,157,MULTI_AXIS,100,1,46,1,45,10,245,298,201,289,58089,1,44,10,243,298,44,10,245,298,202,289,58378,5672,5700,0
L2D_ROI,158,MULTI_AXIS,100,1,47,1,47,10,247,298,201,289,58089,1,45,10,245,298,45,10,247,298,203,289,58667,5672,5729,0
L2D_ROI,159,MULTI_AXIS,100,1,48,1,49,10,248,298,200,289,57800,1,47,10,247,298,47,10,248,298,202,289,58378,5644,5700,0
L2D_ROI,160,MULTI_AXIS,100,1,49,1,50,11,250,298,201,288,57888,1,49,10,248,298,49,10,250,298,202,289,58378,5653,5700,0
L2D_ROI,161,MULTI_AXIS,100,1,50,1,52,11,252,298,201,288,57888,1,50,11,250,298,50,11,252,298,203,288,58464,5653,5709,0
L2D_ROI,162,MULTI_AXIS,100,1,51,1,53,11,253,298,201,288,57888,1,52,11,252,298,52,11,253,298,202,288,58176,5653,5681,0
L2D_ROI,163,MULTI_AXIS,100,1,52,1,55,11,255,298,201,288,57888,1,53,11,253,298,53,11,255,298,203,288,58464,5653,5709,0
L2D_ROI,164,MULTI_AXIS,100,1,53,1,56,11,256,298,201,288,57888,1,55,11,255,298,55,11,256,298,202,288,58176,5653,5681,0
L2D_ROI,165,MULTI_AXIS,100,1,54,1,58,12,258,298,201,287,57687,1,56,11,256,298,56,11,258,298,203,288,58464,5633,5709,0
L2D_SUMMARY,MULTI_AXIS,100,1,slot_wait_us,50,0.00,0,0,0,0,0,0
L2D_SUMMARY,MULTI_AXIS,100,1,controller_us,50,47.80,48,51,58,39,58,0
L2D_SUMMARY,MULTI_AXIS,100,1,rt30_us,50,805.82,805,829,838,779,838,0
L2D_SUMMARY,MULTI_AXIS,100,1,hierarchy_vertex_us,50,1346.82,1341,1376,1389,1227,1389,0
L2D_SUMMARY,MULTI_AXIS,100,1,bounds_us,50,1.56,2,2,2,1,2,0
L2D_SUMMARY,MULTI_AXIS,100,1,clear_us,50,1063.98,1098,1139,1143,882,1143,0
L2D_SUMMARY,MULTI_AXIS,100,1,raster_us,50,10957.20,10961,11053,11065,10821,11065,0
I (12320) l2d_profile: MULTI_AXIS scale=100 round=1 raster_us avg=10957 p95=11053 p99=11065 max=11065
L2D_SUMMARY,MULTI_AXIS,100,1,convert_us,50,4530.22,4503,5051,5234,4152,5234,0
L2D_SUMMARY,MULTI_AXIS,100,1,cache_sync_us,50,23.50,21,32,33,20,33,0
L2D_SUMMARY,MULTI_AXIS,100,1,producer_total_us,50,19249.96,19237,19870,19908,18955,19908,0
I (12350) l2d_profile: MULTI_AXIS scale=100 round=1 producer_total_us avg=19250 p95=19870 p99=19908 max=19908
L2D_SUMMARY,MULTI_AXIS,100,1,publish_consume_us,50,33.64,28,45,45,27,45,0
L2D_SUMMARY,MULTI_AXIS,100,1,ppa_wait_us,50,5532.04,5500,6103,6151,5211,6151,0
L2D_SUMMARY,MULTI_AXIS,100,1,ppa_blend_us,50,0.00,0,0,0,0,0,0
L2D_SUMMARY,MULTI_AXIS,100,1,panel_submit_us,50,154.02,149,193,200,141,200,0
L2D_SUMMARY,MULTI_AXIS,100,1,frame_drop,50,0.00,0,0,0,0,0,0
L2D_SUMMARY,MULTI_AXIS,100,1,ppa_fill_us,50,1036.06,1070,1112,1116,863,1116,0
L2D_SUMMARY,MULTI_AXIS,100,1,ppa_srm_us,50,4495.98,4470,5018,5200,4118,5200,0
L2D_SUMMARY,MULTI_AXIS,100,1,ppa_total_us,50,5532.04,5500,6103,6151,5211,6151,0
L2D_SUMMARY,MULTI_AXIS,100,1,clear_cache_sync_us,50,13.62,11,22,22,11,22,0
L2D_SUMMARY,MULTI_AXIS,100,1,convert_cache_sync_us,50,0.00,0,0,0,0,0,0
L2D_SUMMARY,MULTI_AXIS,100,1,flush_cache_sync_us,50,9.88,10,11,11,9,11,0
L2D_SUMMARY,MULTI_AXIS,100,1,cache_sync_total_us,50,23.50,21,32,33,20,33,0
L2D_SUMMARY,MULTI_AXIS,100,1,display_lock_wait_us,50,31.72,25,76,79,22,79,0
L2D_SUMMARY,MULTI_AXIS,100,1,flush_total_us,50,203.84,196,247,256,182,256,0
L2D_SUMMARY,MULTI_AXIS,100,1,frame_total_us,50,19487.44,19470,20086,20147,19183,20147,0
L2D_SUMMARY,MULTI_AXIS,100,1,keypoint_us,50,0.00,0,0,0,0,0,0
L2D_SUMMARY,MULTI_AXIS,100,1,visual_transform_us,50,0.00,0,0,0,0,0,0
L2D_SUMMARY,MULTI_AXIS,100,1,stretch_us,50,0.00,0,0,0,0,0,0
L2D_SUMMARY,MULTI_AXIS,100,1,vertex_transform_us,50,0.00,0,0,0,0,0,0
L2D_SUMMARY,MULTI_AXIS,100,1,uv_update_us,50,0.00,0,0,0,0,0,0
L2D_SUMMARY,MULTI_AXIS,100,1,trig_cache_hit,50,50.00,50,50,50,50,50,0
L2D_SUMMARY,MULTI_AXIS,100,1,trig_cache_miss,50,1.00,1,1,1,1,1,0
L2D_SUMMARY,MULTI_AXIS,100,1,slot_miss,50,0.00,0,0,0,0,0,0
L2D_SUMMARY,MULTI_AXIS,100,1,lock_skip,50,0.00,0,0,0,0,0,0
L2D_SUMMARY,MULTI_AXIS,100,1,deadline_miss,50,0.00,0,0,0,0,0,0
L2D_SUMMARY,MULTI_AXIS,100,1,roi.current_area,50,56974.08,56914,58089,58089,55440,58089,0
L2D_SUMMARY,MULTI_AXIS,100,1,roi.union_area,50,57421.20,57486,58464,58667,55800,58667,0
L2D_SUMMARY,MULTI_AXIS,100,1,roi.current_area_ratio_q10000,50,5563.38,5558,5672,5672,5414,5672,0
L2D_SUMMARY,MULTI_AXIS,100,1,roi.union_area_ratio_q10000,50,5607.00,5613,5709,5729,5449,5729,0
L2D_SUMMARY,MULTI_AXIS,100,1,roi.current_w,50,199.72,200,201,201,198,201,0
L2D_SUMMARY,MULTI_AXIS,100,1,roi.current_h,50,285.26,286,289,289,278,289,0
L2D_SUMMARY,MULTI_AXIS,100,1,roi.union_w,50,201.16,201,203,203,199,203,0
L2D_SUMMARY,MULTI_AXIS,100,1,roi.union_h,50,285.44,286,289,289,279,289,0
I (12573) l2d_profile: done MULTI_AXIS scale=100 round=1
L2D_DONE
