ESP-ROM:esp32p4-eco2-20240710
Build:Jul 10 2024
rst:0x1 (POWERON),boot:0x30f (SPI_FAST_FLASH_BOOT)
SPI mode:DIO, clock div:1
load:0x4ff33ce0,len:0x514
load:0x4ff29ed0,len:0xbbc
load:0x4ff2cbd0,len:0x3114
entry 0x4ff29ed0
I (337) hex_psram: vendor id    : 0x0d (AP)
I (337) hex_psram: Latency      : 0x01 (Fixed)
I (338) hex_psram: DriveStr.    : 0x00 (25 Ohm)
I (338) hex_psram: dev id       : 0x03 (generation 4)
I (343) hex_psram: density      : 0x07 (256 Mbit)
I (347) hex_psram: good-die     : 0x06 (Pass)
I (351) hex_psram: SRF          : 0x02 (Slow Refresh)
I (356) hex_psram: BurstType    : 0x00 ( Wrap)
I (360) hex_psram: BurstLen     : 0x03 (2048 Byte)
I (365) hex_psram: BitMode      : 0x01 (X16 Mode)
I (369) hex_psram: Readlatency  : 0x04 (14 cycles@Fixed)
I (374) hex_psram: DriveStrength: 0x00 (1/1)
I (378) MSPI Timing: Enter psram timing tuning
I (553) esp_psram: Found 32MB PSRAM device
I (553) esp_psram: Speed: 200MHz
I (553) hex_psram: psram CS IO is dedicated
I (554) cpu_start: Multicore app
I (1461) esp_psram: SPI SRAM memory test OK
I (1472) cpu_start: GPIO 38 and 37 are used as console UART I/O pins
I (1472) cpu_start: Pro cpu start user code
I (1472) cpu_start: cpu freq: 360000000 Hz
I (1474) app_init: Application information:
I (1478) app_init: Project name:     live2d_rt30_baseline
I (1483) app_init: App version:      43e9d01-dirty
I (1488) app_init: Compile time:     Sep 29 2026 21:01:28
I (1493) app_init: ELF file SHA256:  2ce026201...
I (1497) app_init: ESP-IDF:          v5.5.2
I (1501) efuse_init: Min chip rev:     v0.1
I (1505) efuse_init: Max chip rev:     v1.99
I (1509) efuse_init: Chip rev:         v1.3
I (1513) heap_init: Initializing. RAM available for dynamic allocation:
I (1519) heap_init: At 4FF1ED00 len 0001C2C0 (112 KiB): RETENT_RAM
I (1525) heap_init: At 4FF3AFC0 len 00004BF0 (18 KiB): RAM
I (1530) heap_init: At 4FF40000 len 00060000 (384 KiB): RAM
I (1536) heap_init: At 501080A0 len 00007F60 (31 KiB): RTCRAM
I (1541) heap_init: At 30100084 len 00001F7C (7 KiB): TCM
I (1547) esp_psram: Adding pool of 32768K of PSRAM memory to heap allocator
I (1554) spi_flash: detected chip: generic
I (1557) spi_flash: flash io: dio
I (1560) sleep_gpio: Configure to isolate all GPIO pins in sleep state
I (1566) sleep_gpio: Enable automatic switching of GPIO sleep configuration
I (1573) main_task: Started on CPU0
I (1597) esp_psram: Reserving pool of 256K of internal memory for DMA/internal allocations
I (1598) main_task: Calling app_main()
I (1598) l2d_baseline: === Live2D RT30 baseline ===
I (1602) l2d_baseline: ========================================
I (1608) l2d_baseline:  Live2D RT30 baseline, target=30 fps, core=0
I (1614) l2d_baseline:  model=/sdcard/esp.live
I (1618) l2d_baseline: ========================================
I (1623) l2d_baseline: heap boot: psram_free=33551716 psram_min=33551716 internal_free=507115
I (1658) sys_storage: Mounting SD card at /sdcard
I (1659) main_task: Returned from app_main()
I (1714) sys_storage: Storage subsystem ready (NVS + SD at /sdcard)
I (1714) sys_sdio: ready: SD serial task core=0 prio=4 queue=20
I (1716) sys_storage: font cache found: /sdcard/fonts/noto_sans_sc_16.bin (955208 bytes)
I (1722) l2d_baseline: storage ready at /sdcard
I (1728) esp_lvgl:adapter: LVGL adapter initialized successfully
I (1805) GT911: TouchPad_ID:0x39,0x31,0x31
I (1805) GT911: TouchPad_Config_Version:101
W (1805) ledc: GPIO 20 is not usable, maybe conflict with others
I (1808) WT99P4C5_S1_BOARD: MIPI DSI PHY Powered on
I (1813) WT99P4C5_S1_BOARD: Install MIPI DSI LCD control panel
I (1818) WT99P4C5_S1_BOARD: Install EK79007 LCD control panel
I (1823) WT99P4C5_S1_BOARD: MIPI DSI DPI clock: 80.00 MHz
I (1828) ek79007: version: 1.0.4
I (2002) WT99P4C5_S1_BOARD: Display initialized
I (2002) WT99P4C5_S1_BOARD: Display resolution 1024x600
I (2006) esp_lvgl:bridge_v9: Initializing hardware resources
I (2006) esp_lvgl:bridge_v9: Hardware resources initialized successfully
I (2017) WT99P4C5_S1_BOARD: GT911 touch ready on GPIO 21
W (2017) esp_lvgl:touch: LV_USE_GESTURE_RECOGNITION is disabled; only single-point pointer events are available
I (2027) esp_lvgl:touch: Touch input device registered successfully (IRQ mode: disabled)
I (2035) esp_lvgl:adapter: LVGL task started successfully
I (2040) sys_display: Display + LVGL initialized (custom config)
I (2045) WT99P4C5_S1_BOARD: Setting LCD backlight: 80%
I (2050) sys_monitor: CPU monitor started (FreeRTOS idle run time, 1 s windows)
I (2057) sys_monitor: FPS tracking attached to display
I (2595) l2d_baseline: model file loaded: /sdcard/esp.live (800796 bytes)
I (2595) l2d_baseline: model CRC32_LE=0x5f25edc0
I (2647) l2d_baseline: model SHA256=1d7f21471dcedee2d205904791df7147c63760269462ad5d7169a97afe386100
I (2647) live2d_engine: allocated runtime pool: 2650168 bytes
I (2650) live2d_engine: Importing PainterEngine Live2D model, file size=800796 bytes, pool free=2650168 bytes
I (2709) live2d_engine: Model loaded: id='esp', size=320x320, layers=11, textures=12, animations=1, pool free=1814320 bytes
I (2709) live2d_engine: Using nearest-neighbor pixel shader for ESP renderer
I (2715) live2d_engine: RT30 realtime axes: 5
I (2720) live2d_engine:   axis[0] id='left_eye' default=0 middle=15 bindings=2 sampleBytes=360 stride=12 vidx=0 Q(coord=4 rot=6 stretch=14)
I (2732) live2d_engine:     binding[0] layer=6 id='right_eye' mask=0x0050 vertices=0 sample_offset=0
I (2741) live2d_engine:     binding[1] layer=8 id='left_eyeup' mask=0x0010 vertices=0 sample_offset=6
I (2750) live2d_engine:   axis[1] id='right_eye' default=0 middle=15 bindings=2 sampleBytes=240 stride=8 vidx=0 Q(coord=4 rot=6 stretch=14)
I (2762) live2d_engine:     binding[0] layer=5 id='left_eye' mask=0x0040 vertices=0 sample_offset=0
I (2771) live2d_engine:     binding[1] layer=7 id='right_eyeup' mask=0x0010 vertices=0 sample_offset=2
I (2780) live2d_engine:   axis[2] id='neck' default=15 middle=15 bindings=1 sampleBytes=960 stride=32 vidx=7 Q(coord=4 rot=6 stretch=14)
I (2792) live2d_engine:     binding[0] layer=3 id='neck' mask=0x0028 vertices=7 sample_offset=0
I (2800) live2d_engine:   axis[3] id='face' default=15 middle=15 bindings=11 sampleBytes=28560 stride=952 vidx=227 Q(coord=4 rot=6 stretch=14)
I (2813) live2d_engine:     binding[0] layer=0 id='back_hair' mask=0x0009 vertices=42 sample_offset=0
I (2821) live2d_engine:     binding[1] layer=1 id='cloth' mask=0x0009 vertices=25 sample_offset=172
I (2830) live2d_engine:     binding[2] layer=2 id='face' mask=0x0009 vertices=15 sample_offset=276
I (2839) live2d_engine:     binding[3] layer=3 id='neck' mask=0x0009 vertices=8 sample_offset=340
I (2847) live2d_engine:     binding[4] layer=4 id='mouth' mask=0x0009 vertices=5 sample_offset=376
I (2856) live2d_engine:     binding[5] layer=5 id='left_eye' mask=0x0009 vertices=11 sample_offset=400
I (2865) live2d_engine:     binding[6] layer=6 id='right_eye' mask=0x0009 vertices=10 sample_offset=448
I (2874) live2d_engine:     binding[7] layer=7 id='right_eyeup' mask=0x0009 vertices=13 sample_offset=492
I (2884) live2d_engine:     binding[8] layer=8 id='left_eyeup' mask=0x0009 vertices=13 sample_offset=548
I (2893) live2d_engine:     binding[9] layer=9 id='front_hair' mask=0x0009 vertices=64 sample_offset=604
I (2902) live2d_engine:     binding[10] layer=10 id='hairwear' mask=0x0009 vertices=21 sample_offset=864
I (2911) live2d_engine:   axis[4] id='mouth' default=15 middle=15 bindings=1 sampleBytes=720 stride=24 vidx=5 Q(coord=4 rot=6 stretch=14)
I (2923) live2d_engine:     binding[0] layer=4 id='mouth' mask=0x0048 vertices=5 sample_offset=0
I (2932) live2d_engine: Playing default animation index 1/1
I (2937) live2d_engine: allocated runtime pool: 1048576 bytes
I (2943) l2d_baseline: model ready id='esp' size=320x320 layers=11 textures=12 animations=1 load=290ms pool_free=1017664
I (2953) l2d_baseline: RT30 axis_count=5 static=31590 runtime=0 selectedSample=0
I (2961) l2d_baseline: axis handles: left_eye=0 right_eye=1 neck=2 face=3 mouth=4
I (2967) l2d_baseline: benchmark model_path=/sdcard/esp.live axis_count=5
I (2974) l2d_baseline: render ROI: 320x320 at (352,140), lcd=1024x600
I (2980) sys_display_buf: PSRAM before alloc: total=33554432  free=27353404 largest=26214400
I (2988) sys_display_buf: buffers created: 320x320  ARGB=409600  RGB565=204800 bytes (PSRAM DMA=yes)
I (2997) sys_display_buf: PSRAM after alloc: total=33554432  free=26738996 largest=26214400
I (3008) sys_display_flush: Flush path: 320x320 at (352,140) -> panel direct draw
I (3013) live2d_engine: Internal render scale set to 1.000
I (3025) live2d_renderer: PPA fill transparent clear enabled
I (3025) live2d_renderer: Renderer initialized: 320x320 ARGB8888 -> RGB565 via PPA SRM, rgb_swap=0, byte_swap=0, source block=320x320@(0,0)
I (3035) l2d_baseline: render backends: clear=PPA convert=PPA
I (3041) l2d_baseline: heap ready: psram_free=26737928 psram_min=26737928 internal_free=386179
I (3049) l2d_baseline: continuous RT30 drive active on 5 model axes
L2D_META_BEGIN
esp_commit=43e9d01ec87456190c0191826fb192f4ab41cb0c
live2d_commit=78fc634
idf=v5.5.2
chip=ESP32-P4
cpu_mhz=360
psram_mhz=200
optimization=-O2
render_task=core0,priority6
lvgl_task=core0,priority4
canvas=320x320
slot=none,synchronous ARGB+RGB565 buffers
display=direct panel RGB565
ppa=fill+SRM clients,blocking,blend unused
model_path=/sdcard/esp.live
model_sha256=1d7f21471dcedee2d205904791df7147c63760269462ad5d7169a97afe386100
model_size=800796
model_load_us=290347
axis_count=5
layer_count=11
vertex_count=227
triangle_count=257
texture_count=12
layers=11
vertices=227
triangles=257
textures=12
texture_pixels=184235
axes=5
sampler=fast-nearest
profile_stage=0
profile_mode=timing
srm_roi=1
default_clear=PPA
default_convert=PPA
backend_ids=0:PPA/PPA,1:CPU/PPA,2:PPA/CPU,3:CPU/CPU
warmup=5
measure=50
rounds=1
L2D_META_END
L2D_FRAME_HEADER,frame_id,scenario,scale_q100,round,frame,slot_wait_us,controller_us,rt30_us,hierarchy_vertex_us,bounds_us,clear_us,raster_us,cache_sync_us,producer_total_us,publish_consume_us,ppa_wait_us,ppa_blend_us,panel_submit_us,ppa_fill_us,ppa_srm_us,ppa_total_us,clear_cache_sync_us,convert_cache_sync_us,flush_cache_sync_us,cache_sync_total_us,display_lock_wait_us,flush_total_us,frame_total_us,dirty_x,dirty_y,dirty_w,dirty_h,frame_drop,slot_miss,lock_skip,deadline_miss,backend,convert_us,keypoint_us,visual_transform_us,stretch_us,vertex_transform_us,uv_update_us,trig_cache_hit,trig_cache_miss
L2D_SUMMARY_HEADER,scenario,scale_q100,round,metric,count,avg,p50,p95,p99,min,max,backend
L2D_ROI_HEADER,frame_id,scenario,scale_q100,round,frame,current_valid,current_min_x,current_min_y,current_max_x,current_max_y,current_w,current_h,current_area,previous_valid,previous_min_x,previous_min_y,previous_max_x,previous_max_y,union_min_x,union_min_y,union_max_x,union_max_y,union_w,union_h,union_area,current_area_ratio_q10000,union_area_ratio_q10000,force_full
L2D_SUMMARY,LOAD,0,0,load_us,1,290347,290347,290347,290347,290347,290347,0
I (3231) l2d_profile: profile suite: stage=0 rounds=1 frames=50
I (3237) live2d_engine: Internal render scale set to 1.000
L2D_FRAME,6,STATIC,100,1,5,0,9,33,144,3,900,19443,34,25243,15,5089,0,150,870,4219,5089,20,0,14,34,17,194,25452,0,0,320,320,0,0,0,0,0,4263,0,0,0,0,0,0,0
L2D_FRAME,7,STATIC,100,1,6,0,9,34,121,3,959,19388,29,25206,15,5118,0,143,933,4185,5118,16,0,13,29,20,191,25412,0,0,320,320,0,0,0,0,0,4227,0,0,0,0,0,0,0
L2D_FRAME,8,STATIC,100,1,7,0,9,35,99,3,1032,19476,61,25338,11,5190,0,151,1007,4183,5190,12,0,49,61,24,235,25584,0,0,320,320,0,0,0,0,0,4216,0,0,0,0,0,0,0
L2D_FRAME,9,STATIC,100,1,8,0,5,38,97,3,1128,19394,26,25347,15,5299,0,164,1103,4196,5299,12,0,14,26,671,862,26224,0,0,320,320,0,0,0,0,0,4235,0,0,0,0,0,0,0
L2D_FRAME,10,STATIC,100,1,9,0,9,42,131,4,921,19484,24,25253,16,5069,0,186,893,4176,5069,11,0,13,24,20,233,25502,0,0,320,320,0,0,0,0,0,4210,0,0,0,0,0,0,0
L2D_FRAME,11,STATIC,100,1,10,0,9,34,109,3,998,19415,28,25243,14,5159,0,164,974,4185,5159,15,0,13,28,770,962,26219,0,0,320,320,0,0,0,0,0,4219,0,0,0,0,0,0,0
L2D_FRAME,12,STATIC,100,1,11,0,10,33,130,3,968,19479,24,25458,10,5295,0,147,943,4352,5295,11,0,13,24,16,190,25658,0,0,320,320,0,0,0,0,0,4389,0,0,0,0,0,0,0
L2D_FRAME,13,STATIC,100,1,12,0,9,37,144,3,881,19390,24,25143,14,5049,0,149,857,4192,5049,11,0,13,24,20,194,25351,0,0,320,320,0,0,0,0,0,4225,0,0,0,0,0,0,0
L2D_FRAME,14,STATIC,100,1,13,0,6,33,95,3,965,19382,25,25239,15,5209,0,143,943,4266,5209,12,0,13,25,20,187,25441,0,0,320,320,0,0,0,0,0,4299,0,0,0,0,0,0,0
L2D_FRAME,15,STATIC,100,1,14,0,9,34,99,3,1044,19480,25,25365,14,5215,0,156,1022,4193,5215,12,0,13,25,16,196,25575,0,0,320,320,0,0,0,0,0,4230,0,0,0,0,0,0,0
L2D_FRAME,16,STATIC,100,1,15,0,10,34,97,3,1139,19387,25,25327,19,5286,0,160,1110,4176,5286,11,0,14,25,17,200,25546,0,0,320,320,0,0,0,0,0,4209,0,0,0,0,0,0,0
L2D_FRAME,17,STATIC,100,1,16,0,9,33,144,3,1137,19466,25,25478,17,5316,0,150,1108,4208,5316,12,0,13,25,20,194,25689,0,0,320,320,0,0,0,0,0,4245,0,0,0,0,0,0,0
L2D_FRAME,18,STATIC,100,1,17,0,5,34,130,3,1135,19308,25,25299,20,5307,0,152,1113,4194,5307,12,0,13,25,16,192,25511,0,0,320,320,0,0,0,0,0,4227,0,0,0,0,0,0,0
L2D_FRAME,19,STATIC,100,1,18,0,9,33,161,3,1125,19312,25,25411,19,5382,0,151,1104,4278,5382,11,0,14,25,16,192,25622,0,0,320,320,0,0,0,0,0,4311,0,0,0,0,0,0,0
L2D_FRAME,20,STATIC,100,1,19,0,9,33,130,3,1131,19397,24,25396,16,5312,0,155,1111,4201,5312,11,0,13,24,16,195,25607,0,0,320,320,0,0,0,0,0,4239,0,0,0,0,0,0,0
L2D_FRAME,21,STATIC,100,1,20,0,5,33,133,3,1144,19383,29,25367,15,5296,0,160,1118,4178,5296,16,0,13,29,20,204,25586,0,0,320,320,0,0,0,0,0,4211,0,0,0,0,0,0,0
L2D_FRAME,22,STATIC,100,1,21,0,5,36,131,3,1148,19477,29,25479,16,5321,0,139,1122,4199,5321,16,0,13,29,16,179,25674,0,0,320,320,0,0,0,0,0,4233,0,0,0,0,0,0,0
L2D_FRAME,23,STATIC,100,1,22,0,9,35,131,3,1134,19364,28,25380,14,5323,0,162,1110,4213,5323,15,0,13,28,16,206,25600,0,0,320,320,0,0,0,0,0,4250,0,0,0,0,0,0,0
L2D_FRAME,24,STATIC,100,1,23,0,9,36,155,3,1144,19274,25,25481,14,5499,0,152,1119,4380,5499,12,0,13,25,20,196,25691,0,0,320,320,0,0,0,0,0,4412,0,0,0,0,0,0,0
L2D_FRAME,25,STATIC,100,1,24,0,10,38,130,3,1132,19384,27,25583,20,5505,0,164,1108,4397,5505,14,0,13,27,753,940,26543,0,0,320,320,0,0,0,0,0,4434,0,0,0,0,0,0,0
L2D_FRAME,26,STATIC,100,1,25,0,19,37,129,3,1150,19301,28,25581,18,5554,0,146,1118,4436,5554,15,0,13,28,16,187,25786,0,0,320,320,0,0,0,0,0,4469,0,0,0,0,0,0,0
L2D_FRAME,27,STATIC,100,1,26,0,9,37,132,4,1134,19485,25,25720,15,5551,0,164,1112,4439,5551,12,0,13,25,20,209,25944,0,0,320,320,0,0,0,0,0,4472,0,0,0,0,0,0,0
L2D_FRAME,28,STATIC,100,1,27,0,10,38,129,3,1139,19362,29,25528,15,5461,0,153,1106,4355,5461,16,0,13,29,20,198,25741,0,0,320,320,0,0,0,0,0,4390,0,0,0,0,0,0,0
L2D_FRAME,29,STATIC,100,1,28,0,9,35,132,4,1127,19480,25,25678,14,5516,0,157,1105,4411,5516,12,0,13,25,856,1037,26729,0,0,320,320,0,0,0,0,0,4444,0,0,0,0,0,0,0
L2D_FRAME,30,STATIC,100,1,29,0,9,34,128,3,1119,19293,25,25511,15,5531,0,146,1093,4438,5531,12,0,13,25,20,190,25716,0,0,320,320,0,0,0,0,0,4471,0,0,0,0,0,0,0
L2D_FRAME,31,STATIC,100,1,30,0,10,37,160,3,1145,19345,25,25713,20,5645,0,146,1120,4525,5645,12,0,13,25,20,190,25923,0,0,320,320,0,0,0,0,0,4562,0,0,0,0,0,0,0
L2D_FRAME,32,STATIC,100,1,31,0,9,51,130,3,1133,19352,26,25570,21,5510,0,150,1112,4398,5510,12,0,14,26,19,193,25784,0,0,320,320,0,0,0,0,0,4432,0,0,0,0,0,0,0
L2D_FRAME,33,STATIC,100,1,32,0,5,37,161,4,1142,19293,24,25679,14,5675,0,141,1117,4558,5675,11,0,13,24,20,189,25882,0,0,320,320,0,0,0,0,0,4590,0,0,0,0,0,0,0
L2D_FRAME,34,STATIC,100,1,33,0,9,34,129,3,1130,19453,24,25701,16,5551,0,174,1101,4450,5551,11,0,13,24,16,214,25931,0,0,320,320,0,0,0,0,0,4483,0,0,0,0,0,0,0
L2D_FRAME,35,STATIC,100,1,34,0,10,38,161,3,1137,19294,25,25562,11,5546,0,153,1111,4435,5546,12,0,13,25,19,198,25771,0,0,320,320,0,0,0,0,0,4469,0,0,0,0,0,0,0
L2D_FRAME,36,STATIC,100,1,35,0,6,40,135,3,1125,19454,24,25682,11,5548,0,164,1101,4447,5548,11,0,13,24,881,1074,26767,0,0,320,320,0,0,0,0,0,4480,0,0,0,0,0,0,0
L2D_FRAME,37,STATIC,100,1,36,0,19,34,128,3,1135,19308,25,25561,11,5556,0,142,1106,4450,5556,12,0,13,25,20,190,25762,0,0,320,320,0,0,0,0,0,4483,0,0,0,0,0,0,0
L2D_FRAME,38,STATIC,100,1,37,0,10,33,129,3,1139,19449,26,25674,15,5549,0,154,1117,4432,5549,12,0,14,26,16,195,25884,0,0,320,320,0,0,0,0,0,4466,0,0,0,0,0,0,0
L2D_FRAME,39,STATIC,100,1,38,0,9,52,130,3,1136,19342,25,25605,15,5552,0,143,1110,4442,5552,12,0,13,25,16,183,25803,0,0,320,320,0,0,0,0,0,4479,0,0,0,0,0,0,0
L2D_FRAME,40,STATIC,100,1,39,0,9,39,159,3,1130,19373,25,25737,14,5631,0,159,1101,4530,5631,12,0,13,25,20,204,25955,0,0,320,320,0,0,0,0,0,4563,0,0,0,0,0,0,0
L2D_FRAME,41,STATIC,100,1,40,0,10,37,130,4,1154,19396,29,25666,17,5572,0,157,1120,4452,5572,16,0,13,29,16,197,25880,0,0,320,320,0,0,0,0,0,4490,0,0,0,0,0,0,0
L2D_FRAME,42,STATIC,100,1,41,0,9,36,132,3,1118,19409,25,25556,15,5457,0,146,1093,4364,5457,12,0,13,25,20,190,25761,0,0,320,320,0,0,0,0,0,4397,0,0,0,0,0,0,0
L2D_FRAME,43,STATIC,100,1,42,0,10,43,131,4,1139,19366,25,25627,14,5562,0,150,1109,4453,5562,12,0,13,25,20,195,25836,0,0,320,320,0,0,0,0,0,4485,0,0,0,0,0,0,0
L2D_FRAME,44,STATIC,100,1,43,0,5,33,159,4,1150,19317,25,25700,15,5656,0,169,1124,4532,5656,12,0,13,25,20,213,25928,0,0,320,320,0,0,0,0,0,4571,0,0,0,0,0,0,0
L2D_FRAME,45,STATIC,100,1,44,0,9,47,130,3,1147,19322,29,25512,15,5476,0,149,1122,4354,5476,15,0,14,29,20,193,25720,0,0,320,320,0,0,0,0,0,4394,0,0,0,0,0,0,0
L2D_FRAME,46,STATIC,100,1,45,0,9,33,161,3,1139,19302,24,25640,16,5620,0,148,1118,4502,5620,11,0,13,24,16,188,25844,0,0,320,320,0,0,0,0,0,4535,0,0,0,0,0,0,0
L2D_FRAME,47,STATIC,100,1,46,0,5,37,130,3,1121,19421,25,25643,17,5541,0,169,1100,4441,5541,12,0,13,25,16,209,25869,0,0,320,320,0,0,0,0,0,4474,0,0,0,0,0,0,0
L2D_FRAME,48,STATIC,100,1,47,0,5,48,128,3,1127,19334,25,25568,20,5543,0,159,1105,4438,5543,12,0,13,25,16,199,25787,0,0,320,320,0,0,0,0,0,4471,0,0,0,0,0,0,0
L2D_FRAME,49,STATIC,100,1,48,0,9,39,130,3,1134,19452,29,25704,11,5561,0,144,1105,4456,5561,16,0,13,29,21,189,25904,0,0,320,320,0,0,0,0,0,4490,0,0,0,0,0,0,0
L2D_FRAME,50,STATIC,100,1,49,0,9,38,131,3,1144,19302,44,25568,11,5569,0,145,1119,4450,5569,13,0,31,44,20,210,25789,0,0,320,320,0,0,0,0,0,4482,0,0,0,0,0,0,0
L2D_FRAME,51,STATIC,100,1,50,0,9,33,129,3,1117,19457,25,25676,14,5536,0,150,1092,4444,5536,12,0,13,25,20,195,25885,0,0,320,320,0,0,0,0,0,4477,0,0,0,0,0,0,0
L2D_FRAME,52,STATIC,100,1,51,0,10,34,129,3,1140,19339,26,25516,20,5483,0,150,1111,4372,5483,12,0,14,26,16,190,25726,0,0,320,320,0,0,0,0,0,4411,0,0,0,0,0,0,0
L2D_FRAME,53,STATIC,100,1,52,0,9,33,134,3,1124,19465,24,25675,11,5531,0,164,1103,4428,5531,11,0,13,24,874,1065,26751,0,0,320,320,0,0,0,0,0,4462,0,0,0,0,0,0,0
L2D_FRAME,54,STATIC,100,1,53,0,8,33,133,3,1141,19367,28,25614,14,5545,0,173,1113,4432,5545,15,0,13,28,20,222,25850,0,0,320,320,0,0,0,0,0,4469,0,0,0,0,0,0,0
L2D_FRAME,55,STATIC,100,1,54,0,9,38,156,3,1137,19327,25,25694,14,5642,0,150,1116,4526,5642,12,0,13,25,24,199,25907,0,0,320,320,0,0,0,0,0,4560,0,0,0,0,0,0,0
L2D_ROI,6,STATIC,100,1,5,1,59,14,257,298,199,285,56715,1,59,14,257,298,59,14,257,298,199,285,56715,5538,5538,0
L2D_ROI,7,STATIC,100,1,6,1,59,14,257,298,199,285,56715,1,59,14,257,298,59,14,257,298,199,285,56715,5538,5538,0
L2D_ROI,8,STATIC,100,1,7,1,59,14,257,298,199,285,56715,1,59,14,257,298,59,14,257,298,199,285,56715,5538,5538,0
L2D_ROI,9,STATIC,100,1,8,1,59,14,257,298,199,285,56715,1,59,14,257,298,59,14,257,298,199,285,56715,5538,5538,0
L2D_ROI,10,STATIC,100,1,9,1,59,14,257,298,199,285,56715,1,59,14,257,298,59,14,257,298,199,285,56715,5538,5538,0
L2D_ROI,11,STATIC,100,1,10,1,59,14,257,298,199,285,56715,1,59,14,257,298,59,14,257,298,199,285,56715,5538,5538,0
L2D_ROI,12,STATIC,100,1,11,1,59,14,257,298,199,285,56715,1,59,14,257,298,59,14,257,298,199,285,56715,5538,5538,0
L2D_ROI,13,STATIC,100,1,12,1,59,14,257,298,199,285,56715,1,59,14,257,298,59,14,257,298,199,285,56715,5538,5538,0
L2D_ROI,14,STATIC,100,1,13,1,59,14,257,298,199,285,56715,1,59,14,257,298,59,14,257,298,199,285,56715,5538,5538,0
L2D_ROI,15,STATIC,100,1,14,1,59,14,257,298,199,285,56715,1,59,14,257,298,59,14,257,298,199,285,56715,5538,5538,0
L2D_ROI,16,STATIC,100,1,15,1,59,14,257,298,199,285,56715,1,59,14,257,298,59,14,257,298,199,285,56715,5538,5538,0
L2D_ROI,17,STATIC,100,1,16,1,59,14,257,298,199,285,56715,1,59,14,257,298,59,14,257,298,199,285,56715,5538,5538,0
L2D_ROI,18,STATIC,100,1,17,1,59,14,257,298,199,285,56715,1,59,14,257,298,59,14,257,298,199,285,56715,5538,5538,0
L2D_ROI,19,STATIC,100,1,18,1,59,14,257,298,199,285,56715,1,59,14,257,298,59,14,257,298,199,285,56715,5538,5538,0
L2D_ROI,20,STATIC,100,1,19,1,59,14,257,298,199,285,56715,1,59,14,257,298,59,14,257,298,199,285,56715,5538,5538,0
L2D_ROI,21,STATIC,100,1,20,1,59,14,257,298,199,285,56715,1,59,14,257,298,59,14,257,298,199,285,56715,5538,5538,0
L2D_ROI,22,STATIC,100,1,21,1,59,14,257,298,199,285,56715,1,59,14,257,298,59,14,257,298,199,285,56715,5538,5538,0
L2D_ROI,23,STATIC,100,1,22,1,59,14,257,298,199,285,56715,1,59,14,257,298,59,14,257,298,199,285,56715,5538,5538,0
L2D_ROI,24,STATIC,100,1,23,1,59,14,257,298,199,285,56715,1,59,14,257,298,59,14,257,298,199,285,56715,5538,5538,0
L2D_ROI,25,STATIC,100,1,24,1,59,14,257,298,199,285,56715,1,59,14,257,298,59,14,257,298,199,285,56715,5538,5538,0
L2D_ROI,26,STATIC,100,1,25,1,59,14,257,298,199,285,56715,1,59,14,257,298,59,14,257,298,199,285,56715,5538,5538,0
L2D_ROI,27,STATIC,100,1,26,1,59,14,257,298,199,285,56715,1,59,14,257,298,59,14,257,298,199,285,56715,5538,5538,0
L2D_ROI,28,STATIC,100,1,27,1,59,14,257,298,199,285,56715,1,59,14,257,298,59,14,257,298,199,285,56715,5538,5538,0
L2D_ROI,29,STATIC,100,1,28,1,59,14,257,298,199,285,56715,1,59,14,257,298,59,14,257,298,199,285,56715,5538,5538,0
L2D_ROI,30,STATIC,100,1,29,1,59,14,257,298,199,285,56715,1,59,14,257,298,59,14,257,298,199,285,56715,5538,5538,0
L2D_ROI,31,STATIC,100,1,30,1,59,14,257,298,199,285,56715,1,59,14,257,298,59,14,257,298,199,285,56715,5538,5538,0
L2D_ROI,32,STATIC,100,1,31,1,59,14,257,298,199,285,56715,1,59,14,257,298,59,14,257,298,199,285,56715,5538,5538,0
L2D_ROI,33,STATIC,100,1,32,1,59,14,257,298,199,285,56715,1,59,14,257,298,59,14,257,298,199,285,56715,5538,5538,0
L2D_ROI,34,STATIC,100,1,33,1,59,14,257,298,199,285,56715,1,59,14,257,298,59,14,257,298,199,285,56715,5538,5538,0
L2D_ROI,35,STATIC,100,1,34,1,59,14,257,298,199,285,56715,1,59,14,257,298,59,14,257,298,199,285,56715,5538,5538,0
L2D_ROI,36,STATIC,100,1,35,1,59,14,257,298,199,285,56715,1,59,14,257,298,59,14,257,298,199,285,56715,5538,5538,0
L2D_ROI,37,STATIC,100,1,36,1,59,14,257,298,199,285,56715,1,59,14,257,298,59,14,257,298,199,285,56715,5538,5538,0
L2D_ROI,38,STATIC,100,1,37,1,59,14,257,298,199,285,56715,1,59,14,257,298,59,14,257,298,199,285,56715,5538,5538,0
L2D_ROI,39,STATIC,100,1,38,1,59,14,257,298,199,285,56715,1,59,14,257,298,59,14,257,298,199,285,56715,5538,5538,0
L2D_ROI,40,STATIC,100,1,39,1,59,14,257,298,199,285,56715,1,59,14,257,298,59,14,257,298,199,285,56715,5538,5538,0
L2D_ROI,41,STATIC,100,1,40,1,59,14,257,298,199,285,56715,1,59,14,257,298,59,14,257,298,199,285,56715,5538,5538,0
L2D_ROI,42,STATIC,100,1,41,1,59,14,257,298,199,285,56715,1,59,14,257,298,59,14,257,298,199,285,56715,5538,5538,0
L2D_ROI,43,STATIC,100,1,42,1,59,14,257,298,199,285,56715,1,59,14,257,298,59,14,257,298,199,285,56715,5538,5538,0
L2D_ROI,44,STATIC,100,1,43,1,59,14,257,298,199,285,56715,1,59,14,257,298,59,14,257,298,199,285,56715,5538,5538,0
L2D_ROI,45,STATIC,100,1,44,1,59,14,257,298,199,285,56715,1,59,14,257,298,59,14,257,298,199,285,56715,5538,5538,0
L2D_ROI,46,STATIC,100,1,45,1,59,14,257,298,199,285,56715,1,59,14,257,298,59,14,257,298,199,285,56715,5538,5538,0
L2D_ROI,47,STATIC,100,1,46,1,59,14,257,298,199,285,56715,1,59,14,257,298,59,14,257,298,199,285,56715,5538,5538,0
L2D_ROI,48,STATIC,100,1,47,1,59,14,257,298,199,285,56715,1,59,14,257,298,59,14,257,298,199,285,56715,5538,5538,0
L2D_ROI,49,STATIC,100,1,48,1,59,14,257,298,199,285,56715,1,59,14,257,298,59,14,257,298,199,285,56715,5538,5538,0
L2D_ROI,50,STATIC,100,1,49,1,59,14,257,298,199,285,56715,1,59,14,257,298,59,14,257,298,199,285,56715,5538,5538,0
L2D_ROI,51,STATIC,100,1,50,1,59,14,257,298,199,285,56715,1,59,14,257,298,59,14,257,298,199,285,56715,5538,5538,0
L2D_ROI,52,STATIC,100,1,51,1,59,14,257,298,199,285,56715,1,59,14,257,298,59,14,257,298,199,285,56715,5538,5538,0
L2D_ROI,53,STATIC,100,1,52,1,59,14,257,298,199,285,56715,1,59,14,257,298,59,14,257,298,199,285,56715,5538,5538,0
L2D_ROI,54,STATIC,100,1,53,1,59,14,257,298,199,285,56715,1,59,14,257,298,59,14,257,298,199,285,56715,5538,5538,0
L2D_ROI,55,STATIC,100,1,54,1,59,14,257,298,199,285,56715,1,59,14,257,298,59,14,257,298,199,285,56715,5538,5538,0
L2D_SUMMARY,STATIC,100,1,slot_wait_us,50,0.00,0,0,0,0,0,0
L2D_SUMMARY,STATIC,100,1,controller_us,50,8.82,9,10,19,5,19,0
L2D_SUMMARY,STATIC,100,1,rt30_us,50,36.72,35,48,52,33,52,0
L2D_SUMMARY,STATIC,100,1,hierarchy_vertex_us,50,132.52,130,161,161,95,161,0
L2D_SUMMARY,STATIC,100,1,bounds_us,50,3.14,3,4,4,3,4,0
L2D_SUMMARY,STATIC,100,1,clear_us,50,1104.36,1134,1150,1154,881,1154,0
L2D_SUMMARY,STATIC,100,1,raster_us,50,19384.86,19383,19480,19485,19274,19485,0
I (6259) l2d_profile: STATIC scale=100 round=1 raster_us avg=19385 p95=19480 p99=19485 max=19485
L2D_SUMMARY,STATIC,100,1,convert_us,50,4394.10,4434,4563,4590,4209,4590,0
L2D_SUMMARY,STATIC,100,1,cache_sync_us,50,27.02,25,34,61,24,61,0
L2D_SUMMARY,STATIC,100,1,producer_total_us,50,25517.94,25561,25713,25737,25143,25737,0
I (6288) l2d_profile: STATIC scale=100 round=1 producer_total_us avg=25518 p95=25713 p99=25737 max=25737
L2D_SUMMARY,STATIC,100,1,publish_consume_us,50,15.16,15,20,21,10,21,0
L2D_SUMMARY,STATIC,100,1,ppa_wait_us,50,5438.18,5510,5645,5675,5049,5675,0
L2D_SUMMARY,STATIC,100,1,ppa_blend_us,50,0.00,0,0,0,0,0,0
L2D_SUMMARY,STATIC,100,1,panel_submit_us,50,154.26,151,173,186,139,186,0
L2D_SUMMARY,STATIC,100,1,frame_drop,50,0.00,0,0,0,0,0,0
L2D_SUMMARY,STATIC,100,1,ppa_fill_us,50,1078.96,1108,1122,1124,857,1124,0
L2D_SUMMARY,STATIC,100,1,ppa_srm_us,50,4359.22,4398,4530,4558,4176,4558,0
L2D_SUMMARY,STATIC,100,1,ppa_total_us,50,5438.18,5510,5645,5675,5049,5675,0
L2D_SUMMARY,STATIC,100,1,clear_cache_sync_us,50,12.78,12,16,20,11,20,0
L2D_SUMMARY,STATIC,100,1,convert_cache_sync_us,50,0.00,0,0,0,0,0,0
L2D_SUMMARY,STATIC,100,1,flush_cache_sync_us,50,14.24,13,14,49,13,49,0
L2D_SUMMARY,STATIC,100,1,cache_sync_total_us,50,27.02,25,34,61,24,61,0
L2D_SUMMARY,STATIC,100,1,display_lock_wait_us,50,112.44,20,856,881,16,881,0
L2D_SUMMARY,STATIC,100,1,flush_total_us,50,292.94,195,1037,1074,179,1074,0
L2D_SUMMARY,STATIC,100,1,frame_total_us,50,25826.04,25784,26729,26767,25351,26767,0
L2D_SUMMARY,STATIC,100,1,keypoint_us,50,0.00,0,0,0,0,0,0
L2D_SUMMARY,STATIC,100,1,visual_transform_us,50,0.00,0,0,0,0,0,0
L2D_SUMMARY,STATIC,100,1,stretch_us,50,0.00,0,0,0,0,0,0
L2D_SUMMARY,STATIC,100,1,vertex_transform_us,50,0.00,0,0,0,0,0,0
L2D_SUMMARY,STATIC,100,1,uv_update_us,50,0.00,0,0,0,0,0,0
L2D_SUMMARY,STATIC,100,1,trig_cache_hit,50,0.00,0,0,0,0,0,0
L2D_SUMMARY,STATIC,100,1,trig_cache_miss,50,0.00,0,0,0,0,0,0
L2D_SUMMARY,STATIC,100,1,slot_miss,50,0.00,0,0,0,0,0,0
L2D_SUMMARY,STATIC,100,1,lock_skip,50,0.00,0,0,0,0,0,0
L2D_SUMMARY,STATIC,100,1,deadline_miss,50,0.00,0,0,0,0,0,0
L2D_SUMMARY,STATIC,100,1,roi.current_area,50,56715.00,56715,56715,56715,56715,56715,0
L2D_SUMMARY,STATIC,100,1,roi.union_area,50,56715.00,56715,56715,56715,56715,56715,0
L2D_SUMMARY,STATIC,100,1,roi.current_area_ratio_q10000,50,5538.00,5538,5538,5538,5538,5538,0
L2D_SUMMARY,STATIC,100,1,roi.union_area_ratio_q10000,50,5538.00,5538,5538,5538,5538,5538,0
L2D_SUMMARY,STATIC,100,1,roi.current_w,50,199.00,199,199,199,199,199,0
L2D_SUMMARY,STATIC,100,1,roi.current_h,50,285.00,285,285,285,285,285,0
L2D_SUMMARY,STATIC,100,1,roi.union_w,50,199.00,199,199,199,199,199,0
L2D_SUMMARY,STATIC,100,1,roi.union_h,50,285.00,285,285,285,285,285,0
I (6499) l2d_profile: done STATIC scale=100 round=1
L2D_FRAME,61,EYE_L_SWEEP,100,1,5,0,46,550,1199,3,1154,19269,25,27213,11,5655,0,147,1124,4531,5655,12,0,13,25,16,194,27418,0,0,320,320,0,0,0,0,0,4563,0,0,0,0,0,51,0
L2D_FRAME,62,EYE_L_SWEEP,100,1,6,0,46,591,1204,4,1141,19413,27,27318,20,5567,0,151,1113,4454,5567,14,0,13,27,16,190,27528,0,0,320,320,0,0,0,0,0,4488,0,0,0,0,0,51,0
L2D_FRAME,63,EYE_L_SWEEP,100,1,7,0,46,563,1201,3,1142,19256,28,27126,15,5563,0,162,1113,4450,5563,15,0,13,28,55,245,27386,0,0,320,320,0,0,0,0,0,4483,0,0,0,0,0,51,0
L2D_FRAME,64,EYE_L_SWEEP,100,1,8,0,46,563,1238,3,1142,19316,27,27215,15,5559,0,183,1117,4442,5559,14,0,13,27,16,227,27457,0,0,320,320,0,0,0,0,0,4479,0,0,0,0,0,51,0
L2D_FRAME,65,EYE_L_SWEEP,100,1,9,0,46,558,1203,3,1144,19286,25,27169,17,5574,0,151,1114,4460,5574,12,0,13,25,16,191,27377,0,0,320,320,0,0,0,0,0,4492,0,0,0,0,0,51,0
L2D_FRAME,66,EYE_L_SWEEP,100,1,10,0,46,560,1203,3,1142,19165,25,27133,11,5644,0,155,1116,4528,5644,12,0,13,25,16,206,27350,0,0,320,320,0,0,0,0,0,4565,0,0,0,0,0,51,0
L2D_FRAME,67,EYE_L_SWEEP,100,1,11,0,46,588,1203,3,1146,19362,28,27263,11,5568,0,148,1122,4446,5568,14,0,14,28,20,192,27466,0,0,320,320,0,0,0,0,0,4479,0,0,0,0,0,51,0
L2D_FRAME,68,EYE_L_SWEEP,100,1,12,0,46,554,1210,3,1072,19243,28,27063,20,5503,0,158,1040,4463,5503,15,0,13,28,92,274,27357,0,0,320,320,0,0,0,0,0,4497,0,0,0,0,0,51,0
L2D_FRAME,69,EYE_L_SWEEP,100,1,13,0,54,567,1233,3,938,19157,29,26964,18,5356,0,152,909,4447,5356,16,0,13,29,20,206,27188,0,0,320,320,0,0,0,0,0,4483,0,0,0,0,0,51,0
L2D_FRAME,70,EYE_L_SWEEP,100,1,14,0,46,567,1202,3,1137,19198,25,27080,15,5570,0,159,1111,4459,5570,12,0,13,25,77,260,27355,0,0,320,320,0,0,0,0,0,4495,0,0,0,0,0,51,0
L2D_FRAME,71,EYE_L_SWEEP,100,1,15,0,46,561,1243,3,1127,19138,25,27105,20,5540,0,146,1098,4442,5540,12,0,13,25,16,186,27311,0,0,320,320,0,0,0,0,0,4475,0,0,0,0,0,51,0
L2D_FRAME,72,EYE_L_SWEEP,100,1,16,0,46,560,1202,3,996,19288,24,27023,15,5419,0,143,967,4452,5419,11,0,13,24,23,192,27230,0,0,320,320,0,0,0,0,0,4484,0,0,0,0,0,51,0
L2D_FRAME,73,EYE_L_SWEEP,100,1,17,0,45,561,1234,3,1139,19112,28,27092,17,5568,0,148,1115,4453,5568,15,0,13,28,20,196,27305,0,0,320,320,0,0,0,0,0,4486,0,0,0,0,0,51,0
L2D_FRAME,74,EYE_L_SWEEP,100,1,18,0,46,557,1201,4,1130,19333,25,27186,14,5553,0,141,1104,4449,5553,12,0,13,25,20,186,27386,0,0,320,320,0,0,0,0,0,4482,0,0,0,0,0,51,0
L2D_FRAME,75,EYE_L_SWEEP,100,1,19,0,46,561,1201,3,1064,19250,26,27120,15,5564,0,145,1035,4529,5564,12,0,14,26,20,193,27328,0,0,320,320,0,0,0,0,0,4561,0,0,0,0,0,51,0
L2D_FRAME,76,EYE_L_SWEEP,100,1,20,0,46,593,1200,3,912,19410,27,27086,14,5324,0,147,889,4435,5324,14,0,13,27,16,190,27290,0,0,320,320,0,0,0,0,0,4469,0,0,0,0,0,51,0
L2D_FRAME,77,EYE_L_SWEEP,100,1,21,0,46,566,1194,4,926,19314,27,26967,24,5355,0,160,901,4454,5355,14,0,13,27,210,394,27385,0,0,320,320,0,0,0,0,0,4487,0,0,0,0,0,51,0
L2D_FRAME,78,EYE_L_SWEEP,100,1,22,0,46,556,1227,4,1000,19274,29,27034,11,5352,0,150,970,4382,5352,16,0,13,29,16,194,27239,0,0,320,320,0,0,0,0,0,4415,0,0,0,0,0,51,0
L2D_FRAME,79,EYE_L_SWEEP,100,1,23,0,46,568,1200,3,984,19406,29,27141,14,5417,0,156,955,4462,5417,16,0,13,29,24,205,27360,0,0,320,320,0,0,0,0,0,4496,0,0,0,0,0,51,0
L2D_FRAME,80,EYE_L_SWEEP,100,1,24,0,45,573,1227,3,892,19352,26,27075,11,5313,0,146,869,4444,5313,13,0,13,26,19,191,27277,0,0,320,320,0,0,0,0,0,4477,0,0,0,0,0,51,0
L2D_FRAME,81,EYE_L_SWEEP,100,1,25,0,46,564,1194,4,969,19471,25,27170,14,5393,0,152,943,4450,5393,12,0,13,25,16,192,27376,0,0,320,320,0,0,0,0,0,4487,0,0,0,0,0,51,0
L2D_FRAME,82,EYE_L_SWEEP,100,1,26,0,45,542,1189,3,1052,19306,25,26989,14,5359,0,145,1023,4336,5359,12,0,13,25,20,193,27196,0,0,320,320,0,0,0,0,0,4369,0,0,0,0,0,51,0
L2D_FRAME,83,EYE_L_SWEEP,100,1,27,0,46,560,1200,3,935,19568,25,27232,20,5353,0,147,906,4447,5353,12,0,13,25,20,191,27443,0,0,320,320,0,0,0,0,0,4484,0,0,0,0,0,51,0
L2D_FRAME,84,EYE_L_SWEEP,100,1,28,0,45,564,1194,3,934,19456,25,27178,14,5421,0,147,905,4516,5421,12,0,13,25,16,190,27382,0,0,320,320,0,0,0,0,0,4554,0,0,0,0,0,51,0
L2D_FRAME,85,EYE_L_SWEEP,100,1,29,0,46,584,1186,3,1021,19503,26,27259,15,5425,0,154,992,4433,5425,12,0,14,26,17,198,27472,0,0,320,320,0,0,0,0,0,4469,0,0,0,0,0,51,0
L2D_FRAME,86,EYE_L_SWEEP,100,1,30,0,46,521,1204,3,1116,19342,31,27073,11,5441,0,152,1087,4354,5441,18,0,13,31,20,200,27284,0,0,320,320,0,0,0,0,0,4388,0,0,0,0,0,51,0
L2D_FRAME,87,EYE_L_SWEEP,100,1,31,0,46,511,1232,3,1140,19410,25,27169,14,5476,0,187,1114,4362,5476,12,0,13,25,16,232,27415,0,0,320,320,0,0,0,0,0,4394,0,0,0,0,0,51,0
L2D_FRAME,88,EYE_L_SWEEP,100,1,32,0,46,536,1197,3,1147,19345,25,27080,16,5464,0,148,1118,4346,5464,12,0,13,25,16,192,27288,0,0,320,320,0,0,0,0,0,4379,0,0,0,0,0,51,0
L2D_FRAME,89,EYE_L_SWEEP,100,1,33,0,45,571,1210,3,1150,19284,25,27079,17,5465,0,147,1121,4344,5465,12,0,13,25,20,195,27291,0,0,320,320,0,0,0,0,0,4377,0,0,0,0,0,51,0
L2D_FRAME,90,EYE_L_SWEEP,100,1,34,0,46,588,1217,4,1142,19355,30,27024,15,5315,0,148,1115,4200,5315,17,0,13,30,20,192,27231,0,0,320,320,0,0,0,0,0,4233,0,0,0,0,0,51,0
L2D_FRAME,91,EYE_L_SWEEP,100,1,35,0,46,509,1200,3,1130,19220,25,27030,11,5559,0,150,1101,4458,5559,12,0,13,25,16,193,27234,0,0,320,320,0,0,0,0,0,4491,0,0,0,0,0,51,0
L2D_FRAME,92,EYE_L_SWEEP,100,1,36,0,46,567,1191,3,1033,19393,24,27080,20,5373,0,161,1008,4365,5373,11,0,13,24,81,266,27366,0,0,320,320,0,0,0,0,0,4401,0,0,0,0,0,51,0
L2D_FRAME,93,EYE_L_SWEEP,100,1,37,0,45,491,1192,3,1129,19180,25,26859,14,5442,0,164,1100,4342,5442,12,0,13,25,20,209,27082,0,0,320,320,0,0,0,0,0,4378,0,0,0,0,0,51,0
L2D_FRAME,94,EYE_L_SWEEP,100,1,38,0,45,566,1198,3,913,19377,25,27029,15,5337,0,160,888,4449,5337,12,0,13,25,81,266,27310,0,0,320,320,0,0,0,0,0,4491,0,0,0,0,0,51,0
L2D_FRAME,95,EYE_L_SWEEP,100,1,39,0,45,561,1196,3,1001,19134,28,26761,20,5293,0,153,969,4324,5293,15,0,13,28,16,201,26982,0,0,320,320,0,0,0,0,0,4358,0,0,0,0,0,51,0
L2D_FRAME,96,EYE_L_SWEEP,100,1,40,0,46,560,1195,4,989,19335,28,27069,20,5425,0,143,964,4461,5425,15,0,13,28,16,184,27273,0,0,320,320,0,0,0,0,0,4495,0,0,0,0,0,51,0
L2D_FRAME,97,EYE_L_SWEEP,100,1,41,0,45,567,1199,3,889,19244,25,26851,20,5297,0,162,864,4433,5297,12,0,13,25,20,206,27077,0,0,320,320,0,0,0,0,0,4469,0,0,0,0,0,51,0
L2D_FRAME,98,EYE_L_SWEEP,100,1,42,0,46,561,1201,3,1138,19264,27,27125,20,5560,0,152,1113,4447,5560,14,0,13,27,16,191,27336,0,0,320,320,0,0,0,0,0,4484,0,0,0,0,0,51,0
L2D_FRAME,99,EYE_L_SWEEP,100,1,43,0,46,558,1200,3,1030,19218,26,26986,15,5448,0,147,1001,4447,5448,12,0,14,26,16,192,27193,0,0,320,320,0,0,0,0,0,4481,0,0,0,0,0,51,0
L2D_FRAME,100,EYE_L_SWEEP,100,1,44,0,46,554,1207,3,1138,19271,29,27133,15,5549,0,141,1105,4444,5549,16,0,13,29,20,188,27336,0,0,320,320,0,0,0,0,0,4476,0,0,0,0,0,51,0
L2D_FRAME,101,EYE_L_SWEEP,100,1,45,0,46,563,1204,3,1151,19177,29,27131,15,5636,0,153,1118,4518,5636,16,0,13,29,20,197,27343,0,0,320,320,0,0,0,0,0,4555,0,0,0,0,0,51,0
L2D_FRAME,102,EYE_L_SWEEP,100,1,46,0,46,585,1205,3,1100,19352,25,27208,14,5517,0,147,1071,4446,5517,12,0,13,25,16,192,27414,0,0,320,320,0,0,0,0,0,4479,0,0,0,0,0,51,0
L2D_FRAME,103,EYE_L_SWEEP,100,1,47,0,55,579,1201,3,966,19279,25,27021,15,5385,0,152,937,4448,5385,12,0,13,25,77,253,27289,0,0,320,320,0,0,0,0,0,4489,0,0,0,0,0,51,0
L2D_FRAME,104,EYE_L_SWEEP,100,1,48,0,45,604,1276,5,893,19269,25,27108,15,5320,0,146,863,4457,5320,12,0,13,25,16,189,27312,0,0,320,320,0,0,0,0,0,4495,0,0,0,0,0,51,0
L2D_FRAME,105,EYE_L_SWEEP,100,1,49,0,46,569,1197,3,975,19446,28,27162,15,5398,0,155,947,4451,5398,15,0,13,28,16,200,27377,0,0,320,320,0,0,0,0,0,4484,0,0,0,0,0,51,0
L2D_FRAME,106,EYE_L_SWEEP,100,1,50,0,45,531,1191,3,1084,19288,37,26987,15,5383,0,153,1044,4339,5383,23,0,14,37,20,201,27203,0,0,320,320,0,0,0,0,0,4371,0,0,0,0,0,51,0
L2D_FRAME,107,EYE_L_SWEEP,100,1,51,0,45,560,1202,3,912,19453,25,27082,14,5330,0,151,887,4443,5330,12,0,13,25,16,195,27291,0,0,320,320,0,0,0,0,0,4476,0,0,0,0,0,51,0
L2D_FRAME,108,EYE_L_SWEEP,100,1,52,0,46,563,1199,3,950,19405,29,27156,14,5429,0,155,917,4512,5429,16,0,13,29,24,204,27374,0,0,320,320,0,0,0,0,0,4549,0,0,0,0,0,51,0
L2D_FRAME,109,EYE_L_SWEEP,100,1,53,0,46,581,1199,4,1028,19558,28,27336,11,5442,0,148,999,4443,5442,15,0,13,28,16,191,27538,0,0,320,320,0,0,0,0,0,4476,0,0,0,0,0,51,0
L2D_FRAME,110,EYE_L_SWEEP,100,1,54,0,46,510,1205,3,1124,19340,25,27063,14,5439,0,150,1095,4344,5439,12,0,13,25,24,199,27276,0,0,320,320,0,0,0,0,0,4376,0,0,0,0,0,51,0
L2D_ROI,61,EYE_L_SWEEP,100,1,5,1,59,14,257,298,199,285,56715,1,59,14,257,298,59,14,257,298,199,285,56715,5538,5538,0
L2D_ROI,62,EYE_L_SWEEP,100,1,6,1,59,14,257,298,199,285,56715,1,59,14,257,298,59,14,257,298,199,285,56715,5538,5538,0
L2D_ROI,63,EYE_L_SWEEP,100,1,7,1,59,14,257,298,199,285,56715,1,59,14,257,298,59,14,257,298,199,285,56715,5538,5538,0
L2D_ROI,64,EYE_L_SWEEP,100,1,8,1,59,14,257,298,199,285,56715,1,59,14,257,298,59,14,257,298,199,285,56715,5538,5538,0
L2D_ROI,65,EYE_L_SWEEP,100,1,9,1,59,14,257,298,199,285,56715,1,59,14,257,298,59,14,257,298,199,285,56715,5538,5538,0
L2D_ROI,66,EYE_L_SWEEP,100,1,10,1,59,14,257,298,199,285,56715,1,59,14,257,298,59,14,257,298,199,285,56715,5538,5538,0
L2D_ROI,67,EYE_L_SWEEP,100,1,11,1,59,14,257,298,199,285,56715,1,59,14,257,298,59,14,257,298,199,285,56715,5538,5538,0
L2D_ROI,68,EYE_L_SWEEP,100,1,12,1,59,14,257,298,199,285,56715,1,59,14,257,298,59,14,257,298,199,285,56715,5538,5538,0
L2D_ROI,69,EYE_L_SWEEP,100,1,13,1,59,14,257,298,199,285,56715,1,59,14,257,298,59,14,257,298,199,285,56715,5538,5538,0
L2D_ROI,70,EYE_L_SWEEP,100,1,14,1,59,14,257,298,199,285,56715,1,59,14,257,298,59,14,257,298,199,285,56715,5538,5538,0
L2D_ROI,71,EYE_L_SWEEP,100,1,15,1,59,14,257,298,199,285,56715,1,59,14,257,298,59,14,257,298,199,285,56715,5538,5538,0
L2D_ROI,72,EYE_L_SWEEP,100,1,16,1,59,14,257,298,199,285,56715,1,59,14,257,298,59,14,257,298,199,285,56715,5538,5538,0
L2D_ROI,73,EYE_L_SWEEP,100,1,17,1,59,14,257,298,199,285,56715,1,59,14,257,298,59,14,257,298,199,285,56715,5538,5538,0
L2D_ROI,74,EYE_L_SWEEP,100,1,18,1,59,14,257,298,199,285,56715,1,59,14,257,298,59,14,257,298,199,285,56715,5538,5538,0
L2D_ROI,75,EYE_L_SWEEP,100,1,19,1,59,14,257,298,199,285,56715,1,59,14,257,298,59,14,257,298,199,285,56715,5538,5538,0
L2D_ROI,76,EYE_L_SWEEP,100,1,20,1,59,14,257,298,199,285,56715,1,59,14,257,298,59,14,257,298,199,285,56715,5538,5538,0
L2D_ROI,77,EYE_L_SWEEP,100,1,21,1,59,14,257,298,199,285,56715,1,59,14,257,298,59,14,257,298,199,285,56715,5538,5538,0
L2D_ROI,78,EYE_L_SWEEP,100,1,22,1,59,14,257,298,199,285,56715,1,59,14,257,298,59,14,257,298,199,285,56715,5538,5538,0
L2D_ROI,79,EYE_L_SWEEP,100,1,23,1,59,14,257,298,199,285,56715,1,59,14,257,298,59,14,257,298,199,285,56715,5538,5538,0
L2D_ROI,80,EYE_L_SWEEP,100,1,24,1,59,14,257,298,199,285,56715,1,59,14,257,298,59,14,257,298,199,285,56715,5538,5538,0
L2D_ROI,81,EYE_L_SWEEP,100,1,25,1,59,14,257,298,199,285,56715,1,59,14,257,298,59,14,257,298,199,285,56715,5538,5538,0
L2D_ROI,82,EYE_L_SWEEP,100,1,26,1,59,14,257,298,199,285,56715,1,59,14,257,298,59,14,257,298,199,285,56715,5538,5538,0
L2D_ROI,83,EYE_L_SWEEP,100,1,27,1,59,14,257,298,199,285,56715,1,59,14,257,298,59,14,257,298,199,285,56715,5538,5538,0
L2D_ROI,84,EYE_L_SWEEP,100,1,28,1,59,14,257,298,199,285,56715,1,59,14,257,298,59,14,257,298,199,285,56715,5538,5538,0
L2D_ROI,85,EYE_L_SWEEP,100,1,29,1,59,14,257,298,199,285,56715,1,59,14,257,298,59,14,257,298,199,285,56715,5538,5538,0
L2D_ROI,86,EYE_L_SWEEP,100,1,30,1,59,14,257,298,199,285,56715,1,59,14,257,298,59,14,257,298,199,285,56715,5538,5538,0
L2D_ROI,87,EYE_L_SWEEP,100,1,31,1,59,14,257,298,199,285,56715,1,59,14,257,298,59,14,257,298,199,285,56715,5538,5538,0
L2D_ROI,88,EYE_L_SWEEP,100,1,32,1,59,14,257,298,199,285,56715,1,59,14,257,298,59,14,257,298,199,285,56715,5538,5538,0
L2D_ROI,89,EYE_L_SWEEP,100,1,33,1,59,14,257,298,199,285,56715,1,59,14,257,298,59,14,257,298,199,285,56715,5538,5538,0
L2D_ROI,90,EYE_L_SWEEP,100,1,34,1,59,14,257,298,199,285,56715,1,59,14,257,298,59,14,257,298,199,285,56715,5538,5538,0
L2D_ROI,91,EYE_L_SWEEP,100,1,35,1,59,14,257,298,199,285,56715,1,59,14,257,298,59,14,257,298,199,285,56715,5538,5538,0
L2D_ROI,92,EYE_L_SWEEP,100,1,36,1,59,14,257,298,199,285,56715,1,59,14,257,298,59,14,257,298,199,285,56715,5538,5538,0
L2D_ROI,93,EYE_L_SWEEP,100,1,37,1,59,14,257,298,199,285,56715,1,59,14,257,298,59,14,257,298,199,285,56715,5538,5538,0
L2D_ROI,94,EYE_L_SWEEP,100,1,38,1,59,14,257,298,199,285,56715,1,59,14,257,298,59,14,257,298,199,285,56715,5538,5538,0
L2D_ROI,95,EYE_L_SWEEP,100,1,39,1,59,14,257,298,199,285,56715,1,59,14,257,298,59,14,257,298,199,285,56715,5538,5538,0
L2D_ROI,96,EYE_L_SWEEP,100,1,40,1,59,14,257,298,199,285,56715,1,59,14,257,298,59,14,257,298,199,285,56715,5538,5538,0
L2D_ROI,97,EYE_L_SWEEP,100,1,41,1,59,14,257,298,199,285,56715,1,59,14,257,298,59,14,257,298,199,285,56715,5538,5538,0
L2D_ROI,98,EYE_L_SWEEP,100,1,42,1,59,14,257,298,199,285,56715,1,59,14,257,298,59,14,257,298,199,285,56715,5538,5538,0
L2D_ROI,99,EYE_L_SWEEP,100,1,43,1,59,14,257,298,199,285,56715,1,59,14,257,298,59,14,257,298,199,285,56715,5538,5538,0
L2D_ROI,100,EYE_L_SWEEP,100,1,44,1,59,14,257,298,199,285,56715,1,59,14,257,298,59,14,257,298,199,285,56715,5538,5538,0
L2D_ROI,101,EYE_L_SWEEP,100,1,45,1,59,14,257,298,199,285,56715,1,59,14,257,298,59,14,257,298,199,285,56715,5538,5538,0
L2D_ROI,102,EYE_L_SWEEP,100,1,46,1,59,14,257,298,199,285,56715,1,59,14,257,298,59,14,257,298,199,285,56715,5538,5538,0
L2D_ROI,103,EYE_L_SWEEP,100,1,47,1,59,14,257,298,199,285,56715,1,59,14,257,298,59,14,257,298,199,285,56715,5538,5538,0
L2D_ROI,104,EYE_L_SWEEP,100,1,48,1,59,14,257,298,199,285,56715,1,59,14,257,298,59,14,257,298,199,285,56715,5538,5538,0
L2D_ROI,105,EYE_L_SWEEP,100,1,49,1,59,14,257,298,199,285,56715,1,59,14,257,298,59,14,257,298,199,285,56715,5538,5538,0
L2D_ROI,106,EYE_L_SWEEP,100,1,50,1,59,14,257,298,199,285,56715,1,59,14,257,298,59,14,257,298,199,285,56715,5538,5538,0
L2D_ROI,107,EYE_L_SWEEP,100,1,51,1,59,14,257,298,199,285,56715,1,59,14,257,298,59,14,257,298,199,285,56715,5538,5538,0
L2D_ROI,108,EYE_L_SWEEP,100,1,52,1,59,14,257,298,199,285,56715,1,59,14,257,298,59,14,257,298,199,285,56715,5538,5538,0
L2D_ROI,109,EYE_L_SWEEP,100,1,53,1,59,14,257,298,199,285,56715,1,59,14,257,298,59,14,257,298,199,285,56715,5538,5538,0
L2D_ROI,110,EYE_L_SWEEP,100,1,54,1,59,14,257,298,199,285,56715,1,59,14,257,298,59,14,257,298,199,285,56715,5538,5538,0
L2D_SUMMARY,EYE_L_SWEEP,100,1,slot_wait_us,50,0.00,0,0,0,0,0,0
L2D_SUMMARY,EYE_L_SWEEP,100,1,controller_us,50,46.10,46,46,55,45,55,0
L2D_SUMMARY,EYE_L_SWEEP,100,1,rt30_us,50,559.94,561,591,604,491,604,0
L2D_SUMMARY,EYE_L_SWEEP,100,1,hierarchy_vertex_us,50,1206.12,1201,1238,1276,1186,1276,0
L2D_SUMMARY,EYE_L_SWEEP,100,1,bounds_us,50,3.20,3,4,5,3,5,0
L2D_SUMMARY,EYE_L_SWEEP,100,1,clear_us,50,1050.14,1064,1150,1154,889,1154,0
L2D_SUMMARY,EYE_L_SWEEP,100,1,raster_us,50,19315.70,19306,19503,19568,19112,19568,0
I (9545) l2d_profile: EYE_L_SWEEP scale=100 round=1 raster_us avg=19316 p95=19503 p99=19568 max=19568
L2D_SUMMARY,EYE_L_SWEEP,100,1,convert_us,50,4465.28,4482,4561,4565,4233,4565,0
L2D_SUMMARY,EYE_L_SWEEP,100,1,cache_sync_us,50,26.66,26,30,37,24,37,0
L2D_SUMMARY,EYE_L_SWEEP,100,1,producer_total_us,50,27096.06,27086,27263,27336,26761,27336,0
I (9575) l2d_profile: EYE_L_SWEEP scale=100 round=1 producer_total_us avg=27096 p95=27263 p99=27336 max=27336
L2D_SUMMARY,EYE_L_SWEEP,100,1,publish_consume_us,50,15.40,15,20,24,11,24,0
L2D_SUMMARY,EYE_L_SWEEP,100,1,ppa_wait_us,50,5452.76,5439,5636,5655,5293,5655,0
L2D_SUMMARY,EYE_L_SWEEP,100,1,ppa_blend_us,50,0.00,0,0,0,0,0,0
L2D_SUMMARY,EYE_L_SWEEP,100,1,panel_submit_us,50,152.36,151,164,187,141,187,0
L2D_SUMMARY,EYE_L_SWEEP,100,1,frame_drop,50,0.00,0,0,0,0,0,0
L2D_SUMMARY,EYE_L_SWEEP,100,1,ppa_fill_us,50,1021.94,1035,1121,1124,863,1124,0
L2D_SUMMARY,EYE_L_SWEEP,100,1,ppa_srm_us,50,4430.82,4447,4528,4531,4200,4531,0
L2D_SUMMARY,EYE_L_SWEEP,100,1,ppa_total_us,50,5452.76,5439,5636,5655,5293,5655,0
L2D_SUMMARY,EYE_L_SWEEP,100,1,clear_cache_sync_us,50,13.56,12,17,23,11,23,0
L2D_SUMMARY,EYE_L_SWEEP,100,1,convert_cache_sync_us,50,0.00,0,0,0,0,0,0
L2D_SUMMARY,EYE_L_SWEEP,100,1,flush_cache_sync_us,50,13.10,13,14,14,13,14,0
L2D_SUMMARY,EYE_L_SWEEP,100,1,cache_sync_total_us,50,26.66,26,30,37,24,37,0
L2D_SUMMARY,EYE_L_SWEEP,100,1,display_lock_wait_us,50,29.12,20,81,210,16,210,0
L2D_SUMMARY,EYE_L_SWEEP,100,1,flush_total_us,50,208.08,194,266,394,184,394,0
L2D_SUMMARY,EYE_L_SWEEP,100,1,frame_total_us,50,27319.54,27328,27472,27538,26982,27538,0
L2D_SUMMARY,EYE_L_SWEEP,100,1,keypoint_us,50,0.00,0,0,0,0,0,0
L2D_SUMMARY,EYE_L_SWEEP,100,1,visual_transform_us,50,0.00,0,0,0,0,0,0
L2D_SUMMARY,EYE_L_SWEEP,100,1,stretch_us,50,0.00,0,0,0,0,0,0
L2D_SUMMARY,EYE_L_SWEEP,100,1,vertex_transform_us,50,0.00,0,0,0,0,0,0
L2D_SUMMARY,EYE_L_SWEEP,100,1,uv_update_us,50,0.00,0,0,0,0,0,0
L2D_SUMMARY,EYE_L_SWEEP,100,1,trig_cache_hit,50,51.00,51,51,51,51,51,0
L2D_SUMMARY,EYE_L_SWEEP,100,1,trig_cache_miss,50,0.00,0,0,0,0,0,0
L2D_SUMMARY,EYE_L_SWEEP,100,1,slot_miss,50,0.00,0,0,0,0,0,0
L2D_SUMMARY,EYE_L_SWEEP,100,1,lock_skip,50,0.00,0,0,0,0,0,0
L2D_SUMMARY,EYE_L_SWEEP,100,1,deadline_miss,50,0.00,0,0,0,0,0,0
L2D_SUMMARY,EYE_L_SWEEP,100,1,roi.current_area,50,56715.00,56715,56715,56715,56715,56715,0
L2D_SUMMARY,EYE_L_SWEEP,100,1,roi.union_area,50,56715.00,56715,56715,56715,56715,56715,0
L2D_SUMMARY,EYE_L_SWEEP,100,1,roi.current_area_ratio_q10000,50,5538.00,5538,5538,5538,5538,5538,0
L2D_SUMMARY,EYE_L_SWEEP,100,1,roi.union_area_ratio_q10000,50,5538.00,5538,5538,5538,5538,5538,0
L2D_SUMMARY,EYE_L_SWEEP,100,1,roi.current_w,50,199.00,199,199,199,199,199,0
L2D_SUMMARY,EYE_L_SWEEP,100,1,roi.current_h,50,285.00,285,285,285,285,285,0
L2D_SUMMARY,EYE_L_SWEEP,100,1,roi.union_w,50,199.00,199,199,199,199,199,0
L2D_SUMMARY,EYE_L_SWEEP,100,1,roi.union_h,50,285.00,285,285,285,285,285,0
I (9801) l2d_profile: done EYE_L_SWEEP scale=100 round=1
L2D_FRAME,116,MULTI_AXIS,100,1,5,0,49,959,1353,4,910,19185,25,27492,11,5438,0,152,881,4557,5438,12,0,13,25,20,196,27699,0,0,320,320,0,0,0,0,0,4593,0,0,0,0,0,50,1
L2D_FRAME,117,MULTI_AXIS,100,1,6,0,46,945,1353,3,994,19034,25,27391,10,5507,0,147,968,4539,5507,12,0,13,25,16,191,27592,0,0,320,320,0,0,0,0,0,4576,0,0,0,0,0,50,1
L2D_FRAME,118,MULTI_AXIS,100,1,7,0,48,922,1382,4,1085,19190,25,27640,11,5586,0,151,1059,4527,5586,12,0,13,25,20,203,27854,0,0,320,320,0,0,0,0,0,4568,0,0,0,0,0,50,1
L2D_FRAME,119,MULTI_AXIS,100,1,8,0,46,921,1347,3,1151,19032,24,27432,11,5569,0,151,1127,4442,5569,11,0,13,24,20,195,27638,0,0,320,320,0,0,0,0,0,4476,0,0,0,0,0,50,1
L2D_FRAME,120,MULTI_AXIS,100,1,9,0,46,888,1389,3,1148,19052,25,28225,11,5592,0,201,1123,4469,5592,12,0,13,25,20,246,28482,0,0,320,320,0,0,0,0,0,4503,0,0,0,0,0,50,1
L2D_FRAME,121,MULTI_AXIS,100,1,10,0,55,899,1346,3,1155,19094,29,27399,17,5490,0,147,1123,4367,5490,16,0,13,29,16,186,27602,0,0,320,320,0,0,0,0,0,4403,0,0,0,0,0,50,1
L2D_FRAME,122,MULTI_AXIS,100,1,11,0,48,935,1348,3,1136,19026,25,27250,16,5398,0,150,1111,4287,5398,12,0,13,25,16,190,27456,0,0,320,320,0,0,0,0,0,4324,0,0,0,0,0,50,1
L2D_FRAME,123,MULTI_AXIS,100,1,12,0,45,934,1382,3,1145,19108,26,27356,53,5359,0,150,1119,4240,5359,12,0,14,26,17,190,27599,0,0,320,320,0,0,0,0,0,4278,0,0,0,0,0,50,1
L2D_FRAME,124,MULTI_AXIS,100,1,13,0,47,944,1360,3,1135,19049,25,27187,11,5276,0,152,1109,4167,5276,12,0,13,25,20,196,27394,0,0,320,320,0,0,0,0,0,4209,0,0,0,0,0,50,1
L2D_FRAME,125,MULTI_AXIS,100,1,14,0,46,940,1396,3,1148,19094,25,27349,15,5367,0,151,1119,4248,5367,12,0,13,25,16,192,27556,0,0,320,320,0,0,0,0,0,4281,0,0,0,0,0,50,1
L2D_FRAME,126,MULTI_AXIS,100,1,15,0,46,978,1361,3,1146,19289,25,27585,20,5396,0,150,1117,4279,5396,12,0,13,25,17,191,27796,0,0,320,320,0,0,0,0,0,4312,0,0,0,0,0,50,1
L2D_FRAME,127,MULTI_AXIS,100,1,16,0,46,937,1362,3,1142,19050,28,27222,17,5329,0,150,1113,4216,5329,15,0,13,28,17,194,27433,0,0,320,320,0,0,0,0,0,4249,0,0,0,0,0,50,1
L2D_FRAME,128,MULTI_AXIS,100,1,17,0,46,943,1376,3,1147,19184,25,27405,20,5303,0,158,1118,4185,5303,12,0,13,25,16,198,27623,0,0,320,320,0,0,0,0,0,4259,0,0,0,0,0,50,1
L2D_FRAME,129,MULTI_AXIS,100,1,18,0,46,936,1346,3,1142,19214,26,27279,15,5220,0,155,1113,4107,5220,12,0,14,26,16,195,27489,0,0,320,320,0,0,0,0,0,4146,0,0,0,0,0,50,1
L2D_FRAME,130,MULTI_AXIS,100,1,19,0,49,935,1390,3,1145,19181,25,27322,14,5253,0,154,1116,4137,5253,12,0,13,25,20,199,27535,0,0,320,320,0,0,0,0,0,4170,0,0,0,0,0,50,1
L2D_FRAME,131,MULTI_AXIS,100,1,20,0,55,965,1354,3,1156,19337,25,27427,15,5207,0,147,1127,4080,5207,12,0,13,25,17,192,27634,0,0,320,320,0,0,0,0,0,4116,0,0,0,0,0,50,1
L2D_FRAME,132,MULTI_AXIS,100,1,21,0,46,951,1347,4,1134,19310,26,27409,20,5245,0,154,1105,4140,5245,12,0,14,26,17,195,27624,0,0,320,320,0,0,0,0,0,4178,0,0,0,0,0,50,1
L2D_FRAME,133,MULTI_AXIS,100,1,22,0,49,940,1382,3,1138,19495,25,28240,10,5866,0,151,1109,4757,5866,12,0,13,25,20,200,28450,0,0,320,320,0,0,0,0,0,4790,0,0,0,0,0,50,1
L2D_FRAME,134,MULTI_AXIS,100,1,23,0,46,932,1345,3,1150,19253,25,27558,16,5474,0,154,1121,4353,5474,12,0,13,25,16,194,27768,0,0,320,320,0,0,0,0,0,4389,0,0,0,0,0,50,1
L2D_FRAME,135,MULTI_AXIS,100,1,24,0,47,946,1387,3,1148,19215,25,27647,11,5542,0,159,1122,4420,5542,12,0,13,25,17,206,27864,0,0,320,320,0,0,0,0,0,4454,0,0,0,0,0,50,1
L2D_FRAME,136,MULTI_AXIS,100,1,25,0,45,978,1350,3,1138,19408,25,27785,11,5496,0,157,1113,4383,5496,12,0,13,25,20,204,28000,0,0,320,320,0,0,0,0,0,4420,0,0,0,0,0,50,1
L2D_FRAME,137,MULTI_AXIS,100,1,26,0,45,949,1385,3,1147,19319,25,27602,11,5400,0,144,1121,4279,5400,12,0,13,25,16,188,27801,0,0,320,320,0,0,0,0,0,4311,0,0,0,0,0,50,1
L2D_FRAME,138,MULTI_AXIS,100,1,27,0,48,978,1353,3,1148,19429,25,27688,20,5381,0,157,1118,4263,5381,12,0,13,25,683,863,28571,0,0,320,320,0,0,0,0,0,4296,0,0,0,0,0,50,1
L2D_FRAME,139,MULTI_AXIS,100,1,28,0,45,948,1351,3,1136,19317,39,27578,15,5422,0,159,1111,4311,5422,12,0,27,39,16,213,27806,0,0,320,320,0,0,0,0,0,4344,0,0,0,0,0,50,1
L2D_FRAME,140,MULTI_AXIS,100,1,29,0,46,952,1274,3,1142,19334,25,27541,11,5423,0,146,1117,4306,5423,12,0,13,25,16,190,27742,0,0,320,320,0,0,0,0,0,4340,0,0,0,0,0,50,1
L2D_FRAME,141,MULTI_AXIS,100,1,30,0,47,934,1348,3,1141,19319,29,27586,15,5439,0,155,1111,4328,5439,16,0,13,29,16,196,27797,0,0,320,320,0,0,0,0,0,4361,0,0,0,0,0,50,1
L2D_FRAME,142,MULTI_AXIS,100,1,31,0,46,950,1393,3,1143,19208,25,28442,10,6331,0,148,1118,5213,6331,12,0,13,25,36,209,28661,0,0,320,320,0,0,0,0,0,5247,0,0,0,0,0,50,1
L2D_FRAME,143,MULTI_AXIS,100,1,32,0,46,969,1343,4,1142,19346,31,27869,11,5665,0,163,1114,4551,5665,18,0,13,31,20,207,28087,0,0,320,320,0,0,0,0,0,4588,0,0,0,0,0,50,1
L2D_FRAME,144,MULTI_AXIS,100,1,33,0,47,944,1382,3,1131,19215,25,27822,11,5728,0,163,1102,4626,5728,12,0,13,25,20,207,28040,0,0,320,320,0,0,0,0,0,4659,0,0,0,0,0,50,1
L2D_FRAME,145,MULTI_AXIS,100,1,34,0,48,933,1353,3,1133,19178,25,27645,15,5627,0,150,1109,4518,5627,11,0,14,25,17,191,27851,0,0,320,320,0,0,0,0,0,4555,0,0,0,0,0,50,1
L2D_FRAME,146,MULTI_AXIS,100,1,35,0,46,952,1377,3,1149,19126,25,27707,10,5677,0,156,1118,4559,5677,12,0,13,25,20,201,27918,0,0,320,320,0,0,0,0,0,4609,0,0,0,0,0,50,1
L2D_FRAME,147,MULTI_AXIS,100,1,36,0,46,933,1354,3,1145,19161,25,27502,16,5504,0,152,1118,4386,5504,12,0,13,25,16,192,27710,0,0,320,320,0,0,0,0,0,4418,0,0,0,0,0,50,1
L2D_FRAME,148,MULTI_AXIS,100,1,37,0,46,934,1390,4,1153,19101,27,27592,15,5608,0,146,1129,4479,5608,14,0,13,27,16,187,27794,0,0,320,320,0,0,0,0,0,4512,0,0,0,0,0,50,1
L2D_FRAME,149,MULTI_AXIS,100,1,38,0,49,984,1358,3,1151,19309,27,27777,16,5581,0,160,1126,4455,5581,14,0,13,27,829,1016,28809,0,0,320,320,0,0,0,0,0,4489,0,0,0,0,0,50,1
L2D_FRAME,150,MULTI_AXIS,100,1,39,0,46,950,1362,3,1143,19101,26,27709,15,5735,0,169,1117,4618,5735,12,0,14,26,17,209,27933,0,0,320,320,0,0,0,0,0,4655,0,0,0,0,0,50,1
L2D_FRAME,151,MULTI_AXIS,100,1,40,0,46,982,1353,3,1148,19208,25,27630,11,5539,0,160,1124,4415,5539,12,0,13,25,566,761,28402,0,0,320,320,0,0,0,0,0,4451,0,0,0,0,0,50,1
L2D_FRAME,152,MULTI_AXIS,100,1,41,0,48,952,1351,3,1140,19169,27,27710,11,5681,0,154,1116,4565,5681,14,0,13,27,16,197,27918,0,0,320,320,0,0,0,0,0,4602,0,0,0,0,0,50,1
L2D_FRAME,153,MULTI_AXIS,100,1,42,0,46,973,1356,4,1151,19300,25,27691,15,5513,0,160,1123,4390,5513,12,0,13,25,225,409,28115,0,0,320,320,0,0,0,0,0,4423,0,0,0,0,0,50,1
L2D_FRAME,154,MULTI_AXIS,100,1,43,0,46,944,1387,3,1150,19093,25,27578,14,5578,0,155,1119,4459,5578,12,0,13,25,16,200,27792,0,0,320,320,0,0,0,0,0,4492,0,0,0,0,0,50,1
L2D_FRAME,155,MULTI_AXIS,100,1,44,0,49,973,1349,3,1149,19318,31,27776,10,5584,0,167,1117,4467,5584,18,0,13,31,20,216,28002,0,0,320,320,0,0,0,0,0,4504,0,0,0,0,0,50,1
L2D_FRAME,156,MULTI_AXIS,100,1,45,0,48,958,1396,3,1145,19143,27,27687,18,5644,0,155,1118,4526,5644,14,0,13,27,16,196,27901,0,0,320,320,0,0,0,0,0,4558,0,0,0,0,0,50,1
L2D_FRAME,157,MULTI_AXIS,100,1,46,0,48,947,1364,3,1139,19253,27,27615,11,5494,0,151,1114,4380,5494,14,0,13,27,20,200,27826,0,0,320,320,0,0,0,0,0,4413,0,0,0,0,0,50,1
L2D_FRAME,158,MULTI_AXIS,100,1,47,0,47,945,1402,4,1142,19264,24,27826,11,5658,0,171,1114,4544,5658,11,0,13,24,20,219,28056,0,0,320,320,0,0,0,0,0,4577,0,0,0,0,0,50,1
L2D_FRAME,159,MULTI_AXIS,100,1,48,0,46,940,1357,3,1146,19424,24,28420,15,6153,0,151,1122,5031,6153,11,0,13,24,16,192,28627,0,0,320,320,0,0,0,0,0,5068,0,0,0,0,0,50,1
L2D_FRAME,160,MULTI_AXIS,100,1,49,0,48,954,1400,4,1144,19349,26,27708,15,5453,0,151,1118,4335,5453,12,0,14,26,17,191,27914,0,0,320,320,0,0,0,0,0,4372,0,0,0,0,0,50,1
L2D_FRAME,161,MULTI_AXIS,100,1,50,0,48,952,1368,3,1142,19480,25,27579,16,5232,0,160,1117,4115,5232,11,0,14,25,542,729,28324,0,0,320,320,0,0,0,0,0,4159,0,0,0,0,0,50,1
L2D_FRAME,162,MULTI_AXIS,100,1,51,0,45,959,1398,3,1131,19381,27,27503,15,5138,0,147,1107,4031,5138,14,0,13,27,16,190,27708,0,0,320,320,0,0,0,0,0,4134,0,0,0,0,0,50,1
L2D_FRAME,163,MULTI_AXIS,100,1,52,0,47,973,1365,3,1138,19510,25,27689,15,5289,0,150,1113,4176,5289,12,0,13,25,16,195,27899,0,0,320,320,0,0,0,0,0,4213,0,0,0,0,0,50,1
L2D_FRAME,164,MULTI_AXIS,100,1,53,0,48,953,1397,3,1139,19339,25,27731,14,5493,0,150,1113,4380,5493,12,0,13,25,16,191,27936,0,0,320,320,0,0,0,0,0,4412,0,0,0,0,0,50,1
L2D_FRAME,165,MULTI_AXIS,100,1,54,0,47,888,1360,3,1142,19401,25,27592,15,5384,0,155,1113,4271,5384,12,0,13,25,16,198,27805,0,0,320,320,0,0,0,0,0,4306,0,0,0,0,0,50,1
L2D_ROI,116,MULTI_AXIS,100,1,5,1,73,15,272,298,200,284,56800,1,71,14,270,298,71,14,272,298,202,285,57570,5546,5622,0
L2D_ROI,117,MULTI_AXIS,100,1,6,1,75,15,274,298,200,284,56800,1,73,15,272,298,73,15,274,298,202,284,57368,5546,5602,0
L2D_ROI,118,MULTI_AXIS,100,1,7,1,77,16,276,298,200,283,56600,1,75,15,274,298,75,15,276,298,202,284,57368,5527,5602,0
L2D_ROI,119,MULTI_AXIS,100,1,8,1,79,16,277,298,199,283,56317,1,77,16,276,298,77,16,277,298,201,283,56883,5499,5554,0
L2D_ROI,120,MULTI_AXIS,100,1,9,1,78,17,276,298,199,282,56118,1,79,16,277,298,78,16,277,298,200,283,56600,5480,5527,0
L2D_ROI,121,MULTI_AXIS,100,1,10,1,78,17,276,298,199,282,56118,1,78,17,276,298,78,17,276,298,199,282,56118,5480,5480,0
L2D_ROI,122,MULTI_AXIS,100,1,11,1,77,18,275,298,199,281,55919,1,78,17,276,298,77,17,276,298,200,282,56400,5460,5507,0
L2D_ROI,123,MULTI_AXIS,100,1,12,1,77,18,275,298,199,281,55919,1,77,18,275,298,77,18,275,298,199,281,55919,5460,5460,0
L2D_ROI,124,MULTI_AXIS,100,1,13,1,76,19,275,298,200,280,56000,1,77,18,275,298,76,18,275,298,200,281,56200,5468,5488,0
L2D_ROI,125,MULTI_AXIS,100,1,14,1,76,20,274,298,199,279,55521,1,76,19,275,298,76,19,275,298,200,280,56000,5421,5468,0
L2D_ROI,126,MULTI_AXIS,100,1,15,1,75,21,274,298,200,278,55600,1,76,20,274,298,75,20,274,298,200,279,55800,5429,5449,0
L2D_ROI,127,MULTI_AXIS,100,1,16,1,74,20,272,298,199,279,55521,1,75,21,274,298,74,20,274,298,201,279,56079,5421,5476,0
L2D_ROI,128,MULTI_AXIS,100,1,17,1,72,19,269,298,198,280,55440,1,74,20,272,298,72,19,272,298,201,280,56280,5414,5496,0
L2D_ROI,129,MULTI_AXIS,100,1,18,1,70,19,267,298,198,280,55440,1,72,19,269,298,70,19,269,298,200,280,56000,5414,5468,0
L2D_ROI,130,MULTI_AXIS,100,1,19,1,68,18,266,298,199,281,55919,1,70,19,267,298,68,18,267,298,200,281,56200,5460,5488,0
L2D_ROI,131,MULTI_AXIS,100,1,20,1,66,17,264,298,199,282,56118,1,68,18,266,298,66,17,266,298,201,282,56682,5480,5535,0
L2D_ROI,132,MULTI_AXIS,100,1,21,1,65,17,263,298,199,282,56118,1,66,17,264,298,65,17,264,298,200,282,56400,5480,5507,0
L2D_ROI,133,MULTI_AXIS,100,1,22,1,63,17,261,298,199,282,56118,1,65,17,263,298,63,17,263,298,201,282,56682,5480,5535,0
L2D_ROI,134,MULTI_AXIS,100,1,23,1,61,16,259,298,199,283,56317,1,63,17,261,298,61,16,261,298,201,283,56883,5499,5554,0
L2D_ROI,135,MULTI_AXIS,100,1,24,1,60,15,258,298,199,284,56516,1,61,16,259,298,60,15,259,298,200,284,56800,5519,5546,0
L2D_ROI,136,MULTI_AXIS,100,1,25,1,58,15,256,298,199,284,56516,1,60,15,258,298,58,15,258,298,201,284,57084,5519,5574,0
L2D_ROI,137,MULTI_AXIS,100,1,26,1,56,14,254,298,199,285,56715,1,58,15,256,298,56,14,256,298,201,285,57285,5538,5594,0
L2D_ROI,138,MULTI_AXIS,100,1,27,1,54,14,252,298,199,285,56715,1,56,14,254,298,54,14,254,298,201,285,57285,5538,5594,0
L2D_ROI,139,MULTI_AXIS,100,1,28,1,52,14,250,298,199,285,56715,1,54,14,252,298,52,14,252,298,201,285,57285,5538,5594,0
L2D_ROI,140,MULTI_AXIS,100,1,29,1,50,13,248,298,199,286,56914,1,52,14,250,298,50,13,250,298,201,286,57486,5558,5613,0
L2D_ROI,141,MULTI_AXIS,100,1,30,1,48,13,247,298,200,286,57200,1,50,13,248,298,48,13,248,298,201,286,57486,5585,5613,0
L2D_ROI,142,MULTI_AXIS,100,1,31,1,47,12,245,298,199,287,57113,1,48,13,247,298,47,12,247,298,201,287,57687,5577,5633,0
L2D_ROI,143,MULTI_AXIS,100,1,32,1,45,12,243,298,199,287,57113,1,47,12,245,298,45,12,245,298,201,287,57687,5577,5633,0
L2D_ROI,144,MULTI_AXIS,100,1,33,1,43,11,242,298,200,288,57600,1,45,12,243,298,43,11,243,298,201,288,57888,5625,5653,0
L2D_ROI,145,MULTI_AXIS,100,1,34,1,41,11,240,298,200,288,57600,1,43,11,242,298,41,11,242,298,202,288,58176,5625,5681,0
L2D_ROI,146,MULTI_AXIS,100,1,35,1,40,11,238,298,199,288,57312,1,41,11,240,298,40,11,240,298,201,288,57888,5596,5653,0
L2D_ROI,147,MULTI_AXIS,100,1,36,1,38,10,237,298,200,289,57800,1,40,11,238,298,38,10,238,298,201,289,58089,5644,5672,0
L2D_ROI,148,MULTI_AXIS,100,1,37,1,36,10,235,298,200,289,57800,1,38,10,237,298,36,10,237,298,202,289,58378,5644,5700,0
L2D_ROI,149,MULTI_AXIS,100,1,38,1,37,10,236,298,200,289,57800,1,36,10,235,298,36,10,236,298,201,289,58089,5644,5672,0
L2D_ROI,150,MULTI_AXIS,100,1,39,1,38,10,237,298,200,289,57800,1,37,10,236,298,37,10,237,298,201,289,58089,5644,5672,0
L2D_ROI,151,MULTI_AXIS,100,1,40,1,39,10,238,298,200,289,57800,1,38,10,237,298,38,10,238,298,201,289,58089,5644,5672,0
L2D_ROI,152,MULTI_AXIS,100,1,41,1,40,10,239,298,200,289,57800,1,39,10,238,298,39,10,239,298,201,289,58089,5644,5672,0
L2D_ROI,153,MULTI_AXIS,100,1,42,1,40,10,240,298,201,289,58089,1,40,10,239,298,40,10,240,298,201,289,58089,5672,5672,0
L2D_ROI,154,MULTI_AXIS,100,1,43,1,41,10,241,298,201,289,58089,1,40,10,240,298,40,10,241,298,202,289,58378,5672,5700,0
L2D_ROI,155,MULTI_AXIS,100,1,44,1,41,10,241,298,201,289,58089,1,41,10,241,298,41,10,241,298,201,289,58089,5672,5672,0
L2D_ROI,156,MULTI_AXIS,100,1,45,1,44,10,243,298,200,289,57800,1,41,10,241,298,41,10,243,298,203,289,58667,5644,5729,0
L2D_ROI,157,MULTI_AXIS,100,1,46,1,45,10,245,298,201,289,58089,1,44,10,243,298,44,10,245,298,202,289,58378,5672,5700,0
L2D_ROI,158,MULTI_AXIS,100,1,47,1,47,10,247,298,201,289,58089,1,45,10,245,298,45,10,247,298,203,289,58667,5672,5729,0
L2D_ROI,159,MULTI_AXIS,100,1,48,1,49,10,248,298,200,289,57800,1,47,10,247,298,47,10,248,298,202,289,58378,5644,5700,0
L2D_ROI,160,MULTI_AXIS,100,1,49,1,50,11,250,298,201,288,57888,1,49,10,248,298,49,10,250,298,202,289,58378,5653,5700,0
L2D_ROI,161,MULTI_AXIS,100,1,50,1,52,11,252,298,201,288,57888,1,50,11,250,298,50,11,252,298,203,288,58464,5653,5709,0
L2D_ROI,162,MULTI_AXIS,100,1,51,1,53,11,253,298,201,288,57888,1,52,11,252,298,52,11,253,298,202,288,58176,5653,5681,0
L2D_ROI,163,MULTI_AXIS,100,1,52,1,55,11,255,298,201,288,57888,1,53,11,253,298,53,11,255,298,203,288,58464,5653,5709,0
L2D_ROI,164,MULTI_AXIS,100,1,53,1,56,11,256,298,201,288,57888,1,55,11,255,298,55,11,256,298,202,288,58176,5653,5681,0
L2D_ROI,165,MULTI_AXIS,100,1,54,1,58,12,258,298,201,287,57687,1,56,11,256,298,56,11,258,298,203,288,58464,5633,5709,0
L2D_SUMMARY,MULTI_AXIS,100,1,slot_wait_us,50,0.00,0,0,0,0,0,0
L2D_SUMMARY,MULTI_AXIS,100,1,controller_us,50,47.10,46,49,55,45,55,0
L2D_SUMMARY,MULTI_AXIS,100,1,rt30_us,50,946.62,946,978,984,888,984,0
L2D_SUMMARY,MULTI_AXIS,100,1,hierarchy_vertex_us,50,1365.64,1360,1398,1402,1274,1402,0
L2D_SUMMARY,MULTI_AXIS,100,1,bounds_us,50,3.16,3,4,4,3,4,0
L2D_SUMMARY,MULTI_AXIS,100,1,clear_us,50,1134.86,1143,1153,1156,910,1156,0
L2D_SUMMARY,MULTI_AXIS,100,1,raster_us,50,19237.90,19215,19480,19510,19026,19510,0
I (12850) l2d_profile: MULTI_AXIS scale=100 round=1 raster_us avg=19238 p95=19480 p99=19510 max=19510
L2D_SUMMARY,MULTI_AXIS,100,1,convert_us,50,4435.24,4413,4790,5247,4116,5247,0
L2D_SUMMARY,MULTI_AXIS,100,1,cache_sync_us,50,26.02,25,31,39,24,39,0
L2D_SUMMARY,MULTI_AXIS,100,1,producer_total_us,50,27627.90,27592,28240,28442,27187,28442,0
I (12879) l2d_profile: MULTI_AXIS scale=100 round=1 producer_total_us avg=27628 p95=28240 p99=28442 max=28442
L2D_SUMMARY,MULTI_AXIS,100,1,publish_consume_us,50,14.64,15,20,53,10,53,0
L2D_SUMMARY,MULTI_AXIS,100,1,ppa_wait_us,50,5505.34,5493,5866,6331,5138,6331,0
L2D_SUMMARY,MULTI_AXIS,100,1,ppa_blend_us,50,0.00,0,0,0,0,0,0
L2D_SUMMARY,MULTI_AXIS,100,1,panel_submit_us,50,154.92,152,169,201,144,201,0
L2D_SUMMARY,MULTI_AXIS,100,1,frame_drop,50,0.00,0,0,0,0,0,0
L2D_SUMMARY,MULTI_AXIS,100,1,ppa_fill_us,50,1107.80,1117,1127,1129,881,1129,0
L2D_SUMMARY,MULTI_AXIS,100,1,ppa_srm_us,50,4397.54,4380,4757,5213,4031,5213,0
L2D_SUMMARY,MULTI_AXIS,100,1,ppa_total_us,50,5505.34,5493,5866,6331,5138,6331,0
L2D_SUMMARY,MULTI_AXIS,100,1,clear_cache_sync_us,50,12.60,12,16,18,11,18,0
L2D_SUMMARY,MULTI_AXIS,100,1,convert_cache_sync_us,50,0.00,0,0,0,0,0,0
L2D_SUMMARY,MULTI_AXIS,100,1,flush_cache_sync_us,50,13.42,13,14,27,13,27,0
L2D_SUMMARY,MULTI_AXIS,100,1,cache_sync_total_us,50,26.02,25,31,39,24,39,0
L2D_SUMMARY,MULTI_AXIS,100,1,display_lock_wait_us,50,73.00,17,566,829,16,829,0
L2D_SUMMARY,MULTI_AXIS,100,1,flush_total_us,50,254.12,196,761,1016,186,1016,0
L2D_SUMMARY,MULTI_AXIS,100,1,frame_total_us,50,27896.66,27806,28627,28809,27394,28809,0
L2D_SUMMARY,MULTI_AXIS,100,1,keypoint_us,50,0.00,0,0,0,0,0,0
L2D_SUMMARY,MULTI_AXIS,100,1,visual_transform_us,50,0.00,0,0,0,0,0,0
L2D_SUMMARY,MULTI_AXIS,100,1,stretch_us,50,0.00,0,0,0,0,0,0
L2D_SUMMARY,MULTI_AXIS,100,1,vertex_transform_us,50,0.00,0,0,0,0,0,0
L2D_SUMMARY,MULTI_AXIS,100,1,uv_update_us,50,0.00,0,0,0,0,0,0
L2D_SUMMARY,MULTI_AXIS,100,1,trig_cache_hit,50,50.00,50,50,50,50,50,0
L2D_SUMMARY,MULTI_AXIS,100,1,trig_cache_miss,50,1.00,1,1,1,1,1,0
L2D_SUMMARY,MULTI_AXIS,100,1,slot_miss,50,0.00,0,0,0,0,0,0
L2D_SUMMARY,MULTI_AXIS,100,1,lock_skip,50,0.00,0,0,0,0,0,0
L2D_SUMMARY,MULTI_AXIS,100,1,deadline_miss,50,0.00,0,0,0,0,0,0
L2D_SUMMARY,MULTI_AXIS,100,1,roi.current_area,50,56974.08,56914,58089,58089,55440,58089,0
L2D_SUMMARY,MULTI_AXIS,100,1,roi.union_area,50,57421.20,57486,58464,58667,55800,58667,0
L2D_SUMMARY,MULTI_AXIS,100,1,roi.current_area_ratio_q10000,50,5563.38,5558,5672,5672,5414,5672,0
L2D_SUMMARY,MULTI_AXIS,100,1,roi.union_area_ratio_q10000,50,5607.00,5613,5709,5729,5449,5729,0
L2D_SUMMARY,MULTI_AXIS,100,1,roi.current_w,50,199.72,200,201,201,198,201,0
L2D_SUMMARY,MULTI_AXIS,100,1,roi.current_h,50,285.26,286,289,289,278,289,0
L2D_SUMMARY,MULTI_AXIS,100,1,roi.union_w,50,201.16,201,203,203,199,203,0
L2D_SUMMARY,MULTI_AXIS,100,1,roi.union_h,50,285.44,286,289,289,279,289,0
I (13103) l2d_profile: done MULTI_AXIS scale=100 round=1
L2D_DONE
