ESP-ROM:esp32p4-eco2-20240710
Build:Jul 10 2024
rst:0x1 (POWERON),boot:0x30f (SPI_FAST_FLASH_BOOT)
SPI mode:DIO, clock div:1
load:0x4ff33ce0,len:0x514
load:0x4ff29ed0,len:0xbbc
load:0x4ff2cbd0,len:0x3114
entry 0x4ff29ed0
ESP-ROM:esp32p4-eco2-20240710
Build:Jul 10 2024
rst:0x1 (POWERON),boot:0x30f (SPI_FAST_FLASH_BOOT)
SPI mode:DIO, clock div:1
load:0x4ff33ce0,len:0x514
load:0x4ff29ed0,len:0xbbc
load:0x4ff2cbd0,len:0x3114
entry 0x4ff29ed0
I (337) hex_psram: vendor id    : 0x0d (AP)
I (337) hex_psram: Latency      : 0x01 (Fixed)
I (338) hex_psram: DriveStr.    : 0x00 (25 Ohm)
I (338) hex_psram: dev id       : 0x03 (generation 4)
I (343) hex_psram: density      : 0x07 (256 Mbit)
I (347) hex_psram: good-die     : 0x06 (Pass)
I (351) hex_psram: SRF          : 0x02 (Slow Refresh)
I (356) hex_psram: BurstType    : 0x00 ( Wrap)
I (360) hex_psram: BurstLen     : 0x03 (2048 Byte)
I (365) hex_psram: BitMode      : 0x01 (X16 Mode)
I (369) hex_psram: Readlatency  : 0x04 (14 cycles@Fixed)
I (374) hex_psram: DriveStrength: 0x00 (1/1)
I (378) MSPI Timing: Enter psram timing tuning
I (553) esp_psram: Found 32MB PSRAM device
I (553) esp_psram: Speed: 200MHz
I (553) hex_psram: psram CS IO is dedicated
I (554) cpu_start: Multicore app
I (1461) esp_psram: SPI SRAM memory test OK
I (1472) cpu_start: GPIO 38 and 37 are used as console UART I/O pins
I (1472) cpu_start: Pro cpu start user code
I (1472) cpu_start: cpu freq: 360000000 Hz
I (1474) app_init: Application information:
I (1478) app_init: Project name:     live2d_rt30_baseline
I (1483) app_init: App version:      846b65e-dirty
I (1488) app_init: Compile time:     Sep 29 2026 22:13:28
I (1493) app_init: ELF file SHA256:  45db84f06...
I (1497) app_init: ESP-IDF:          v5.5.2
I (1501) efuse_init: Min chip rev:     v0.1
I (1505) efuse_init: Max chip rev:     v1.99 
I (1509) efuse_init: Chip rev:         v1.3
I (1513) heap_init: Initializing. RAM available for dynamic allocation:
I (1519) heap_init: At 4FF1ED00 len 0001C2C0 (112 KiB): RETENT_RAM
I (1525) heap_init: At 4FF3AFC0 len 00004BF0 (18 KiB): RAM
I (1530) heap_init: At 4FF40000 len 00060000 (384 KiB): RAM
I (1536) heap_init: At 501080A0 len 00007F60 (31 KiB): RTCRAM
I (1541) heap_init: At 30100084 len 00001F7C (7 KiB): TCM
I (1547) esp_psram: Adding pool of 32768K of PSRAM memory to heap allocator
I (1554) spi_flash: detected chip: generic
I (1557) spi_flash: flash io: dio
I (1560) sleep_gpio: Configure to isolate all GPIO pins in sleep state
I (1566) sleep_gpio: Enable automatic switching of GPIO sleep configuration
I (1573) main_task: Started on CPU0
I (1597) esp_psram: Reserving pool of 128K of internal memory for DMA/internal allocations
I (1598) main_task: Calling app_main()
I (1598) l2d_baseline: === Live2D RT30 baseline ===
I (1602) l2d_baseline: ========================================
I (1608) l2d_baseline:  Live2D RT30 baseline, target=30 fps, core=0
I (1614) l2d_baseline:  model=/sdcard/esp.live
I (1618) l2d_baseline: ========================================
I (1623) l2d_baseline: heap boot: psram_free=33551716 psram_min=33551716 internal_free=507183
I (1658) sys_storage: Mounting SD card at /sdcard
I (1660) main_task: Returned from app_main()
I (1714) sys_storage: Storage subsystem ready (NVS + SD at /sdcard)
I (1714) sys_sdio: ready: SD serial task core=0 prio=4 queue=20
I (1716) sys_storage: font cache found: /sdcard/fonts/noto_sans_sc_16.bin (955208 bytes)
I (1722) l2d_baseline: storage ready at /sdcard
I (1728) esp_lvgl:adapter: LVGL adapter initialized successfully
I (1805) GT911: TouchPad_ID:0x39,0x31,0x31
I (1805) GT911: TouchPad_Config_Version:101
W (1805) ledc: GPIO 20 is not usable, maybe conflict with others
I (1808) WT99P4C5_S1_BOARD: MIPI DSI PHY Powered on
I (1813) WT99P4C5_S1_BOARD: Install MIPI DSI LCD control panel
I (1818) WT99P4C5_S1_BOARD: Install EK79007 LCD control panel
I (1823) WT99P4C5_S1_BOARD: MIPI DSI DPI clock: 80.00 MHz
I (1828) ek79007: version: 1.0.4
I (2002) WT99P4C5_S1_BOARD: Display initialized
I (2002) WT99P4C5_S1_BOARD: Display resolution 1024x600
I (2006) esp_lvgl:bridge_v9: Initializing hardware resources
I (2006) esp_lvgl:bridge_v9: Hardware resources initialized successfully
I (2017) WT99P4C5_S1_BOARD: GT911 touch ready on GPIO 21
W (2017) esp_lvgl:touch: LV_USE_GESTURE_RECOGNITION is disabled; only single-point pointer events are available
I (2027) esp_lvgl:touch: Touch input device registered successfully (IRQ mode: disabled)
I (2035) esp_lvgl:adapter: LVGL task started successfully
I (2040) sys_display: Display + LVGL initialized (custom config)
I (2045) WT99P4C5_S1_BOARD: Setting LCD backlight: 80%
I (2050) sys_monitor: CPU monitor started (FreeRTOS idle run time, 1 s windows)
I (2057) sys_monitor: FPS tracking attached to display
I (2596) l2d_baseline: model file loaded: /sdcard/esp.live (800796 bytes)
I (2596) l2d_baseline: model CRC32_LE=0x5f25edc0
I (2647) l2d_baseline: model SHA256=1d7f21471dcedee2d205904791df7147c63760269462ad5d7169a97afe386100
I (2648) live2d_engine: allocated runtime pool: 2650168 bytes
I (2651) live2d_engine: Importing PainterEngine Live2D model, file size=800796 bytes, pool free=2650168 bytes
I (2709) live2d_engine: Model loaded: id='esp', size=320x320, layers=11, textures=12, animations=1, pool free=1814320 bytes
I (2710) live2d_engine: Using nearest-neighbor pixel shader for ESP renderer
I (2716) live2d_engine: RT30 realtime axes: 5
I (2720) live2d_engine:   axis[0] id='left_eye' default=0 middle=15 bindings=2 sampleBytes=360 stride=12 vidx=0 Q(coord=4 rot=6 stretch=14)
I (2733) live2d_engine:     binding[0] layer=6 id='right_eye' mask=0x0050 vertices=0 sample_offset=0
I (2741) live2d_engine:     binding[1] layer=8 id='left_eyeup' mask=0x0010 vertices=0 sample_offset=6
I (2750) live2d_engine:   axis[1] id='right_eye' default=0 middle=15 bindings=2 sampleBytes=240 stride=8 vidx=0 Q(coord=4 rot=6 stretch=14)
I (2763) live2d_engine:     binding[0] layer=5 id='left_eye' mask=0x0040 vertices=0 sample_offset=0
I (2771) live2d_engine:     binding[1] layer=7 id='right_eyeup' mask=0x0010 vertices=0 sample_offset=2
I (2780) live2d_engine:   axis[2] id='neck' default=15 middle=15 bindings=1 sampleBytes=960 stride=32 vidx=7 Q(coord=4 rot=6 stretch=14)
I (2792) live2d_engine:     binding[0] layer=3 id='neck' mask=0x0028 vertices=7 sample_offset=0
I (2801) live2d_engine:   axis[3] id='face' default=15 middle=15 bindings=11 sampleBytes=28560 stride=952 vidx=227 Q(coord=4 rot=6 stretch=14)
I (2813) live2d_engine:     binding[0] layer=0 id='back_hair' mask=0x0009 vertices=42 sample_offset=0
I (2822) live2d_engine:     binding[1] layer=1 id='cloth' mask=0x0009 vertices=25 sample_offset=172
I (2831) live2d_engine:     binding[2] layer=2 id='face' mask=0x0009 vertices=15 sample_offset=276
I (2840) live2d_engine:     binding[3] layer=3 id='neck' mask=0x0009 vertices=8 sample_offset=340
I (2848) live2d_engine:     binding[4] layer=4 id='mouth' mask=0x0009 vertices=5 sample_offset=376
I (2857) live2d_engine:     binding[5] layer=5 id='left_eye' mask=0x0009 vertices=11 sample_offset=400
I (2866) live2d_engine:     binding[6] layer=6 id='right_eye' mask=0x0009 vertices=10 sample_offset=448
I (2875) live2d_engine:     binding[7] layer=7 id='right_eyeup' mask=0x0009 vertices=13 sample_offset=492
I (2884) live2d_engine:     binding[8] layer=8 id='left_eyeup' mask=0x0009 vertices=13 sample_offset=548
I (2894) live2d_engine:     binding[9] layer=9 id='front_hair' mask=0x0009 vertices=64 sample_offset=604
I (2903) live2d_engine:     binding[10] layer=10 id='hairwear' mask=0x0009 vertices=21 sample_offset=864
I (2912) live2d_engine:   axis[4] id='mouth' default=15 middle=15 bindings=1 sampleBytes=720 stride=24 vidx=5 Q(coord=4 rot=6 stretch=14)
I (2924) live2d_engine:     binding[0] layer=4 id='mouth' mask=0x0048 vertices=5 sample_offset=0
I (2933) live2d_engine: Playing default animation index 1/1
I (2938) live2d_engine: allocated runtime pool: 1048576 bytes
I (2944) l2d_baseline: model ready id='esp' size=320x320 layers=11 textures=12 animations=1 load=290ms pool_free=1017664
I (2954) l2d_baseline: RT30 axis_count=5 static=31590 runtime=0 selectedSample=0
I (2962) l2d_baseline: axis handles: left_eye=0 right_eye=1 neck=2 face=3 mouth=4
I (2968) l2d_baseline: benchmark model_path=/sdcard/esp.live axis_count=5
I (2975) l2d_baseline: render ROI: 320x320 at (352,140), lcd=1024x600
I (2981) sys_display_buf: PSRAM before alloc: total=33554432  free=27353404 largest=26214400
I (2989) sys_display_buf: buffers created: 320x320  ARGB=409600  RGB565=204800 bytes (PSRAM DMA=yes)
I (2998) sys_display_buf: PSRAM after alloc: total=33554432  free=26738996 largest=26214400
I (3008) sys_display_flush: Flush path: 320x320 at (352,140) -> panel direct draw
I (3014) live2d_engine: Internal render scale set to 1.000
I (3026) live2d_renderer: PPA fill transparent clear enabled
I (3026) live2d_renderer: Renderer initialized: 320x320 ARGB8888 -> RGB565 via PPA SRM, rgb_swap=0, byte_swap=0, source block=320x320@(0,0)
I (3036) l2d_baseline: render backends: clear=PPA convert=PPA
I (3042) l2d_baseline: heap ready: psram_free=26737928 psram_min=26737928 internal_free=386247
I (3050) l2d_baseline: continuous RT30 drive active on 5 model axes
L2D_META_BEGIN
esp_commit=846b65e4811217fca9aca0e7150ccfd1434a27d7
live2d_commit=78fc634
idf=v5.5.2
chip=ESP32-P4
cpu_mhz=360
psram_mhz=200
optimization=-O2
render_task=core0,priority6
lvgl_task=core0,priority4
canvas=320x320
slot=none,synchronous ARGB+RGB565 buffers
display=direct panel RGB565
ppa=fill+SRM clients,blocking,blend unused
model_path=/sdcard/esp.live
model_sha256=1d7f21471dcedee2d205904791df7147c63760269462ad5d7169a97afe386100
model_size=800796
model_load_us=290269
axis_count=5
layer_count=11
vertex_count=227
triangle_count=257
texture_count=12
layers=11
vertices=227
triangles=257
textures=12
texture_pixels=184235
axes=5
sampler=fast-nearest
profile_stage=0
profile_mode=timing
srm_roi=1
default_clear=PPA
default_convert=PPA
backend_ids=0:PPA/PPA,1:CPU/PPA,2:PPA/CPU,3:CPU/CPU
warmup=5
measure=50
rounds=1
L2D_META_END
L2D_FRAME_HEADER,frame_id,scenario,scale_q100,round,frame,slot_wait_us,controller_us,rt30_us,hierarchy_vertex_us,bounds_us,clear_us,raster_us,cache_sync_us,producer_total_us,publish_consume_us,ppa_wait_us,ppa_blend_us,panel_submit_us,ppa_fill_us,ppa_srm_us,ppa_total_us,clear_cache_sync_us,convert_cache_sync_us,flush_cache_sync_us,cache_sync_total_us,display_lock_wait_us,flush_total_us,frame_total_us,dirty_x,dirty_y,dirty_w,dirty_h,frame_drop,slot_miss,lock_skip,deadline_miss,backend,convert_us,keypoint_us,visual_transform_us,stretch_us,vertex_transform_us,uv_update_us,trig_cache_hit,trig_cache_miss
L2D_SUMMARY_HEADER,scenario,scale_q100,round,metric,count,avg,p50,p95,p99,min,max,backend
L2D_ROI_HEADER,frame_id,scenario,scale_q100,round,frame,current_valid,current_min_x,current_min_y,current_max_x,current_max_y,current_w,current_h,current_area,previous_valid,previous_min_x,previous_min_y,previous_max_x,previous_max_y,union_min_x,union_min_y,union_max_x,union_max_y,union_w,union_h,union_area,current_area_ratio_q10000,union_area_ratio_q10000,force_full
L2D_SUMMARY,LOAD,0,0,load_us,1,290269,290269,290269,290269,290269,290269,0
I (3232) l2d_profile: profile suite: stage=0 rounds=1 frames=50
I (3238) live2d_engine: Internal render scale set to 1.000
L2D_FRAME,6,STATIC,100,1,5,0,9,34,139,4,908,19450,33,25237,15,5080,0,149,870,4210,5080,20,0,13,33,20,196,25448,0,0,320,320,0,0,0,0,0,4252,0,0,0,0,0,0,0
L2D_FRAME,7,STATIC,100,1,6,0,9,34,118,3,943,19375,25,25159,16,5103,0,146,922,4181,5103,12,0,13,25,16,186,25361,0,0,320,320,0,0,0,0,0,4215,0,0,0,0,0,0,0
L2D_FRAME,8,STATIC,100,1,7,0,5,34,96,3,1042,19474,28,25331,10,5195,0,145,1017,4178,5195,15,0,13,28,56,226,25567,0,0,320,320,0,0,0,0,0,4211,0,0,0,0,0,0,0
L2D_FRAME,9,STATIC,100,1,8,0,9,34,99,3,1121,19438,25,25351,20,5248,0,164,1092,4156,5248,12,0,13,25,673,865,26236,0,0,320,320,0,0,0,0,0,4189,0,0,0,0,0,0,0
L2D_FRAME,10,STATIC,100,1,9,0,10,34,133,3,932,19506,26,25263,15,5073,0,195,908,4165,5073,13,0,13,26,20,239,25517,0,0,320,320,0,0,0,0,0,4199,0,0,0,0,0,0,0
L2D_FRAME,11,STATIC,100,1,10,0,9,34,108,3,1000,19384,25,25210,20,5161,0,161,978,4183,5161,12,0,13,25,808,993,26223,0,0,320,320,0,0,0,0,0,4226,0,0,0,0,0,0,0
L2D_FRAME,12,STATIC,100,1,11,0,9,33,133,3,970,19473,25,25442,15,5280,0,150,942,4338,5280,12,0,13,25,20,195,25652,0,0,320,320,0,0,0,0,0,4371,0,0,0,0,0,0,0
L2D_FRAME,13,STATIC,100,1,12,0,5,36,143,4,906,19372,25,25142,14,5069,0,151,873,4196,5069,12,0,13,25,16,195,25351,0,0,320,320,0,0,0,0,0,4233,0,0,0,0,0,0,0
L2D_FRAME,14,STATIC,100,1,13,0,9,37,102,3,972,19401,29,25275,15,5212,0,156,942,4270,5212,16,0,13,29,20,199,25489,0,0,320,320,0,0,0,0,0,4303,0,0,0,0,0,0,0
L2D_FRAME,15,STATIC,100,1,14,0,9,34,97,3,1046,19464,25,25330,14,5211,0,149,1025,4186,5211,12,0,13,25,24,197,25541,0,0,320,320,0,0,0,0,0,4218,0,0,0,0,0,0,0
L2D_FRAME,16,STATIC,100,1,15,0,9,34,98,3,1141,19375,25,25339,15,5300,0,154,1111,4189,5300,12,0,13,25,16,195,25549,0,0,320,320,0,0,0,0,0,4223,0,0,0,0,0,0,0
L2D_FRAME,17,STATIC,100,1,16,0,9,33,144,3,1139,19450,25,25477,18,5333,0,147,1114,4219,5333,12,0,13,25,16,188,25683,0,0,320,320,0,0,0,0,0,4252,0,0,0,0,0,0,0
L2D_FRAME,18,STATIC,100,1,17,0,9,32,130,4,1121,19303,28,25281,11,5287,0,147,1096,4191,5287,15,0,13,28,16,190,25482,0,0,320,320,0,0,0,0,0,4224,0,0,0,0,0,0,0
L2D_FRAME,19,STATIC,100,1,18,0,9,33,162,3,1127,19302,28,25417,15,5393,0,155,1103,4290,5393,15,0,13,28,17,199,25631,0,0,320,320,0,0,0,0,0,4323,0,0,0,0,0,0,0
L2D_FRAME,20,STATIC,100,1,19,0,5,36,131,3,1145,19413,28,25408,10,5300,0,161,1117,4183,5300,15,0,13,28,16,208,25626,0,0,320,320,0,0,0,0,0,4216,0,0,0,0,0,0,0
L2D_FRAME,21,STATIC,100,1,20,0,5,32,129,3,1125,19334,26,25318,15,5295,0,141,1103,4192,5295,12,0,14,26,20,186,25519,0,0,320,320,0,0,0,0,0,4225,0,0,0,0,0,0,0
L2D_FRAME,22,STATIC,100,1,21,0,9,33,129,3,1122,19445,25,25449,15,5320,0,154,1100,4220,5320,12,0,13,25,16,197,25661,0,0,320,320,0,0,0,0,0,4253,0,0,0,0,0,0,0
L2D_FRAME,23,STATIC,100,1,22,0,5,32,132,4,1140,19352,24,25373,15,5341,0,150,1115,4226,5341,11,0,13,24,16,194,25582,0,0,320,320,0,0,0,0,0,4260,0,0,0,0,0,0,0
L2D_FRAME,24,STATIC,100,1,23,0,10,35,156,3,1141,19259,25,25473,10,5496,0,143,1115,4381,5496,12,0,13,25,20,188,25671,0,0,320,320,0,0,0,0,0,4418,0,0,0,0,0,0,0
L2D_FRAME,25,STATIC,100,1,24,0,10,33,137,3,1128,19419,25,25587,17,5473,0,161,1103,4370,5473,12,0,13,25,756,944,26548,0,0,320,320,0,0,0,0,0,4407,0,0,0,0,0,0,0
L2D_FRAME,26,STATIC,100,1,25,0,9,36,129,3,1125,19376,25,25605,14,5525,0,155,1100,4425,5525,12,0,13,25,16,195,25814,0,0,320,320,0,0,0,0,0,4470,0,0,0,0,0,0,0
L2D_FRAME,27,STATIC,100,1,26,0,10,32,129,3,1137,19452,24,25676,11,5550,0,165,1112,4438,5550,11,0,13,24,20,213,25900,0,0,320,320,0,0,0,0,0,4471,0,0,0,0,0,0,0
L2D_FRAME,28,STATIC,100,1,27,0,9,34,136,3,1146,19333,25,25498,14,5469,0,151,1116,4353,5469,12,0,13,25,20,196,25708,0,0,320,320,0,0,0,0,0,4387,0,0,0,0,0,0,0
L2D_FRAME,29,STATIC,100,1,28,0,10,33,131,4,1145,19453,25,25667,16,5531,0,161,1119,4412,5531,12,0,13,25,869,1054,26737,0,0,320,320,0,0,0,0,0,4450,0,0,0,0,0,0,0
L2D_FRAME,30,STATIC,100,1,29,0,9,36,130,3,1119,19328,26,25547,15,5529,0,167,1090,4439,5529,12,0,14,26,20,211,25773,0,0,320,320,0,0,0,0,0,4473,0,0,0,0,0,0,0
L2D_FRAME,31,STATIC,100,1,30,0,6,34,159,3,1134,19346,26,25687,15,5626,0,154,1113,4513,5626,12,0,14,26,16,194,25896,0,0,320,320,0,0,0,0,0,4547,0,0,0,0,0,0,0
L2D_FRAME,32,STATIC,100,1,31,0,9,34,136,3,1150,19392,25,25608,15,5511,0,146,1124,4387,5511,12,0,13,25,16,187,25810,0,0,320,320,0,0,0,0,0,4419,0,0,0,0,0,0,0
L2D_FRAME,33,STATIC,100,1,32,0,10,33,160,3,1147,19324,25,25700,20,5655,0,154,1117,4538,5655,12,0,13,25,16,194,25914,0,0,320,320,0,0,0,0,0,4571,0,0,0,0,0,0,0
L2D_FRAME,34,STATIC,100,1,33,0,9,37,130,3,1152,19395,25,25482,14,5380,0,148,1122,4258,5380,12,0,13,25,16,189,25685,0,0,320,320,0,0,0,0,0,4295,0,0,0,0,0,0,0
L2D_FRAME,35,STATIC,100,1,34,0,10,36,158,3,1151,19297,24,25584,15,5569,0,146,1126,4443,5569,11,0,13,24,16,189,25788,0,0,320,320,0,0,0,0,0,4479,0,0,0,0,0,0,0
L2D_FRAME,36,STATIC,100,1,35,0,10,34,129,3,1150,19389,29,25639,16,5552,0,161,1117,4435,5552,16,0,13,29,1083,1272,26927,0,0,320,320,0,0,0,0,0,4468,0,0,0,0,0,0,0
L2D_FRAME,37,STATIC,100,1,36,0,9,34,160,3,1114,19291,24,25425,15,5409,0,153,1089,4320,5409,11,0,13,24,19,196,25636,0,0,320,320,0,0,0,0,0,4357,0,0,0,0,0,0,0
L2D_FRAME,38,STATIC,100,1,37,0,5,35,132,3,1136,19477,29,25565,16,5413,0,160,1108,4305,5413,15,0,14,29,580,764,26345,0,0,320,320,0,0,0,0,0,4337,0,0,0,0,0,0,0
L2D_FRAME,39,STATIC,100,1,38,0,9,33,134,3,1134,19304,29,25523,20,5536,0,152,1105,4431,5536,16,0,13,29,16,192,25735,0,0,320,320,0,0,0,0,0,4464,0,0,0,0,0,0,0
L2D_FRAME,40,STATIC,100,1,39,0,10,34,131,3,1150,19492,26,25765,20,5574,0,146,1120,4454,5574,12,0,14,26,17,198,25983,0,0,320,320,0,0,0,0,0,4491,0,0,0,0,0,0,0
L2D_FRAME,41,STATIC,100,1,40,0,9,34,135,3,1143,19335,25,25437,15,5407,0,154,1114,4293,5407,12,0,13,25,16,198,25650,0,0,320,320,0,0,0,0,0,4329,0,0,0,0,0,0,0
L2D_FRAME,42,STATIC,100,1,41,0,9,33,130,4,1137,19410,25,25577,20,5478,0,149,1112,4366,5478,12,0,13,25,16,188,25785,0,0,320,320,0,0,0,0,0,4399,0,0,0,0,0,0,0
L2D_FRAME,43,STATIC,100,1,42,0,9,45,130,3,1126,19334,25,25588,10,5537,0,156,1104,4433,5537,12,0,13,25,16,200,25798,0,0,320,320,0,0,0,0,0,4483,0,0,0,0,0,0,0
L2D_FRAME,44,STATIC,100,1,43,0,9,36,155,4,1134,19287,25,25645,16,5645,0,169,1112,4533,5645,12,0,13,25,16,209,25870,0,0,320,320,0,0,0,0,0,4566,0,0,0,0,0,0,0
L2D_FRAME,45,STATIC,100,1,44,0,9,33,134,3,1132,19431,26,25692,11,5543,0,142,1102,4441,5543,13,0,13,26,24,195,25898,0,0,320,320,0,0,0,0,0,4478,0,0,0,0,0,0,0
L2D_FRAME,46,STATIC,100,1,45,0,5,35,161,3,1145,19276,29,25624,10,5628,0,144,1116,4512,5628,16,0,13,29,16,192,25826,0,0,320,320,0,0,0,0,0,4545,0,0,0,0,0,0,0
L2D_FRAME,47,STATIC,100,1,46,0,10,36,130,4,1117,19395,25,25623,20,5525,0,175,1096,4429,5525,12,0,13,25,20,219,25862,0,0,320,320,0,0,0,0,0,4464,0,0,0,0,0,0,0
L2D_FRAME,48,STATIC,100,1,47,0,6,48,130,3,1133,19363,24,25590,17,5532,0,155,1112,4420,5532,11,0,13,24,16,195,25802,0,0,320,320,0,0,0,0,0,4455,0,0,0,0,0,0,0
L2D_FRAME,49,STATIC,100,1,48,0,5,39,131,3,1140,19453,25,25685,14,5549,0,150,1111,4438,5549,12,0,13,25,20,195,25894,0,0,320,320,0,0,0,0,0,4471,0,0,0,0,0,0,0
L2D_FRAME,50,STATIC,100,1,49,0,10,40,130,3,1142,19289,29,25529,14,5541,0,167,1109,4432,5541,16,0,13,29,16,208,25751,0,0,320,320,0,0,0,0,0,4465,0,0,0,0,0,0,0
L2D_FRAME,51,STATIC,100,1,50,0,9,33,134,3,1132,19502,25,25726,15,5539,0,166,1110,4429,5539,12,0,13,25,16,205,25946,0,0,320,320,0,0,0,0,0,4462,0,0,0,0,0,0,0
L2D_FRAME,52,STATIC,100,1,51,0,5,33,137,3,1124,19285,25,25460,14,5480,0,148,1099,4381,5480,12,0,13,25,16,191,25665,0,0,320,320,0,0,0,0,0,4414,0,0,0,0,0,0,0
L2D_FRAME,53,STATIC,100,1,52,0,10,37,131,3,1147,19448,29,25668,20,5533,0,160,1119,4414,5533,15,0,14,29,872,1060,26748,0,0,320,320,0,0,0,0,0,4446,0,0,0,0,0,0,0
L2D_FRAME,54,STATIC,100,1,53,0,5,34,134,3,1144,19332,31,25576,11,5556,0,171,1112,4444,5556,18,0,13,31,17,215,25802,0,0,320,320,0,0,0,0,0,4479,0,0,0,0,0,0,0
L2D_FRAME,55,STATIC,100,1,54,0,6,33,159,3,1137,19289,25,25625,15,5623,0,147,1115,4508,5623,12,0,13,25,20,190,25830,0,0,320,320,0,0,0,0,0,4545,0,0,0,0,0,0,0
L2D_ROI,6,STATIC,100,1,5,1,59,14,257,298,199,285,56715,1,59,14,257,298,59,14,257,298,199,285,56715,5538,5538,0
L2D_ROI,7,STATIC,100,1,6,1,59,14,257,298,199,285,56715,1,59,14,257,298,59,14,257,298,199,285,56715,5538,5538,0
L2D_ROI,8,STATIC,100,1,7,1,59,14,257,298,199,285,56715,1,59,14,257,298,59,14,257,298,199,285,56715,5538,5538,0
L2D_ROI,9,STATIC,100,1,8,1,59,14,257,298,199,285,56715,1,59,14,257,298,59,14,257,298,199,285,56715,5538,5538,0
L2D_ROI,10,STATIC,100,1,9,1,59,14,257,298,199,285,56715,1,59,14,257,298,59,14,257,298,199,285,56715,5538,5538,0
L2D_ROI,11,STATIC,100,1,10,1,59,14,257,298,199,285,56715,1,59,14,257,298,59,14,257,298,199,285,56715,5538,5538,0
L2D_ROI,12,STATIC,100,1,11,1,59,14,257,298,199,285,56715,1,59,14,257,298,59,14,257,298,199,285,56715,5538,5538,0
L2D_ROI,13,STATIC,100,1,12,1,59,14,257,298,199,285,56715,1,59,14,257,298,59,14,257,298,199,285,56715,5538,5538,0
L2D_ROI,14,STATIC,100,1,13,1,59,14,257,298,199,285,56715,1,59,14,257,298,59,14,257,298,199,285,56715,5538,5538,0
L2D_ROI,15,STATIC,100,1,14,1,59,14,257,298,199,285,56715,1,59,14,257,298,59,14,257,298,199,285,56715,5538,5538,0
L2D_ROI,16,STATIC,100,1,15,1,59,14,257,298,199,285,56715,1,59,14,257,298,59,14,257,298,199,285,56715,5538,5538,0
L2D_ROI,17,STATIC,100,1,16,1,59,14,257,298,199,285,56715,1,59,14,257,298,59,14,257,298,199,285,56715,5538,5538,0
L2D_ROI,18,STATIC,100,1,17,1,59,14,257,298,199,285,56715,1,59,14,257,298,59,14,257,298,199,285,56715,5538,5538,0
L2D_ROI,19,STATIC,100,1,18,1,59,14,257,298,199,285,56715,1,59,14,257,298,59,14,257,298,199,285,56715,5538,5538,0
L2D_ROI,20,STATIC,100,1,19,1,59,14,257,298,199,285,56715,1,59,14,257,298,59,14,257,298,199,285,56715,5538,5538,0
L2D_ROI,21,STATIC,100,1,20,1,59,14,257,298,199,285,56715,1,59,14,257,298,59,14,257,298,199,285,56715,5538,5538,0
L2D_ROI,22,STATIC,100,1,21,1,59,14,257,298,199,285,56715,1,59,14,257,298,59,14,257,298,199,285,56715,5538,5538,0
L2D_ROI,23,STATIC,100,1,22,1,59,14,257,298,199,285,56715,1,59,14,257,298,59,14,257,298,199,285,56715,5538,5538,0
L2D_ROI,24,STATIC,100,1,23,1,59,14,257,298,199,285,56715,1,59,14,257,298,59,14,257,298,199,285,56715,5538,5538,0
L2D_ROI,25,STATIC,100,1,24,1,59,14,257,298,199,285,56715,1,59,14,257,298,59,14,257,298,199,285,56715,5538,5538,0
L2D_ROI,26,STATIC,100,1,25,1,59,14,257,298,199,285,56715,1,59,14,257,298,59,14,257,298,199,285,56715,5538,5538,0
L2D_ROI,27,STATIC,100,1,26,1,59,14,257,298,199,285,56715,1,59,14,257,298,59,14,257,298,199,285,56715,5538,5538,0
L2D_ROI,28,STATIC,100,1,27,1,59,14,257,298,199,285,56715,1,59,14,257,298,59,14,257,298,199,285,56715,5538,5538,0
L2D_ROI,29,STATIC,100,1,28,1,59,14,257,298,199,285,56715,1,59,14,257,298,59,14,257,298,199,285,56715,5538,5538,0
L2D_ROI,30,STATIC,100,1,29,1,59,14,257,298,199,285,56715,1,59,14,257,298,59,14,257,298,199,285,56715,5538,5538,0
L2D_ROI,31,STATIC,100,1,30,1,59,14,257,298,199,285,56715,1,59,14,257,298,59,14,257,298,199,285,56715,5538,5538,0
L2D_ROI,32,STATIC,100,1,31,1,59,14,257,298,199,285,56715,1,59,14,257,298,59,14,257,298,199,285,56715,5538,5538,0
L2D_ROI,33,STATIC,100,1,32,1,59,14,257,298,199,285,56715,1,59,14,257,298,59,14,257,298,199,285,56715,5538,5538,0
L2D_ROI,34,STATIC,100,1,33,1,59,14,257,298,199,285,56715,1,59,14,257,298,59,14,257,298,199,285,56715,5538,5538,0
L2D_ROI,35,STATIC,100,1,34,1,59,14,257,298,199,285,56715,1,59,14,257,298,59,14,257,298,199,285,56715,5538,5538,0
L2D_ROI,36,STATIC,100,1,35,1,59,14,257,298,199,285,56715,1,59,14,257,298,59,14,257,298,199,285,56715,5538,5538,0
L2D_ROI,37,STATIC,100,1,36,1,59,14,257,298,199,285,56715,1,59,14,257,298,59,14,257,298,199,285,56715,5538,5538,0
L2D_ROI,38,STATIC,100,1,37,1,59,14,257,298,199,285,56715,1,59,14,257,298,59,14,257,298,199,285,56715,5538,5538,0
L2D_ROI,39,STATIC,100,1,38,1,59,14,257,298,199,285,56715,1,59,14,257,298,59,14,257,298,199,285,56715,5538,5538,0
L2D_ROI,40,STATIC,100,1,39,1,59,14,257,298,199,285,56715,1,59,14,257,298,59,14,257,298,199,285,56715,5538,5538,0
L2D_ROI,41,STATIC,100,1,40,1,59,14,257,298,199,285,56715,1,59,14,257,298,59,14,257,298,199,285,56715,5538,5538,0
L2D_ROI,42,STATIC,100,1,41,1,59,14,257,298,199,285,56715,1,59,14,257,298,59,14,257,298,199,285,56715,5538,5538,0
L2D_ROI,43,STATIC,100,1,42,1,59,14,257,298,199,285,56715,1,59,14,257,298,59,14,257,298,199,285,56715,5538,5538,0
L2D_ROI,44,STATIC,100,1,43,1,59,14,257,298,199,285,56715,1,59,14,257,298,59,14,257,298,199,285,56715,5538,5538,0
L2D_ROI,45,STATIC,100,1,44,1,59,14,257,298,199,285,56715,1,59,14,257,298,59,14,257,298,199,285,56715,5538,5538,0
L2D_ROI,46,STATIC,100,1,45,1,59,14,257,298,199,285,56715,1,59,14,257,298,59,14,257,298,199,285,56715,5538,5538,0
L2D_ROI,47,STATIC,100,1,46,1,59,14,257,298,199,285,56715,1,59,14,257,298,59,14,257,298,199,285,56715,5538,5538,0
L2D_ROI,48,STATIC,100,1,47,1,59,14,257,298,199,285,56715,1,59,14,257,298,59,14,257,298,199,285,56715,5538,5538,0
L2D_ROI,49,STATIC,100,1,48,1,59,14,257,298,199,285,56715,1,59,14,257,298,59,14,257,298,199,285,56715,5538,5538,0
L2D_ROI,50,STATIC,100,1,49,1,59,14,257,298,199,285,56715,1,59,14,257,298,59,14,257,298,199,285,56715,5538,5538,0
L2D_ROI,51,STATIC,100,1,50,1,59,14,257,298,199,285,56715,1,59,14,257,298,59,14,257,298,199,285,56715,5538,5538,0
L2D_ROI,52,STATIC,100,1,51,1,59,14,257,298,199,285,56715,1,59,14,257,298,59,14,257,298,199,285,56715,5538,5538,0
L2D_ROI,53,STATIC,100,1,52,1,59,14,257,298,199,285,56715,1,59,14,257,298,59,14,257,298,199,285,56715,5538,5538,0
L2D_ROI,54,STATIC,100,1,53,1,59,14,257,298,199,285,56715,1,59,14,257,298,59,14,257,298,199,285,56715,5538,5538,0
L2D_ROI,55,STATIC,100,1,54,1,59,14,257,298,199,285,56715,1,59,14,257,298,59,14,257,298,199,285,56715,5538,5538,0
L2D_SUMMARY,STATIC,100,1,slot_wait_us,50,0.00,0,0,0,0,0,0
L2D_SUMMARY,STATIC,100,1,controller_us,50,8.26,9,10,10,5,10,0
L2D_SUMMARY,STATIC,100,1,rt30_us,50,34.82,34,40,48,32,48,0
L2D_SUMMARY,STATIC,100,1,hierarchy_vertex_us,50,133.22,131,160,162,96,162,0
L2D_SUMMARY,STATIC,100,1,bounds_us,50,3.16,3,4,4,3,4,0
L2D_SUMMARY,STATIC,100,1,clear_us,50,1105.84,1134,1150,1152,906,1152,0
L2D_SUMMARY,STATIC,100,1,raster_us,50,19381.34,19376,19492,19506,19259,19506,0
I (6259) l2d_profile: STATIC scale=100 round=1 raster_us avg=19381 p95=19492 p99=19506 max=19506
L2D_SUMMARY,STATIC,100,1,convert_us,50,4377.96,4407,4547,4571,4189,4571,0
L2D_SUMMARY,STATIC,100,1,cache_sync_us,50,26.10,25,29,33,24,33,0
L2D_SUMMARY,STATIC,100,1,producer_total_us,50,25497.56,25523,25700,25765,25142,25765,0
I (6287) l2d_profile: STATIC scale=100 round=1 producer_total_us avg=25498 p95=25700 p99=25765 max=25765
L2D_SUMMARY,STATIC,100,1,publish_consume_us,50,15.06,15,20,20,10,20,0
L2D_SUMMARY,STATIC,100,1,ppa_wait_us,50,5422.30,5478,5628,5655,5069,5655,0
L2D_SUMMARY,STATIC,100,1,ppa_blend_us,50,0.00,0,0,0,0,0,0
L2D_SUMMARY,STATIC,100,1,panel_submit_us,50,155.02,154,171,195,141,195,0
L2D_SUMMARY,STATIC,100,1,frame_drop,50,0.00,0,0,0,0,0,0
L2D_SUMMARY,STATIC,100,1,ppa_fill_us,50,1079.34,1109,1122,1126,870,1126,0
L2D_SUMMARY,STATIC,100,1,ppa_srm_us,50,4342.96,4370,4513,4538,4156,4538,0
L2D_SUMMARY,STATIC,100,1,ppa_total_us,50,5422.30,5478,5628,5655,5069,5655,0
L2D_SUMMARY,STATIC,100,1,clear_cache_sync_us,50,12.98,12,16,20,11,20,0
L2D_SUMMARY,STATIC,100,1,convert_cache_sync_us,50,0.00,0,0,0,0,0,0
L2D_SUMMARY,STATIC,100,1,flush_cache_sync_us,50,13.12,13,14,14,13,14,0
L2D_SUMMARY,STATIC,100,1,cache_sync_total_us,50,26.10,25,29,33,24,33,0
L2D_SUMMARY,STATIC,100,1,display_lock_wait_us,50,128.78,17,869,1083,16,1083,0
L2D_SUMMARY,STATIC,100,1,flush_total_us,50,309.68,196,1054,1272,186,1272,0
L2D_SUMMARY,STATIC,100,1,frame_total_us,50,25822.30,25773,26737,26927,25351,26927,0
L2D_SUMMARY,STATIC,100,1,keypoint_us,50,0.00,0,0,0,0,0,0
L2D_SUMMARY,STATIC,100,1,visual_transform_us,50,0.00,0,0,0,0,0,0
L2D_SUMMARY,STATIC,100,1,stretch_us,50,0.00,0,0,0,0,0,0
L2D_SUMMARY,STATIC,100,1,vertex_transform_us,50,0.00,0,0,0,0,0,0
L2D_SUMMARY,STATIC,100,1,uv_update_us,50,0.00,0,0,0,0,0,0
L2D_SUMMARY,STATIC,100,1,trig_cache_hit,50,0.00,0,0,0,0,0,0
L2D_SUMMARY,STATIC,100,1,trig_cache_miss,50,0.00,0,0,0,0,0,0
L2D_SUMMARY,STATIC,100,1,slot_miss,50,0.00,0,0,0,0,0,0
L2D_SUMMARY,STATIC,100,1,lock_skip,50,0.00,0,0,0,0,0,0
L2D_SUMMARY,STATIC,100,1,deadline_miss,50,0.00,0,0,0,0,0,0
L2D_SUMMARY,STATIC,100,1,roi.current_area,50,56715.00,56715,56715,56715,56715,56715,0
L2D_SUMMARY,STATIC,100,1,roi.union_area,50,56715.00,56715,56715,56715,56715,56715,0
L2D_SUMMARY,STATIC,100,1,roi.current_area_ratio_q10000,50,5538.00,5538,5538,5538,5538,5538,0
L2D_SUMMARY,STATIC,100,1,roi.union_area_ratio_q10000,50,5538.00,5538,5538,5538,5538,5538,0
L2D_SUMMARY,STATIC,100,1,roi.current_w,50,199.00,199,199,199,199,199,0
L2D_SUMMARY,STATIC,100,1,roi.current_h,50,285.00,285,285,285,285,285,0
L2D_SUMMARY,STATIC,100,1,roi.union_w,50,199.00,199,199,199,199,199,0
L2D_SUMMARY,STATIC,100,1,roi.union_h,50,285.00,285,285,285,285,285,0
I (6499) l2d_profile: done STATIC scale=100 round=1
L2D_FRAME,61,EYE_L_SWEEP,100,1,5,0,45,554,1202,3,1154,19224,25,27166,15,5642,0,148,1124,4518,5642,12,0,13,25,20,192,27373,0,0,320,320,0,0,0,0,0,4550,0,0,0,0,0,51,0
L2D_FRAME,62,EYE_L_SWEEP,100,1,6,0,46,587,1206,3,1141,19418,25,27318,16,5560,0,150,1116,4444,5560,12,0,13,25,16,189,27523,0,0,320,320,0,0,0,0,0,4477,0,0,0,0,0,51,0
L2D_FRAME,63,EYE_L_SWEEP,100,1,7,0,46,550,1205,3,1132,19270,25,27121,16,5556,0,155,1107,4449,5556,12,0,13,25,50,233,27370,0,0,320,320,0,0,0,0,0,4482,0,0,0,0,0,51,0
L2D_FRAME,64,EYE_L_SWEEP,100,1,8,0,46,562,1233,3,1142,19170,24,27143,15,5568,0,148,1118,4450,5568,11,0,13,24,24,196,27354,0,0,320,320,0,0,0,0,0,4488,0,0,0,0,0,51,0
L2D_FRAME,65,EYE_L_SWEEP,100,1,9,0,46,567,1204,3,1121,19303,28,27150,16,5534,0,147,1096,4438,5534,14,0,14,28,16,187,27353,0,0,320,320,0,0,0,0,0,4471,0,0,0,0,0,51,0
L2D_FRAME,66,EYE_L_SWEEP,100,1,10,0,46,562,1208,4,1146,19194,29,27151,20,5636,0,140,1116,4520,5636,16,0,13,29,16,180,27351,0,0,320,320,0,0,0,0,0,4554,0,0,0,0,0,51,0
L2D_FRAME,67,EYE_L_SWEEP,100,1,11,0,46,590,1203,3,1148,19389,24,27294,15,5563,0,153,1120,4443,5563,11,0,13,24,16,197,27506,0,0,320,320,0,0,0,0,0,4476,0,0,0,0,0,51,0
L2D_FRAME,68,EYE_L_SWEEP,100,1,12,0,46,562,1203,3,1066,19237,25,27042,17,5484,0,152,1037,4447,5484,12,0,13,25,88,264,27323,0,0,320,320,0,0,0,0,0,4490,0,0,0,0,0,51,0
L2D_FRAME,69,EYE_L_SWEEP,100,1,13,0,54,576,1235,3,943,19161,25,26961,23,5345,0,146,914,4431,5345,12,0,13,25,16,189,27173,0,0,320,320,0,0,0,0,0,4471,0,0,0,0,0,51,0
L2D_FRAME,70,EYE_L_SWEEP,100,1,14,0,46,553,1207,4,1149,19189,27,27070,17,5590,0,148,1124,4466,5590,14,0,13,27,85,256,27343,0,0,320,320,0,0,0,0,0,4498,0,0,0,0,0,51,0
L2D_FRAME,71,EYE_L_SWEEP,100,1,15,0,46,568,1238,3,1132,19149,25,27131,11,5557,0,144,1103,4454,5557,12,0,13,25,16,187,27329,0,0,320,320,0,0,0,0,0,4488,0,0,0,0,0,51,0
L2D_FRAME,72,EYE_L_SWEEP,100,1,16,0,46,559,1206,3,979,19268,25,26991,15,5403,0,148,953,4450,5403,12,0,13,25,16,191,27197,0,0,320,320,0,0,0,0,0,4483,0,0,0,0,0,51,0
L2D_FRAME,73,EYE_L_SWEEP,100,1,17,0,46,555,1236,3,1150,19150,27,27098,15,5555,0,157,1125,4430,5555,14,0,13,27,16,198,27311,0,0,320,320,0,0,0,0,0,4463,0,0,0,0,0,51,0
L2D_FRAME,74,EYE_L_SWEEP,100,1,18,0,46,559,1200,3,1145,19283,25,27141,14,5553,0,141,1116,4437,5553,12,0,13,25,16,185,27340,0,0,320,320,0,0,0,0,0,4474,0,0,0,0,0,51,0
L2D_FRAME,75,EYE_L_SWEEP,100,1,19,0,46,562,1209,3,1058,19244,25,27120,20,5555,0,150,1029,4526,5555,12,0,13,25,20,193,27333,0,0,320,320,0,0,0,0,0,4559,0,0,0,0,0,51,0
L2D_FRAME,76,EYE_L_SWEEP,100,1,20,0,46,590,1200,3,919,19365,25,27065,11,5340,0,146,893,4447,5340,12,0,13,25,16,190,27266,0,0,320,320,0,0,0,0,0,4484,0,0,0,0,0,51,0
L2D_FRAME,77,EYE_L_SWEEP,100,1,21,0,46,563,1194,3,917,19308,25,26934,20,5332,0,149,892,4440,5332,12,0,13,25,210,382,27336,0,0,320,320,0,0,0,0,0,4474,0,0,0,0,0,51,0
L2D_FRAME,78,EYE_L_SWEEP,100,1,22,0,46,556,1238,3,998,19276,28,27044,14,5346,0,151,965,4381,5346,15,0,13,28,24,200,27258,0,0,320,320,0,0,0,0,0,4414,0,0,0,0,0,51,0
L2D_FRAME,79,EYE_L_SWEEP,100,1,23,0,46,528,1201,3,1093,19394,25,27100,11,5413,0,160,1072,4341,5413,12,0,13,25,81,273,27384,0,0,320,320,0,0,0,0,0,4379,0,0,0,0,0,51,0
L2D_FRAME,80,EYE_L_SWEEP,100,1,24,0,46,489,1195,3,1167,19300,34,27109,11,5557,0,156,1128,4429,5557,21,0,13,34,16,199,27319,0,0,320,320,0,0,0,0,0,4466,0,0,0,0,0,51,0
L2D_FRAME,81,EYE_L_SWEEP,100,1,25,0,46,541,1207,3,1154,19431,25,27182,15,5459,0,150,1129,4330,5459,12,0,13,25,24,199,27396,0,0,320,320,0,0,0,0,0,4367,0,0,0,0,0,51,0
L2D_FRAME,82,EYE_L_SWEEP,100,1,26,0,46,555,1215,3,1137,19378,26,27088,15,5399,0,153,1112,4287,5399,12,0,14,26,81,261,27364,0,0,320,320,0,0,0,0,0,4321,0,0,0,0,0,51,0
L2D_FRAME,83,EYE_L_SWEEP,100,1,27,0,46,568,1252,3,1152,19518,29,27227,17,5346,0,188,1122,4224,5346,16,0,13,29,16,232,27476,0,0,320,320,0,0,0,0,0,4256,0,0,0,0,0,51,0
L2D_FRAME,84,EYE_L_SWEEP,100,1,28,0,46,562,1217,3,1126,19401,30,27026,15,5297,0,146,1093,4204,5297,16,0,14,30,21,194,27235,0,0,320,320,0,0,0,0,0,4242,0,0,0,0,0,51,0
L2D_FRAME,85,EYE_L_SWEEP,100,1,29,0,46,566,1241,3,1128,19535,27,27314,16,5431,0,182,1104,4327,5431,14,0,13,27,16,225,27555,0,0,320,320,0,0,0,0,0,4360,0,0,0,0,0,51,0
L2D_FRAME,86,EYE_L_SWEEP,100,1,30,0,46,559,1212,3,1122,19371,25,26999,15,5314,0,154,1097,4217,5314,12,0,13,25,23,203,27217,0,0,320,320,0,0,0,0,0,4250,0,0,0,0,0,51,0
L2D_FRAME,87,EYE_L_SWEEP,100,1,31,0,45,505,1237,3,1153,19437,24,27220,14,5495,0,183,1125,4370,5495,11,0,13,24,16,226,27460,0,0,320,320,0,0,0,0,0,4403,0,0,0,0,0,51,0
L2D_FRAME,88,EYE_L_SWEEP,100,1,32,0,46,543,1205,3,1129,19345,26,27083,15,5441,0,148,1100,4341,5441,12,0,14,26,21,192,27290,0,0,320,320,0,0,0,0,0,4378,0,0,0,0,0,51,0
L2D_FRAME,89,EYE_L_SWEEP,100,1,33,0,46,576,1213,3,1144,19266,26,27050,14,5445,0,146,1119,4326,5445,13,0,13,26,24,199,27263,0,0,320,320,0,0,0,0,0,4364,0,0,0,0,0,51,0
L2D_FRAME,90,EYE_L_SWEEP,100,1,34,0,46,582,1210,3,1150,19405,27,27069,20,5335,0,147,1126,4209,5335,14,0,13,27,16,186,27275,0,0,320,320,0,0,0,0,0,4242,0,0,0,0,0,51,0
L2D_FRAME,91,EYE_L_SWEEP,100,1,35,0,46,562,1209,3,1138,19220,25,26842,15,5310,0,162,1110,4200,5310,12,0,13,25,16,205,27062,0,0,320,320,0,0,0,0,0,4233,0,0,0,0,0,51,0
L2D_FRAME,92,EYE_L_SWEEP,100,1,36,0,46,608,1196,3,1129,19320,25,27070,16,5406,0,145,1104,4302,5406,11,0,14,25,17,186,27272,0,0,320,320,0,0,0,0,0,4335,0,0,0,0,0,51,0
L2D_FRAME,93,EYE_L_SWEEP,100,1,37,0,46,563,1215,3,1147,19178,25,26828,14,5324,0,159,1121,4203,5324,12,0,13,25,20,206,27048,0,0,320,320,0,0,0,0,0,4240,0,0,0,0,0,51,0
L2D_FRAME,94,EYE_L_SWEEP,100,1,38,0,46,539,1204,3,1141,19312,25,27043,14,5449,0,142,1115,4334,5449,12,0,13,25,20,190,27247,0,0,320,320,0,0,0,0,0,4367,0,0,0,0,0,51,0
L2D_FRAME,95,EYE_L_SWEEP,100,1,39,0,46,569,1192,3,994,19120,30,26734,15,5283,0,151,965,4318,5283,16,0,14,30,20,196,26945,0,0,320,320,0,0,0,0,0,4351,0,0,0,0,0,51,0
L2D_FRAME,96,EYE_L_SWEEP,100,1,40,0,46,561,1190,3,959,19281,31,26944,20,5366,0,154,935,4431,5366,11,0,20,31,16,201,27165,0,0,320,320,0,0,0,0,0,4464,0,0,0,0,0,51,0
L2D_FRAME,97,EYE_L_SWEEP,100,1,41,0,46,551,1243,3,1136,19072,24,27045,11,5572,0,148,1108,4464,5572,11,0,13,24,16,192,27248,0,0,320,320,0,0,0,0,0,4497,0,0,0,0,0,51,0
L2D_FRAME,98,EYE_L_SWEEP,100,1,42,0,46,561,1211,3,1156,19191,29,27091,20,5581,0,159,1124,4457,5581,15,0,14,29,70,256,27367,0,0,320,320,0,0,0,0,0,4489,0,0,0,0,0,51,0
L2D_FRAME,99,EYE_L_SWEEP,100,1,43,0,46,563,1233,3,1137,19176,28,27142,11,5558,0,154,1109,4449,5558,15,0,13,28,16,198,27351,0,0,320,320,0,0,0,0,0,4483,0,0,0,0,0,51,0
L2D_FRAME,100,EYE_L_SWEEP,100,1,44,0,46,564,1198,3,1139,19302,25,27160,14,5556,0,144,1113,4443,5556,12,0,13,25,24,193,27367,0,0,320,320,0,0,0,0,0,4476,0,0,0,0,0,51,0
L2D_FRAME,101,EYE_L_SWEEP,100,1,45,0,46,561,1207,3,1123,19174,25,27114,17,5630,0,143,1098,4532,5630,12,0,13,25,16,182,27313,0,0,320,320,0,0,0,0,0,4565,0,0,0,0,0,51,0
L2D_FRAME,102,EYE_L_SWEEP,100,1,46,0,46,585,1201,3,1081,19375,28,27225,16,5513,0,145,1053,4460,5513,15,0,13,28,20,189,27430,0,0,320,320,0,0,0,0,0,4493,0,0,0,0,0,51,0
L2D_FRAME,103,EYE_L_SWEEP,100,1,47,0,55,579,1193,3,974,19295,25,27042,16,5406,0,158,949,4457,5406,12,0,13,25,73,258,27316,0,0,320,320,0,0,0,0,0,4503,0,0,0,0,0,51,0
L2D_FRAME,104,EYE_L_SWEEP,100,1,48,0,46,598,1267,5,890,19267,26,27098,15,5333,0,146,865,4468,5333,12,0,14,26,20,191,27304,0,0,320,320,0,0,0,0,0,4505,0,0,0,0,0,51,0
L2D_FRAME,105,EYE_L_SWEEP,100,1,49,0,46,569,1201,3,982,19391,25,27097,20,5388,0,151,952,4436,5388,12,0,13,25,73,253,27370,0,0,320,320,0,0,0,0,0,4469,0,0,0,0,0,51,0
L2D_FRAME,106,EYE_L_SWEEP,100,1,50,0,46,530,1189,3,1070,19309,30,26986,15,5375,0,162,1036,4339,5375,16,0,14,30,24,209,27210,0,0,320,320,0,0,0,0,0,4372,0,0,0,0,0,51,0
L2D_FRAME,107,EYE_L_SWEEP,100,1,51,0,46,562,1200,4,910,19451,26,27091,15,5337,0,153,884,4453,5337,12,0,14,26,17,194,27300,0,0,320,320,0,0,0,0,0,4487,0,0,0,0,0,51,0
L2D_FRAME,108,EYE_L_SWEEP,100,1,52,0,45,562,1199,4,949,19411,29,27159,14,5433,0,153,917,4516,5433,16,0,13,29,20,201,27374,0,0,320,320,0,0,0,0,0,4548,0,0,0,0,0,51,0
L2D_FRAME,109,EYE_L_SWEEP,100,1,53,0,46,581,1196,3,1028,19533,25,27311,16,5442,0,147,1003,4439,5442,12,0,13,25,16,186,27513,0,0,320,320,0,0,0,0,0,4472,0,0,0,0,0,51,0
L2D_FRAME,110,EYE_L_SWEEP,100,1,54,0,46,506,1200,3,1123,19368,25,27072,15,5438,0,151,1097,4341,5438,12,0,13,25,20,196,27283,0,0,320,320,0,0,0,0,0,4374,0,0,0,0,0,51,0
L2D_ROI,61,EYE_L_SWEEP,100,1,5,1,59,14,257,298,199,285,56715,1,59,14,257,298,59,14,257,298,199,285,56715,5538,5538,0
L2D_ROI,62,EYE_L_SWEEP,100,1,6,1,59,14,257,298,199,285,56715,1,59,14,257,298,59,14,257,298,199,285,56715,5538,5538,0
L2D_ROI,63,EYE_L_SWEEP,100,1,7,1,59,14,257,298,199,285,56715,1,59,14,257,298,59,14,257,298,199,285,56715,5538,5538,0
L2D_ROI,64,EYE_L_SWEEP,100,1,8,1,59,14,257,298,199,285,56715,1,59,14,257,298,59,14,257,298,199,285,56715,5538,5538,0
L2D_ROI,65,EYE_L_SWEEP,100,1,9,1,59,14,257,298,199,285,56715,1,59,14,257,298,59,14,257,298,199,285,56715,5538,5538,0
L2D_ROI,66,EYE_L_SWEEP,100,1,10,1,59,14,257,298,199,285,56715,1,59,14,257,298,59,14,257,298,199,285,56715,5538,5538,0
L2D_ROI,67,EYE_L_SWEEP,100,1,11,1,59,14,257,298,199,285,56715,1,59,14,257,298,59,14,257,298,199,285,56715,5538,5538,0
L2D_ROI,68,EYE_L_SWEEP,100,1,12,1,59,14,257,298,199,285,56715,1,59,14,257,298,59,14,257,298,199,285,56715,5538,5538,0
L2D_ROI,69,EYE_L_SWEEP,100,1,13,1,59,14,257,298,199,285,56715,1,59,14,257,298,59,14,257,298,199,285,56715,5538,5538,0
L2D_ROI,70,EYE_L_SWEEP,100,1,14,1,59,14,257,298,199,285,56715,1,59,14,257,298,59,14,257,298,199,285,56715,5538,5538,0
L2D_ROI,71,EYE_L_SWEEP,100,1,15,1,59,14,257,298,199,285,56715,1,59,14,257,298,59,14,257,298,199,285,56715,5538,5538,0
L2D_ROI,72,EYE_L_SWEEP,100,1,16,1,59,14,257,298,199,285,56715,1,59,14,257,298,59,14,257,298,199,285,56715,5538,5538,0
L2D_ROI,73,EYE_L_SWEEP,100,1,17,1,59,14,257,298,199,285,56715,1,59,14,257,298,59,14,257,298,199,285,56715,5538,5538,0
L2D_ROI,74,EYE_L_SWEEP,100,1,18,1,59,14,257,298,199,285,56715,1,59,14,257,298,59,14,257,298,199,285,56715,5538,5538,0
L2D_ROI,75,EYE_L_SWEEP,100,1,19,1,59,14,257,298,199,285,56715,1,59,14,257,298,59,14,257,298,199,285,56715,5538,5538,0
L2D_ROI,76,EYE_L_SWEEP,100,1,20,1,59,14,257,298,199,285,56715,1,59,14,257,298,59,14,257,298,199,285,56715,5538,5538,0
L2D_ROI,77,EYE_L_SWEEP,100,1,21,1,59,14,257,298,199,285,56715,1,59,14,257,298,59,14,257,298,199,285,56715,5538,5538,0
L2D_ROI,78,EYE_L_SWEEP,100,1,22,1,59,14,257,298,199,285,56715,1,59,14,257,298,59,14,257,298,199,285,56715,5538,5538,0
L2D_ROI,79,EYE_L_SWEEP,100,1,23,1,59,14,257,298,199,285,56715,1,59,14,257,298,59,14,257,298,199,285,56715,5538,5538,0
L2D_ROI,80,EYE_L_SWEEP,100,1,24,1,59,14,257,298,199,285,56715,1,59,14,257,298,59,14,257,298,199,285,56715,5538,5538,0
L2D_ROI,81,EYE_L_SWEEP,100,1,25,1,59,14,257,298,199,285,56715,1,59,14,257,298,59,14,257,298,199,285,56715,5538,5538,0
L2D_ROI,82,EYE_L_SWEEP,100,1,26,1,59,14,257,298,199,285,56715,1,59,14,257,298,59,14,257,298,199,285,56715,5538,5538,0
L2D_ROI,83,EYE_L_SWEEP,100,1,27,1,59,14,257,298,199,285,56715,1,59,14,257,298,59,14,257,298,199,285,56715,5538,5538,0
L2D_ROI,84,EYE_L_SWEEP,100,1,28,1,59,14,257,298,199,285,56715,1,59,14,257,298,59,14,257,298,199,285,56715,5538,5538,0
L2D_ROI,85,EYE_L_SWEEP,100,1,29,1,59,14,257,298,199,285,56715,1,59,14,257,298,59,14,257,298,199,285,56715,5538,5538,0
L2D_ROI,86,EYE_L_SWEEP,100,1,30,1,59,14,257,298,199,285,56715,1,59,14,257,298,59,14,257,298,199,285,56715,5538,5538,0
L2D_ROI,87,EYE_L_SWEEP,100,1,31,1,59,14,257,298,199,285,56715,1,59,14,257,298,59,14,257,298,199,285,56715,5538,5538,0
L2D_ROI,88,EYE_L_SWEEP,100,1,32,1,59,14,257,298,199,285,56715,1,59,14,257,298,59,14,257,298,199,285,56715,5538,5538,0
L2D_ROI,89,EYE_L_SWEEP,100,1,33,1,59,14,257,298,199,285,56715,1,59,14,257,298,59,14,257,298,199,285,56715,5538,5538,0
L2D_ROI,90,EYE_L_SWEEP,100,1,34,1,59,14,257,298,199,285,56715,1,59,14,257,298,59,14,257,298,199,285,56715,5538,5538,0
L2D_ROI,91,EYE_L_SWEEP,100,1,35,1,59,14,257,298,199,285,56715,1,59,14,257,298,59,14,257,298,199,285,56715,5538,5538,0
L2D_ROI,92,EYE_L_SWEEP,100,1,36,1,59,14,257,298,199,285,56715,1,59,14,257,298,59,14,257,298,199,285,56715,5538,5538,0
L2D_ROI,93,EYE_L_SWEEP,100,1,37,1,59,14,257,298,199,285,56715,1,59,14,257,298,59,14,257,298,199,285,56715,5538,5538,0
L2D_ROI,94,EYE_L_SWEEP,100,1,38,1,59,14,257,298,199,285,56715,1,59,14,257,298,59,14,257,298,199,285,56715,5538,5538,0
L2D_ROI,95,EYE_L_SWEEP,100,1,39,1,59,14,257,298,199,285,56715,1,59,14,257,298,59,14,257,298,199,285,56715,5538,5538,0
L2D_ROI,96,EYE_L_SWEEP,100,1,40,1,59,14,257,298,199,285,56715,1,59,14,257,298,59,14,257,298,199,285,56715,5538,5538,0
L2D_ROI,97,EYE_L_SWEEP,100,1,41,1,59,14,257,298,199,285,56715,1,59,14,257,298,59,14,257,298,199,285,56715,5538,5538,0
L2D_ROI,98,EYE_L_SWEEP,100,1,42,1,59,14,257,298,199,285,56715,1,59,14,257,298,59,14,257,298,199,285,56715,5538,5538,0
L2D_ROI,99,EYE_L_SWEEP,100,1,43,1,59,14,257,298,199,285,56715,1,59,14,257,298,59,14,257,298,199,285,56715,5538,5538,0
L2D_ROI,100,EYE_L_SWEEP,100,1,44,1,59,14,257,298,199,285,56715,1,59,14,257,298,59,14,257,298,199,285,56715,5538,5538,0
L2D_ROI,101,EYE_L_SWEEP,100,1,45,1,59,14,257,298,199,285,56715,1,59,14,257,298,59,14,257,298,199,285,56715,5538,5538,0
L2D_ROI,102,EYE_L_SWEEP,100,1,46,1,59,14,257,298,199,285,56715,1,59,14,257,298,59,14,257,298,199,285,56715,5538,5538,0
L2D_ROI,103,EYE_L_SWEEP,100,1,47,1,59,14,257,298,199,285,56715,1,59,14,257,298,59,14,257,298,199,285,56715,5538,5538,0
L2D_ROI,104,EYE_L_SWEEP,100,1,48,1,59,14,257,298,199,285,56715,1,59,14,257,298,59,14,257,298,199,285,56715,5538,5538,0
L2D_ROI,105,EYE_L_SWEEP,100,1,49,1,59,14,257,298,199,285,56715,1,59,14,257,298,59,14,257,298,199,285,56715,5538,5538,0
L2D_ROI,106,EYE_L_SWEEP,100,1,50,1,59,14,257,298,199,285,56715,1,59,14,257,298,59,14,257,298,199,285,56715,5538,5538,0
L2D_ROI,107,EYE_L_SWEEP,100,1,51,1,59,14,257,298,199,285,56715,1,59,14,257,298,59,14,257,298,199,285,56715,5538,5538,0
L2D_ROI,108,EYE_L_SWEEP,100,1,52,1,59,14,257,298,199,285,56715,1,59,14,257,298,59,14,257,298,199,285,56715,5538,5538,0
L2D_ROI,109,EYE_L_SWEEP,100,1,53,1,59,14,257,298,199,285,56715,1,59,14,257,298,59,14,257,298,199,285,56715,5538,5538,0
L2D_ROI,110,EYE_L_SWEEP,100,1,54,1,59,14,257,298,199,285,56715,1,59,14,257,298,59,14,257,298,199,285,56715,5538,5538,0
L2D_SUMMARY,EYE_L_SWEEP,100,1,slot_wait_us,50,0.00,0,0,0,0,0,0
L2D_SUMMARY,EYE_L_SWEEP,100,1,controller_us,50,46.28,46,46,55,45,55,0
L2D_SUMMARY,EYE_L_SWEEP,100,1,rt30_us,50,560.46,562,590,608,489,608,0
L2D_SUMMARY,EYE_L_SWEEP,100,1,hierarchy_vertex_us,50,1211.52,1206,1243,1267,1189,1267,0
L2D_SUMMARY,EYE_L_SWEEP,100,1,bounds_us,50,3.12,3,4,5,3,5,0
L2D_SUMMARY,EYE_L_SWEEP,100,1,clear_us,50,1086.02,1129,1154,1167,890,1167,0
L2D_SUMMARY,EYE_L_SWEEP,100,1,raster_us,50,19302.50,19300,19518,19535,19072,19535,0
I (9546) l2d_profile: EYE_L_SWEEP scale=100 round=1 raster_us avg=19302 p95=19518 p99=19535 max=19535
L2D_SUMMARY,EYE_L_SWEEP,100,1,convert_us,50,4430.94,4471,4554,4565,4233,4565,0
L2D_SUMMARY,EYE_L_SWEEP,100,1,cache_sync_us,50,26.34,25,30,34,24,34,0
L2D_SUMMARY,EYE_L_SWEEP,100,1,producer_total_us,50,27090.02,27091,27311,27318,26734,27318,0
I (9576) l2d_profile: EYE_L_SWEEP scale=100 round=1 producer_total_us avg=27090 p95=27311 p99=27318 max=27318
L2D_SUMMARY,EYE_L_SWEEP,100,1,publish_consume_us,50,15.54,15,20,23,11,23,0
L2D_SUMMARY,EYE_L_SWEEP,100,1,ppa_wait_us,50,5455.02,5441,5630,5642,5283,5642,0
L2D_SUMMARY,EYE_L_SWEEP,100,1,ppa_blend_us,50,0.00,0,0,0,0,0,0
L2D_SUMMARY,EYE_L_SWEEP,100,1,panel_submit_us,50,152.26,150,182,188,140,188,0
L2D_SUMMARY,EYE_L_SWEEP,100,1,frame_drop,50,0.00,0,0,0,0,0,0
L2D_SUMMARY,EYE_L_SWEEP,100,1,ppa_fill_us,50,1058.66,1103,1126,1129,865,1129,0
L2D_SUMMARY,EYE_L_SWEEP,100,1,ppa_srm_us,50,4396.36,4437,4520,4532,4200,4532,0
L2D_SUMMARY,EYE_L_SWEEP,100,1,ppa_total_us,50,5455.02,5441,5630,5642,5283,5642,0
L2D_SUMMARY,EYE_L_SWEEP,100,1,clear_cache_sync_us,50,13.00,12,16,21,11,21,0
L2D_SUMMARY,EYE_L_SWEEP,100,1,convert_cache_sync_us,50,0.00,0,0,0,0,0,0
L2D_SUMMARY,EYE_L_SWEEP,100,1,flush_cache_sync_us,50,13.34,13,14,20,13,20,0
L2D_SUMMARY,EYE_L_SWEEP,100,1,cache_sync_total_us,50,26.34,25,30,34,24,34,0
L2D_SUMMARY,EYE_L_SWEEP,100,1,display_lock_wait_us,50,31.40,20,85,210,16,210,0
L2D_SUMMARY,EYE_L_SWEEP,100,1,flush_total_us,50,209.60,196,264,382,180,382,0
L2D_SUMMARY,EYE_L_SWEEP,100,1,frame_total_us,50,27315.16,27323,27513,27555,26945,27555,0
L2D_SUMMARY,EYE_L_SWEEP,100,1,keypoint_us,50,0.00,0,0,0,0,0,0
L2D_SUMMARY,EYE_L_SWEEP,100,1,visual_transform_us,50,0.00,0,0,0,0,0,0
L2D_SUMMARY,EYE_L_SWEEP,100,1,stretch_us,50,0.00,0,0,0,0,0,0
L2D_SUMMARY,EYE_L_SWEEP,100,1,vertex_transform_us,50,0.00,0,0,0,0,0,0
L2D_SUMMARY,EYE_L_SWEEP,100,1,uv_update_us,50,0.00,0,0,0,0,0,0
L2D_SUMMARY,EYE_L_SWEEP,100,1,trig_cache_hit,50,51.00,51,51,51,51,51,0
L2D_SUMMARY,EYE_L_SWEEP,100,1,trig_cache_miss,50,0.00,0,0,0,0,0,0
L2D_SUMMARY,EYE_L_SWEEP,100,1,slot_miss,50,0.00,0,0,0,0,0,0
L2D_SUMMARY,EYE_L_SWEEP,100,1,lock_skip,50,0.00,0,0,0,0,0,0
L2D_SUMMARY,EYE_L_SWEEP,100,1,deadline_miss,50,0.00,0,0,0,0,0,0
L2D_SUMMARY,EYE_L_SWEEP,100,1,roi.current_area,50,56715.00,56715,56715,56715,56715,56715,0
L2D_SUMMARY,EYE_L_SWEEP,100,1,roi.union_area,50,56715.00,56715,56715,56715,56715,56715,0
L2D_SUMMARY,EYE_L_SWEEP,100,1,roi.current_area_ratio_q10000,50,5538.00,5538,5538,5538,5538,5538,0
L2D_SUMMARY,EYE_L_SWEEP,100,1,roi.union_area_ratio_q10000,50,5538.00,5538,5538,5538,5538,5538,0
L2D_SUMMARY,EYE_L_SWEEP,100,1,roi.current_w,50,199.00,199,199,199,199,199,0
L2D_SUMMARY,EYE_L_SWEEP,100,1,roi.current_h,50,285.00,285,285,285,285,285,0
L2D_SUMMARY,EYE_L_SWEEP,100,1,roi.union_w,50,199.00,199,199,199,199,199,0
L2D_SUMMARY,EYE_L_SWEEP,100,1,roi.union_h,50,285.00,285,285,285,285,285,0
I (9802) l2d_profile: done EYE_L_SWEEP scale=100 round=1
L2D_FRAME,116,MULTI_AXIS,100,1,5,0,49,931,1345,3,1137,19024,29,27496,14,5645,0,149,1107,4538,5645,16,0,13,29,16,190,27700,0,0,320,320,0,0,0,0,0,4575,0,0,0,0,0,50,1
L2D_FRAME,117,MULTI_AXIS,100,1,6,0,46,946,1384,3,1146,19005,25,27611,11,5720,0,147,1118,4602,5720,12,0,13,25,20,196,27818,0,0,320,320,0,0,0,0,0,4639,0,0,0,0,0,50,1
L2D_FRAME,118,MULTI_AXIS,100,1,7,0,46,972,1343,3,991,19155,25,27514,11,5487,0,152,965,4522,5487,12,0,13,25,23,205,27730,0,0,320,320,0,0,0,0,0,4554,0,0,0,0,0,50,1
L2D_FRAME,119,MULTI_AXIS,100,1,8,0,49,958,1344,3,890,19023,24,27259,15,5392,0,150,865,4527,5392,11,0,13,24,16,191,27465,0,0,320,320,0,0,0,0,0,4560,0,0,0,0,0,50,1
L2D_FRAME,120,MULTI_AXIS,100,1,9,0,46,953,1381,3,945,19162,26,28084,18,5367,0,146,923,4444,5367,12,0,14,26,17,187,28289,0,0,320,320,0,0,0,0,0,4477,0,0,0,0,0,50,1
L2D_FRAME,121,MULTI_AXIS,100,1,10,0,58,929,1342,3,1037,19077,26,27411,11,5498,0,160,1012,4486,5498,12,0,14,26,20,204,27626,0,0,320,320,0,0,0,0,0,4524,0,0,0,0,0,50,1
L2D_FRAME,122,MULTI_AXIS,100,1,11,0,49,922,1389,3,1130,19051,26,27525,15,5599,0,152,1100,4499,5599,12,0,14,26,16,193,27733,0,0,320,320,0,0,0,0,0,4543,0,0,0,0,0,50,1
L2D_FRAME,123,MULTI_AXIS,100,1,12,0,46,959,1339,3,1141,19117,29,27515,14,5507,0,155,1111,4396,5507,16,0,13,29,16,196,27725,0,0,320,320,0,0,0,0,0,4433,0,0,0,0,0,50,1
L2D_FRAME,124,MULTI_AXIS,100,1,13,0,46,887,1348,3,1133,18999,25,27192,11,5413,0,150,1107,4306,5413,12,0,13,25,17,193,27396,0,0,320,320,0,0,0,0,0,4340,0,0,0,0,0,50,1
L2D_FRAME,125,MULTI_AXIS,100,1,14,0,49,917,1375,3,1143,19197,25,27498,15,5454,0,153,1118,4336,5454,12,0,13,25,16,193,27706,0,0,320,320,0,0,0,0,0,4372,0,0,0,0,0,50,1
L2D_FRAME,126,MULTI_AXIS,100,1,15,0,46,945,1358,3,1129,19156,25,27401,15,5388,0,147,1104,4284,5388,12,0,13,25,16,188,27604,0,0,320,320,0,0,0,0,0,4317,0,0,0,0,0,50,1
L2D_FRAME,127,MULTI_AXIS,100,1,16,0,46,968,1392,3,1140,19083,26,27369,19,5368,0,151,1114,4254,5368,13,0,13,26,16,192,27580,0,0,320,320,0,0,0,0,0,4287,0,0,0,0,0,50,1
L2D_FRAME,128,MULTI_AXIS,100,1,17,0,48,973,1359,3,1139,19254,24,27421,14,5283,0,158,1111,4172,5283,11,0,13,24,16,199,27634,0,0,320,320,0,0,0,0,0,4210,0,0,0,0,0,50,1
L2D_FRAME,129,MULTI_AXIS,100,1,18,0,47,935,1359,3,1136,19204,25,27276,11,5217,0,149,1111,4106,5217,12,0,13,25,16,194,27481,0,0,320,320,0,0,0,0,0,4143,0,0,0,0,0,50,1
L2D_FRAME,130,MULTI_AXIS,100,1,19,0,49,937,1396,3,1139,19364,29,27460,18,5205,0,145,1110,4095,5205,16,0,13,29,16,186,27664,0,0,320,320,0,0,0,0,0,4128,0,0,0,0,0,50,1
L2D_FRAME,131,MULTI_AXIS,100,1,20,0,47,945,1356,3,1132,19180,25,27200,11,5157,0,155,1107,4050,5157,12,0,13,25,20,200,27411,0,0,320,320,0,0,0,0,0,4089,0,0,0,0,0,50,1
L2D_FRAME,132,MULTI_AXIS,100,1,21,0,46,937,1380,3,1146,19202,26,27404,15,5320,0,151,1117,4203,5320,12,0,14,26,16,192,27611,0,0,320,320,0,0,0,0,0,4238,0,0,0,0,0,50,1
L2D_FRAME,133,MULTI_AXIS,100,1,22,0,46,962,1346,3,1128,19416,24,28148,16,5870,0,151,1103,4767,5870,11,0,13,24,16,195,28359,0,0,320,320,0,0,0,0,0,4799,0,0,0,0,0,50,1
L2D_FRAME,134,MULTI_AXIS,100,1,23,0,47,932,1348,3,1132,19276,25,27420,15,5316,0,151,1106,4210,5316,12,0,13,25,20,200,27635,0,0,320,320,0,0,0,0,0,4243,0,0,0,0,0,50,1
L2D_FRAME,135,MULTI_AXIS,100,1,24,0,49,951,1385,3,1136,19373,26,27478,17,5222,0,151,1110,4112,5222,13,0,13,26,17,190,27685,0,0,320,320,0,0,0,0,0,4144,0,0,0,0,0,50,1
L2D_FRAME,136,MULTI_AXIS,100,1,25,0,56,932,1354,3,1136,19294,25,27392,16,5250,0,156,1107,4143,5250,12,0,13,25,16,197,27605,0,0,320,320,0,0,0,0,0,4177,0,0,0,0,0,50,1
L2D_FRAME,137,MULTI_AXIS,100,1,26,0,45,940,1383,3,1130,19343,26,27584,17,5370,0,151,1108,4262,5370,13,0,13,26,16,191,27792,0,0,320,320,0,0,0,0,0,4299,0,0,0,0,0,50,1
L2D_FRAME,138,MULTI_AXIS,100,1,27,0,49,976,1356,3,1150,19458,29,27723,17,5377,0,157,1121,4256,5377,16,0,13,29,654,838,28578,0,0,320,320,0,0,0,0,0,4293,0,0,0,0,0,50,1
L2D_FRAME,139,MULTI_AXIS,100,1,28,0,46,953,1347,3,1128,19321,25,27558,11,5394,0,146,1103,4291,5394,12,0,13,25,20,210,27779,0,0,320,320,0,0,0,0,0,4323,0,0,0,0,0,50,1
L2D_FRAME,140,MULTI_AXIS,100,1,29,0,46,940,1274,3,1138,19343,25,27521,16,5409,0,157,1113,4296,5409,12,0,13,25,16,198,27735,0,0,320,320,0,0,0,0,0,4329,0,0,0,0,0,50,1
L2D_FRAME,141,MULTI_AXIS,100,1,30,0,48,929,1352,3,1132,19251,26,27479,16,5397,0,160,1103,4294,5397,12,0,14,26,16,201,27696,0,0,320,320,0,0,0,0,0,4327,0,0,0,0,0,50,1
L2D_FRAME,142,MULTI_AXIS,100,1,31,0,47,948,1384,3,1124,19168,25,28322,11,6264,0,202,1099,5165,6264,12,0,13,25,20,251,28584,0,0,320,320,0,0,0,0,0,5198,0,0,0,0,0,50,1
L2D_FRAME,143,MULTI_AXIS,100,1,32,0,46,979,1343,3,1128,19316,24,27822,11,5637,0,158,1107,4530,5637,11,0,13,24,20,206,28039,0,0,320,320,0,0,0,0,0,4563,0,0,0,0,0,50,1
L2D_FRAME,144,MULTI_AXIS,100,1,33,0,46,955,1388,3,1130,19161,27,27773,15,5721,0,148,1106,4615,5721,14,0,13,27,17,197,27985,0,0,320,320,0,0,0,0,0,4649,0,0,0,0,0,50,1
L2D_FRAME,145,MULTI_AXIS,100,1,34,0,48,955,1361,3,1134,19170,28,27636,20,5591,0,158,1109,4482,5591,15,0,13,28,16,198,27854,0,0,320,320,0,0,0,0,0,4519,0,0,0,0,0,50,1
L2D_FRAME,146,MULTI_AXIS,100,1,35,0,46,950,1386,3,1134,19105,27,27678,18,5653,0,158,1108,4545,5653,14,0,13,27,16,199,27895,0,0,320,320,0,0,0,0,0,4578,0,0,0,0,0,50,1
L2D_FRAME,147,MULTI_AXIS,100,1,36,0,45,956,1353,3,1138,19197,25,27531,15,5480,0,153,1112,4368,5480,12,0,13,25,16,193,27739,0,0,320,320,0,0,0,0,0,4401,0,0,0,0,0,50,1
L2D_FRAME,148,MULTI_AXIS,100,1,37,0,47,954,1387,3,1139,19133,25,27618,14,5582,0,154,1113,4469,5582,12,0,13,25,16,195,27827,0,0,320,320,0,0,0,0,0,4505,0,0,0,0,0,50,1
L2D_FRAME,149,MULTI_AXIS,100,1,38,0,50,986,1362,3,1138,19301,27,27756,11,5562,0,168,1114,4448,5562,14,0,13,27,853,1048,28815,0,0,320,320,0,0,0,0,0,4482,0,0,0,0,0,50,1
L2D_FRAME,150,MULTI_AXIS,100,1,39,0,46,960,1356,4,1127,19147,27,27746,10,5717,0,174,1103,4614,5717,14,0,13,27,20,226,27982,0,0,320,320,0,0,0,0,0,4647,0,0,0,0,0,50,1
L2D_FRAME,151,MULTI_AXIS,100,1,40,0,46,993,1353,3,1139,19222,27,27630,15,5508,0,168,1112,4396,5508,14,0,13,27,562,758,28403,0,0,320,320,0,0,0,0,0,4431,0,0,0,0,0,50,1
L2D_FRAME,152,MULTI_AXIS,100,1,41,0,48,961,1352,3,1136,19189,24,27726,17,5661,0,155,1106,4555,5661,11,0,13,24,16,195,27938,0,0,320,320,0,0,0,0,0,4592,0,0,0,0,0,50,1
L2D_FRAME,153,MULTI_AXIS,100,1,42,0,46,972,1351,3,1138,19315,25,27661,16,5467,0,168,1107,4360,5467,12,0,13,25,218,410,28087,0,0,320,320,0,0,0,0,0,4393,0,0,0,0,0,50,1
L2D_FRAME,154,MULTI_AXIS,100,1,43,0,46,949,1393,3,1132,19075,25,27543,16,5560,0,151,1105,4455,5560,12,0,13,25,16,191,27750,0,0,320,320,0,0,0,0,0,4488,0,0,0,0,0,50,1
L2D_FRAME,155,MULTI_AXIS,100,1,44,0,49,970,1347,3,1139,19273,25,27724,17,5584,0,142,1110,4474,5584,12,0,13,25,16,182,27923,0,0,320,320,0,0,0,0,0,4507,0,0,0,0,0,50,1
L2D_FRAME,156,MULTI_AXIS,100,1,45,0,47,949,1396,3,1137,19109,27,27646,11,5623,0,155,1110,4513,5623,14,0,13,27,16,203,27860,0,0,320,320,0,0,0,0,0,4550,0,0,0,0,0,50,1
L2D_FRAME,157,MULTI_AXIS,100,1,46,0,48,970,1357,3,1135,19304,28,27641,11,5459,0,146,1107,4352,5459,15,0,13,28,20,191,27843,0,0,320,320,0,0,0,0,0,4389,0,0,0,0,0,50,1
L2D_FRAME,158,MULTI_AXIS,100,1,47,0,46,948,1356,3,1128,19316,25,27739,14,5572,0,152,1103,4469,5572,12,0,13,25,16,193,27946,0,0,320,320,0,0,0,0,0,4502,0,0,0,0,0,50,1
L2D_FRAME,159,MULTI_AXIS,100,1,48,0,48,973,1352,3,1144,19386,28,28417,11,6137,0,151,1112,5025,6137,15,0,13,28,20,196,28624,0,0,320,320,0,0,0,0,0,5058,0,0,0,0,0,50,1
L2D_FRAME,160,MULTI_AXIS,100,1,49,0,49,946,1355,3,1138,19310,28,27549,17,5383,0,154,1106,4277,5383,15,0,13,28,16,198,27764,0,0,320,320,0,0,0,0,0,4314,0,0,0,0,0,50,1
L2D_FRAME,161,MULTI_AXIS,100,1,50,0,47,957,1383,3,1137,19438,24,27487,11,5163,0,157,1109,4054,5163,11,0,13,24,20,202,27700,0,0,320,320,0,0,0,0,0,4087,0,0,0,0,0,50,1
L2D_FRAME,162,MULTI_AXIS,100,1,51,0,60,943,1352,3,1126,19384,25,27378,18,5143,0,155,1097,4046,5143,12,0,13,25,16,196,27592,0,0,320,320,0,0,0,0,0,4079,0,0,0,0,0,50,1
L2D_FRAME,163,MULTI_AXIS,100,1,52,0,48,940,1388,3,1139,19286,25,27531,10,5352,0,156,1113,4239,5352,12,0,13,25,20,200,27741,0,0,320,320,0,0,0,0,0,4280,0,0,0,0,0,50,1
L2D_FRAME,164,MULTI_AXIS,100,1,53,0,45,977,1349,4,1141,19380,28,27609,20,5358,0,159,1109,4249,5358,15,0,13,28,538,721,28350,0,0,320,320,0,0,0,0,0,4282,0,0,0,0,0,50,1
L2D_FRAME,165,MULTI_AXIS,100,1,54,0,46,963,1365,3,1130,19313,25,27571,20,5385,0,148,1104,4281,5385,12,0,13,25,16,188,27779,0,0,320,320,0,0,0,0,0,4313,0,0,0,0,0,50,1
L2D_ROI,116,MULTI_AXIS,100,1,5,1,73,15,272,298,200,284,56800,1,71,14,270,298,71,14,272,298,202,285,57570,5546,5622,0
L2D_ROI,117,MULTI_AXIS,100,1,6,1,75,15,274,298,200,284,56800,1,73,15,272,298,73,15,274,298,202,284,57368,5546,5602,0
L2D_ROI,118,MULTI_AXIS,100,1,7,1,77,16,276,298,200,283,56600,1,75,15,274,298,75,15,276,298,202,284,57368,5527,5602,0
L2D_ROI,119,MULTI_AXIS,100,1,8,1,79,16,277,298,199,283,56317,1,77,16,276,298,77,16,277,298,201,283,56883,5499,5554,0
L2D_ROI,120,MULTI_AXIS,100,1,9,1,78,17,276,298,199,282,56118,1,79,16,277,298,78,16,277,298,200,283,56600,5480,5527,0
L2D_ROI,121,MULTI_AXIS,100,1,10,1,78,17,276,298,199,282,56118,1,78,17,276,298,78,17,276,298,199,282,56118,5480,5480,0
L2D_ROI,122,MULTI_AXIS,100,1,11,1,77,18,275,298,199,281,55919,1,78,17,276,298,77,17,276,298,200,282,56400,5460,5507,0
L2D_ROI,123,MULTI_AXIS,100,1,12,1,77,18,275,298,199,281,55919,1,77,18,275,298,77,18,275,298,199,281,55919,5460,5460,0
L2D_ROI,124,MULTI_AXIS,100,1,13,1,76,19,275,298,200,280,56000,1,77,18,275,298,76,18,275,298,200,281,56200,5468,5488,0
L2D_ROI,125,MULTI_AXIS,100,1,14,1,76,20,274,298,199,279,55521,1,76,19,275,298,76,19,275,298,200,280,56000,5421,5468,0
L2D_ROI,126,MULTI_AXIS,100,1,15,1,75,21,274,298,200,278,55600,1,76,20,274,298,75,20,274,298,200,279,55800,5429,5449,0
L2D_ROI,127,MULTI_AXIS,100,1,16,1,74,20,272,298,199,279,55521,1,75,21,274,298,74,20,274,298,201,279,56079,5421,5476,0
L2D_ROI,128,MULTI_AXIS,100,1,17,1,72,19,269,298,198,280,55440,1,74,20,272,298,72,19,272,298,201,280,56280,5414,5496,0
L2D_ROI,129,MULTI_AXIS,100,1,18,1,70,19,267,298,198,280,55440,1,72,19,269,298,70,19,269,298,200,280,56000,5414,5468,0
L2D_ROI,130,MULTI_AXIS,100,1,19,1,68,18,266,298,199,281,55919,1,70,19,267,298,68,18,267,298,200,281,56200,5460,5488,0
L2D_ROI,131,MULTI_AXIS,100,1,20,1,66,17,264,298,199,282,56118,1,68,18,266,298,66,17,266,298,201,282,56682,5480,5535,0
L2D_ROI,132,MULTI_AXIS,100,1,21,1,65,17,263,298,199,282,56118,1,66,17,264,298,65,17,264,298,200,282,56400,5480,5507,0
L2D_ROI,133,MULTI_AXIS,100,1,22,1,63,17,261,298,199,282,56118,1,65,17,263,298,63,17,263,298,201,282,56682,5480,5535,0
L2D_ROI,134,MULTI_AXIS,100,1,23,1,61,16,259,298,199,283,56317,1,63,17,261,298,61,16,261,298,201,283,56883,5499,5554,0
L2D_ROI,135,MULTI_AXIS,100,1,24,1,60,15,258,298,199,284,56516,1,61,16,259,298,60,15,259,298,200,284,56800,5519,5546,0
L2D_ROI,136,MULTI_AXIS,100,1,25,1,58,15,256,298,199,284,56516,1,60,15,258,298,58,15,258,298,201,284,57084,5519,5574,0
L2D_ROI,137,MULTI_AXIS,100,1,26,1,56,14,254,298,199,285,56715,1,58,15,256,298,56,14,256,298,201,285,57285,5538,5594,0
L2D_ROI,138,MULTI_AXIS,100,1,27,1,54,14,252,298,199,285,56715,1,56,14,254,298,54,14,254,298,201,285,57285,5538,5594,0
L2D_ROI,139,MULTI_AXIS,100,1,28,1,52,14,250,298,199,285,56715,1,54,14,252,298,52,14,252,298,201,285,57285,5538,5594,0
L2D_ROI,140,MULTI_AXIS,100,1,29,1,50,13,248,298,199,286,56914,1,52,14,250,298,50,13,250,298,201,286,57486,5558,5613,0
L2D_ROI,141,MULTI_AXIS,100,1,30,1,48,13,247,298,200,286,57200,1,50,13,248,298,48,13,248,298,201,286,57486,5585,5613,0
L2D_ROI,142,MULTI_AXIS,100,1,31,1,47,12,245,298,199,287,57113,1,48,13,247,298,47,12,247,298,201,287,57687,5577,5633,0
L2D_ROI,143,MULTI_AXIS,100,1,32,1,45,12,243,298,199,287,57113,1,47,12,245,298,45,12,245,298,201,287,57687,5577,5633,0
L2D_ROI,144,MULTI_AXIS,100,1,33,1,43,11,242,298,200,288,57600,1,45,12,243,298,43,11,243,298,201,288,57888,5625,5653,0
L2D_ROI,145,MULTI_AXIS,100,1,34,1,41,11,240,298,200,288,57600,1,43,11,242,298,41,11,242,298,202,288,58176,5625,5681,0
L2D_ROI,146,MULTI_AXIS,100,1,35,1,40,11,238,298,199,288,57312,1,41,11,240,298,40,11,240,298,201,288,57888,5596,5653,0
L2D_ROI,147,MULTI_AXIS,100,1,36,1,38,10,237,298,200,289,57800,1,40,11,238,298,38,10,238,298,201,289,58089,5644,5672,0
L2D_ROI,148,MULTI_AXIS,100,1,37,1,36,10,235,298,200,289,57800,1,38,10,237,298,36,10,237,298,202,289,58378,5644,5700,0
L2D_ROI,149,MULTI_AXIS,100,1,38,1,37,10,236,298,200,289,57800,1,36,10,235,298,36,10,236,298,201,289,58089,5644,5672,0
L2D_ROI,150,MULTI_AXIS,100,1,39,1,38,10,237,298,200,289,57800,1,37,10,236,298,37,10,237,298,201,289,58089,5644,5672,0
L2D_ROI,151,MULTI_AXIS,100,1,40,1,39,10,238,298,200,289,57800,1,38,10,237,298,38,10,238,298,201,289,58089,5644,5672,0
L2D_ROI,152,MULTI_AXIS,100,1,41,1,40,10,239,298,200,289,57800,1,39,10,238,298,39,10,239,298,201,289,58089,5644,5672,0
L2D_ROI,153,MULTI_AXIS,100,1,42,1,40,10,240,298,201,289,58089,1,40,10,239,298,40,10,240,298,201,289,58089,5672,5672,0
L2D_ROI,154,MULTI_AXIS,100,1,43,1,41,10,241,298,201,289,58089,1,40,10,240,298,40,10,241,298,202,289,58378,5672,5700,0
L2D_ROI,155,MULTI_AXIS,100,1,44,1,41,10,241,298,201,289,58089,1,41,10,241,298,41,10,241,298,201,289,58089,5672,5672,0
L2D_ROI,156,MULTI_AXIS,100,1,45,1,44,10,243,298,200,289,57800,1,41,10,241,298,41,10,243,298,203,289,58667,5644,5729,0
L2D_ROI,157,MULTI_AXIS,100,1,46,1,45,10,245,298,201,289,58089,1,44,10,243,298,44,10,245,298,202,289,58378,5672,5700,0
L2D_ROI,158,MULTI_AXIS,100,1,47,1,47,10,247,298,201,289,58089,1,45,10,245,298,45,10,247,298,203,289,58667,5672,5729,0
L2D_ROI,159,MULTI_AXIS,100,1,48,1,49,10,248,298,200,289,57800,1,47,10,247,298,47,10,248,298,202,289,58378,5644,5700,0
L2D_ROI,160,MULTI_AXIS,100,1,49,1,50,11,250,298,201,288,57888,1,49,10,248,298,49,10,250,298,202,289,58378,5653,5700,0
L2D_ROI,161,MULTI_AXIS,100,1,50,1,52,11,252,298,201,288,57888,1,50,11,250,298,50,11,252,298,203,288,58464,5653,5709,0
L2D_ROI,162,MULTI_AXIS,100,1,51,1,53,11,253,298,201,288,57888,1,52,11,252,298,52,11,253,298,202,288,58176,5653,5681,0
L2D_ROI,163,MULTI_AXIS,100,1,52,1,55,11,255,298,201,288,57888,1,53,11,253,298,53,11,255,298,203,288,58464,5653,5709,0
L2D_ROI,164,MULTI_AXIS,100,1,53,1,56,11,256,298,201,288,57888,1,55,11,255,298,55,11,256,298,202,288,58176,5653,5681,0
L2D_ROI,165,MULTI_AXIS,100,1,54,1,58,12,258,298,201,287,57687,1,56,11,256,298,56,11,258,298,203,288,58464,5633,5709,0
L2D_SUMMARY,MULTI_AXIS,100,1,slot_wait_us,50,0.00,0,0,0,0,0,0
L2D_SUMMARY,MULTI_AXIS,100,1,controller_us,50,47.70,47,56,60,45,60,0
L2D_SUMMARY,MULTI_AXIS,100,1,rt30_us,50,951.66,951,979,993,887,993,0
L2D_SUMMARY,MULTI_AXIS,100,1,hierarchy_vertex_us,50,1362.08,1356,1393,1396,1274,1396,0
L2D_SUMMARY,MULTI_AXIS,100,1,bounds_us,50,3.04,3,3,4,3,4,0
L2D_SUMMARY,MULTI_AXIS,100,1,clear_us,50,1121.90,1136,1146,1150,890,1150,0
L2D_SUMMARY,MULTI_AXIS,100,1,raster_us,50,19226.52,19204,19416,19458,18999,19458,0
I (12845) l2d_profile: MULTI_AXIS scale=100 round=1 raster_us avg=19227 p95=19416 p99=19458 max=19458
L2D_SUMMARY,MULTI_AXIS,100,1,convert_us,50,4423.40,4393,4799,5198,4079,5198,0
L2D_SUMMARY,MULTI_AXIS,100,1,cache_sync_us,50,25.90,25,29,29,24,29,0
L2D_SUMMARY,MULTI_AXIS,100,1,producer_total_us,50,27593.46,27543,28148,28417,27192,28417,0
I (12875) l2d_profile: MULTI_AXIS scale=100 round=1 producer_total_us avg=27593 p95=28148 p99=28417 max=28417
L2D_SUMMARY,MULTI_AXIS,100,1,publish_consume_us,50,14.56,15,20,20,10,20,0
L2D_SUMMARY,MULTI_AXIS,100,1,ppa_wait_us,50,5483.74,5454,5870,6264,5143,6264,0
L2D_SUMMARY,MULTI_AXIS,100,1,ppa_blend_us,50,0.00,0,0,0,0,0,0
L2D_SUMMARY,MULTI_AXIS,100,1,panel_submit_us,50,154.80,153,168,202,142,202,0
L2D_SUMMARY,MULTI_AXIS,100,1,frame_drop,50,0.00,0,0,0,0,0,0
L2D_SUMMARY,MULTI_AXIS,100,1,ppa_fill_us,50,1095.10,1107,1118,1121,865,1121,0
L2D_SUMMARY,MULTI_AXIS,100,1,ppa_srm_us,50,4388.64,4360,4767,5165,4046,5165,0
L2D_SUMMARY,MULTI_AXIS,100,1,ppa_total_us,50,5483.74,5454,5870,6264,5143,6264,0
L2D_SUMMARY,MULTI_AXIS,100,1,clear_cache_sync_us,50,12.80,12,16,16,11,16,0
L2D_SUMMARY,MULTI_AXIS,100,1,convert_cache_sync_us,50,0.00,0,0,0,0,0,0
L2D_SUMMARY,MULTI_AXIS,100,1,flush_cache_sync_us,50,13.10,13,14,14,13,14,0
L2D_SUMMARY,MULTI_AXIS,100,1,cache_sync_total_us,50,25.90,25,29,29,24,29,0
L2D_SUMMARY,MULTI_AXIS,100,1,display_lock_wait_us,50,72.08,16,562,853,16,853,0
L2D_SUMMARY,MULTI_AXIS,100,1,flush_total_us,50,253.12,196,758,1048,182,1048,0
L2D_SUMMARY,MULTI_AXIS,100,1,frame_total_us,50,27861.14,27750,28584,28815,27396,28815,0
L2D_SUMMARY,MULTI_AXIS,100,1,keypoint_us,50,0.00,0,0,0,0,0,0
L2D_SUMMARY,MULTI_AXIS,100,1,visual_transform_us,50,0.00,0,0,0,0,0,0
L2D_SUMMARY,MULTI_AXIS,100,1,stretch_us,50,0.00,0,0,0,0,0,0
L2D_SUMMARY,MULTI_AXIS,100,1,vertex_transform_us,50,0.00,0,0,0,0,0,0
L2D_SUMMARY,MULTI_AXIS,100,1,uv_update_us,50,0.00,0,0,0,0,0,0
L2D_SUMMARY,MULTI_AXIS,100,1,trig_cache_hit,50,50.00,50,50,50,50,50,0
L2D_SUMMARY,MULTI_AXIS,100,1,trig_cache_miss,50,1.00,1,1,1,1,1,0
L2D_SUMMARY,MULTI_AXIS,100,1,slot_miss,50,0.00,0,0,0,0,0,0
L2D_SUMMARY,MULTI_AXIS,100,1,lock_skip,50,0.00,0,0,0,0,0,0
L2D_SUMMARY,MULTI_AXIS,100,1,deadline_miss,50,0.00,0,0,0,0,0,0
L2D_SUMMARY,MULTI_AXIS,100,1,roi.current_area,50,56974.08,56914,58089,58089,55440,58089,0
L2D_SUMMARY,MULTI_AXIS,100,1,roi.union_area,50,57421.20,57486,58464,58667,55800,58667,0
L2D_SUMMARY,MULTI_AXIS,100,1,roi.current_area_ratio_q10000,50,5563.38,5558,5672,5672,5414,5672,0
L2D_SUMMARY,MULTI_AXIS,100,1,roi.union_area_ratio_q10000,50,5607.00,5613,5709,5729,5449,5729,0
L2D_SUMMARY,MULTI_AXIS,100,1,roi.current_w,50,199.72,200,201,201,198,201,0
L2D_SUMMARY,MULTI_AXIS,100,1,roi.current_h,50,285.26,286,289,289,278,289,0
L2D_SUMMARY,MULTI_AXIS,100,1,roi.union_w,50,201.16,201,203,203,199,203,0
L2D_SUMMARY,MULTI_AXIS,100,1,roi.union_h,50,285.44,286,289,289,279,289,0
I (13099) l2d_profile: done MULTI_AXIS scale=100 round=1
L2D_DONE
I (13105) l2d_profile: suite complete; serial data ready for PC capture
