ESP-ROM:esp32p4-eco2-20240710
Build:Jul 10 2024
rst:0x1 (POWERON),boot:0x30f (SPI_FAST_FLASH_BOOT)
SPI mode:DIO, clock div:1
load:0x4ff33ce0,len:0x514
load:0x4ff29ed0,len:0xbbc
load:0x4ff2cbd0,len:0x3114
entry 0x4ff29ed0
I (335) hex_psram: vendor id    : 0x0d (AP)
I (336) hex_psram: Latency      : 0x01 (Fixed)
I (336) hex_psram: DriveStr.    : 0x00 (25 Ohm)
I (336) hex_psram: dev id       : 0x03 (generation 4)
I (341) hex_psram: density      : 0x07 (256 Mbit)
I (346) hex_psram: good-die     : 0x06 (Pass)
I (350) hex_psram: SRF          : 0x02 (Slow Refresh)
I (355) hex_psram: BurstType    : 0x00 ( Wrap)
I (359) hex_psram: BurstLen     : 0x03 (2048 Byte)
I (363) hex_psram: BitMode      : 0x01 (X16 Mode)
I (368) hex_psram: Readlatency  : 0x04 (14 cycles@Fixed)
I (373) hex_psram: DriveStrength: 0x00 (1/1)
I (377) MSPI Timing: Enter psram timing tuning
I (551) esp_psram: Found 32MB PSRAM device
I (551) esp_psram: Speed: 200MHz
I (552) hex_psram: psram CS IO is dedicated
I (552) cpu_start: Multicore app
I (1459) esp_psram: SPI SRAM memory test OK
I (1470) cpu_start: GPIO 38 and 37 are used as console UART I/O pins
I (1470) cpu_start: Pro cpu start user code
I (1471) cpu_start: cpu freq: 360000000 Hz
I (1473) app_init: Application information:
I (1476) app_init: Project name:     live2d_rt30_baseline
I (1482) app_init: App version:      dcd811d
I (1486) app_init: Compile time:     Sep 28 2026 20:49:50
I (1491) app_init: ELF file SHA256:  2e4b68b7f...
I (1495) app_init: ESP-IDF:          v5.5.2
I (1499) efuse_init: Min chip rev:     v0.1
I (1503) efuse_init: Max chip rev:     v1.99 
I (1507) efuse_init: Chip rev:         v1.3
I (1511) heap_init: Initializing. RAM available for dynamic allocation:
I (1517) heap_init: At 4FF1ECF0 len 0001C2D0 (112 KiB): RETENT_RAM
I (1523) heap_init: At 4FF3AFC0 len 00004BF0 (18 KiB): RAM
I (1528) heap_init: At 4FF40000 len 00060000 (384 KiB): RAM
I (1534) heap_init: At 501080A0 len 00007F60 (31 KiB): RTCRAM
I (1539) heap_init: At 30100084 len 00001F7C (7 KiB): TCM
I (1544) esp_psram: Adding pool of 32768K of PSRAM memory to heap allocator
I (1552) spi_flash: detected chip: generic
I (1555) spi_flash: flash io: dio
I (1558) sleep_gpio: Configure to isolate all GPIO pins in sleep state
I (1564) sleep_gpio: Enable automatic switching of GPIO sleep configuration
I (1571) main_task: Started on CPU0
I (1595) esp_psram: Reserving pool of 256K of internal memory for DMA/internal allocations
I (1596) main_task: Calling app_main()
I (1596) l2d_baseline: === Live2D RT30 baseline ===
I (1600) l2d_baseline: ========================================
I (1606) l2d_baseline:  Live2D RT30 baseline, target=30 fps, core=0
I (1612) l2d_baseline:  model=/sdcard/esp.live
I (1616) l2d_baseline: ========================================
I (1621) l2d_baseline: heap boot: psram_free=33551716 psram_min=33551716 internal_free=507131
I (1656) sys_storage: Mounting SD card at /sdcard
I (1657) main_task: Returned from app_main()
I (1712) sys_storage: Storage subsystem ready (NVS + SD at /sdcard)
I (1712) sys_sdio: ready: SD serial task core=0 prio=4 queue=20
I (1714) sys_storage: font cache found: /sdcard/fonts/noto_sans_sc_16.bin (955208 bytes)
I (1720) l2d_baseline: storage ready at /sdcard
I (1726) esp_lvgl:adapter: LVGL adapter initialized successfully
I (1803) GT911: TouchPad_ID:0x39,0x31,0x31
I (1803) GT911: TouchPad_Config_Version:101
W (1803) ledc: GPIO 20 is not usable, maybe conflict with others
I (1806) WT99P4C5_S1_BOARD: MIPI DSI PHY Powered on
I (1811) WT99P4C5_S1_BOARD: Install MIPI DSI LCD control panel
I (1816) WT99P4C5_S1_BOARD: Install EK79007 LCD control panel
I (1821) WT99P4C5_S1_BOARD: MIPI DSI DPI clock: 80.00 MHz
I (1826) ek79007: version: 1.0.4
I (2000) WT99P4C5_S1_BOARD: Display initialized
I (2000) WT99P4C5_S1_BOARD: Display resolution 1024x600
I (2004) esp_lvgl:bridge_v9: Initializing hardware resources
I (2004) esp_lvgl:bridge_v9: Hardware resources initialized successfully
I (2015) WT99P4C5_S1_BOARD: GT911 touch ready on GPIO 21
W (2015) esp_lvgl:touch: LV_USE_GESTURE_RECOGNITION is disabled; only single-point pointer events are available
I (2025) esp_lvgl:touch: Touch input device registered successfully (IRQ mode: disabled)
I (2033) esp_lvgl:adapter: LVGL task started successfully
I (2038) sys_display: Display + LVGL initialized (custom config)
I (2043) WT99P4C5_S1_BOARD: Setting LCD backlight: 80%
I (2048) sys_monitor: CPU monitor started (FreeRTOS idle run time, 1 s windows)
I (2055) sys_monitor: FPS tracking attached to display
I (2593) l2d_baseline: model file loaded: /sdcard/esp.live (798660 bytes)
I (2593) l2d_baseline: model CRC32_LE=0x06dce0ed
I (2645) l2d_baseline: model SHA256=786b18e342f3a7b3e67042822f138824aaad610d6c46130f58f5c59bbb379b0b
I (2645) live2d_engine: Live2D engine pool allocated in PSRAM: 16777216 bytes
I (2649) live2d_engine: Importing PainterEngine Live2D model, file size=798660 bytes, pool free=16777216 bytes
I (2704) live2d_engine: Model loaded: id='esp', size=320x320, layers=11, textures=12, animations=1, pool free=15944312 bytes
I (2705) live2d_engine: Using nearest-neighbor pixel shader for ESP renderer
I (2711) live2d_engine: RT30 realtime axes: 4
I (2715) live2d_engine:   axis[0] id='left_eye' default=0 middle=15 bindings=2 sampleBytes=360 stride=12 vidx=0 Q(coord=4 rot=6 stretch=14)
I (2727) live2d_engine:     binding[0] layer=6 id='right_eye' mask=0x0050 vertices=0 sample_offset=0
I (2736) live2d_engine:     binding[1] layer=8 id='left_eyeup' mask=0x0010 vertices=0 sample_offset=6
I (2745) live2d_engine:   axis[1] id='right_eye' default=0 middle=15 bindings=2 sampleBytes=240 stride=8 vidx=0 Q(coord=4 rot=6 stretch=14)
I (2757) live2d_engine:     binding[0] layer=5 id='left_eye' mask=0x0040 vertices=0 sample_offset=0
I (2766) live2d_engine:     binding[1] layer=7 id='right_eyeup' mask=0x0010 vertices=0 sample_offset=2
I (2775) live2d_engine:   axis[2] id='neck' default=15 middle=15 bindings=1 sampleBytes=960 stride=32 vidx=7 Q(coord=4 rot=6 stretch=14)
I (2787) live2d_engine:     binding[0] layer=3 id='neck' mask=0x0028 vertices=7 sample_offset=0
I (2796) live2d_engine:   axis[3] id='face' default=15 middle=15 bindings=11 sampleBytes=27240 stride=908 vidx=227 Q(coord=4 rot=6 stretch=14)
I (2808) live2d_engine:     binding[0] layer=0 id='back_hair' mask=0x0008 vertices=42 sample_offset=0
I (2817) live2d_engine:     binding[1] layer=1 id='cloth' mask=0x0008 vertices=25 sample_offset=168
I (2826) live2d_engine:     binding[2] layer=2 id='face' mask=0x0008 vertices=15 sample_offset=268
I (2834) live2d_engine:     binding[3] layer=3 id='neck' mask=0x0008 vertices=8 sample_offset=328
I (2843) live2d_engine:     binding[4] layer=4 id='mouth' mask=0x0008 vertices=5 sample_offset=360
I (2852) live2d_engine:     binding[5] layer=5 id='left_eye' mask=0x0008 vertices=11 sample_offset=380
I (2861) live2d_engine:     binding[6] layer=6 id='right_eye' mask=0x0008 vertices=10 sample_offset=424
I (2870) live2d_engine:     binding[7] layer=7 id='right_eyeup' mask=0x0008 vertices=13 sample_offset=464
I (2879) live2d_engine:     binding[8] layer=8 id='left_eyeup' mask=0x0008 vertices=13 sample_offset=516
I (2888) live2d_engine:     binding[9] layer=9 id='front_hair' mask=0x0008 vertices=64 sample_offset=568
I (2898) live2d_engine:     binding[10] layer=10 id='hairwear' mask=0x0008 vertices=21 sample_offset=824
I (2907) live2d_engine: Playing default animation index 1/1
I (2912) l2d_baseline: model ready id='esp' size=320x320 layers=11 textures=12 animations=1 load=262ms pool_free=15944312
I (2923) l2d_baseline: RT30 axis_count=4 static=29524 runtime=2392 selectedSample=0
I (2931) l2d_baseline: axis handles: left_eye=0 right_eye=1 neck=2 face=3 mouth=-1
I (2937) l2d_baseline: benchmark axes=4, mouth=absent (mouth sweep skipped)
I (2944) l2d_baseline: render ROI: 320x320 at (352,140), lcd=1024x600
I (2950) sys_display_buf: PSRAM before alloc: total=33554432  free=14282532 largest=13369344
I (2958) sys_display_buf: buffers created: 320x320  ARGB=409600  RGB565=204800 bytes (PSRAM DMA=yes)
I (2967) sys_display_buf: PSRAM after alloc: total=33554432  free=13668124 largest=13369344
I (2977) sys_display_flush: Flush path: 320x320 at (352,140) -> panel direct draw
I (2983) live2d_engine: Internal render scale set to 1.000
I (2995) live2d_renderer: PPA fill transparent clear enabled
I (2996) live2d_renderer: Renderer initialized: 320x320 ARGB8888 -> RGB565 via PPA SRM, rgb_swap=0, byte_swap=0, source block=320x320@(0,0)
I (3005) l2d_baseline: PPA mode: hardware transparent clear + hardware ARGB->RGB565 convert
I (3013) l2d_baseline: heap ready: psram_free=13667128 psram_min=13479712 internal_free=382455
I (3022) l2d_baseline: continuous RT30 drive active on 4 model axes
L2D_META_BEGIN
esp_commit=dcd811dd3685cec87c28e796591afd5368aea87f
live2d_commit=78fc634
idf=v5.5.2
chip=ESP32-P4
cpu_mhz=360
psram_mhz=200
optimization=-O2
render_task=core0,priority6
lvgl_task=core0,priority4
canvas=320x320
slot=none,synchronous ARGB+RGB565 buffers
display=direct panel RGB565
ppa=fill+SRM,blocking,blend unused
model_sha256=786b18e342f3a7b3e67042822f138824aaad610d6c46130f58f5c59bbb379b0b
model_size=798660
model_load_us=262587
layers=11
vertices=227
triangles=257
textures=12
texture_pixels=184235
axes=4
sampler=fast-nearest
profile_stage=1
profile_mode=timing
warmup=5
measure=50
rounds=1
L2D_META_END
L2D_FRAME_HEADER,frame_id,scenario,scale_q100,round,frame,slot_wait_us,controller_us,rt30_us,hierarchy_vertex_us,bounds_us,clear_us,raster_us,cache_sync_us,producer_total_us,publish_consume_us,ppa_wait_us,ppa_blend_us,panel_submit_us,ppa_fill_us,ppa_srm_us,ppa_total_us,clear_cache_sync_us,convert_cache_sync_us,flush_cache_sync_us,cache_sync_total_us,display_lock_wait_us,flush_total_us,frame_total_us,dirty_x,dirty_y,dirty_w,dirty_h,frame_drop,slot_miss,lock_skip,deadline_miss
L2D_SUMMARY_HEADER,scenario,scale_q100,round,metric,count,avg,p50,p95,p99,min,max
L2D_SUMMARY,LOAD,0,0,load_us,1,262587,262587,262587,262587,262587,262587
I (3140) l2d_profile: profile suite: stage=1 rounds=1 frames=50
I (3146) live2d_engine: Internal render scale set to 1.000
L2D_FRAME,6,STATIC,100,1,5,0,19,38,126,1,1096,18783,25,27037,23,7771,0,156,1070,6701,7771,12,0,13,25,16,195,27255,0,0,320,320,0,0,0,0
L2D_FRAME,7,STATIC,100,1,6,0,17,35,125,2,1104,18817,25,27053,19,7773,0,144,1082,6691,7773,12,0,13,25,16,185,27257,0,0,320,320,0,0,0,0
L2D_FRAME,8,STATIC,100,1,7,0,21,36,154,2,1110,18665,33,26943,18,7774,0,151,1085,6689,7774,12,0,21,33,16,195,27156,0,0,320,320,0,0,0,0
L2D_FRAME,9,STATIC,100,1,8,0,17,34,126,2,1113,18791,25,26915,22,7658,0,154,1091,6567,7658,12,0,13,25,607,782,27719,0,0,320,320,0,0,0,0
L2D_FRAME,10,STATIC,100,1,9,0,20,39,152,1,1110,18660,32,26946,23,7784,0,154,1089,6695,7784,11,0,21,32,1042,1224,28193,0,0,320,320,0,0,0,0
L2D_FRAME,11,STATIC,100,1,10,0,20,34,126,2,1103,18750,25,26773,22,7551,0,155,1082,6469,7551,12,0,13,25,504,682,27477,0,0,320,320,0,0,0,0
L2D_FRAME,12,STATIC,100,1,11,0,20,35,154,2,1108,18652,25,26813,15,7669,0,147,1086,6583,7669,12,0,13,25,609,782,27610,0,0,320,320,0,0,0,0
L2D_FRAME,13,STATIC,100,1,12,0,17,35,127,1,1107,18763,33,26955,15,7722,0,158,1085,6637,7722,12,0,21,33,738,927,27897,0,0,320,320,0,0,0,0
L2D_FRAME,14,STATIC,100,1,13,0,16,38,126,1,1100,18681,32,26934,36,7778,0,148,1078,6700,7778,12,0,20,32,20,196,27166,0,0,320,320,0,0,0,0
L2D_FRAME,15,STATIC,100,1,14,0,20,35,127,2,1111,18814,25,26887,23,7582,0,158,1086,6496,7582,12,0,13,25,530,709,27619,0,0,320,320,0,0,0,0
L2D_FRAME,16,STATIC,100,1,15,0,15,34,126,2,1098,18694,25,26869,19,7703,0,152,1077,6626,7703,12,0,13,25,15,187,27075,0,0,320,320,0,0,0,0
L2D_FRAME,17,STATIC,100,1,16,0,21,34,126,2,1099,18746,25,26719,27,7503,0,157,1078,6425,7503,12,0,13,25,203,380,27126,0,0,320,320,0,0,0,0
L2D_FRAME,18,STATIC,100,1,17,0,18,39,154,1,1101,18638,25,26665,15,7523,0,143,1075,6448,7523,12,0,13,25,19,183,26863,0,0,320,320,0,0,0,0
L2D_FRAME,19,STATIC,100,1,18,0,17,38,126,2,1097,18762,24,26725,18,7490,0,153,1077,6413,7490,11,0,13,24,16,194,26937,0,0,320,320,0,0,0,0
L2D_FRAME,20,STATIC,100,1,19,0,21,39,156,2,1100,18635,25,26634,15,7497,0,147,1075,6422,7497,12,0,13,25,20,187,26836,0,0,320,320,0,0,0,0
L2D_FRAME,21,STATIC,100,1,20,0,21,34,126,2,1111,18740,26,26733,23,7516,0,151,1086,6430,7516,12,0,14,26,17,187,26943,0,0,320,320,0,0,0,0
L2D_FRAME,22,STATIC,100,1,21,0,17,39,156,2,1097,18670,25,26679,19,7507,0,155,1077,6430,7507,12,0,13,25,16,191,26889,0,0,320,320,0,0,0,0
L2D_FRAME,23,STATIC,100,1,22,0,21,38,123,1,1097,18760,25,26732,19,7499,0,150,1075,6424,7499,12,0,13,25,16,190,26941,0,0,320,320,0,0,0,0
L2D_FRAME,24,STATIC,100,1,23,0,17,34,156,2,1100,18650,26,26654,23,7512,0,153,1079,6433,7512,12,0,14,26,20,193,26870,0,0,320,320,0,0,0,0
L2D_FRAME,25,STATIC,100,1,24,0,17,37,128,2,1105,18732,25,26724,19,7516,0,148,1083,6433,7516,11,0,14,25,20,191,26934,0,0,320,320,0,0,0,0
L2D_FRAME,26,STATIC,100,1,25,0,17,38,157,2,1097,18600,25,26595,18,7497,0,144,1076,6421,7497,12,0,13,25,20,188,26801,0,0,320,320,0,0,0,0
L2D_FRAME,27,STATIC,100,1,26,0,21,37,124,1,1101,18812,24,26779,19,7504,0,159,1080,6424,7504,11,0,13,24,20,199,26997,0,0,320,320,0,0,0,0
L2D_FRAME,28,STATIC,100,1,27,0,17,36,149,2,1097,18592,24,26591,22,7501,0,146,1077,6424,7501,11,0,13,24,16,183,26796,0,0,320,320,0,0,0,0
L2D_FRAME,29,STATIC,100,1,28,0,21,35,125,2,1112,18707,25,26689,18,7516,0,150,1090,6426,7516,12,0,13,25,20,192,26899,0,0,320,320,0,0,0,0
L2D_FRAME,30,STATIC,100,1,29,0,17,35,125,1,1096,18656,26,26617,23,7495,0,146,1074,6421,7495,12,0,14,26,17,183,26823,0,0,320,320,0,0,0,0
L2D_FRAME,31,STATIC,100,1,30,0,17,34,125,1,1111,18613,25,26684,19,7598,0,145,1089,6509,7598,12,0,13,25,16,182,26885,0,0,320,320,0,0,0,0
L2D_FRAME,32,STATIC,100,1,31,0,21,34,125,1,1101,18761,24,26738,18,7504,0,151,1080,6424,7504,11,0,13,24,20,196,26952,0,0,320,320,0,0,0,0
L2D_FRAME,33,STATIC,100,1,32,0,17,35,128,2,1103,18588,24,26619,19,7564,0,139,1083,6481,7564,11,0,13,24,16,180,26818,0,0,320,320,0,0,0,0
L2D_FRAME,34,STATIC,100,1,33,0,21,35,127,1,1103,18717,26,26694,19,7506,0,148,1081,6425,7506,12,0,14,26,20,190,26903,0,0,320,320,0,0,0,0
L2D_FRAME,35,STATIC,100,1,34,0,17,39,153,1,1105,18640,24,26650,23,7508,0,152,1080,6428,7508,11,0,13,24,16,189,26862,0,0,320,320,0,0,0,0
L2D_FRAME,36,STATIC,100,1,35,0,17,35,126,1,1104,18721,24,26699,22,7506,0,145,1083,6423,7506,11,0,13,24,16,186,26907,0,0,320,320,0,0,0,0
L2D_FRAME,37,STATIC,100,1,36,0,17,35,127,2,1090,18698,24,26669,18,7504,0,148,1070,6434,7504,11,0,13,24,16,190,26877,0,0,320,320,0,0,0,0
L2D_FRAME,38,STATIC,100,1,37,0,17,34,126,1,1100,18636,24,26666,18,7560,0,151,1075,6485,7560,11,0,13,24,20,194,26878,0,0,320,320,0,0,0,0
L2D_FRAME,39,STATIC,100,1,38,0,21,38,126,2,1107,18755,25,26736,18,7506,0,153,1082,6424,7506,12,0,13,25,20,199,26953,0,0,320,320,0,0,0,0
L2D_FRAME,40,STATIC,100,1,39,0,17,34,128,2,1103,18590,25,26630,19,7568,0,150,1082,6486,7568,12,0,13,25,20,190,26839,0,0,320,320,0,0,0,0
L2D_FRAME,41,STATIC,100,1,40,0,17,34,127,2,1113,18745,25,26736,22,7519,0,149,1087,6432,7519,12,0,13,25,16,186,26944,0,0,320,320,0,0,0,0
L2D_FRAME,42,STATIC,100,1,41,0,17,34,129,2,1104,18610,25,26675,18,7588,0,148,1083,6505,7588,12,0,13,25,20,190,26883,0,0,320,320,0,0,0,0
L2D_FRAME,43,STATIC,100,1,42,0,17,34,127,1,1104,18748,25,26728,19,7514,0,156,1082,6432,7514,12,0,13,25,16,197,26944,0,0,320,320,0,0,0,0
L2D_FRAME,44,STATIC,100,1,43,0,21,35,126,1,1090,18596,25,26631,15,7556,0,149,1068,6488,7556,12,0,13,25,16,188,26834,0,0,320,320,0,0,0,0
L2D_FRAME,45,STATIC,100,1,44,0,17,39,126,2,1104,18737,24,26718,23,7518,0,153,1083,6435,7518,11,0,13,24,16,189,26930,0,0,320,320,0,0,0,0
L2D_FRAME,46,STATIC,100,1,45,0,17,35,151,2,1096,18673,25,26668,18,7503,0,142,1075,6428,7503,12,0,13,25,24,187,26873,0,0,320,320,0,0,0,0
L2D_FRAME,47,STATIC,100,1,46,0,21,35,129,1,1105,18727,24,26720,23,7513,0,147,1084,6429,7513,11,0,13,24,16,183,26926,0,0,320,320,0,0,0,0
L2D_FRAME,48,STATIC,100,1,47,0,21,39,126,2,1098,18700,25,26696,19,7512,0,146,1076,6436,7512,12,0,13,25,19,190,26905,0,0,320,320,0,0,0,0
L2D_FRAME,49,STATIC,100,1,48,0,17,34,125,1,1099,18579,26,26611,19,7561,0,152,1077,6484,7561,12,0,14,26,17,192,26822,0,0,320,320,0,0,0,0
L2D_FRAME,50,STATIC,100,1,49,0,21,37,124,2,1094,18773,26,26728,19,7488,0,152,1073,6415,7488,12,0,14,26,17,188,26935,0,0,320,320,0,0,0,0
L2D_FRAME,51,STATIC,100,1,50,0,21,34,156,2,1110,18632,25,26670,18,7523,0,152,1085,6438,7523,12,0,13,25,16,192,26880,0,0,320,320,0,0,0,0
L2D_FRAME,52,STATIC,100,1,51,0,17,39,127,2,1102,18780,25,26808,15,7552,0,150,1079,6473,7552,12,0,13,25,338,509,27332,0,0,320,320,0,0,0,0
L2D_FRAME,53,STATIC,100,1,52,0,16,35,126,1,1105,18696,24,26813,22,7653,0,148,1084,6569,7653,11,0,13,24,16,185,27020,0,0,320,320,0,0,0,0
L2D_FRAME,54,STATIC,100,1,53,0,17,39,125,2,1094,18741,25,26737,23,7510,0,169,1074,6436,7510,11,0,14,25,70,259,27019,0,0,320,320,0,0,0,0
L2D_FRAME,55,STATIC,100,1,54,0,17,35,155,2,1101,18612,25,26611,18,7493,0,144,1076,6417,7493,12,0,13,25,20,187,26816,0,0,320,320,0,0,0,0
L2D_SUMMARY,STATIC,100,1,slot_wait_us,50,0.00,0,0,0,0,0
L2D_SUMMARY,STATIC,100,1,controller_us,50,18.42,17,21,21,15,21
L2D_SUMMARY,STATIC,100,1,rt30_us,50,35.94,35,39,39,34,39
L2D_SUMMARY,STATIC,100,1,hierarchy_vertex_us,50,133.40,126,156,157,123,157
L2D_SUMMARY,STATIC,100,1,bounds_us,50,1.62,2,2,2,1,2
L2D_SUMMARY,STATIC,100,1,clear_us,50,1102.32,1102,1112,1113,1090,1113
L2D_SUMMARY,STATIC,100,1,raster_us,50,18696.76,18698,18812,18817,18579,18817
I (5591) l2d_profile: STATIC scale=100 round=1 raster_us avg=18697 p95=18812 p99=18817 max=18817
L2D_SUMMARY,STATIC,100,1,cache_sync_us,50,25.48,25,32,33,24,33
L2D_SUMMARY,STATIC,100,1,producer_total_us,50,26739.92,26719,26955,27053,26591,27053
I (5612) l2d_profile: STATIC scale=100 round=1 producer_total_us avg=26740 p95=26955 p99=27053 max=27053
L2D_SUMMARY,STATIC,100,1,publish_consume_us,50,19.94,19,23,36,15,36
L2D_SUMMARY,STATIC,100,1,ppa_wait_us,50,7563.36,7516,7774,7784,7488,7784
L2D_SUMMARY,STATIC,100,1,ppa_blend_us,50,0.00,0,0,0,0,0
L2D_SUMMARY,STATIC,100,1,panel_submit_us,50,150.36,150,158,169,139,169
L2D_SUMMARY,STATIC,100,1,frame_drop,50,0.00,0,0,0,0,0
L2D_SUMMARY,STATIC,100,1,ppa_fill_us,50,1080.08,1080,1089,1091,1068,1091
L2D_SUMMARY,STATIC,100,1,ppa_srm_us,50,6483.28,6434,6695,6701,6413,6701
L2D_SUMMARY,STATIC,100,1,ppa_total_us,50,7563.36,7516,7774,7784,7488,7784
L2D_SUMMARY,STATIC,100,1,clear_cache_sync_us,50,11.70,12,12,12,11,12
L2D_SUMMARY,STATIC,100,1,convert_cache_sync_us,50,0.00,0,0,0,0,0
L2D_SUMMARY,STATIC,100,1,flush_cache_sync_us,50,13.78,13,21,21,13,21
L2D_SUMMARY,STATIC,100,1,cache_sync_total_us,50,25.48,25,32,33,24,33
L2D_SUMMARY,STATIC,100,1,display_lock_wait_us,50,107.40,19,609,1042,15,1042
L2D_SUMMARY,STATIC,100,1,flush_total_us,50,280.46,190,782,1224,180,1224
L2D_SUMMARY,STATIC,100,1,frame_total_us,50,27040.32,26930,27719,28193,26796,28193
L2D_SUMMARY,STATIC,100,1,slot_miss,50,0.00,0,0,0,0,0
L2D_SUMMARY,STATIC,100,1,lock_skip,50,0.00,0,0,0,0,0
L2D_SUMMARY,STATIC,100,1,deadline_miss,50,0.00,0,0,0,0,0
I (5727) l2d_profile: done STATIC scale=100 round=1
L2D_FRAME,61,EYE_L_SWEEP,100,1,5,0,59,648,4654,2,1533,18733,25,32531,18,8147,0,161,1512,6635,8147,12,0,13,25,752,934,33483,0,0,320,320,0,0,0,1
L2D_FRAME,62,EYE_L_SWEEP,100,1,6,0,57,556,4626,2,1487,18608,24,32050,22,7915,0,141,1467,6448,7915,11,0,13,24,16,178,32250,0,0,320,320,0,0,0,0
L2D_FRAME,63,EYE_L_SWEEP,100,1,7,0,56,671,4665,2,1600,18651,24,32358,19,8022,0,143,1579,6443,8022,11,0,13,24,16,187,32564,0,0,320,320,0,0,0,0
L2D_FRAME,64,EYE_L_SWEEP,100,1,8,0,64,671,4650,2,1564,18592,25,32258,14,7984,0,146,1544,6440,7984,12,0,13,25,20,189,32461,0,0,320,320,0,0,0,0
L2D_FRAME,65,EYE_L_SWEEP,100,1,9,0,56,677,4655,2,1598,18604,26,32299,15,8018,0,147,1576,6442,8018,12,0,14,26,16,190,32504,0,0,320,320,0,0,0,0
L2D_FRAME,66,EYE_L_SWEEP,100,1,10,0,55,674,4664,1,1578,18531,25,32215,18,7995,0,145,1556,6439,7995,12,0,13,25,16,185,32418,0,0,320,320,0,0,0,0
L2D_FRAME,67,EYE_L_SWEEP,100,1,11,0,56,669,4652,1,1607,18526,26,32214,23,8022,0,140,1585,6437,8022,12,0,14,26,16,178,32415,0,0,320,320,0,0,0,0
L2D_FRAME,68,EYE_L_SWEEP,100,1,12,0,65,684,4636,2,1569,18500,24,32172,18,7988,0,149,1549,6439,7988,11,0,13,24,16,189,32379,0,0,320,320,0,0,0,0
L2D_FRAME,69,EYE_L_SWEEP,100,1,13,0,56,664,4652,2,1592,18441,25,32104,22,7986,0,148,1570,6416,7986,12,0,13,25,20,189,32315,0,0,320,320,0,0,0,0
L2D_FRAME,70,EYE_L_SWEEP,100,1,14,0,56,677,4645,2,1597,18456,26,32159,19,8019,0,152,1572,6447,8019,12,0,14,26,16,189,32367,0,0,320,320,0,0,0,0
L2D_FRAME,71,EYE_L_SWEEP,100,1,15,0,56,682,4663,2,1479,18542,25,32133,15,7891,0,149,1457,6434,7891,12,0,13,25,20,193,32341,0,0,320,320,0,0,0,0
L2D_FRAME,72,EYE_L_SWEEP,100,1,16,0,57,691,4681,2,1521,18422,25,32147,15,8007,0,144,1500,6507,8007,12,0,13,25,20,188,32350,0,0,320,320,0,0,0,0
L2D_FRAME,73,EYE_L_SWEEP,100,1,17,0,65,672,4670,2,1566,18590,25,32267,18,7980,0,147,1544,6436,7980,12,0,13,25,20,191,32476,0,0,320,320,0,0,0,0
L2D_FRAME,74,EYE_L_SWEEP,100,1,18,0,56,673,4672,2,1590,18488,25,32265,19,8082,0,142,1569,6513,8082,12,0,13,25,20,182,32466,0,0,320,320,0,0,0,0
L2D_FRAME,75,EYE_L_SWEEP,100,1,19,0,56,683,4666,2,1578,18669,25,32365,23,7996,0,151,1556,6440,7996,12,0,13,25,20,191,32579,0,0,320,320,0,0,0,0
L2D_FRAME,76,EYE_L_SWEEP,100,1,20,0,56,684,4643,2,1594,18691,25,32393,19,8021,0,141,1572,6449,8021,12,0,13,25,20,181,32593,0,0,320,320,0,0,0,0
L2D_FRAME,77,EYE_L_SWEEP,100,1,21,0,58,677,4671,1,1586,18616,25,32307,19,7988,0,143,1565,6423,7988,12,0,13,25,16,183,32509,0,0,320,320,0,0,0,0
L2D_FRAME,78,EYE_L_SWEEP,100,1,22,0,56,681,4673,2,1594,18693,25,32438,19,8024,0,149,1573,6451,8024,12,0,13,25,20,189,32646,0,0,320,320,0,0,0,0
L2D_FRAME,79,EYE_L_SWEEP,100,1,23,0,56,670,4682,2,1595,18630,25,32448,18,8102,0,141,1574,6528,8102,12,0,13,25,16,182,32648,0,0,320,320,0,0,0,0
L2D_FRAME,80,EYE_L_SWEEP,100,1,24,0,87,676,4679,2,1601,18799,24,32728,28,8165,0,148,1581,6584,8165,11,0,13,24,16,184,32940,0,0,320,320,0,0,0,0
L2D_FRAME,81,EYE_L_SWEEP,100,1,25,0,56,711,4666,1,1570,18686,25,32628,22,8213,0,148,1545,6668,8213,12,0,13,25,20,189,32839,0,0,320,320,0,0,0,0
L2D_FRAME,82,EYE_L_SWEEP,100,1,26,0,56,672,4674,2,1594,18904,25,32876,18,8266,0,149,1573,6693,8266,12,0,13,25,16,186,33080,0,0,320,320,0,0,0,0
L2D_FRAME,83,EYE_L_SWEEP,100,1,27,0,57,675,4673,2,1589,18685,25,32729,15,8339,0,141,1568,6771,8339,12,0,13,25,16,180,32924,0,0,320,320,0,0,0,0
L2D_FRAME,84,EYE_L_SWEEP,100,1,28,0,55,584,4656,1,1605,18780,26,32650,19,8274,0,144,1583,6691,8274,12,0,14,26,17,182,32851,0,0,320,320,0,0,0,0
L2D_FRAME,85,EYE_L_SWEEP,100,1,29,0,56,680,4642,1,1591,18751,37,32685,23,8252,0,153,1558,6694,8252,23,0,14,37,17,189,32897,0,0,320,320,0,0,0,0
L2D_FRAME,86,EYE_L_SWEEP,100,1,30,0,57,714,4613,2,1551,18666,25,32570,23,8223,0,159,1526,6697,8223,12,0,13,25,16,196,32789,0,0,320,320,0,0,0,0
L2D_FRAME,87,EYE_L_SWEEP,100,1,31,0,67,678,4628,1,1572,18758,26,32582,19,8158,0,151,1551,6607,8158,12,0,14,26,694,870,33471,0,0,320,320,0,0,0,1
L2D_FRAME,88,EYE_L_SWEEP,100,1,32,0,57,590,4638,2,1586,18631,26,32235,19,8018,0,146,1564,6454,8018,12,0,14,26,17,185,32439,0,0,320,320,0,0,0,0
L2D_FRAME,89,EYE_L_SWEEP,100,1,33,0,56,664,4675,1,1611,18569,25,32288,18,8031,0,139,1586,6445,8031,12,0,13,25,16,179,32485,0,0,320,320,0,0,0,0
L2D_FRAME,90,EYE_L_SWEEP,100,1,34,0,57,680,4672,2,1611,18669,25,32385,18,8022,0,145,1586,6436,8022,12,0,13,25,16,186,32589,0,0,320,320,0,0,0,0
L2D_FRAME,91,EYE_L_SWEEP,100,1,35,0,55,674,4642,2,1592,18526,25,32199,18,8008,0,153,1572,6436,8008,12,0,13,25,16,195,32412,0,0,320,320,0,0,0,0
L2D_FRAME,92,EYE_L_SWEEP,100,1,36,0,55,679,4667,1,1640,18615,25,32385,15,8066,0,142,1618,6448,8066,12,0,13,25,16,188,32588,0,0,320,320,0,0,0,0
L2D_FRAME,93,EYE_L_SWEEP,100,1,37,0,57,694,4661,2,1612,18458,24,32208,23,8028,0,151,1589,6439,8028,11,0,13,24,17,187,32418,0,0,320,320,0,0,0,0
L2D_FRAME,94,EYE_L_SWEEP,100,1,38,0,86,678,4667,2,1595,18607,24,32343,18,8005,0,142,1575,6430,8005,11,0,13,24,16,182,32543,0,0,320,320,0,0,0,0
L2D_FRAME,95,EYE_L_SWEEP,100,1,39,0,56,678,4654,2,1594,18434,25,32156,15,8000,0,152,1573,6427,8000,12,0,13,25,20,199,32370,0,0,320,320,0,0,0,0
L2D_FRAME,96,EYE_L_SWEEP,100,1,40,0,57,667,4690,2,1609,18567,24,32289,18,8016,0,148,1588,6428,8016,11,0,13,24,16,185,32492,0,0,320,320,0,0,0,0
L2D_FRAME,97,EYE_L_SWEEP,100,1,41,0,56,690,4675,1,1604,18469,25,32223,23,8031,0,171,1582,6449,8031,12,0,13,25,16,209,32455,0,0,320,320,0,0,0,0
L2D_FRAME,98,EYE_L_SWEEP,100,1,42,0,55,667,4685,1,1599,18611,24,32317,15,8013,0,139,1578,6435,8013,11,0,13,24,16,179,32511,0,0,320,320,0,0,0,0
L2D_FRAME,99,EYE_L_SWEEP,100,1,43,0,65,705,4649,2,1608,18593,24,32335,51,8029,0,138,1583,6446,8029,11,0,13,24,16,175,32561,0,0,320,320,0,0,0,0
L2D_FRAME,100,EYE_L_SWEEP,100,1,44,0,56,661,4689,1,1581,18655,25,32340,22,7990,0,163,1559,6431,7990,12,0,13,25,16,200,32562,0,0,320,320,0,0,0,0
L2D_FRAME,101,EYE_L_SWEEP,100,1,45,0,57,703,4657,2,1584,18533,26,32283,19,8014,0,150,1563,6451,8014,12,0,14,26,17,190,32492,0,0,320,320,0,0,0,0
L2D_FRAME,102,EYE_L_SWEEP,100,1,46,0,55,688,4671,2,1607,18687,25,32419,23,8030,0,140,1586,6444,8030,12,0,13,25,20,180,32622,0,0,320,320,0,0,0,0
L2D_FRAME,103,EYE_L_SWEEP,100,1,47,0,57,698,4682,2,1583,18626,25,32486,22,8119,0,154,1562,6557,8119,12,0,13,25,20,195,32703,0,0,320,320,0,0,0,0
L2D_FRAME,104,EYE_L_SWEEP,100,1,48,0,58,675,4691,1,1588,18699,25,32576,15,8164,0,149,1567,6597,8164,12,0,13,25,20,193,32784,0,0,320,320,0,0,0,0
L2D_FRAME,105,EYE_L_SWEEP,100,1,49,0,65,679,4688,2,1596,18625,25,32632,22,8282,0,141,1574,6708,8282,12,0,13,25,16,178,32832,0,0,320,320,0,0,0,0
L2D_FRAME,106,EYE_L_SWEEP,100,1,50,0,56,671,4662,2,1592,18705,26,32664,23,8261,0,145,1571,6690,8261,12,0,14,26,17,181,32868,0,0,320,320,0,0,0,0
L2D_FRAME,107,EYE_L_SWEEP,100,1,51,0,55,677,4664,1,1605,18684,24,32650,22,8273,0,142,1584,6689,8273,11,0,13,24,16,181,32853,0,0,320,320,0,0,0,0
L2D_FRAME,108,EYE_L_SWEEP,100,1,52,0,56,639,4653,2,1613,18651,25,32587,47,8283,0,143,1588,6695,8283,12,0,13,25,20,184,32818,0,0,320,320,0,0,0,0
L2D_FRAME,109,EYE_L_SWEEP,100,1,53,0,56,638,4636,2,1590,18815,25,32700,18,8263,0,151,1569,6694,8263,12,0,13,25,16,188,32906,0,0,320,320,0,0,0,0
L2D_FRAME,110,EYE_L_SWEEP,100,1,54,0,56,720,4632,2,1527,18687,26,32600,19,8204,0,153,1505,6699,8204,12,0,14,26,1098,1273,33892,0,0,320,320,0,0,0,1
L2D_SUMMARY,EYE_L_SWEEP,100,1,slot_wait_us,50,0.00,0,0,0,0,0
L2D_SUMMARY,EYE_L_SWEEP,100,1,controller_us,50,58.52,56,67,87,55,87
L2D_SUMMARY,EYE_L_SWEEP,100,1,rt30_us,50,672.18,677,711,720,556,720
L2D_SUMMARY,EYE_L_SWEEP,100,1,hierarchy_vertex_us,50,4661.02,4664,4689,4691,4613,4691
L2D_SUMMARY,EYE_L_SWEEP,100,1,bounds_us,50,1.72,2,2,2,1,2
L2D_SUMMARY,EYE_L_SWEEP,100,1,clear_us,50,1584.56,1592,1612,1640,1479,1640
L2D_SUMMARY,EYE_L_SWEEP,100,1,raster_us,50,18622.56,18625,18799,18904,18422,18904
I (8193) l2d_profile: EYE_L_SWEEP scale=100 round=1 raster_us avg=18623 p95=18799 p99=18904 max=18904
L2D_SUMMARY,EYE_L_SWEEP,100,1,cache_sync_us,50,25.22,25,26,37,24,37
L2D_SUMMARY,EYE_L_SWEEP,100,1,producer_total_us,50,32397.42,32343,32728,32876,32050,32876
I (8216) l2d_profile: EYE_L_SWEEP scale=100 round=1 producer_total_us avg=32397 p95=32728 p99=32876 max=32876
L2D_SUMMARY,EYE_L_SWEEP,100,1,publish_consume_us,50,20.46,19,28,51,14,51
L2D_SUMMARY,EYE_L_SWEEP,100,1,ppa_wait_us,50,8084.54,8024,8282,8339,7891,8339
L2D_SUMMARY,EYE_L_SWEEP,100,1,ppa_blend_us,50,0.00,0,0,0,0,0
L2D_SUMMARY,EYE_L_SWEEP,100,1,panel_submit_us,50,147.38,147,161,171,138,171
L2D_SUMMARY,EYE_L_SWEEP,100,1,frame_drop,50,0.00,0,0,0,0,0
L2D_SUMMARY,EYE_L_SWEEP,100,1,ppa_fill_us,50,1562.54,1571,1588,1618,1457,1618
L2D_SUMMARY,EYE_L_SWEEP,100,1,ppa_srm_us,50,6522.00,6448,6699,6771,6416,6771
L2D_SUMMARY,EYE_L_SWEEP,100,1,ppa_total_us,50,8084.54,8024,8282,8339,7891,8339
L2D_SUMMARY,EYE_L_SWEEP,100,1,clear_cache_sync_us,50,12.02,12,12,23,11,23
L2D_SUMMARY,EYE_L_SWEEP,100,1,convert_cache_sync_us,50,0.00,0,0,0,0,0
L2D_SUMMARY,EYE_L_SWEEP,100,1,flush_cache_sync_us,50,13.20,13,14,14,13,14
L2D_SUMMARY,EYE_L_SWEEP,100,1,cache_sync_total_us,50,25.22,25,26,37,24,37
L2D_SUMMARY,EYE_L_SWEEP,100,1,display_lock_wait_us,50,67.24,16,694,1098,16,1098
L2D_SUMMARY,EYE_L_SWEEP,100,1,flush_total_us,50,237.12,187,870,1273,175,1273
L2D_SUMMARY,EYE_L_SWEEP,100,1,frame_total_us,50,32655.00,32562,33471,33892,32250,33892
L2D_SUMMARY,EYE_L_SWEEP,100,1,slot_miss,50,0.00,0,0,0,0,0
L2D_SUMMARY,EYE_L_SWEEP,100,1,lock_skip,50,0.00,0,0,0,0,0
L2D_SUMMARY,EYE_L_SWEEP,100,1,deadline_miss,50,0.06,0,1,1,0,1
I (8339) l2d_profile: done EYE_L_SWEEP scale=100 round=1
L2D_FRAME,116,NECK_SWEEP,100,1,5,0,61,711,4880,2,1529,18881,25,33022,18,8196,0,160,1508,6688,8196,12,0,13,25,16,200,33240,0,0,320,320,0,0,0,0
L2D_FRAME,117,NECK_SWEEP,100,1,6,0,55,687,4862,1,1561,18771,26,32793,22,8100,0,146,1539,6561,8100,12,0,14,26,561,728,33543,0,0,320,320,0,0,0,1
L2D_FRAME,118,NECK_SWEEP,100,1,7,0,57,591,4841,1,1600,18908,41,32683,15,7982,0,146,1562,6420,7982,28,0,13,41,16,186,32884,0,0,320,320,0,0,0,0
L2D_FRAME,119,NECK_SWEEP,100,1,8,0,66,683,4896,2,1583,18845,24,32764,14,7986,0,150,1562,6424,7986,11,0,13,24,16,190,32968,0,0,320,320,0,0,0,0
L2D_FRAME,120,NECK_SWEEP,100,1,9,0,65,691,4899,2,1590,18767,32,32993,19,7995,0,152,1570,6425,7995,11,0,21,32,16,200,33212,0,0,320,320,0,0,0,0
L2D_FRAME,121,NECK_SWEEP,100,1,10,0,57,670,4904,2,1577,18956,26,32854,15,7981,0,184,1555,6426,7981,12,0,14,26,17,227,33096,0,0,320,320,0,0,0,0
L2D_FRAME,122,NECK_SWEEP,100,1,11,0,57,681,4891,2,1612,18968,26,33079,15,8189,0,156,1590,6599,8189,12,0,14,26,16,195,33289,0,0,320,320,0,0,0,0
L2D_FRAME,123,NECK_SWEEP,100,1,12,0,57,686,4878,2,1578,18838,25,33027,15,8260,0,145,1554,6706,8260,12,0,13,25,20,189,33231,0,0,320,320,0,0,0,0
L2D_FRAME,124,NECK_SWEEP,100,1,13,0,57,694,4876,2,1592,18929,25,33111,14,8260,0,180,1571,6689,8260,12,0,13,25,16,224,33349,0,0,320,320,0,0,0,1
L2D_FRAME,125,NECK_SWEEP,100,1,14,0,58,536,4649,2,1607,18788,26,32607,23,8276,0,154,1586,6690,8276,12,0,14,26,17,190,32820,0,0,320,320,0,0,0,0
L2D_FRAME,126,NECK_SWEEP,100,1,15,0,57,688,4863,1,1551,18672,26,32862,15,8288,0,140,1529,6759,8288,12,0,14,26,20,180,33057,0,0,320,320,0,0,0,0
L2D_FRAME,127,NECK_SWEEP,100,1,16,0,58,688,4861,2,1570,18848,25,32885,14,8140,0,153,1549,6591,8140,12,0,13,25,20,194,33093,0,0,320,320,0,0,0,0
L2D_FRAME,128,NECK_SWEEP,100,1,17,0,56,682,4884,1,1613,18871,25,32812,14,8022,0,145,1591,6431,8022,12,0,13,25,24,194,33020,0,0,320,320,0,0,0,0
L2D_FRAME,129,NECK_SWEEP,100,1,18,0,55,707,4883,2,1602,18715,25,32675,14,8021,0,152,1577,6444,8021,12,0,13,25,20,193,32882,0,0,320,320,0,0,0,0
L2D_FRAME,130,NECK_SWEEP,100,1,19,0,56,676,4896,2,1574,18851,26,32740,23,7970,0,160,1552,6418,7970,12,0,14,26,16,197,32960,0,0,320,320,0,0,0,0
L2D_FRAME,131,NECK_SWEEP,100,1,20,0,58,690,4875,1,1593,18663,25,32645,15,8067,0,153,1571,6496,8067,12,0,13,25,20,194,32854,0,0,320,320,0,0,0,0
L2D_FRAME,132,NECK_SWEEP,100,1,21,0,56,697,4891,1,1619,18892,25,32862,15,8034,0,156,1597,6437,8034,12,0,13,25,20,200,33077,0,0,320,320,0,0,0,0
L2D_FRAME,133,NECK_SWEEP,100,1,22,0,58,695,4893,1,1588,18868,24,32840,18,8010,0,143,1565,6445,8010,11,0,13,24,20,186,33044,0,0,320,320,0,0,0,0
L2D_FRAME,134,NECK_SWEEP,100,1,23,0,57,719,4895,2,1582,18815,26,32853,19,8070,0,149,1559,6511,8070,12,0,14,26,20,192,33064,0,0,320,320,0,0,0,0
L2D_FRAME,135,NECK_SWEEP,100,1,24,0,58,683,4896,1,1562,18874,25,32960,18,8148,0,149,1540,6608,8148,12,0,13,25,16,191,33169,0,0,320,320,0,0,0,0
L2D_FRAME,136,NECK_SWEEP,100,1,25,0,56,697,4877,1,1583,18955,25,33141,15,8244,0,150,1557,6687,8244,12,0,13,25,20,191,33347,0,0,320,320,0,0,0,1
L2D_FRAME,137,NECK_SWEEP,100,1,26,0,68,535,4851,2,1441,18754,25,32665,14,8158,0,148,1417,6741,8158,12,0,13,25,20,191,32870,0,0,320,320,0,0,0,0
L2D_FRAME,138,NECK_SWEEP,100,1,27,0,67,666,4861,2,1577,18825,26,32958,15,8238,0,154,1552,6686,8238,12,0,14,26,17,194,33167,0,0,320,320,0,0,0,0
L2D_FRAME,139,NECK_SWEEP,100,1,28,0,56,686,4860,1,1577,18933,25,32973,22,8144,0,146,1551,6593,8144,12,0,13,25,659,826,33821,0,0,320,320,0,0,0,1
L2D_FRAME,140,NECK_SWEEP,100,1,29,0,57,559,4847,2,1439,18881,25,32493,15,7829,0,144,1414,6415,7829,12,0,13,25,20,185,32693,0,0,320,320,0,0,0,0
L2D_FRAME,141,NECK_SWEEP,100,1,30,0,55,678,4857,1,1573,18816,25,32680,19,7986,0,146,1551,6435,7986,12,0,13,25,16,187,32886,0,0,320,320,0,0,0,0
L2D_FRAME,142,NECK_SWEEP,100,1,31,0,56,689,4875,2,1578,18860,26,32784,15,7994,0,152,1557,6437,7994,12,0,14,26,17,191,32990,0,0,320,320,0,0,0,0
L2D_FRAME,143,NECK_SWEEP,100,1,32,0,57,701,4899,2,1589,18717,26,32736,19,8071,0,149,1567,6504,8071,12,0,14,26,17,189,32944,0,0,320,320,0,0,0,0
L2D_FRAME,144,NECK_SWEEP,100,1,33,0,57,686,4898,2,1600,18795,26,32753,22,8013,0,146,1573,6440,8013,13,0,13,26,16,183,32958,0,0,320,320,0,0,0,0
L2D_FRAME,145,NECK_SWEEP,100,1,34,0,58,694,4897,1,1610,18958,26,33047,23,8152,0,158,1584,6568,8152,12,0,14,26,17,195,33265,0,0,320,320,0,0,0,0
L2D_FRAME,146,NECK_SWEEP,100,1,35,0,56,728,4887,2,1604,18856,25,33102,22,8282,0,149,1583,6699,8282,12,0,13,25,16,186,33310,0,0,320,320,0,0,0,0
L2D_FRAME,147,NECK_SWEEP,100,1,36,0,57,596,4879,2,1591,18842,26,32914,19,8250,0,157,1570,6680,8250,12,0,14,26,20,200,33133,0,0,320,320,0,0,0,0
L2D_FRAME,148,NECK_SWEEP,100,1,37,0,56,609,4862,2,1611,18863,25,32996,22,8286,0,151,1591,6695,8286,12,0,13,25,16,192,33210,0,0,320,320,0,0,0,0
L2D_FRAME,149,NECK_SWEEP,100,1,38,0,58,715,4862,2,1542,18695,25,32912,14,8289,0,165,1520,6769,8289,12,0,13,25,20,208,33134,0,0,320,320,0,0,0,0
L2D_FRAME,150,NECK_SWEEP,100,1,39,0,55,704,4855,2,1562,18823,25,32754,14,8019,0,141,1540,6479,8019,12,0,13,25,16,182,32950,0,0,320,320,0,0,0,0
L2D_FRAME,151,NECK_SWEEP,100,1,40,0,56,683,4873,2,1599,18874,25,32800,22,8013,0,150,1574,6439,8013,12,0,13,25,16,187,33009,0,0,320,320,0,0,0,0
L2D_FRAME,152,NECK_SWEEP,100,1,41,0,57,683,4866,2,1572,18726,25,32645,15,8019,0,142,1551,6468,8019,12,0,13,25,20,182,32842,0,0,320,320,0,0,0,0
L2D_FRAME,153,NECK_SWEEP,100,1,42,0,56,686,4879,2,1601,18948,26,32893,15,8017,0,145,1576,6441,8017,12,0,14,26,16,184,33092,0,0,320,320,0,0,0,0
L2D_FRAME,154,NECK_SWEEP,100,1,43,0,57,696,4876,2,1601,18713,25,32728,15,8085,0,143,1575,6510,8085,12,0,13,25,20,190,32933,0,0,320,320,0,0,0,0
L2D_FRAME,155,NECK_SWEEP,100,1,44,0,58,688,4896,2,1491,18885,25,32715,18,7884,0,148,1469,6415,7884,12,0,13,25,16,185,32918,0,0,320,320,0,0,0,0
L2D_FRAME,156,NECK_SWEEP,100,1,45,0,57,704,4902,2,1573,18917,25,32856,18,7984,0,147,1553,6431,7984,12,0,13,25,16,186,33060,0,0,320,320,0,0,0,0
L2D_FRAME,157,NECK_SWEEP,100,1,46,0,56,707,4881,1,1612,18847,26,32871,23,8075,0,149,1586,6489,8075,12,0,14,26,16,185,33079,0,0,320,320,0,0,0,0
L2D_FRAME,158,NECK_SWEEP,100,1,47,0,66,699,4898,2,1585,18961,26,33063,19,8143,0,151,1563,6580,8143,12,0,14,26,16,187,33269,0,0,320,320,0,0,0,0
L2D_FRAME,159,NECK_SWEEP,100,1,48,0,56,698,4894,1,1581,18952,25,33152,15,8260,0,142,1559,6701,8260,12,0,13,25,20,183,33350,0,0,320,320,0,0,0,1
L2D_FRAME,160,NECK_SWEEP,100,1,49,0,57,666,4831,2,1590,18757,26,32881,19,8246,0,160,1568,6678,8246,13,0,13,26,20,200,33100,0,0,320,320,0,0,0,0
L2D_FRAME,161,NECK_SWEEP,100,1,50,0,56,681,4862,2,1584,18881,25,33025,22,8249,0,144,1563,6686,8249,12,0,13,25,16,181,33228,0,0,320,320,0,0,0,0
L2D_FRAME,162,NECK_SWEEP,100,1,51,0,56,675,4890,2,1536,18994,25,33005,22,8093,0,147,1510,6583,8093,12,0,13,25,616,787,33814,0,0,320,320,0,0,0,1
L2D_FRAME,163,NECK_SWEEP,100,1,52,0,56,592,4867,2,1573,18806,26,32646,15,8029,0,139,1551,6478,8029,12,0,14,26,20,179,32840,0,0,320,320,0,0,0,0
L2D_FRAME,164,NECK_SWEEP,100,1,53,0,56,679,4889,1,1609,18930,25,32863,15,8008,0,148,1587,6421,8008,12,0,13,25,16,188,33066,0,0,320,320,0,0,0,0
L2D_FRAME,165,NECK_SWEEP,100,1,54,0,57,688,4896,2,1583,18880,25,32816,15,7996,0,161,1560,6436,7996,12,0,13,25,16,201,33032,0,0,320,320,0,0,0,0
L2D_SUMMARY,NECK_SWEEP,100,1,slot_wait_us,50,0.00,0,0,0,0,0
L2D_SUMMARY,NECK_SWEEP,100,1,controller_us,50,57.70,57,66,68,55,68
L2D_SUMMARY,NECK_SWEEP,100,1,rt30_us,50,674.46,686,715,728,535,728
L2D_SUMMARY,NECK_SWEEP,100,1,hierarchy_vertex_us,50,4873.60,4879,4899,4904,4649,4904
L2D_SUMMARY,NECK_SWEEP,100,1,bounds_us,50,1.70,2,2,2,1,2
L2D_SUMMARY,NECK_SWEEP,100,1,clear_us,50,1577.00,1583,1612,1619,1439,1619
L2D_SUMMARY,NECK_SWEEP,100,1,raster_us,50,18847.28,18856,18961,18994,18663,18994
I (10831) l2d_profile: NECK_SWEEP scale=100 round=1 raster_us avg=18847 p95=18961 p99=18994 max=18994
L2D_SUMMARY,NECK_SWEEP,100,1,cache_sync_us,50,25.78,25,26,41,24,41
L2D_SUMMARY,NECK_SWEEP,100,1,producer_total_us,50,32858.68,32856,33111,33152,32493,33152
I (10854) l2d_profile: NECK_SWEEP scale=100 round=1 producer_total_us avg=32859 p95=33111 p99=33152 max=33152
L2D_SUMMARY,NECK_SWEEP,100,1,publish_consume_us,50,17.46,15,23,23,14,23
L2D_SUMMARY,NECK_SWEEP,100,1,ppa_wait_us,50,8101.02,8071,8286,8289,7829,8289
L2D_SUMMARY,NECK_SWEEP,100,1,ppa_blend_us,50,0.00,0,0,0,0,0
L2D_SUMMARY,NECK_SWEEP,100,1,panel_submit_us,50,150.90,149,165,184,139,184
L2D_SUMMARY,NECK_SWEEP,100,1,frame_drop,50,0.00,0,0,0,0,0
L2D_SUMMARY,NECK_SWEEP,100,1,ppa_fill_us,50,1553.98,1560,1591,1597,1414,1597
L2D_SUMMARY,NECK_SWEEP,100,1,ppa_srm_us,50,6547.04,6504,6741,6769,6415,6769
L2D_SUMMARY,NECK_SWEEP,100,1,ppa_total_us,50,8101.02,8071,8286,8289,7829,8289
L2D_SUMMARY,NECK_SWEEP,100,1,clear_cache_sync_us,50,12.30,12,13,28,11,28
L2D_SUMMARY,NECK_SWEEP,100,1,convert_cache_sync_us,50,0.00,0,0,0,0,0
L2D_SUMMARY,NECK_SWEEP,100,1,flush_cache_sync_us,50,13.48,13,14,21,13,21
L2D_SUMMARY,NECK_SWEEP,100,1,cache_sync_total_us,50,25.78,25,26,41,24,41
L2D_SUMMARY,NECK_SWEEP,100,1,display_lock_wait_us,50,53.48,17,561,659,16,659
L2D_SUMMARY,NECK_SWEEP,100,1,flush_total_us,50,227.10,191,728,826,179,826
L2D_SUMMARY,NECK_SWEEP,100,1,frame_total_us,50,33103.24,33066,33543,33821,32693,33821
L2D_SUMMARY,NECK_SWEEP,100,1,slot_miss,50,0.00,0,0,0,0,0
L2D_SUMMARY,NECK_SWEEP,100,1,lock_skip,50,0.00,0,0,0,0,0
L2D_SUMMARY,NECK_SWEEP,100,1,deadline_miss,50,0.12,0,1,1,0,1
I (10976) l2d_profile: done NECK_SWEEP scale=100 round=1
L2D_FRAME,171,FACE_SWEEP,100,1,5,0,59,895,4652,2,1605,18801,24,32978,27,8273,0,138,1581,6692,8273,11,0,13,24,16,182,33187,0,0,320,320,0,0,0,0
L2D_FRAME,172,FACE_SWEEP,100,1,6,0,55,921,4646,1,1583,18847,25,33019,18,8256,0,144,1561,6695,8256,12,0,13,25,24,189,33226,0,0,320,320,0,0,0,0
L2D_FRAME,173,FACE_SWEEP,100,1,7,0,56,934,4625,1,1542,18697,25,32851,15,8249,0,148,1520,6729,8249,12,0,13,25,16,192,33058,0,0,320,320,0,0,0,0
L2D_FRAME,174,FACE_SWEEP,100,1,8,0,56,927,4626,2,1584,18837,25,32735,18,7991,0,157,1562,6429,7991,12,0,13,25,307,489,33242,0,0,320,320,0,0,0,0
L2D_FRAME,175,FACE_SWEEP,100,1,9,0,56,990,4647,1,1590,18647,25,32708,15,8060,0,145,1566,6494,8060,12,0,13,25,16,185,32908,0,0,320,320,0,0,0,0
L2D_FRAME,176,FACE_SWEEP,100,1,10,0,56,995,4651,2,1597,18831,25,32836,19,8004,0,145,1565,6439,8004,11,0,14,25,17,181,33036,0,0,320,320,0,0,0,0
L2D_FRAME,177,FACE_SWEEP,100,1,11,0,65,997,4643,2,1565,18833,25,32815,14,7979,0,145,1540,6439,7979,12,0,13,25,20,198,33027,0,0,320,320,0,0,0,0
L2D_FRAME,178,FACE_SWEEP,100,1,12,0,58,1008,4665,2,1600,18723,26,32756,23,8008,0,148,1575,6433,8008,12,0,14,26,16,189,32968,0,0,320,320,0,0,0,0
L2D_FRAME,179,FACE_SWEEP,100,1,13,0,58,1003,4649,2,1586,18774,25,32766,19,7990,0,153,1564,6426,7990,12,0,13,25,16,192,32977,0,0,320,320,0,0,0,0
L2D_FRAME,180,FACE_SWEEP,100,1,14,0,58,1020,4636,1,1570,18851,25,33053,18,8022,0,144,1548,6474,8022,12,0,13,25,16,182,33253,0,0,320,320,0,0,0,0
L2D_FRAME,181,FACE_SWEEP,100,1,15,0,58,991,4630,2,1570,18818,25,32973,15,8166,0,150,1548,6618,8166,12,0,13,25,16,190,33178,0,0,320,320,0,0,0,0
L2D_FRAME,182,FACE_SWEEP,100,1,16,0,56,992,4651,2,1601,18825,24,33079,22,8255,0,150,1577,6678,8255,11,0,13,24,16,187,33288,0,0,320,320,0,0,0,0
L2D_FRAME,183,FACE_SWEEP,100,1,17,0,57,987,4638,2,1599,18596,25,32893,18,8322,0,152,1575,6747,8322,12,0,13,25,16,193,33104,0,0,320,320,0,0,0,0
L2D_FRAME,184,FACE_SWEEP,100,1,18,0,57,881,4644,2,1597,18678,25,32799,19,8245,0,152,1572,6673,8245,12,0,13,25,24,197,33015,0,0,320,320,0,0,0,0
L2D_FRAME,185,FACE_SWEEP,100,1,19,0,91,918,4638,2,1564,18746,25,32928,19,8239,0,144,1544,6695,8239,11,0,14,25,16,180,33127,0,0,320,320,0,0,0,0
L2D_FRAME,186,FACE_SWEEP,100,1,20,0,58,946,4630,2,1566,18723,25,32862,19,8210,0,161,1541,6669,8210,12,0,13,25,674,860,33741,0,0,320,320,0,0,0,1
L2D_FRAME,187,FACE_SWEEP,100,1,21,0,57,902,4636,2,1598,18704,25,32627,14,8005,0,141,1573,6432,8005,12,0,13,25,16,181,32822,0,0,320,320,0,0,0,0
L2D_FRAME,188,FACE_SWEEP,100,1,22,0,56,994,4671,1,1603,18670,24,32694,19,8008,0,145,1582,6426,8008,11,0,13,24,16,182,32895,0,0,320,320,0,0,0,0
L2D_FRAME,189,FACE_SWEEP,100,1,23,0,56,1000,4666,2,1600,18576,25,32661,15,8056,0,144,1578,6478,8056,12,0,13,25,16,184,32860,0,0,320,320,0,0,0,0
L2D_FRAME,190,FACE_SWEEP,100,1,24,0,56,1009,4671,2,1551,18766,27,32752,18,7947,0,146,1530,6417,7947,13,0,14,27,16,187,32957,0,0,320,320,0,0,0,0
L2D_FRAME,191,FACE_SWEEP,100,1,25,0,56,1003,4653,2,1598,18728,24,32714,19,7980,0,145,1577,6403,7980,11,0,13,24,16,183,32916,0,0,320,320,0,0,0,0
L2D_FRAME,192,FACE_SWEEP,100,1,26,0,56,1036,4621,2,1591,18543,24,32546,46,8004,0,145,1571,6433,8004,11,0,13,24,16,186,32778,0,0,320,320,0,0,0,0
L2D_FRAME,193,FACE_SWEEP,100,1,27,0,57,996,4649,2,1587,18684,25,32815,15,8128,0,144,1566,6562,8128,12,0,13,25,16,188,33018,0,0,320,320,0,0,0,0
L2D_FRAME,194,FACE_SWEEP,100,1,28,0,56,974,4662,2,1628,18609,26,32936,19,8342,0,145,1602,6740,8342,12,0,14,26,16,182,33137,0,0,320,320,0,0,0,0
L2D_FRAME,195,FACE_SWEEP,100,1,29,0,56,987,4656,2,1600,18587,25,32858,15,8271,0,145,1572,6699,8271,12,0,13,25,16,184,33057,0,0,320,320,0,0,0,0
L2D_FRAME,196,FACE_SWEEP,100,1,30,0,55,938,4649,1,1592,18662,24,32851,18,8243,0,153,1568,6675,8243,11,0,13,24,16,192,33061,0,0,320,320,0,0,0,0
L2D_FRAME,197,FACE_SWEEP,100,1,31,0,57,941,4661,1,1590,18609,25,32798,22,8232,0,151,1568,6664,8232,12,0,13,25,16,188,33008,0,0,320,320,0,0,0,0
L2D_FRAME,198,FACE_SWEEP,100,1,32,0,56,947,4645,2,1520,18657,25,32757,19,8163,0,148,1499,6664,8163,12,0,13,25,20,192,32968,0,0,320,320,0,0,0,0
L2D_FRAME,199,FACE_SWEEP,100,1,33,0,75,934,4639,2,1553,18612,25,32733,15,8178,0,143,1532,6646,8178,12,0,13,25,653,822,33570,0,0,320,320,0,0,0,1
L2D_FRAME,200,FACE_SWEEP,100,1,34,0,57,955,4604,2,1578,18664,25,32593,14,7986,0,144,1557,6429,7986,12,0,13,25,16,184,32791,0,0,320,320,0,0,0,0
L2D_FRAME,201,FACE_SWEEP,100,1,35,0,56,999,4641,2,1587,18782,25,32762,15,7991,0,144,1565,6426,7991,12,0,13,25,20,185,32962,0,0,320,320,0,0,0,0
L2D_FRAME,202,FACE_SWEEP,100,1,36,0,56,991,4643,2,1604,18597,24,32654,14,8072,0,139,1580,6492,8072,11,0,13,24,20,180,32848,0,0,320,320,0,0,0,0
L2D_FRAME,203,FACE_SWEEP,100,1,37,0,55,1005,4666,2,1579,18638,24,32640,18,7981,0,149,1558,6423,7981,11,0,13,24,16,186,32844,0,0,320,320,0,0,0,0
L2D_FRAME,204,FACE_SWEEP,100,1,38,0,56,1006,4659,2,1576,18829,24,32834,14,7969,0,141,1551,6418,7969,11,0,13,24,16,184,33032,0,0,320,320,0,0,0,0
L2D_FRAME,205,FACE_SWEEP,100,1,39,0,56,1001,4619,2,1615,18756,26,32751,19,8014,0,140,1594,6420,8014,12,0,14,26,17,179,32949,0,0,320,320,0,0,0,0
L2D_FRAME,206,FACE_SWEEP,100,1,40,0,56,998,4659,1,1595,18856,25,33018,23,8156,0,147,1573,6583,8156,12,0,13,25,20,187,33228,0,0,320,320,0,0,0,0
L2D_FRAME,207,FACE_SWEEP,100,1,41,0,57,1005,4664,2,1583,18885,25,33155,19,8255,0,147,1562,6693,8255,12,0,13,25,16,187,33361,0,0,320,320,0,0,0,1
L2D_FRAME,208,FACE_SWEEP,100,1,42,0,57,961,4652,2,1580,18626,25,32821,18,8231,0,156,1555,6676,8231,12,0,13,25,16,195,33034,0,0,320,320,0,0,0,0
L2D_FRAME,209,FACE_SWEEP,100,1,43,0,56,895,4652,2,1606,18837,25,33018,18,8282,0,181,1580,6702,8282,12,0,13,25,1093,1299,34335,0,0,320,320,0,0,0,1
L2D_FRAME,210,FACE_SWEEP,100,1,44,0,69,906,4644,1,1598,18742,26,32668,15,8015,0,144,1572,6443,8015,12,0,14,26,17,186,32869,0,0,320,320,0,0,0,0
L2D_FRAME,211,FACE_SWEEP,100,1,45,0,65,984,4654,2,1606,18677,25,32763,15,8083,0,144,1579,6504,8083,12,0,13,25,16,183,32961,0,0,320,320,0,0,0,0
L2D_FRAME,212,FACE_SWEEP,100,1,46,0,67,984,4640,2,1610,18802,24,32815,19,8028,0,151,1586,6442,8028,11,0,13,24,16,191,33025,0,0,320,320,0,0,0,0
L2D_FRAME,213,FACE_SWEEP,100,1,47,0,58,975,4651,1,1643,18812,25,32840,18,8048,0,156,1619,6429,8048,12,0,13,25,20,197,33055,0,0,320,320,0,0,0,0
L2D_FRAME,214,FACE_SWEEP,100,1,48,0,56,1067,4659,2,1488,18743,24,32715,19,7896,0,158,1463,6433,7896,11,0,13,24,16,195,32929,0,0,320,320,0,0,0,0
L2D_FRAME,215,FACE_SWEEP,100,1,49,0,56,1002,4663,2,1567,18917,26,32930,23,7987,0,140,1543,6444,7987,12,0,14,26,16,180,33133,0,0,320,320,0,0,0,0
L2D_FRAME,216,FACE_SWEEP,100,1,50,0,56,979,4642,2,1619,18878,26,33028,22,8174,0,141,1595,6579,8174,12,0,14,26,17,178,33228,0,0,320,320,0,0,0,0
L2D_FRAME,217,FACE_SWEEP,100,1,51,0,56,1038,4609,1,1565,18801,25,32948,14,8145,0,145,1543,6602,8145,12,0,13,25,20,189,33151,0,0,320,320,0,0,0,0
L2D_FRAME,218,FACE_SWEEP,100,1,52,0,56,989,4663,2,1584,18895,25,33149,19,8263,0,143,1563,6700,8263,11,0,14,25,28,193,33361,0,0,320,320,0,0,0,1
L2D_FRAME,219,FACE_SWEEP,100,1,53,0,57,878,4655,1,1600,18794,25,32973,26,8282,0,152,1574,6708,8282,12,0,13,25,20,194,33193,0,0,320,320,0,0,0,0
L2D_FRAME,220,FACE_SWEEP,100,1,54,0,55,950,4659,2,1528,18734,25,32906,19,8193,0,150,1504,6689,8193,12,0,13,25,16,190,33115,0,0,320,320,0,0,0,0
L2D_SUMMARY,FACE_SWEEP,100,1,slot_wait_us,50,0.00,0,0,0,0,0
L2D_SUMMARY,FACE_SWEEP,100,1,controller_us,50,58.32,56,69,91,55,91
L2D_SUMMARY,FACE_SWEEP,100,1,rt30_us,50,972.68,987,1036,1067,878,1067
L2D_SUMMARY,FACE_SWEEP,100,1,hierarchy_vertex_us,50,4646.96,4649,4666,4671,4604,4671
L2D_SUMMARY,FACE_SWEEP,100,1,bounds_us,50,1.76,2,2,2,1,2
L2D_SUMMARY,FACE_SWEEP,100,1,clear_us,50,1584.82,1590,1619,1643,1488,1643
L2D_SUMMARY,FACE_SWEEP,100,1,raster_us,50,18737.98,18742,18885,18917,18543,18917
I (13466) l2d_profile: FACE_SWEEP scale=100 round=1 raster_us avg=18738 p95=18885 p99=18917 max=18917
L2D_SUMMARY,FACE_SWEEP,100,1,cache_sync_us,50,24.94,25,26,27,24,27
L2D_SUMMARY,FACE_SWEEP,100,1,producer_total_us,50,32835.48,32815,33079,33155,32546,33155
I (13489) l2d_profile: FACE_SWEEP scale=100 round=1 producer_total_us avg=32835 p95=33079 p99=33155 max=33155
L2D_SUMMARY,FACE_SWEEP,100,1,publish_consume_us,50,18.66,18,26,46,14,46
L2D_SUMMARY,FACE_SWEEP,100,1,ppa_wait_us,50,8117.54,8083,8282,8342,7896,8342
L2D_SUMMARY,FACE_SWEEP,100,1,ppa_blend_us,50,0.00,0,0,0,0,0
L2D_SUMMARY,FACE_SWEEP,100,1,panel_submit_us,50,147.66,145,158,181,138,181
L2D_SUMMARY,FACE_SWEEP,100,1,frame_drop,50,0.00,0,0,0,0,0
L2D_SUMMARY,FACE_SWEEP,100,1,ppa_fill_us,50,1561.46,1566,1595,1619,1463,1619
L2D_SUMMARY,FACE_SWEEP,100,1,ppa_srm_us,50,6556.08,6504,6729,6747,6403,6747
L2D_SUMMARY,FACE_SWEEP,100,1,ppa_total_us,50,8117.54,8083,8282,8342,7896,8342
L2D_SUMMARY,FACE_SWEEP,100,1,clear_cache_sync_us,50,11.74,12,12,13,11,13
L2D_SUMMARY,FACE_SWEEP,100,1,convert_cache_sync_us,50,0.00,0,0,0,0,0
L2D_SUMMARY,FACE_SWEEP,100,1,flush_cache_sync_us,50,13.20,13,14,14,13,14
L2D_SUMMARY,FACE_SWEEP,100,1,cache_sync_total_us,50,24.94,25,26,27,24,27
L2D_SUMMARY,FACE_SWEEP,100,1,display_lock_wait_us,50,70.54,16,653,1093,16,1093
L2D_SUMMARY,FACE_SWEEP,100,1,flush_total_us,50,241.58,187,822,1299,178,1299
L2D_SUMMARY,FACE_SWEEP,100,1,frame_total_us,50,33095.72,33034,33570,34335,32778,34335
L2D_SUMMARY,FACE_SWEEP,100,1,slot_miss,50,0.00,0,0,0,0,0
L2D_SUMMARY,FACE_SWEEP,100,1,lock_skip,50,0.00,0,0,0,0,0
L2D_SUMMARY,FACE_SWEEP,100,1,deadline_miss,50,0.10,0,1,1,0,1
I (13611) l2d_profile: done FACE_SWEEP scale=100 round=1
L2D_FRAME,226,MULTI_AXIS,100,1,5,0,57,1036,4881,2,1599,18490,25,32746,19,7986,0,150,1575,6411,7986,11,0,14,25,19,190,32955,0,0,320,320,0,0,0,0
L2D_FRAME,227,MULTI_AXIS,100,1,6,0,55,1039,4849,2,1588,18410,25,32744,18,8064,0,152,1567,6497,8064,12,0,13,25,16,189,32951,0,0,320,320,0,0,0,0
L2D_FRAME,228,MULTI_AXIS,100,1,7,0,55,1015,4864,2,1589,18487,25,32871,22,8154,0,148,1568,6586,8154,12,0,13,25,16,189,33082,0,0,320,320,0,0,0,0
L2D_FRAME,229,MULTI_AXIS,100,1,8,0,55,997,4867,1,1610,18291,25,32822,22,8324,0,139,1584,6740,8324,12,0,13,25,20,180,33024,0,0,320,320,0,0,0,0
L2D_FRAME,230,MULTI_AXIS,100,1,9,0,59,988,4886,1,1615,18348,24,32846,15,8270,0,152,1594,6676,8270,11,0,13,24,16,191,33052,0,0,320,320,0,0,0,0
L2D_FRAME,231,MULTI_AXIS,100,1,10,0,66,907,4867,1,1607,18360,25,32763,15,8258,0,147,1586,6672,8258,11,0,14,25,20,193,32971,0,0,320,320,0,0,0,0
L2D_FRAME,232,MULTI_AXIS,100,1,11,0,59,970,4865,2,1582,18255,25,32679,22,8234,0,152,1557,6677,8234,12,0,13,25,16,191,32892,0,0,320,320,0,0,0,0
L2D_FRAME,233,MULTI_AXIS,100,1,12,0,68,974,4848,1,1532,18344,26,32712,19,8186,0,154,1510,6676,8186,12,0,14,26,20,194,32925,0,0,320,320,0,0,0,0
L2D_FRAME,234,MULTI_AXIS,100,1,13,0,68,952,4860,0,1534,18249,25,32648,23,8205,0,154,1508,6697,8205,12,0,13,25,797,971,33642,0,0,320,320,0,0,0,1
L2D_FRAME,235,MULTI_AXIS,100,1,14,0,59,971,4862,1,1599,18377,25,32554,14,7980,0,136,1573,6407,7980,12,0,13,25,16,176,32744,0,0,320,320,0,0,0,0
L2D_FRAME,236,MULTI_AXIS,100,1,15,0,59,990,4861,1,1619,18355,25,32574,15,8009,0,152,1593,6416,8009,12,0,13,25,16,194,32783,0,0,320,320,0,0,0,0
L2D_FRAME,237,MULTI_AXIS,100,1,16,0,58,998,4868,2,1619,18297,25,32613,15,8093,0,148,1597,6496,8093,12,0,13,25,20,192,32820,0,0,320,320,0,0,0,0
L2D_FRAME,238,MULTI_AXIS,100,1,17,0,58,1008,4866,2,1593,18506,25,32728,19,7991,0,144,1572,6419,7991,12,0,13,25,16,181,32928,0,0,320,320,0,0,0,0
L2D_FRAME,239,MULTI_AXIS,100,1,18,0,58,1030,4861,2,1555,18526,25,32733,23,7970,0,142,1534,6436,7970,12,0,13,25,16,178,32934,0,0,320,320,0,0,0,0
L2D_FRAME,240,MULTI_AXIS,100,1,19,0,58,1002,4867,2,1604,18535,21,32959,26,7987,0,144,1583,6404,7987,12,0,9,21,16,177,33162,0,0,320,320,0,0,0,0
L2D_FRAME,241,MULTI_AXIS,100,1,20,0,58,1015,4868,1,1589,18694,24,33064,15,8142,0,142,1568,6574,8142,11,0,13,24,16,184,33263,0,0,320,320,0,0,0,0
L2D_FRAME,242,MULTI_AXIS,100,1,21,0,58,1014,4873,2,1565,18734,26,33199,19,8236,0,155,1544,6692,8236,12,0,14,26,20,195,33413,0,0,320,320,0,0,0,1
L2D_FRAME,243,MULTI_AXIS,100,1,22,0,58,942,4857,1,1593,18573,25,33029,15,8290,0,145,1572,6718,8290,12,0,13,25,20,186,33230,0,0,320,320,0,0,0,0
L2D_FRAME,244,MULTI_AXIS,100,1,23,0,57,935,4857,2,1595,18683,24,33115,18,8275,0,149,1574,6701,8275,11,0,13,24,16,190,33323,0,0,320,320,0,0,0,0
L2D_FRAME,245,MULTI_AXIS,100,1,24,0,58,923,4875,1,1598,18697,33,32944,22,8077,0,154,1572,6505,8077,12,0,21,33,541,723,33689,0,0,320,320,0,0,0,1
L2D_FRAME,246,MULTI_AXIS,100,1,25,0,58,949,4871,2,1598,18527,25,32766,15,8064,0,151,1573,6491,8064,12,0,13,25,20,194,32975,0,0,320,320,0,0,0,0
L2D_FRAME,247,MULTI_AXIS,100,1,26,0,58,1002,4865,2,1588,18694,33,32913,19,8009,0,141,1566,6443,8009,12,0,21,33,16,185,33117,0,0,320,320,0,0,0,0
L2D_FRAME,248,MULTI_AXIS,100,1,27,0,88,999,4875,1,1581,18709,25,32958,23,7990,0,145,1555,6435,7990,12,0,13,25,16,181,33162,0,0,320,320,0,0,0,0
L2D_FRAME,249,MULTI_AXIS,100,1,28,0,58,1021,4873,2,1594,18653,25,32949,19,8059,0,145,1572,6487,8059,12,0,13,25,16,184,33152,0,0,320,320,0,0,0,0
L2D_FRAME,250,MULTI_AXIS,100,1,29,0,58,1001,4651,1,1600,18739,27,32741,19,8002,0,150,1573,6429,8002,13,0,14,27,16,187,32947,0,0,320,320,0,0,0,0
L2D_FRAME,251,MULTI_AXIS,100,1,30,0,58,1023,4857,2,1587,18848,25,33206,23,8129,0,158,1565,6564,8129,12,0,13,25,16,197,33426,0,0,320,320,0,0,0,1
L2D_FRAME,252,MULTI_AXIS,100,1,31,0,59,900,4865,2,1517,18595,33,32953,23,8250,0,150,1496,6754,8250,12,0,21,33,16,194,33170,0,0,320,320,0,0,0,0
L2D_FRAME,253,MULTI_AXIS,100,1,32,0,59,904,4850,2,1598,18576,25,32950,14,8265,0,185,1577,6688,8265,12,0,13,25,16,229,33193,0,0,320,320,0,0,0,0
L2D_FRAME,254,MULTI_AXIS,100,1,33,0,58,961,4861,2,1532,18595,25,32990,14,8210,0,151,1506,6704,8210,12,0,13,25,16,195,33199,0,0,320,320,0,0,0,0
L2D_FRAME,255,MULTI_AXIS,100,1,34,0,58,957,4864,1,1557,18418,25,32773,14,8172,0,147,1534,6638,8172,12,0,13,25,548,721,33508,0,0,320,320,0,0,0,1
L2D_FRAME,256,MULTI_AXIS,100,1,35,0,59,951,4860,2,1571,18516,24,32662,15,7992,0,153,1551,6441,7992,11,0,13,24,20,193,32870,0,0,320,320,0,0,0,0
L2D_FRAME,257,MULTI_AXIS,100,1,36,0,68,996,4868,1,1613,18585,25,32838,15,8026,0,150,1591,6435,8026,12,0,13,25,17,190,33043,0,0,320,320,0,0,0,0
L2D_FRAME,258,MULTI_AXIS,100,1,37,0,59,1012,4887,1,1582,18476,25,32778,15,8001,0,155,1561,6440,8001,12,0,13,25,20,196,32989,0,0,320,320,0,0,0,0
L2D_FRAME,259,MULTI_AXIS,100,1,38,0,58,1010,4902,1,1597,18623,33,32880,19,7993,0,148,1575,6418,7993,12,0,21,33,20,200,33099,0,0,320,320,0,0,0,0
L2D_FRAME,260,MULTI_AXIS,100,1,39,0,89,994,4880,1,1607,18599,25,32896,22,8037,0,145,1585,6452,8037,12,0,13,25,16,184,33102,0,0,320,320,0,0,0,0
L2D_FRAME,261,MULTI_AXIS,100,1,40,0,58,1029,4869,2,1586,18570,25,33077,14,8254,0,147,1565,6689,8254,12,0,13,25,16,187,33278,0,0,320,320,0,0,0,0
L2D_FRAME,262,MULTI_AXIS,100,1,41,0,58,1013,4883,2,1582,18564,25,33086,18,8257,0,157,1557,6700,8257,12,0,13,25,20,199,33303,0,0,320,320,0,0,0,0
L2D_FRAME,263,MULTI_AXIS,100,1,42,0,59,855,4875,2,1481,18450,25,32681,14,8155,0,154,1458,6697,8155,12,0,13,25,16,194,32889,0,0,320,320,0,0,0,0
L2D_FRAME,264,MULTI_AXIS,100,1,43,0,67,940,4882,2,1548,18363,25,32844,15,8284,0,157,1524,6760,8284,12,0,13,25,16,197,33056,0,0,320,320,0,0,0,0
L2D_FRAME,265,MULTI_AXIS,100,1,44,0,58,951,4863,2,1539,18534,25,32885,14,8188,0,149,1518,6670,8188,12,0,13,25,28,198,33097,0,0,320,320,0,0,0,0
L2D_FRAME,266,MULTI_AXIS,100,1,45,0,58,956,4879,2,1601,18540,25,32770,32,8010,0,155,1575,6435,8010,12,0,13,25,221,396,33198,0,0,320,320,0,0,0,0
L2D_FRAME,267,MULTI_AXIS,100,1,46,0,58,1024,4872,2,1579,18454,24,32760,14,8064,0,156,1559,6505,8064,11,0,13,24,20,197,32971,0,0,320,320,0,0,0,0
L2D_FRAME,268,MULTI_AXIS,100,1,47,0,59,1012,4858,2,1621,18654,26,32913,15,8029,0,147,1597,6432,8029,12,0,14,26,17,186,33114,0,0,320,320,0,0,0,0
L2D_FRAME,269,MULTI_AXIS,100,1,48,0,58,1009,4868,1,1598,18658,25,32902,15,8009,0,142,1576,6433,8009,12,0,13,25,20,183,33100,0,0,320,320,0,0,0,0
L2D_FRAME,270,MULTI_AXIS,100,1,49,0,59,1050,4876,1,1546,18664,25,32902,14,7960,0,138,1524,6436,7960,12,0,13,25,16,181,33097,0,0,320,320,0,0,0,0
L2D_FRAME,271,MULTI_AXIS,100,1,50,0,68,999,4893,2,1593,18757,32,33002,23,7992,0,149,1567,6425,7992,12,0,20,32,16,192,33217,0,0,320,320,0,0,0,0
L2D_FRAME,272,MULTI_AXIS,100,1,51,0,58,1003,4877,2,1608,18877,26,33286,23,8174,0,151,1583,6591,8174,12,0,14,26,20,191,33500,0,0,320,320,0,0,0,1
L2D_FRAME,273,MULTI_AXIS,100,1,52,0,58,991,4865,2,1591,18680,25,33158,14,8266,0,145,1570,6696,8266,12,0,13,25,20,186,33358,0,0,320,320,0,0,0,1
L2D_FRAME,274,MULTI_AXIS,100,1,53,0,58,918,4860,2,1591,18738,25,33122,15,8246,0,175,1567,6679,8246,12,0,13,25,20,220,33357,0,0,320,320,0,0,0,1
L2D_FRAME,275,MULTI_AXIS,100,1,54,0,59,901,4881,0,1527,18636,25,32859,23,8071,0,150,1501,6570,8071,12,0,13,25,583,753,33635,0,0,320,320,0,0,0,1
L2D_SUMMARY,MULTI_AXIS,100,1,slot_wait_us,50,0.00,0,0,0,0,0
L2D_SUMMARY,MULTI_AXIS,100,1,controller_us,50,60.38,58,68,89,55,89
L2D_SUMMARY,MULTI_AXIS,100,1,rt30_us,50,980.74,996,1036,1050,855,1050
L2D_SUMMARY,MULTI_AXIS,100,1,hierarchy_vertex_us,50,4864.64,4867,4887,4902,4651,4902
L2D_SUMMARY,MULTI_AXIS,100,1,bounds_us,50,1.56,2,2,2,0,2
L2D_SUMMARY,MULTI_AXIS,100,1,clear_us,50,1581.96,1591,1619,1621,1481,1621
L2D_SUMMARY,MULTI_AXIS,100,1,raster_us,50,18550.06,18564,18757,18877,18249,18877
I (16105) l2d_profile: MULTI_AXIS scale=100 round=1 raster_us avg=18550 p95=18757 p99=18877 max=18877
L2D_SUMMARY,MULTI_AXIS,100,1,cache_sync_us,50,25.72,25,33,33,21,33
L2D_SUMMARY,MULTI_AXIS,100,1,producer_total_us,50,32876.86,32871,33199,33286,32554,33286
I (16128) l2d_profile: MULTI_AXIS scale=100 round=1 producer_total_us avg=32877 p95=33199 p99=33286 max=33286
L2D_SUMMARY,MULTI_AXIS,100,1,publish_consume_us,50,18.16,18,23,32,14,32
L2D_SUMMARY,MULTI_AXIS,100,1,ppa_wait_us,50,8117.78,8077,8284,8324,7960,8324
L2D_SUMMARY,MULTI_AXIS,100,1,ppa_blend_us,50,0.00,0,0,0,0,0
L2D_SUMMARY,MULTI_AXIS,100,1,panel_submit_us,50,150.10,150,158,185,136,185
L2D_SUMMARY,MULTI_AXIS,100,1,frame_drop,50,0.00,0,0,0,0,0
L2D_SUMMARY,MULTI_AXIS,100,1,ppa_fill_us,50,1559.04,1568,1594,1597,1458,1597
L2D_SUMMARY,MULTI_AXIS,100,1,ppa_srm_us,50,6558.74,6505,6740,6760,6404,6760
L2D_SUMMARY,MULTI_AXIS,100,1,ppa_total_us,50,8117.78,8077,8284,8324,7960,8324
L2D_SUMMARY,MULTI_AXIS,100,1,clear_cache_sync_us,50,11.88,12,12,13,11,13
L2D_SUMMARY,MULTI_AXIS,100,1,convert_cache_sync_us,50,0.00,0,0,0,0,0
L2D_SUMMARY,MULTI_AXIS,100,1,flush_cache_sync_us,50,13.84,13,21,21,9,21
L2D_SUMMARY,MULTI_AXIS,100,1,cache_sync_total_us,50,25.72,25,33,33,21,33
L2D_SUMMARY,MULTI_AXIS,100,1,display_lock_wait_us,50,69.82,16,548,797,16,797
L2D_SUMMARY,MULTI_AXIS,100,1,flush_total_us,50,243.08,191,723,971,176,971
L2D_SUMMARY,MULTI_AXIS,100,1,frame_total_us,50,33138.10,33100,33635,33689,32744,33689
L2D_SUMMARY,MULTI_AXIS,100,1,slot_miss,50,0.00,0,0,0,0,0
L2D_SUMMARY,MULTI_AXIS,100,1,lock_skip,50,0.00,0,0,0,0,0
L2D_SUMMARY,MULTI_AXIS,100,1,deadline_miss,50,0.18,0,1,1,0,1
I (16250) l2d_profile: done MULTI_AXIS scale=100 round=1
L2D_DONE
