ESP-ROM:esp32p4-eco2-20240710
Build:Jul 10 2024
rst:0x1 (POWERON),boot:0x30f (SPI_FAST_FLASH_BOOT)
SPI mode:DIO, clock div:1
load:0x4ff33ce0,len:0x514
load:0x4ff29ed0,len:0xbbc
load:0x4ff2cbd0,len:0x3114
entry 0x4ff29ed0
ESP-ROM:esp32p4-eco2-20240710
Build:Jul 10 2024
rst:0x1 (POWERON),boot:0x30f (SPI_FAST_FLASH_BOOT)
SPI mode:DIO, clock div:1
load:0x4ff33ce0,len:0x514
load:0x4ff29ed0,len:0xbbc
load:0x4ff2cbd0,len:0x3114
entry 0x4ff29ed0
I (306) hex_psram: vendor id    : 0x0d (AP)
I (306) hex_psram: Latency      : 0x01 (Fixed)
I (307) hex_psram: DriveStr.    : 0x00 (25 Ohm)
I (307) hex_psram: dev id       : 0x03 (generation 4)
I (312) hex_psram: density      : 0x07 (256 Mbit)
I (316) hex_psram: good-die     : 0x06 (Pass)
I (320) hex_psram: SRF          : 0x02 (Slow Refresh)
I (325) hex_psram: BurstType    : 0x00 ( Wrap)
I (329) hex_psram: BurstLen     : 0x03 (2048 Byte)
I (334) hex_psram: BitMode      : 0x01 (X16 Mode)
I (338) hex_psram: Readlatency  : 0x04 (14 cycles@Fixed)
I (343) hex_psram: DriveStrength: 0x00 (1/1)
I (347) MSPI Timing: Enter psram timing tuning
I (522) esp_psram: Found 32MB PSRAM device
I (522) esp_psram: Speed: 200MHz
I (522) hex_psram: psram CS IO is dedicated
I (523) cpu_start: Multicore app
I (1014) esp_psram: SPI SRAM memory test OK
I (1024) cpu_start: GPIO 38 and 37 are used as console UART I/O pins
I (1025) cpu_start: Pro cpu start user code
I (1025) cpu_start: cpu freq: 360000000 Hz
I (1027) app_init: Application information:
I (1031) app_init: Project name:     live2d_rt30_baseline
I (1036) app_init: App version:      de409f8-dirty
I (1040) app_init: Compile time:     Sep 29 2026 23:18:04
I (1046) app_init: ELF file SHA256:  14381e477...
I (1050) app_init: ESP-IDF:          v5.5.2
I (1054) efuse_init: Min chip rev:     v0.1
I (1058) efuse_init: Max chip rev:     v1.99 
I (1062) efuse_init: Chip rev:         v1.3
I (1066) heap_init: Initializing. RAM available for dynamic allocation:
I (1072) heap_init: At 4FF1ED00 len 0001C2C0 (112 KiB): RETENT_RAM
I (1078) heap_init: At 4FF3AFC0 len 00004BF0 (18 KiB): RAM
I (1083) heap_init: At 4FF40000 len 00040000 (256 KiB): RAM
I (1089) heap_init: At 501080A0 len 00007F60 (31 KiB): RTCRAM
I (1094) heap_init: At 30100084 len 00001F7C (7 KiB): TCM
I (1099) esp_psram: Adding pool of 32768K of PSRAM memory to heap allocator
I (1107) spi_flash: detected chip: generic
I (1110) spi_flash: flash io: dio
I (1113) sleep_gpio: Configure to isolate all GPIO pins in sleep state
I (1119) sleep_gpio: Enable automatic switching of GPIO sleep configuration
I (1126) main_task: Started on CPU0
I (1150) esp_psram: Reserving pool of 128K of internal memory for DMA/internal allocations
I (1151) main_task: Calling app_main()
I (1151) l2d_baseline: === Live2D RT30 baseline ===
I (1155) l2d_baseline: ========================================
I (1161) l2d_baseline:  Live2D RT30 baseline, target=30 fps, core=0
I (1167) l2d_baseline:  model=/sdcard/esp.live
I (1171) l2d_baseline: ========================================
I (1176) l2d_baseline: heap boot: psram_free=33551716 psram_min=33551716 internal_free=376943
I (1211) sys_storage: Mounting SD card at /sdcard
I (1212) main_task: Returned from app_main()
I (1267) sys_storage: Storage subsystem ready (NVS + SD at /sdcard)
I (1267) sys_sdio: ready: SD serial task core=0 prio=4 queue=20
I (1269) sys_storage: font cache found: /sdcard/fonts/noto_sans_sc_16.bin (955208 bytes)
I (1275) l2d_baseline: storage ready at /sdcard
I (1281) esp_lvgl:adapter: LVGL adapter initialized successfully
I (1358) GT911: TouchPad_ID:0x39,0x31,0x31
I (1358) GT911: TouchPad_Config_Version:101
W (1358) ledc: GPIO 20 is not usable, maybe conflict with others
I (1361) WT99P4C5_S1_BOARD: MIPI DSI PHY Powered on
I (1366) WT99P4C5_S1_BOARD: Install MIPI DSI LCD control panel
I (1371) WT99P4C5_S1_BOARD: Install EK79007 LCD control panel
I (1376) WT99P4C5_S1_BOARD: MIPI DSI DPI clock: 80.00 MHz
I (1381) ek79007: version: 1.0.4
I (1545) WT99P4C5_S1_BOARD: Display initialized
I (1545) WT99P4C5_S1_BOARD: Display resolution 1024x600
I (1549) esp_lvgl:bridge_v9: Initializing hardware resources
I (1549) esp_lvgl:bridge_v9: Hardware resources initialized successfully
I (1561) WT99P4C5_S1_BOARD: GT911 touch ready on GPIO 21
W (1561) esp_lvgl:touch: LV_USE_GESTURE_RECOGNITION is disabled; only single-point pointer events are available
I (1570) esp_lvgl:touch: Touch input device registered successfully (IRQ mode: disabled)
I (1578) esp_lvgl:adapter: LVGL task started successfully
I (1583) sys_display: Display + LVGL initialized (custom config)
I (1588) WT99P4C5_S1_BOARD: Setting LCD backlight: 80%
I (1593) sys_monitor: CPU monitor started (FreeRTOS idle run time, 1 s windows)
I (1600) sys_monitor: FPS tracking attached to display
I (2128) l2d_baseline: model file loaded: /sdcard/esp.live (800796 bytes)
I (2129) l2d_baseline: model CRC32_LE=0x5f25edc0
I (2177) l2d_baseline: model SHA256=1d7f21471dcedee2d205904791df7147c63760269462ad5d7169a97afe386100
I (2178) live2d_engine: allocated runtime pool: 2650168 bytes
I (2181) live2d_engine: Importing PainterEngine Live2D model, file size=800796 bytes, pool free=2650168 bytes
I (2227) live2d_engine: Model loaded: id='esp', size=320x320, layers=11, textures=12, animations=1, pool free=1814320 bytes
I (2227) live2d_engine: Using nearest-neighbor pixel shader for ESP renderer
I (2234) live2d_engine: RT30 realtime axes: 5
I (2238) live2d_engine:   axis[0] id='left_eye' default=0 middle=15 bindings=2 sampleBytes=360 stride=12 vidx=0 Q(coord=4 rot=6 stretch=14)
I (2250) live2d_engine:     binding[0] layer=6 id='right_eye' mask=0x0050 vertices=0 sample_offset=0
I (2259) live2d_engine:     binding[1] layer=8 id='left_eyeup' mask=0x0010 vertices=0 sample_offset=6
I (2268) live2d_engine:   axis[1] id='right_eye' default=0 middle=15 bindings=2 sampleBytes=240 stride=8 vidx=0 Q(coord=4 rot=6 stretch=14)
I (2280) live2d_engine:     binding[0] layer=5 id='left_eye' mask=0x0040 vertices=0 sample_offset=0
I (2289) live2d_engine:     binding[1] layer=7 id='right_eyeup' mask=0x0010 vertices=0 sample_offset=2
I (2298) live2d_engine:   axis[2] id='neck' default=15 middle=15 bindings=1 sampleBytes=960 stride=32 vidx=7 Q(coord=4 rot=6 stretch=14)
I (2310) live2d_engine:     binding[0] layer=3 id='neck' mask=0x0028 vertices=7 sample_offset=0
I (2318) live2d_engine:   axis[3] id='face' default=15 middle=15 bindings=11 sampleBytes=28560 stride=952 vidx=227 Q(coord=4 rot=6 stretch=14)
I (2331) live2d_engine:     binding[0] layer=0 id='back_hair' mask=0x0009 vertices=42 sample_offset=0
I (2340) live2d_engine:     binding[1] layer=1 id='cloth' mask=0x0009 vertices=25 sample_offset=172
I (2348) live2d_engine:     binding[2] layer=2 id='face' mask=0x0009 vertices=15 sample_offset=276
I (2357) live2d_engine:     binding[3] layer=3 id='neck' mask=0x0009 vertices=8 sample_offset=340
I (2366) live2d_engine:     binding[4] layer=4 id='mouth' mask=0x0009 vertices=5 sample_offset=376
I (2374) live2d_engine:     binding[5] layer=5 id='left_eye' mask=0x0009 vertices=11 sample_offset=400
I (2383) live2d_engine:     binding[6] layer=6 id='right_eye' mask=0x0009 vertices=10 sample_offset=448
I (2393) live2d_engine:     binding[7] layer=7 id='right_eyeup' mask=0x0009 vertices=13 sample_offset=492
I (2402) live2d_engine:     binding[8] layer=8 id='left_eyeup' mask=0x0009 vertices=13 sample_offset=548
I (2411) live2d_engine:     binding[9] layer=9 id='front_hair' mask=0x0009 vertices=64 sample_offset=604
I (2420) live2d_engine:     binding[10] layer=10 id='hairwear' mask=0x0009 vertices=21 sample_offset=864
I (2429) live2d_engine:   axis[4] id='mouth' default=15 middle=15 bindings=1 sampleBytes=720 stride=24 vidx=5 Q(coord=4 rot=6 stretch=14)
I (2442) live2d_engine:     binding[0] layer=4 id='mouth' mask=0x0048 vertices=5 sample_offset=0
I (2451) live2d_engine: Playing default animation index 1/1
I (2456) live2d_engine: allocated runtime pool: 1048576 bytes
I (2461) l2d_baseline: model ready id='esp' size=320x320 layers=11 textures=12 animations=1 load=277ms pool_free=1017664
I (2471) l2d_baseline: RT30 axis_count=5 static=31590 runtime=0 selectedSample=0
I (2479) l2d_baseline: axis handles: left_eye=0 right_eye=1 neck=2 face=3 mouth=4
I (2486) l2d_baseline: benchmark model_path=/sdcard/esp.live axis_count=5
I (2492) l2d_baseline: render ROI: 320x320 at (352,140), lcd=1024x600
I (2499) sys_display_buf: PSRAM before alloc: total=33554432  free=27353412 largest=26214400
I (2507) sys_display_buf: buffers created: 320x320  ARGB=409600  RGB565=204800 bytes (PSRAM DMA=yes)
I (2515) sys_display_buf: PSRAM after alloc: total=33554432  free=26739004 largest=26214400
I (2526) sys_display_flush: Flush path: 320x320 at (352,140) -> panel direct draw
I (2531) live2d_engine: Internal render scale set to 1.000
I (2541) live2d_renderer: PPA fill transparent clear enabled
I (2542) live2d_renderer: Renderer initialized: 320x320 ARGB8888 -> RGB565 via PPA SRM, rgb_swap=0, byte_swap=0, source block=320x320@(0,0)
I (2553) l2d_baseline: render backends: clear=PPA convert=PPA
I (2559) l2d_baseline: heap ready: psram_free=26737916 psram_min=26737916 internal_free=256007
I (2567) l2d_baseline: continuous RT30 drive active on 5 model axes
L2D_META_BEGIN
esp_commit=de409f89b12b3fd1b8fc2c8eb116c12d6f0e32f0
live2d_commit=78fc634
idf=v5.5.2
chip=ESP32-P4
cpu_mhz=360
psram_mhz=200
optimization=-O2
render_task=core0,priority6
lvgl_task=core0,priority4
canvas=320x320
slot=none,synchronous ARGB+RGB565 buffers
display=direct panel RGB565
ppa=fill+SRM clients,blocking,blend unused
model_path=/sdcard/esp.live
model_sha256=1d7f21471dcedee2d205904791df7147c63760269462ad5d7169a97afe386100
model_size=800796
model_load_us=277756
axis_count=5
layer_count=11
vertex_count=227
triangle_count=257
texture_count=12
layers=11
vertices=227
triangles=257
textures=12
texture_pixels=184235
axes=5
sampler=fast-nearest
profile_stage=0
profile_mode=timing
srm_roi=1
default_clear=PPA
default_convert=PPA
backend_ids=0:PPA/PPA,1:CPU/PPA,2:PPA/CPU,3:CPU/CPU
warmup=5
measure=50
rounds=1
L2D_META_END
L2D_FRAME_HEADER,frame_id,scenario,scale_q100,round,frame,slot_wait_us,controller_us,rt30_us,hierarchy_vertex_us,bounds_us,clear_us,raster_us,cache_sync_us,producer_total_us,publish_consume_us,ppa_wait_us,ppa_blend_us,panel_submit_us,ppa_fill_us,ppa_srm_us,ppa_total_us,clear_cache_sync_us,convert_cache_sync_us,flush_cache_sync_us,cache_sync_total_us,display_lock_wait_us,flush_total_us,frame_total_us,dirty_x,dirty_y,dirty_w,dirty_h,frame_drop,slot_miss,lock_skip,deadline_miss,backend,convert_us,keypoint_us,visual_transform_us,stretch_us,vertex_transform_us,uv_update_us,trig_cache_hit,trig_cache_miss
L2D_SUMMARY_HEADER,scenario,scale_q100,round,metric,count,avg,p50,p95,p99,min,max,backend
L2D_ROI_HEADER,frame_id,scenario,scale_q100,round,frame,current_valid,current_min_x,current_min_y,current_max_x,current_max_y,current_w,current_h,current_area,previous_valid,previous_min_x,previous_min_y,previous_max_x,previous_max_y,union_min_x,union_min_y,union_max_x,union_max_y,union_w,union_h,union_area,current_area_ratio_q10000,union_area_ratio_q10000,force_full
L2D_SUMMARY,LOAD,0,0,load_us,1,277756,277756,277756,277756,277756,277756,0
I (2749) l2d_profile: profile suite: stage=0 rounds=1 frames=50
I (2755) live2d_engine: Internal render scale set to 1.000
L2D_FRAME,6,STATIC,100,1,5,0,8,33,94,1,1125,10627,21,17024,33,5738,0,148,1091,4647,5738,11,0,10,21,24,191,17248,0,0,320,320,0,0,0,0,0,4682,0,0,0,0,0,0,0
L2D_FRAME,7,STATIC,100,1,6,0,8,41,100,1,1131,10581,21,17060,35,5804,0,147,1097,4707,5804,11,0,10,21,26,188,17283,0,0,320,320,0,0,0,0,0,4740,0,0,0,0,0,0,0
L2D_FRAME,8,STATIC,100,1,7,0,8,36,93,1,1110,10698,21,17070,45,5711,0,149,1086,4625,5711,11,0,10,21,27,190,17305,0,0,320,320,0,0,0,0,0,4658,0,0,0,0,0,0,0
L2D_FRAME,9,STATIC,100,1,8,0,8,38,89,1,1149,10536,27,16951,46,5740,0,151,1101,4639,5740,18,0,9,27,200,370,17367,0,0,320,320,0,0,0,0,0,4672,0,0,0,0,0,0,0
L2D_FRAME,10,STATIC,100,1,9,0,8,32,93,2,1133,10631,20,17061,35,5742,0,150,1100,4642,5742,10,0,10,20,25,190,17286,0,0,320,320,0,0,0,0,0,4675,0,0,0,0,0,0,0
L2D_FRAME,11,STATIC,100,1,10,0,8,44,94,1,1089,10630,22,16988,43,5681,0,148,1064,4617,5681,12,0,10,22,75,241,17272,0,0,320,320,0,0,0,0,0,4665,0,0,0,0,0,0,0
L2D_FRAME,12,STATIC,100,1,11,0,8,36,89,1,1140,10673,21,17107,33,5757,0,148,1106,4651,5757,11,0,10,21,25,195,17335,0,0,320,320,0,0,0,0,0,4684,0,0,0,0,0,0,0
L2D_FRAME,13,STATIC,100,1,12,0,8,45,89,1,1080,10576,22,16919,35,5677,0,153,1056,4621,5677,11,0,11,22,33,203,17157,0,0,320,320,0,0,0,0,0,4654,0,0,0,0,0,0,0
L2D_FRAME,14,STATIC,100,1,13,0,8,33,95,1,1118,10660,21,17069,34,5725,0,151,1094,4631,5725,11,0,10,21,25,191,17294,0,0,320,320,0,0,0,0,0,4664,0,0,0,0,0,0,0
L2D_FRAME,15,STATIC,100,1,14,0,8,37,96,1,1119,10571,21,16956,36,5730,0,150,1095,4635,5730,11,0,10,21,200,368,17360,0,0,320,320,0,0,0,0,0,4668,0,0,0,0,0,0,0
L2D_FRAME,16,STATIC,100,1,15,0,8,34,94,1,1128,10592,20,17060,45,5815,0,152,1094,4721,5815,11,0,9,20,23,188,17293,0,0,320,320,0,0,0,0,0,4754,0,0,0,0,0,0,0
L2D_FRAME,17,STATIC,100,1,16,0,8,38,91,2,1131,10648,25,17039,35,5739,0,147,1104,4635,5739,15,0,10,25,26,189,17263,0,0,320,320,0,0,0,0,0,4668,0,0,0,0,0,0,0
L2D_FRAME,18,STATIC,100,1,17,0,8,34,93,2,1134,10562,21,17048,34,5831,0,149,1100,4731,5831,11,0,10,21,25,195,17277,0,0,320,320,0,0,0,0,0,4763,0,0,0,0,0,0,0
L2D_FRAME,19,STATIC,100,1,18,0,8,40,93,2,1130,10650,21,17050,33,5741,0,147,1096,4645,5741,11,0,10,21,25,190,17273,0,0,320,320,0,0,0,0,0,4678,0,0,0,0,0,0,0
L2D_FRAME,20,STATIC,100,1,19,0,8,32,96,2,1115,10566,25,16955,41,5737,0,161,1089,4648,5737,15,0,10,25,218,401,17397,0,0,320,320,0,0,0,0,0,4681,0,0,0,0,0,0,0
L2D_FRAME,21,STATIC,100,1,20,0,8,40,93,2,1109,10682,28,17076,33,5697,0,147,1068,4629,5697,18,0,10,28,24,190,17299,0,0,320,320,0,0,0,0,0,4662,0,0,0,0,0,0,0
L2D_FRAME,22,STATIC,100,1,21,0,8,32,93,1,1106,10578,20,16939,53,5712,0,153,1082,4630,5712,11,0,9,20,215,382,17374,0,0,320,320,0,0,0,0,0,4664,0,0,0,0,0,0,0
L2D_FRAME,23,STATIC,100,1,22,0,8,37,90,2,1098,10612,21,17043,34,5776,0,146,1067,4709,5776,11,0,10,21,22,185,17262,0,0,320,320,0,0,0,0,0,4742,0,0,0,0,0,0,0
L2D_FRAME,24,STATIC,100,1,23,0,8,36,92,1,1093,10630,22,17021,33,5731,0,140,1058,4673,5731,12,0,10,22,78,236,17290,0,0,320,320,0,0,0,0,0,4706,0,0,0,0,0,0,0
L2D_FRAME,25,STATIC,100,1,24,0,8,40,92,1,1136,10636,20,17101,35,5800,0,151,1095,4705,5800,10,0,10,20,25,192,17328,0,0,320,320,0,0,0,0,0,4738,0,0,0,0,0,0,0
L2D_FRAME,26,STATIC,100,1,25,0,8,35,92,1,1094,10681,21,17019,35,5684,0,140,1053,4631,5684,11,0,10,21,27,185,17239,0,0,320,320,0,0,0,0,0,4664,0,0,0,0,0,0,0
L2D_FRAME,27,STATIC,100,1,26,0,8,44,97,2,1109,10568,20,17039,45,5801,0,148,1075,4726,5801,11,0,9,20,25,187,17271,0,0,320,320,0,0,0,0,0,4760,0,0,0,0,0,0,0
L2D_FRAME,28,STATIC,100,1,27,0,8,31,97,2,1116,10655,21,17050,34,5741,0,145,1092,4649,5741,11,0,10,21,82,251,17335,0,0,320,320,0,0,0,0,0,4682,0,0,0,0,0,0,0
L2D_FRAME,29,STATIC,100,1,28,0,8,39,93,1,1127,10603,20,17073,33,5811,0,139,1105,4706,5811,10,0,10,20,23,178,17284,0,0,320,320,0,0,0,0,0,4739,0,0,0,0,0,0,0
L2D_FRAME,30,STATIC,100,1,29,0,8,35,93,2,1114,10683,29,17060,35,5709,0,150,1082,4627,5709,19,0,10,29,32,198,17293,0,0,320,320,0,0,0,0,0,4667,0,0,0,0,0,0,0
L2D_FRAME,31,STATIC,100,1,30,0,8,46,90,2,1133,10587,29,16992,50,5721,0,157,1092,4629,5721,19,0,10,29,72,243,17285,0,0,320,320,0,0,0,0,0,4662,0,0,0,0,0,0,0
L2D_FRAME,32,STATIC,100,1,31,0,7,32,95,2,1122,10647,21,17051,35,5725,0,146,1088,4637,5725,11,0,10,21,26,189,17275,0,0,320,320,0,0,0,0,0,4669,0,0,0,0,0,0,0
L2D_FRAME,33,STATIC,100,1,32,0,8,37,100,1,1085,10579,21,16955,34,5707,0,162,1061,4646,5707,11,0,10,21,217,398,17387,0,0,320,320,0,0,0,0,0,4679,0,0,0,0,0,0,0
L2D_FRAME,34,STATIC,100,1,33,0,8,32,95,1,1097,10673,20,17070,45,5703,0,151,1063,4640,5703,11,0,9,20,25,191,17306,0,0,320,320,0,0,0,0,0,4673,0,0,0,0,0,0,0
L2D_FRAME,35,STATIC,100,1,34,0,8,53,88,2,1142,10613,22,17046,34,5757,0,148,1101,4656,5757,12,0,10,22,78,247,17327,0,0,320,320,0,0,0,0,0,4689,0,0,0,0,0,0,0
L2D_FRAME,36,STATIC,100,1,35,0,8,32,94,2,1126,10589,22,17028,35,5794,0,140,1100,4694,5794,11,0,11,22,26,182,17245,0,0,320,320,0,0,0,0,0,4727,0,0,0,0,0,0,0
L2D_FRAME,37,STATIC,100,1,36,0,8,39,90,2,1124,10636,21,17045,35,5751,0,147,1100,4651,5751,11,0,10,21,76,244,17324,0,0,320,320,0,0,0,0,0,4684,0,0,0,0,0,0,0
L2D_FRAME,38,STATIC,100,1,37,0,8,32,93,1,1123,10627,21,17074,33,5782,0,148,1100,4682,5782,11,0,10,21,24,191,17298,0,0,320,320,0,0,0,0,0,4715,0,0,0,0,0,0,0
L2D_FRAME,39,STATIC,100,1,38,0,9,41,96,1,1147,10672,21,17084,33,5733,0,155,1106,4627,5733,11,0,10,21,25,201,17318,0,0,320,320,0,0,0,0,0,4660,0,0,0,0,0,0,0
L2D_FRAME,40,STATIC,100,1,39,0,8,40,88,2,1123,10546,21,16940,35,5729,0,143,1092,4637,5729,11,0,10,21,208,376,17351,0,0,320,320,0,0,0,0,0,4670,0,0,0,0,0,0,0
L2D_FRAME,41,STATIC,100,1,40,0,8,39,96,1,1125,10639,28,17060,44,5728,0,161,1095,4633,5728,18,0,10,28,24,203,17307,0,0,320,320,0,0,0,0,0,4665,0,0,0,0,0,0,0
L2D_FRAME,42,STATIC,100,1,41,0,8,42,81,1,1075,10587,22,16907,33,5656,0,165,1034,4622,5656,11,0,11,22,30,217,17157,0,0,320,320,0,0,0,0,0,4655,0,0,0,0,0,0,0
L2D_FRAME,43,STATIC,100,1,42,0,8,50,93,2,1099,10631,22,17043,33,5700,0,145,1068,4632,5700,12,0,10,22,25,189,17265,0,0,320,320,0,0,0,0,0,4664,0,0,0,0,0,0,0
L2D_FRAME,44,STATIC,100,1,43,0,8,38,89,2,1094,10600,21,16978,32,5696,0,148,1063,4633,5696,11,0,10,21,206,371,17381,0,0,320,320,0,0,0,0,0,4666,0,0,0,0,0,0,0
L2D_FRAME,45,STATIC,100,1,44,0,8,42,98,1,1107,10656,21,17070,35,5706,0,158,1074,4632,5706,11,0,10,21,26,200,17305,0,0,320,320,0,0,0,0,0,4665,0,0,0,0,0,0,0
L2D_FRAME,46,STATIC,100,1,45,0,8,41,90,2,1120,10598,27,17015,45,5738,0,146,1089,4649,5738,18,0,9,27,83,243,17303,0,0,320,320,0,0,0,0,0,4682,0,0,0,0,0,0,0
L2D_FRAME,47,STATIC,100,1,46,0,8,39,92,1,1136,10569,21,17027,45,5785,0,145,1105,4680,5785,11,0,10,21,22,189,17261,0,0,320,320,0,0,0,0,0,4712,0,0,0,0,0,0,0
L2D_FRAME,48,STATIC,100,1,47,0,8,34,93,2,1099,10643,21,17037,33,5720,0,153,1068,4652,5720,11,0,10,21,71,242,17312,0,0,320,320,0,0,0,0,0,4685,0,0,0,0,0,0,0
L2D_FRAME,49,STATIC,100,1,48,0,8,39,91,2,1093,10639,21,17053,33,5753,0,140,1069,4684,5753,11,0,10,21,24,187,17273,0,0,320,320,0,0,0,0,0,4717,0,0,0,0,0,0,0
L2D_FRAME,50,STATIC,100,1,49,0,8,32,100,1,1102,10695,20,17068,45,5697,0,147,1060,4637,5697,11,0,9,20,25,188,17301,0,0,320,320,0,0,0,0,0,4670,0,0,0,0,0,0,0
L2D_FRAME,51,STATIC,100,1,50,0,8,38,93,1,1128,10542,20,16951,45,5737,0,153,1097,4640,5737,11,0,9,20,211,382,17378,0,0,320,320,0,0,0,0,0,4673,0,0,0,0,0,0,0
L2D_FRAME,52,STATIC,100,1,51,0,8,36,94,1,1126,10609,21,17038,35,5729,0,146,1092,4637,5729,11,0,10,21,23,183,17256,0,0,320,320,0,0,0,0,0,4670,0,0,0,0,0,0,0
L2D_FRAME,53,STATIC,100,1,52,0,8,39,94,2,1135,10518,21,16943,43,5749,0,153,1101,4648,5749,11,0,10,21,215,383,17369,0,0,320,320,0,0,0,0,0,4681,0,0,0,0,0,0,0
L2D_FRAME,54,STATIC,100,1,53,0,8,35,96,2,1116,10636,21,17070,34,5729,0,156,1092,4637,5729,11,0,10,21,22,194,17298,0,0,320,320,0,0,0,0,0,4670,0,0,0,0,0,0,0
L2D_FRAME,55,STATIC,100,1,54,0,8,37,95,1,1134,10576,28,17022,27,5739,0,160,1096,4643,5739,18,0,10,28,79,268,17317,0,0,320,320,0,0,0,0,0,4676,0,0,0,0,0,0,0
L2D_ROI,6,STATIC,100,1,5,1,59,14,257,298,199,285,56715,1,59,14,257,298,59,14,257,298,199,285,56715,5538,5538,0
L2D_ROI,7,STATIC,100,1,6,1,59,14,257,298,199,285,56715,1,59,14,257,298,59,14,257,298,199,285,56715,5538,5538,0
L2D_ROI,8,STATIC,100,1,7,1,59,14,257,298,199,285,56715,1,59,14,257,298,59,14,257,298,199,285,56715,5538,5538,0
L2D_ROI,9,STATIC,100,1,8,1,59,14,257,298,199,285,56715,1,59,14,257,298,59,14,257,298,199,285,56715,5538,5538,0
L2D_ROI,10,STATIC,100,1,9,1,59,14,257,298,199,285,56715,1,59,14,257,298,59,14,257,298,199,285,56715,5538,5538,0
L2D_ROI,11,STATIC,100,1,10,1,59,14,257,298,199,285,56715,1,59,14,257,298,59,14,257,298,199,285,56715,5538,5538,0
L2D_ROI,12,STATIC,100,1,11,1,59,14,257,298,199,285,56715,1,59,14,257,298,59,14,257,298,199,285,56715,5538,5538,0
L2D_ROI,13,STATIC,100,1,12,1,59,14,257,298,199,285,56715,1,59,14,257,298,59,14,257,298,199,285,56715,5538,5538,0
L2D_ROI,14,STATIC,100,1,13,1,59,14,257,298,199,285,56715,1,59,14,257,298,59,14,257,298,199,285,56715,5538,5538,0
L2D_ROI,15,STATIC,100,1,14,1,59,14,257,298,199,285,56715,1,59,14,257,298,59,14,257,298,199,285,56715,5538,5538,0
L2D_ROI,16,STATIC,100,1,15,1,59,14,257,298,199,285,56715,1,59,14,257,298,59,14,257,298,199,285,56715,5538,5538,0
L2D_ROI,17,STATIC,100,1,16,1,59,14,257,298,199,285,56715,1,59,14,257,298,59,14,257,298,199,285,56715,5538,5538,0
L2D_ROI,18,STATIC,100,1,17,1,59,14,257,298,199,285,56715,1,59,14,257,298,59,14,257,298,199,285,56715,5538,5538,0
L2D_ROI,19,STATIC,100,1,18,1,59,14,257,298,199,285,56715,1,59,14,257,298,59,14,257,298,199,285,56715,5538,5538,0
L2D_ROI,20,STATIC,100,1,19,1,59,14,257,298,199,285,56715,1,59,14,257,298,59,14,257,298,199,285,56715,5538,5538,0
L2D_ROI,21,STATIC,100,1,20,1,59,14,257,298,199,285,56715,1,59,14,257,298,59,14,257,298,199,285,56715,5538,5538,0
L2D_ROI,22,STATIC,100,1,21,1,59,14,257,298,199,285,56715,1,59,14,257,298,59,14,257,298,199,285,56715,5538,5538,0
L2D_ROI,23,STATIC,100,1,22,1,59,14,257,298,199,285,56715,1,59,14,257,298,59,14,257,298,199,285,56715,5538,5538,0
L2D_ROI,24,STATIC,100,1,23,1,59,14,257,298,199,285,56715,1,59,14,257,298,59,14,257,298,199,285,56715,5538,5538,0
L2D_ROI,25,STATIC,100,1,24,1,59,14,257,298,199,285,56715,1,59,14,257,298,59,14,257,298,199,285,56715,5538,5538,0
L2D_ROI,26,STATIC,100,1,25,1,59,14,257,298,199,285,56715,1,59,14,257,298,59,14,257,298,199,285,56715,5538,5538,0
L2D_ROI,27,STATIC,100,1,26,1,59,14,257,298,199,285,56715,1,59,14,257,298,59,14,257,298,199,285,56715,5538,5538,0
L2D_ROI,28,STATIC,100,1,27,1,59,14,257,298,199,285,56715,1,59,14,257,298,59,14,257,298,199,285,56715,5538,5538,0
L2D_ROI,29,STATIC,100,1,28,1,59,14,257,298,199,285,56715,1,59,14,257,298,59,14,257,298,199,285,56715,5538,5538,0
L2D_ROI,30,STATIC,100,1,29,1,59,14,257,298,199,285,56715,1,59,14,257,298,59,14,257,298,199,285,56715,5538,5538,0
L2D_ROI,31,STATIC,100,1,30,1,59,14,257,298,199,285,56715,1,59,14,257,298,59,14,257,298,199,285,56715,5538,5538,0
L2D_ROI,32,STATIC,100,1,31,1,59,14,257,298,199,285,56715,1,59,14,257,298,59,14,257,298,199,285,56715,5538,5538,0
L2D_ROI,33,STATIC,100,1,32,1,59,14,257,298,199,285,56715,1,59,14,257,298,59,14,257,298,199,285,56715,5538,5538,0
L2D_ROI,34,STATIC,100,1,33,1,59,14,257,298,199,285,56715,1,59,14,257,298,59,14,257,298,199,285,56715,5538,5538,0
L2D_ROI,35,STATIC,100,1,34,1,59,14,257,298,199,285,56715,1,59,14,257,298,59,14,257,298,199,285,56715,5538,5538,0
L2D_ROI,36,STATIC,100,1,35,1,59,14,257,298,199,285,56715,1,59,14,257,298,59,14,257,298,199,285,56715,5538,5538,0
L2D_ROI,37,STATIC,100,1,36,1,59,14,257,298,199,285,56715,1,59,14,257,298,59,14,257,298,199,285,56715,5538,5538,0
L2D_ROI,38,STATIC,100,1,37,1,59,14,257,298,199,285,56715,1,59,14,257,298,59,14,257,298,199,285,56715,5538,5538,0
L2D_ROI,39,STATIC,100,1,38,1,59,14,257,298,199,285,56715,1,59,14,257,298,59,14,257,298,199,285,56715,5538,5538,0
L2D_ROI,40,STATIC,100,1,39,1,59,14,257,298,199,285,56715,1,59,14,257,298,59,14,257,298,199,285,56715,5538,5538,0
L2D_ROI,41,STATIC,100,1,40,1,59,14,257,298,199,285,56715,1,59,14,257,298,59,14,257,298,199,285,56715,5538,5538,0
L2D_ROI,42,STATIC,100,1,41,1,59,14,257,298,199,285,56715,1,59,14,257,298,59,14,257,298,199,285,56715,5538,5538,0
L2D_ROI,43,STATIC,100,1,42,1,59,14,257,298,199,285,56715,1,59,14,257,298,59,14,257,298,199,285,56715,5538,5538,0
L2D_ROI,44,STATIC,100,1,43,1,59,14,257,298,199,285,56715,1,59,14,257,298,59,14,257,298,199,285,56715,5538,5538,0
L2D_ROI,45,STATIC,100,1,44,1,59,14,257,298,199,285,56715,1,59,14,257,298,59,14,257,298,199,285,56715,5538,5538,0
L2D_ROI,46,STATIC,100,1,45,1,59,14,257,298,199,285,56715,1,59,14,257,298,59,14,257,298,199,285,56715,5538,5538,0
L2D_ROI,47,STATIC,100,1,46,1,59,14,257,298,199,285,56715,1,59,14,257,298,59,14,257,298,199,285,56715,5538,5538,0
L2D_ROI,48,STATIC,100,1,47,1,59,14,257,298,199,285,56715,1,59,14,257,298,59,14,257,298,199,285,56715,5538,5538,0
L2D_ROI,49,STATIC,100,1,48,1,59,14,257,298,199,285,56715,1,59,14,257,298,59,14,257,298,199,285,56715,5538,5538,0
L2D_ROI,50,STATIC,100,1,49,1,59,14,257,298,199,285,56715,1,59,14,257,298,59,14,257,298,199,285,56715,5538,5538,0
L2D_ROI,51,STATIC,100,1,50,1,59,14,257,298,199,285,56715,1,59,14,257,298,59,14,257,298,199,285,56715,5538,5538,0
L2D_ROI,52,STATIC,100,1,51,1,59,14,257,298,199,285,56715,1,59,14,257,298,59,14,257,298,199,285,56715,5538,5538,0
L2D_ROI,53,STATIC,100,1,52,1,59,14,257,298,199,285,56715,1,59,14,257,298,59,14,257,298,199,285,56715,5538,5538,0
L2D_ROI,54,STATIC,100,1,53,1,59,14,257,298,199,285,56715,1,59,14,257,298,59,14,257,298,199,285,56715,5538,5538,0
L2D_ROI,55,STATIC,100,1,54,1,59,14,257,298,199,285,56715,1,59,14,257,298,59,14,257,298,199,285,56715,5538,5538,0
L2D_SUMMARY,STATIC,100,1,slot_wait_us,50,0.00,0,0,0,0,0,0
L2D_SUMMARY,STATIC,100,1,controller_us,50,8.00,8,8,9,7,9,0
L2D_SUMMARY,STATIC,100,1,rt30_us,50,37.74,37,46,53,31,53,0
L2D_SUMMARY,STATIC,100,1,hierarchy_vertex_us,50,93.10,93,100,100,81,100,0
L2D_SUMMARY,STATIC,100,1,bounds_us,50,1.46,1,2,2,1,2,0
L2D_SUMMARY,STATIC,100,1,clear_us,50,1116.90,1120,1142,1149,1075,1149,0
L2D_SUMMARY,STATIC,100,1,raster_us,50,10616.72,10627,10683,10698,10518,10698,0
I (5759) l2d_profile: STATIC scale=100 round=1 raster_us avg=10617 p95=10683 p99=10698 max=10698
L2D_SUMMARY,STATIC,100,1,convert_us,50,4686.18,4673,4754,4763,4654,4763,0
L2D_SUMMARY,STATIC,100,1,cache_sync_us,50,22.10,21,28,29,20,29,0
L2D_SUMMARY,STATIC,100,1,producer_total_us,50,17026.90,17043,17084,17107,16907,17107,0
I (5787) l2d_profile: STATIC scale=100 round=1 producer_total_us avg=17027 p95=17084 p99=17107 max=17107
L2D_SUMMARY,STATIC,100,1,publish_consume_us,50,37.28,35,46,53,27,53,0
L2D_SUMMARY,STATIC,100,1,ppa_wait_us,50,5737.88,5733,5811,5831,5656,5831,0
L2D_SUMMARY,STATIC,100,1,ppa_blend_us,50,0.00,0,0,0,0,0,0
L2D_SUMMARY,STATIC,100,1,panel_submit_us,50,149.66,148,161,165,139,165,0
L2D_SUMMARY,STATIC,100,1,frame_drop,50,0.00,0,0,0,0,0,0
L2D_SUMMARY,STATIC,100,1,ppa_fill_us,50,1085.12,1092,1105,1106,1034,1106,0
L2D_SUMMARY,STATIC,100,1,ppa_srm_us,50,4652.76,4640,4721,4731,4617,4731,0
L2D_SUMMARY,STATIC,100,1,ppa_total_us,50,5737.88,5733,5811,5831,5656,5831,0
L2D_SUMMARY,STATIC,100,1,clear_cache_sync_us,50,12.20,11,18,19,10,19,0
L2D_SUMMARY,STATIC,100,1,convert_cache_sync_us,50,0.00,0,0,0,0,0,0
L2D_SUMMARY,STATIC,100,1,flush_cache_sync_us,50,9.90,10,11,11,9,11,0
L2D_SUMMARY,STATIC,100,1,cache_sync_total_us,50,22.10,21,28,29,20,29,0
L2D_SUMMARY,STATIC,100,1,display_lock_wait_us,50,67.86,26,215,218,22,218,0
L2D_SUMMARY,STATIC,100,1,flush_total_us,50,235.50,195,383,401,178,401,0
L2D_SUMMARY,STATIC,100,1,frame_total_us,50,17299.68,17298,17381,17397,17157,17397,0
L2D_SUMMARY,STATIC,100,1,keypoint_us,50,0.00,0,0,0,0,0,0
L2D_SUMMARY,STATIC,100,1,visual_transform_us,50,0.00,0,0,0,0,0,0
L2D_SUMMARY,STATIC,100,1,stretch_us,50,0.00,0,0,0,0,0,0
L2D_SUMMARY,STATIC,100,1,vertex_transform_us,50,0.00,0,0,0,0,0,0
L2D_SUMMARY,STATIC,100,1,uv_update_us,50,0.00,0,0,0,0,0,0
L2D_SUMMARY,STATIC,100,1,trig_cache_hit,50,0.00,0,0,0,0,0,0
L2D_SUMMARY,STATIC,100,1,trig_cache_miss,50,0.00,0,0,0,0,0,0
L2D_SUMMARY,STATIC,100,1,slot_miss,50,0.00,0,0,0,0,0,0
L2D_SUMMARY,STATIC,100,1,lock_skip,50,0.00,0,0,0,0,0,0
L2D_SUMMARY,STATIC,100,1,deadline_miss,50,0.00,0,0,0,0,0,0
L2D_SUMMARY,STATIC,100,1,roi.current_area,50,56715.00,56715,56715,56715,56715,56715,0
L2D_SUMMARY,STATIC,100,1,roi.union_area,50,56715.00,56715,56715,56715,56715,56715,0
L2D_SUMMARY,STATIC,100,1,roi.current_area_ratio_q10000,50,5538.00,5538,5538,5538,5538,5538,0
L2D_SUMMARY,STATIC,100,1,roi.union_area_ratio_q10000,50,5538.00,5538,5538,5538,5538,5538,0
L2D_SUMMARY,STATIC,100,1,roi.current_w,50,199.00,199,199,199,199,199,0
L2D_SUMMARY,STATIC,100,1,roi.current_h,50,285.00,285,285,285,285,285,0
L2D_SUMMARY,STATIC,100,1,roi.union_w,50,199.00,199,199,199,199,199,0
L2D_SUMMARY,STATIC,100,1,roi.union_h,50,285.00,285,285,285,285,285,0
I (5998) l2d_profile: done STATIC scale=100 round=1
L2D_FRAME,61,EYE_L_SWEEP,100,1,5,0,50,421,1193,1,1117,10587,21,18522,44,5740,0,139,1090,4650,5740,11,0,10,21,22,182,18748,0,0,320,320,0,0,0,0,0,4683,0,0,0,0,0,51,0
L2D_FRAME,62,EYE_L_SWEEP,100,1,6,0,43,443,1146,1,1125,10546,22,18462,45,5738,0,146,1091,4647,5738,12,0,10,22,24,188,18695,0,0,320,320,0,0,0,0,0,4681,0,0,0,0,0,51,0
L2D_FRAME,63,EYE_L_SWEEP,100,1,7,0,50,439,1141,8,1089,10485,29,18369,35,5676,0,151,1053,4623,5676,19,0,10,29,76,243,18647,0,0,320,320,0,0,0,0,0,4656,0,0,0,0,0,51,0
L2D_FRAME,64,EYE_L_SWEEP,100,1,8,0,43,476,1146,1,1111,10619,23,18577,35,5752,0,145,1084,4668,5752,12,0,11,23,23,183,18795,0,0,320,320,0,0,0,0,0,4701,0,0,0,0,0,51,0
L2D_FRAME,65,EYE_L_SWEEP,100,1,9,0,50,430,1152,1,1030,10514,21,18399,34,5728,0,146,996,4732,5728,11,0,10,21,22,192,18625,0,0,320,320,0,0,0,0,0,4765,0,0,0,0,0,51,0
L2D_FRAME,66,EYE_L_SWEEP,100,1,10,0,42,442,1194,1,859,10612,33,18299,35,5485,0,153,827,4658,5485,23,0,10,33,27,195,18529,0,0,320,320,0,0,0,0,0,4692,0,0,0,0,0,51,0
L2D_FRAME,67,EYE_L_SWEEP,100,1,11,0,49,434,1154,1,918,10444,25,18133,34,5544,0,147,894,4650,5544,15,0,10,25,26,190,18357,0,0,320,320,0,0,0,0,0,4683,0,0,0,0,0,51,0
L2D_FRAME,68,EYE_L_SWEEP,100,1,12,0,50,439,1151,2,969,10433,21,18227,35,5571,0,193,942,4629,5571,11,0,10,21,22,241,18503,0,0,320,320,0,0,0,0,0,4671,0,0,0,0,0,51,0
L2D_FRAME,69,EYE_L_SWEEP,100,1,13,0,50,451,1148,1,1075,10527,25,18378,35,5690,0,145,1052,4638,5690,15,0,10,25,23,187,18600,0,0,320,320,0,0,0,0,0,4679,0,0,0,0,0,51,0
L2D_FRAME,70,EYE_L_SWEEP,100,1,14,0,43,427,1133,0,1110,10471,27,18376,38,5797,0,148,1083,4714,5797,18,0,9,27,26,188,18602,0,0,320,320,0,0,0,0,0,4749,0,0,0,0,0,51,0
L2D_FRAME,71,EYE_L_SWEEP,100,1,15,0,49,442,1181,1,1110,10549,21,18467,35,5724,0,145,1083,4641,5724,11,0,10,21,23,183,18685,0,0,320,320,0,0,0,0,0,4675,0,0,0,0,0,51,0
L2D_FRAME,72,EYE_L_SWEEP,100,1,16,0,43,442,1162,1,1109,10477,22,18373,28,5745,0,150,1082,4663,5745,12,0,10,22,23,190,18591,0,0,320,320,0,0,0,0,0,4697,0,0,0,0,0,51,0
L2D_FRAME,73,EYE_L_SWEEP,100,1,17,0,49,439,1164,1,1103,10578,22,18504,28,5716,0,150,1076,4640,5716,12,0,10,22,22,190,18722,0,0,320,320,0,0,0,0,0,4718,0,0,0,0,0,51,0
L2D_FRAME,74,EYE_L_SWEEP,100,1,18,0,43,465,1165,1,1100,10519,21,18439,27,5733,0,148,1080,4653,5733,11,0,10,21,23,193,18659,0,0,320,320,0,0,0,0,0,4686,0,0,0,0,0,51,0
L2D_FRAME,75,EYE_L_SWEEP,100,1,19,0,42,444,1160,1,1077,10367,21,18121,35,5564,0,144,1057,4507,5564,11,0,10,21,23,182,18338,0,0,320,320,0,0,0,0,0,4548,0,0,0,0,0,51,0
L2D_FRAME,76,EYE_L_SWEEP,100,1,20,0,43,463,1177,1,1091,10554,29,18391,34,5617,0,151,1048,4569,5617,19,0,10,29,23,192,18617,0,0,320,320,0,0,0,0,0,4602,0,0,0,0,0,51,0
L2D_FRAME,77,EYE_L_SWEEP,100,1,21,0,49,437,1149,0,1116,10476,27,18239,45,5615,0,146,1082,4533,5615,18,0,9,27,22,182,18466,0,0,320,320,0,0,0,0,0,4566,0,0,0,0,0,51,0
L2D_FRAME,78,EYE_L_SWEEP,100,1,22,0,43,431,1156,2,1128,10582,29,18341,35,5596,0,207,1094,4502,5596,18,0,11,29,27,249,18625,0,0,320,320,0,0,0,0,0,4537,0,0,0,0,0,51,0
L2D_FRAME,79,EYE_L_SWEEP,100,1,23,0,48,472,1146,1,1108,10473,21,18132,27,5472,0,151,1074,4398,5472,11,0,10,21,23,192,18351,0,0,320,320,0,0,0,0,0,4432,0,0,0,0,0,51,0
L2D_FRAME,80,EYE_L_SWEEP,100,1,24,0,43,434,1149,2,1099,10437,29,18090,44,5503,0,146,1058,4445,5503,19,0,10,29,24,188,18322,0,0,320,320,0,0,0,0,0,4479,0,0,0,0,0,51,0
L2D_FRAME,81,EYE_L_SWEEP,100,1,25,0,49,431,1173,1,1125,10623,28,18261,35,5460,0,150,1084,4376,5460,18,0,10,28,23,190,18486,0,0,320,320,0,0,0,0,0,4410,0,0,0,0,0,51,0
L2D_FRAME,82,EYE_L_SWEEP,100,1,26,0,42,432,1139,1,1110,10534,22,18115,35,5453,0,155,1083,4370,5453,12,0,10,22,26,198,18348,0,0,320,320,0,0,0,0,0,4400,0,0,0,0,0,51,0
L2D_FRAME,83,EYE_L_SWEEP,100,1,27,0,48,451,1145,2,1121,10643,24,18275,38,5476,0,201,1097,4379,5476,15,0,9,24,22,243,18556,0,0,320,320,0,0,0,0,0,4413,0,0,0,0,0,51,0
L2D_FRAME,84,EYE_L_SWEEP,100,1,28,0,42,470,1152,1,1117,10532,25,18191,27,5481,0,153,1093,4388,5481,15,0,10,25,23,201,18419,0,0,320,320,0,0,0,0,0,4422,0,0,0,0,0,51,0
L2D_FRAME,85,EYE_L_SWEEP,100,1,29,0,50,437,1156,2,1111,10472,21,18181,45,5535,0,150,1077,4458,5535,11,0,10,21,23,192,18418,0,0,320,320,0,0,0,0,0,4493,0,0,0,0,0,51,0
L2D_FRAME,86,EYE_L_SWEEP,100,1,30,0,43,452,1161,1,1079,10652,21,18241,28,5430,0,155,1052,4378,5430,11,0,10,21,32,203,18472,0,0,320,320,0,0,0,0,0,4412,0,0,0,0,0,51,0
L2D_FRAME,87,EYE_L_SWEEP,100,1,31,0,49,444,1148,1,1081,10542,21,18138,27,5449,0,159,1061,4388,5449,11,0,10,21,23,200,18365,0,0,320,320,0,0,0,0,0,4423,0,0,0,0,0,51,0
L2D_FRAME,88,EYE_L_SWEEP,100,1,32,0,42,446,1147,0,1098,10602,28,18207,45,5442,0,211,1055,4387,5442,19,0,9,28,23,253,18505,0,0,320,320,0,0,0,0,0,4420,0,0,0,0,0,51,0
L2D_FRAME,89,EYE_L_SWEEP,100,1,33,0,49,452,1159,1,1081,10588,26,18257,28,5496,0,148,1057,4439,5496,15,0,11,26,34,197,18482,0,0,320,320,0,0,0,0,0,4473,0,0,0,0,0,51,0
L2D_FRAME,90,EYE_L_SWEEP,100,1,34,0,43,433,1150,0,1082,10505,21,18321,28,5665,0,153,1056,4609,5665,11,0,10,21,23,193,18542,0,0,320,320,0,0,0,0,0,4643,0,0,0,0,0,51,0
L2D_FRAME,91,EYE_L_SWEEP,100,1,35,0,50,430,1178,2,1075,10640,22,18452,28,5637,0,164,1048,4589,5637,11,0,11,22,796,981,19461,0,0,320,320,0,0,0,0,0,4623,0,0,0,0,0,51,0
L2D_FRAME,92,EYE_L_SWEEP,100,1,36,0,42,430,1154,1,1087,10482,21,18337,35,5718,0,162,1060,4658,5718,11,0,10,21,25,203,18575,0,0,320,320,0,0,0,0,0,4691,0,0,0,0,0,51,0
L2D_FRAME,93,EYE_L_SWEEP,100,1,37,0,50,442,1153,2,1085,10600,21,18509,28,5689,0,147,1051,4638,5689,11,0,10,21,34,196,18733,0,0,320,320,0,0,0,0,0,4725,0,0,0,0,0,51,0
L2D_FRAME,94,EYE_L_SWEEP,100,1,38,0,42,472,1156,1,1117,10526,21,18469,35,5741,0,148,1090,4651,5741,11,0,10,21,25,192,18696,0,0,320,320,0,0,0,0,0,4684,0,0,0,0,0,51,0
L2D_FRAME,95,EYE_L_SWEEP,100,1,39,0,50,439,1148,2,1113,10466,32,18415,35,5799,0,145,1082,4717,5799,22,0,10,32,23,183,18633,0,0,320,320,0,0,0,0,0,4751,0,0,0,0,0,51,0
L2D_FRAME,96,EYE_L_SWEEP,100,1,40,0,43,426,1186,1,1123,10603,25,18513,35,5746,0,146,1099,4647,5746,15,0,10,25,23,183,18731,0,0,320,320,0,0,0,0,0,4682,0,0,0,0,0,51,0
L2D_FRAME,97,EYE_L_SWEEP,100,1,41,0,50,432,1154,2,1125,10495,28,18388,35,5715,0,148,1084,4631,5715,18,0,10,28,25,189,18612,0,0,320,320,0,0,0,0,0,4665,0,0,0,0,0,51,0
L2D_FRAME,98,EYE_L_SWEEP,100,1,42,0,41,448,1147,1,1116,10546,28,18508,45,5744,0,153,1088,4656,5744,19,0,9,28,23,190,18743,0,0,320,320,0,0,0,0,0,4689,0,0,0,0,0,51,0
L2D_FRAME,99,EYE_L_SWEEP,100,1,43,0,60,471,1151,1,1106,10509,25,18456,35,5743,0,161,1082,4661,5743,15,0,10,25,22,205,18696,0,0,320,320,0,0,0,0,0,4695,0,0,0,0,0,51,0
L2D_FRAME,100,EYE_L_SWEEP,100,1,44,0,42,447,1161,1,1129,10423,21,18393,28,5802,0,149,1094,4708,5802,11,0,10,21,23,199,18620,0,0,320,320,0,0,0,0,0,4742,0,0,0,0,0,51,0
L2D_FRAME,101,EYE_L_SWEEP,100,1,45,0,50,443,1187,2,1125,10549,26,18477,35,5732,0,148,1101,4631,5732,16,0,10,26,27,189,18701,0,0,320,320,0,0,0,0,0,4664,0,0,0,0,0,51,0
L2D_FRAME,102,EYE_L_SWEEP,100,1,46,0,43,437,1159,1,969,10484,26,18233,33,5590,0,146,945,4645,5590,15,0,11,26,22,191,18457,0,0,320,320,0,0,0,0,0,4679,0,0,0,0,0,51,0
L2D_FRAME,103,EYE_L_SWEEP,100,1,47,0,50,437,1155,2,892,10471,21,18179,35,5487,0,145,858,4629,5487,11,0,10,21,23,184,18398,0,0,320,320,0,0,0,0,0,4664,0,0,0,0,0,51,0
L2D_FRAME,104,EYE_L_SWEEP,100,1,48,0,42,448,1164,1,905,10563,21,18234,35,5514,0,148,878,4636,5514,11,0,10,21,23,186,18455,0,0,320,320,0,0,0,0,0,4670,0,0,0,0,0,51,0
L2D_FRAME,105,EYE_L_SWEEP,100,1,49,0,49,456,1152,1,995,10466,27,18308,45,5663,0,145,954,4709,5663,18,0,9,27,22,181,18534,0,0,320,320,0,0,0,0,0,4743,0,0,0,0,0,51,0
L2D_FRAME,106,EYE_L_SWEEP,100,1,50,0,43,432,1180,2,1104,10630,29,18545,35,5719,0,149,1070,4649,5719,18,0,11,29,23,187,18767,0,0,320,320,0,0,0,0,0,4682,0,0,0,0,0,51,0
L2D_FRAME,107,EYE_L_SWEEP,100,1,51,0,50,426,1152,2,1109,10541,25,18410,35,5729,0,153,1087,4642,5729,15,0,10,25,22,191,18636,0,0,320,320,0,0,0,0,0,4675,0,0,0,0,0,51,0
L2D_FRAME,108,EYE_L_SWEEP,100,1,52,0,43,450,1154,1,1111,10579,20,18526,38,5782,0,147,1091,4691,5782,11,0,9,20,22,183,18747,0,0,320,320,0,0,0,0,0,4726,0,0,0,0,0,51,0
L2D_FRAME,109,EYE_L_SWEEP,100,1,53,0,50,477,1163,1,1092,10563,32,18484,28,5707,0,154,1062,4645,5707,22,0,10,32,22,203,18715,0,0,320,320,0,0,0,0,0,4679,0,0,0,0,0,51,0
L2D_FRAME,110,EYE_L_SWEEP,100,1,54,0,43,440,1167,1,1122,10557,21,18502,35,5775,0,146,1095,4680,5775,11,0,10,21,23,184,18721,0,0,320,320,0,0,0,0,0,4713,0,0,0,0,0,51,0
L2D_ROI,61,EYE_L_SWEEP,100,1,5,1,59,14,257,298,199,285,56715,1,59,14,257,298,59,14,257,298,199,285,56715,5538,5538,0
L2D_ROI,62,EYE_L_SWEEP,100,1,6,1,59,14,257,298,199,285,56715,1,59,14,257,298,59,14,257,298,199,285,56715,5538,5538,0
L2D_ROI,63,EYE_L_SWEEP,100,1,7,1,59,14,257,298,199,285,56715,1,59,14,257,298,59,14,257,298,199,285,56715,5538,5538,0
L2D_ROI,64,EYE_L_SWEEP,100,1,8,1,59,14,257,298,199,285,56715,1,59,14,257,298,59,14,257,298,199,285,56715,5538,5538,0
L2D_ROI,65,EYE_L_SWEEP,100,1,9,1,59,14,257,298,199,285,56715,1,59,14,257,298,59,14,257,298,199,285,56715,5538,5538,0
L2D_ROI,66,EYE_L_SWEEP,100,1,10,1,59,14,257,298,199,285,56715,1,59,14,257,298,59,14,257,298,199,285,56715,5538,5538,0
L2D_ROI,67,EYE_L_SWEEP,100,1,11,1,59,14,257,298,199,285,56715,1,59,14,257,298,59,14,257,298,199,285,56715,5538,5538,0
L2D_ROI,68,EYE_L_SWEEP,100,1,12,1,59,14,257,298,199,285,56715,1,59,14,257,298,59,14,257,298,199,285,56715,5538,5538,0
L2D_ROI,69,EYE_L_SWEEP,100,1,13,1,59,14,257,298,199,285,56715,1,59,14,257,298,59,14,257,298,199,285,56715,5538,5538,0
L2D_ROI,70,EYE_L_SWEEP,100,1,14,1,59,14,257,298,199,285,56715,1,59,14,257,298,59,14,257,298,199,285,56715,5538,5538,0
L2D_ROI,71,EYE_L_SWEEP,100,1,15,1,59,14,257,298,199,285,56715,1,59,14,257,298,59,14,257,298,199,285,56715,5538,5538,0
L2D_ROI,72,EYE_L_SWEEP,100,1,16,1,59,14,257,298,199,285,56715,1,59,14,257,298,59,14,257,298,199,285,56715,5538,5538,0
L2D_ROI,73,EYE_L_SWEEP,100,1,17,1,59,14,257,298,199,285,56715,1,59,14,257,298,59,14,257,298,199,285,56715,5538,5538,0
L2D_ROI,74,EYE_L_SWEEP,100,1,18,1,59,14,257,298,199,285,56715,1,59,14,257,298,59,14,257,298,199,285,56715,5538,5538,0
L2D_ROI,75,EYE_L_SWEEP,100,1,19,1,59,14,257,298,199,285,56715,1,59,14,257,298,59,14,257,298,199,285,56715,5538,5538,0
L2D_ROI,76,EYE_L_SWEEP,100,1,20,1,59,14,257,298,199,285,56715,1,59,14,257,298,59,14,257,298,199,285,56715,5538,5538,0
L2D_ROI,77,EYE_L_SWEEP,100,1,21,1,59,14,257,298,199,285,56715,1,59,14,257,298,59,14,257,298,199,285,56715,5538,5538,0
L2D_ROI,78,EYE_L_SWEEP,100,1,22,1,59,14,257,298,199,285,56715,1,59,14,257,298,59,14,257,298,199,285,56715,5538,5538,0
L2D_ROI,79,EYE_L_SWEEP,100,1,23,1,59,14,257,298,199,285,56715,1,59,14,257,298,59,14,257,298,199,285,56715,5538,5538,0
L2D_ROI,80,EYE_L_SWEEP,100,1,24,1,59,14,257,298,199,285,56715,1,59,14,257,298,59,14,257,298,199,285,56715,5538,5538,0
L2D_ROI,81,EYE_L_SWEEP,100,1,25,1,59,14,257,298,199,285,56715,1,59,14,257,298,59,14,257,298,199,285,56715,5538,5538,0
L2D_ROI,82,EYE_L_SWEEP,100,1,26,1,59,14,257,298,199,285,56715,1,59,14,257,298,59,14,257,298,199,285,56715,5538,5538,0
L2D_ROI,83,EYE_L_SWEEP,100,1,27,1,59,14,257,298,199,285,56715,1,59,14,257,298,59,14,257,298,199,285,56715,5538,5538,0
L2D_ROI,84,EYE_L_SWEEP,100,1,28,1,59,14,257,298,199,285,56715,1,59,14,257,298,59,14,257,298,199,285,56715,5538,5538,0
L2D_ROI,85,EYE_L_SWEEP,100,1,29,1,59,14,257,298,199,285,56715,1,59,14,257,298,59,14,257,298,199,285,56715,5538,5538,0
L2D_ROI,86,EYE_L_SWEEP,100,1,30,1,59,14,257,298,199,285,56715,1,59,14,257,298,59,14,257,298,199,285,56715,5538,5538,0
L2D_ROI,87,EYE_L_SWEEP,100,1,31,1,59,14,257,298,199,285,56715,1,59,14,257,298,59,14,257,298,199,285,56715,5538,5538,0
L2D_ROI,88,EYE_L_SWEEP,100,1,32,1,59,14,257,298,199,285,56715,1,59,14,257,298,59,14,257,298,199,285,56715,5538,5538,0
L2D_ROI,89,EYE_L_SWEEP,100,1,33,1,59,14,257,298,199,285,56715,1,59,14,257,298,59,14,257,298,199,285,56715,5538,5538,0
L2D_ROI,90,EYE_L_SWEEP,100,1,34,1,59,14,257,298,199,285,56715,1,59,14,257,298,59,14,257,298,199,285,56715,5538,5538,0
L2D_ROI,91,EYE_L_SWEEP,100,1,35,1,59,14,257,298,199,285,56715,1,59,14,257,298,59,14,257,298,199,285,56715,5538,5538,0
L2D_ROI,92,EYE_L_SWEEP,100,1,36,1,59,14,257,298,199,285,56715,1,59,14,257,298,59,14,257,298,199,285,56715,5538,5538,0
L2D_ROI,93,EYE_L_SWEEP,100,1,37,1,59,14,257,298,199,285,56715,1,59,14,257,298,59,14,257,298,199,285,56715,5538,5538,0
L2D_ROI,94,EYE_L_SWEEP,100,1,38,1,59,14,257,298,199,285,56715,1,59,14,257,298,59,14,257,298,199,285,56715,5538,5538,0
L2D_ROI,95,EYE_L_SWEEP,100,1,39,1,59,14,257,298,199,285,56715,1,59,14,257,298,59,14,257,298,199,285,56715,5538,5538,0
L2D_ROI,96,EYE_L_SWEEP,100,1,40,1,59,14,257,298,199,285,56715,1,59,14,257,298,59,14,257,298,199,285,56715,5538,5538,0
L2D_ROI,97,EYE_L_SWEEP,100,1,41,1,59,14,257,298,199,285,56715,1,59,14,257,298,59,14,257,298,199,285,56715,5538,5538,0
L2D_ROI,98,EYE_L_SWEEP,100,1,42,1,59,14,257,298,199,285,56715,1,59,14,257,298,59,14,257,298,199,285,56715,5538,5538,0
L2D_ROI,99,EYE_L_SWEEP,100,1,43,1,59,14,257,298,199,285,56715,1,59,14,257,298,59,14,257,298,199,285,56715,5538,5538,0
L2D_ROI,100,EYE_L_SWEEP,100,1,44,1,59,14,257,298,199,285,56715,1,59,14,257,298,59,14,257,298,199,285,56715,5538,5538,0
L2D_ROI,101,EYE_L_SWEEP,100,1,45,1,59,14,257,298,199,285,56715,1,59,14,257,298,59,14,257,298,199,285,56715,5538,5538,0
L2D_ROI,102,EYE_L_SWEEP,100,1,46,1,59,14,257,298,199,285,56715,1,59,14,257,298,59,14,257,298,199,285,56715,5538,5538,0
L2D_ROI,103,EYE_L_SWEEP,100,1,47,1,59,14,257,298,199,285,56715,1,59,14,257,298,59,14,257,298,199,285,56715,5538,5538,0
L2D_ROI,104,EYE_L_SWEEP,100,1,48,1,59,14,257,298,199,285,56715,1,59,14,257,298,59,14,257,298,199,285,56715,5538,5538,0
L2D_ROI,105,EYE_L_SWEEP,100,1,49,1,59,14,257,298,199,285,56715,1,59,14,257,298,59,14,257,298,199,285,56715,5538,5538,0
L2D_ROI,106,EYE_L_SWEEP,100,1,50,1,59,14,257,298,199,285,56715,1,59,14,257,298,59,14,257,298,199,285,56715,5538,5538,0
L2D_ROI,107,EYE_L_SWEEP,100,1,51,1,59,14,257,298,199,285,56715,1,59,14,257,298,59,14,257,298,199,285,56715,5538,5538,0
L2D_ROI,108,EYE_L_SWEEP,100,1,52,1,59,14,257,298,199,285,56715,1,59,14,257,298,59,14,257,298,199,285,56715,5538,5538,0
L2D_ROI,109,EYE_L_SWEEP,100,1,53,1,59,14,257,298,199,285,56715,1,59,14,257,298,59,14,257,298,199,285,56715,5538,5538,0
L2D_ROI,110,EYE_L_SWEEP,100,1,54,1,59,14,257,298,199,285,56715,1,59,14,257,298,59,14,257,298,199,285,56715,5538,5538,0
L2D_SUMMARY,EYE_L_SWEEP,100,1,slot_wait_us,50,0.00,0,0,0,0,0,0
L2D_SUMMARY,EYE_L_SWEEP,100,1,controller_us,50,46.24,43,50,60,41,60,0
L2D_SUMMARY,EYE_L_SWEEP,100,1,rt30_us,50,444.04,442,472,477,421,477,0
L2D_SUMMARY,EYE_L_SWEEP,100,1,hierarchy_vertex_us,50,1158.36,1154,1187,1194,1133,1194,0
L2D_SUMMARY,EYE_L_SWEEP,100,1,bounds_us,50,1.32,1,2,8,0,8,0
L2D_SUMMARY,EYE_L_SWEEP,100,1,clear_us,50,1078.98,1104,1125,1129,859,1129,0
L2D_SUMMARY,EYE_L_SWEEP,100,1,raster_us,50,10532.72,10534,10640,10652,10367,10652,0
I (9034) l2d_profile: EYE_L_SWEEP scale=100 round=1 raster_us avg=10533 p95=10640 p99=10652 max=10652
L2D_SUMMARY,EYE_L_SWEEP,100,1,convert_us,50,4625.02,4675,4749,4765,4400,4765,0
L2D_SUMMARY,EYE_L_SWEEP,100,1,cache_sync_us,50,24.36,23,32,33,20,33,0
L2D_SUMMARY,EYE_L_SWEEP,100,1,producer_total_us,50,18347.28,18373,18526,18577,18090,18577,0
I (9064) l2d_profile: EYE_L_SWEEP scale=100 round=1 producer_total_us avg=18347 p95=18526 p99=18577 max=18577
L2D_SUMMARY,EYE_L_SWEEP,100,1,publish_consume_us,50,34.74,35,45,45,27,45,0
L2D_SUMMARY,EYE_L_SWEEP,100,1,ppa_wait_us,50,5638.50,5676,5797,5802,5430,5802,0
L2D_SUMMARY,EYE_L_SWEEP,100,1,ppa_blend_us,50,0.00,0,0,0,0,0,0
L2D_SUMMARY,EYE_L_SWEEP,100,1,panel_submit_us,50,153.80,148,201,211,139,211,0
L2D_SUMMARY,EYE_L_SWEEP,100,1,frame_drop,50,0.00,0,0,0,0,0,0
L2D_SUMMARY,EYE_L_SWEEP,100,1,ppa_fill_us,50,1049.60,1076,1097,1101,827,1101,0
L2D_SUMMARY,EYE_L_SWEEP,100,1,ppa_srm_us,50,4588.90,4638,4714,4732,4370,4732,0
L2D_SUMMARY,EYE_L_SWEEP,100,1,ppa_total_us,50,5638.50,5676,5797,5802,5430,5802,0
L2D_SUMMARY,EYE_L_SWEEP,100,1,clear_cache_sync_us,50,14.38,12,22,23,11,23,0
L2D_SUMMARY,EYE_L_SWEEP,100,1,convert_cache_sync_us,50,0.00,0,0,0,0,0,0
L2D_SUMMARY,EYE_L_SWEEP,100,1,flush_cache_sync_us,50,9.98,10,11,11,9,11,0
L2D_SUMMARY,EYE_L_SWEEP,100,1,cache_sync_total_us,50,24.36,23,32,33,20,33,0
L2D_SUMMARY,EYE_L_SWEEP,100,1,display_lock_wait_us,50,40.48,23,34,796,22,796,0
L2D_SUMMARY,EYE_L_SWEEP,100,1,flush_total_us,50,212.00,191,249,981,181,981,0
L2D_SUMMARY,EYE_L_SWEEP,100,1,frame_total_us,50,18594.02,18602,18767,19461,18322,19461,0
L2D_SUMMARY,EYE_L_SWEEP,100,1,keypoint_us,50,0.00,0,0,0,0,0,0
L2D_SUMMARY,EYE_L_SWEEP,100,1,visual_transform_us,50,0.00,0,0,0,0,0,0
L2D_SUMMARY,EYE_L_SWEEP,100,1,stretch_us,50,0.00,0,0,0,0,0,0
L2D_SUMMARY,EYE_L_SWEEP,100,1,vertex_transform_us,50,0.00,0,0,0,0,0,0
L2D_SUMMARY,EYE_L_SWEEP,100,1,uv_update_us,50,0.00,0,0,0,0,0,0
L2D_SUMMARY,EYE_L_SWEEP,100,1,trig_cache_hit,50,51.00,51,51,51,51,51,0
L2D_SUMMARY,EYE_L_SWEEP,100,1,trig_cache_miss,50,0.00,0,0,0,0,0,0
L2D_SUMMARY,EYE_L_SWEEP,100,1,slot_miss,50,0.00,0,0,0,0,0,0
L2D_SUMMARY,EYE_L_SWEEP,100,1,lock_skip,50,0.00,0,0,0,0,0,0
L2D_SUMMARY,EYE_L_SWEEP,100,1,deadline_miss,50,0.00,0,0,0,0,0,0
L2D_SUMMARY,EYE_L_SWEEP,100,1,roi.current_area,50,56715.00,56715,56715,56715,56715,56715,0
L2D_SUMMARY,EYE_L_SWEEP,100,1,roi.union_area,50,56715.00,56715,56715,56715,56715,56715,0
L2D_SUMMARY,EYE_L_SWEEP,100,1,roi.current_area_ratio_q10000,50,5538.00,5538,5538,5538,5538,5538,0
L2D_SUMMARY,EYE_L_SWEEP,100,1,roi.union_area_ratio_q10000,50,5538.00,5538,5538,5538,5538,5538,0
L2D_SUMMARY,EYE_L_SWEEP,100,1,roi.current_w,50,199.00,199,199,199,199,199,0
L2D_SUMMARY,EYE_L_SWEEP,100,1,roi.current_h,50,285.00,285,285,285,285,285,0
L2D_SUMMARY,EYE_L_SWEEP,100,1,roi.union_w,50,199.00,199,199,199,199,199,0
L2D_SUMMARY,EYE_L_SWEEP,100,1,roi.union_h,50,285.00,285,285,285,285,285,0
I (9290) l2d_profile: done EYE_L_SWEEP scale=100 round=1
L2D_FRAME,116,MULTI_AXIS,100,1,5,0,50,839,1304,2,1134,10552,28,18660,28,5389,0,158,1100,4289,5389,18,0,10,28,535,721,19409,0,0,320,320,0,0,0,0,0,4323,0,0,0,0,0,50,1
L2D_FRAME,117,MULTI_AXIS,100,1,6,0,47,812,1300,1,1124,10461,20,18666,45,5539,0,152,1097,4442,5539,11,0,9,20,25,192,18903,0,0,320,320,0,0,0,0,0,4475,0,0,0,0,0,50,1
L2D_FRAME,118,MULTI_AXIS,100,1,7,0,50,830,1327,1,1087,10595,21,18839,28,5516,0,151,1060,4456,5516,11,0,10,21,852,1034,19901,0,0,320,320,0,0,0,0,0,4490,0,0,0,0,0,50,1
L2D_FRAME,119,MULTI_AXIS,100,1,8,0,46,829,1303,2,1106,10405,21,18552,28,5428,0,135,1072,4356,5428,11,0,10,21,32,182,18762,0,0,320,320,0,0,0,0,0,4385,0,0,0,0,0,50,1
L2D_FRAME,120,MULTI_AXIS,100,1,9,0,48,821,1338,2,1107,10560,21,19219,44,5220,0,145,1080,4140,5220,11,0,10,21,22,182,19445,0,0,320,320,0,0,0,0,0,4190,0,0,0,0,0,50,1
L2D_FRAME,121,MULTI_AXIS,100,1,10,0,49,804,1295,2,1121,10440,21,18616,28,5518,0,153,1094,4424,5518,11,0,10,21,66,238,18882,0,0,320,320,0,0,0,0,0,4453,0,0,0,0,0,50,1
L2D_FRAME,122,MULTI_AXIS,100,1,11,0,51,812,1308,2,1139,10532,20,18833,45,5577,0,146,1112,4465,5577,11,0,9,20,23,182,19060,0,0,320,320,0,0,0,0,0,4499,0,0,0,0,0,50,1
L2D_FRAME,123,MULTI_AXIS,100,1,12,0,48,817,1294,2,1124,10427,20,18545,45,5433,0,165,1104,4329,5433,11,0,9,20,25,206,18796,0,0,320,320,0,0,0,0,0,4363,0,0,0,0,0,50,1
L2D_FRAME,124,MULTI_AXIS,100,1,13,0,49,813,1301,2,1097,10641,20,18738,45,5366,0,156,1062,4304,5366,11,0,9,20,25,195,18978,0,0,320,320,0,0,0,0,0,4336,0,0,0,0,0,50,1
L2D_FRAME,125,MULTI_AXIS,100,1,14,0,49,815,1309,2,1090,10466,24,18380,45,5222,0,149,1066,4156,5222,15,0,9,24,22,185,18610,0,0,320,320,0,0,0,0,0,4191,0,0,0,0,0,50,1
L2D_FRAME,126,MULTI_AXIS,100,1,15,0,49,817,1295,2,1083,10638,21,18642,28,5288,0,150,1064,4224,5288,11,0,10,21,22,190,18860,0,0,320,320,0,0,0,0,0,4257,0,0,0,0,0,50,1
L2D_FRAME,127,MULTI_AXIS,100,1,16,0,48,858,1305,2,1130,10554,20,18665,45,5383,0,146,1110,4273,5383,11,0,9,20,503,668,19378,0,0,320,320,0,0,0,0,0,4307,0,0,0,0,0,50,1
L2D_FRAME,128,MULTI_AXIS,100,1,17,0,49,816,1284,1,1141,10550,21,18771,35,5552,0,165,1107,4445,5552,11,0,10,21,22,205,19011,0,0,320,320,0,0,0,0,0,4478,0,0,0,0,0,50,1
L2D_FRAME,129,MULTI_AXIS,100,1,18,0,50,833,1293,1,1094,10617,20,18563,45,5257,0,147,1067,4190,5257,11,0,9,20,509,676,19284,0,0,320,320,0,0,0,0,0,4223,0,0,0,0,0,50,1
L2D_FRAME,130,MULTI_AXIS,100,1,19,0,48,817,1311,1,1092,10512,21,18570,34,5364,0,147,1065,4299,5364,11,0,10,21,22,186,18790,0,0,320,320,0,0,0,0,0,4334,0,0,0,0,0,50,1
L2D_FRAME,131,MULTI_AXIS,100,1,20,0,51,800,1336,2,1137,10680,29,18772,35,5378,0,150,1095,4283,5378,18,0,11,29,706,882,19689,0,0,320,320,0,0,0,0,0,4316,0,0,0,0,0,50,1
L2D_FRAME,132,MULTI_AXIS,100,1,21,0,50,809,1307,1,1112,10629,27,18841,52,5518,0,140,1070,4448,5518,18,0,9,27,216,375,19268,0,0,320,320,0,0,0,0,0,4482,0,0,0,0,0,50,1
L2D_FRAME,133,MULTI_AXIS,100,1,22,0,51,811,1356,2,1119,10800,25,19552,34,6022,0,148,1095,4927,6022,15,0,10,25,32,196,19782,0,0,320,320,0,0,0,0,0,4960,0,0,0,0,0,50,1
L2D_FRAME,134,MULTI_AXIS,100,1,23,0,48,817,1291,1,1121,10565,32,18812,45,5576,0,139,1097,4479,5576,15,0,17,32,231,398,19255,0,0,320,320,0,0,0,0,0,4513,0,0,0,0,0,50,1
L2D_FRAME,135,MULTI_AXIS,100,1,24,0,48,814,1337,1,1126,10626,21,18691,45,5341,0,133,1106,4235,5341,11,0,10,21,77,229,18965,0,0,320,320,0,0,0,0,0,4269,0,0,0,0,0,50,1
L2D_FRAME,136,MULTI_AXIS,100,1,25,0,49,832,1297,1,1107,10538,21,18683,35,5438,0,142,1080,4358,5438,11,0,10,21,22,187,18905,0,0,320,320,0,0,0,0,0,4392,0,0,0,0,0,50,1
L2D_FRAME,137,MULTI_AXIS,100,1,26,0,41,853,1309,2,1103,10677,21,18786,35,5391,0,154,1084,4307,5391,11,0,10,21,22,201,19022,0,0,320,320,0,0,0,0,0,4340,0,0,0,0,0,50,1
L2D_FRAME,138,MULTI_AXIS,100,1,27,0,49,826,1332,2,1139,10696,21,18729,28,5318,0,147,1112,4206,5318,11,0,10,21,34,199,18956,0,0,320,320,0,0,0,0,0,4240,0,0,0,0,0,50,1
L2D_FRAME,139,MULTI_AXIS,100,1,28,0,42,806,1301,2,1130,10536,21,18596,45,5380,0,154,1095,4285,5380,12,0,9,21,546,715,19356,0,0,320,320,0,0,0,0,0,4318,0,0,0,0,0,50,1
L2D_FRAME,140,MULTI_AXIS,100,1,29,0,47,813,1195,2,1103,10656,20,18533,45,5299,0,150,1069,4230,5299,11,0,9,20,25,190,18768,0,0,320,320,0,0,0,0,0,4264,0,0,0,0,0,50,1
L2D_FRAME,141,MULTI_AXIS,100,1,30,0,43,844,1302,2,1110,10577,29,18484,35,5188,0,153,1068,4120,5188,19,0,10,29,22,191,18710,0,0,320,320,0,0,0,0,0,4153,0,0,0,0,0,50,1
L2D_FRAME,142,MULTI_AXIS,100,1,31,0,48,829,1306,2,1121,10584,21,19243,35,5954,0,187,1094,4860,5954,11,0,10,21,16,223,19501,0,0,320,320,0,0,0,0,0,4893,0,0,0,0,0,50,1
L2D_FRAME,143,MULTI_AXIS,100,1,32,0,41,821,1343,2,1121,10651,21,18690,45,5311,0,152,1101,4210,5311,11,0,10,21,24,195,18930,0,0,320,320,0,0,0,0,0,4251,0,0,0,0,0,50,1
L2D_FRAME,144,MULTI_AXIS,100,1,33,0,51,811,1308,1,1127,10602,21,18706,35,5422,0,146,1100,4322,5422,11,0,10,21,22,184,18925,0,0,320,320,0,0,0,0,0,4356,0,0,0,0,0,50,1
L2D_FRAME,145,MULTI_AXIS,100,1,34,0,42,836,1308,1,1128,10693,29,18900,35,5486,0,162,1094,4392,5486,18,0,11,29,236,423,19358,0,0,320,320,0,0,0,0,0,4440,0,0,0,0,0,50,1
L2D_FRAME,146,MULTI_AXIS,100,1,35,0,49,805,1308,1,1130,10606,23,18728,28,5431,0,147,1095,4336,5431,12,0,11,23,23,197,18953,0,0,320,320,0,0,0,0,0,4369,0,0,0,0,0,50,1
L2D_FRAME,147,MULTI_AXIS,100,1,36,0,48,840,1315,2,1103,10723,31,19066,45,5614,0,154,1073,4541,5614,22,0,9,31,72,240,19351,0,0,320,320,0,0,0,0,0,4574,0,0,0,0,0,50,1
L2D_FRAME,148,MULTI_AXIS,100,1,37,0,50,819,1313,1,1123,10512,21,18800,28,5593,0,159,1096,4497,5593,11,0,10,21,32,207,19035,0,0,320,320,0,0,0,0,0,4531,0,0,0,0,0,50,1
L2D_FRAME,149,MULTI_AXIS,100,1,38,0,50,846,1333,2,1120,10646,21,19025,45,5610,0,157,1093,4517,5610,11,0,10,21,76,247,19317,0,0,320,320,0,0,0,0,0,4569,0,0,0,0,0,50,1
L2D_FRAME,150,MULTI_AXIS,100,1,39,0,48,802,1329,2,1090,10578,21,19004,28,5719,0,147,1063,4656,5719,11,0,10,21,31,195,19227,0,0,320,320,0,0,0,0,0,4697,0,0,0,0,0,50,1
L2D_FRAME,151,MULTI_AXIS,100,1,40,0,48,846,1317,2,1119,10669,23,19081,38,5689,0,152,1096,4593,5689,14,0,9,23,70,237,19356,0,0,320,320,0,0,0,0,0,4627,0,0,0,0,0,50,1
L2D_FRAME,152,MULTI_AXIS,100,1,41,0,51,807,1320,2,1134,10643,21,19155,27,5807,0,150,1107,4700,5807,11,0,10,21,23,191,19373,0,0,320,320,0,0,0,0,0,4734,0,0,0,0,0,50,1
L2D_FRAME,153,MULTI_AXIS,100,1,42,0,49,826,1360,2,1117,10667,25,19084,28,5664,0,149,1093,4571,5664,15,0,10,25,32,197,19309,0,0,320,320,0,0,0,0,0,4605,0,0,0,0,0,50,1
L2D_FRAME,154,MULTI_AXIS,100,1,43,0,47,796,1313,2,1096,10516,33,18725,35,5507,0,154,1066,4441,5507,22,0,11,33,24,195,18955,0,0,320,320,0,0,0,0,0,4467,0,0,0,0,0,50,1
L2D_FRAME,155,MULTI_AXIS,100,1,44,0,40,818,1353,2,1133,10720,30,19177,28,5730,0,146,1099,4631,5730,19,0,11,30,34,195,19400,0,0,320,320,0,0,0,0,0,4657,0,0,0,0,0,50,1
L2D_FRAME,156,MULTI_AXIS,100,1,45,0,50,826,1322,1,1128,10640,21,19096,28,5752,0,149,1101,4651,5752,11,0,10,21,22,190,19314,0,0,320,320,0,0,0,0,0,4684,0,0,0,0,0,50,1
L2D_FRAME,157,MULTI_AXIS,100,1,46,0,47,824,1352,1,1122,10627,21,18943,45,5575,0,161,1095,4480,5575,11,0,10,21,24,202,19190,0,0,320,320,0,0,0,0,0,4513,0,0,0,0,0,50,1
L2D_FRAME,158,MULTI_AXIS,100,1,47,0,48,806,1320,1,1094,10669,25,19063,28,5708,0,150,1070,4638,5708,15,0,10,25,72,240,19331,0,0,320,320,0,0,0,0,0,4672,0,0,0,0,0,50,1
L2D_FRAME,159,MULTI_AXIS,100,1,48,0,50,809,1327,2,1095,10718,21,19784,28,6324,0,154,1068,5256,6324,11,0,10,21,22,202,20014,0,0,320,320,0,0,0,0,0,5289,0,0,0,0,0,50,1
L2D_FRAME,160,MULTI_AXIS,100,1,49,0,48,811,1328,2,1133,10597,32,19046,28,5734,0,147,1102,4632,5734,22,0,10,32,84,258,19332,0,0,320,320,0,0,0,0,0,4665,0,0,0,0,0,50,1
L2D_FRAME,161,MULTI_AXIS,100,1,50,0,48,790,1318,2,1108,10739,29,18938,28,5486,0,157,1088,4398,5486,11,0,18,29,22,204,19170,0,0,320,320,0,0,0,0,0,4431,0,0,0,0,0,50,1
L2D_FRAME,162,MULTI_AXIS,100,1,51,0,42,792,1318,2,1115,10655,22,18782,28,5452,0,144,1095,4357,5452,12,0,10,22,258,426,19236,0,0,320,320,0,0,0,0,0,4390,0,0,0,0,0,50,1
L2D_FRAME,163,MULTI_AXIS,100,1,52,0,49,799,1339,2,1073,10648,21,18961,33,5598,0,152,1053,4545,5598,11,0,10,21,224,392,19386,0,0,320,320,0,0,0,0,0,4578,0,0,0,0,0,50,1
L2D_FRAME,164,MULTI_AXIS,100,1,53,0,47,805,1306,1,1091,10597,21,18987,41,5720,0,153,1064,4656,5720,11,0,10,21,89,260,19288,0,0,320,320,0,0,0,0,0,4690,0,0,0,0,0,50,1
L2D_FRAME,165,MULTI_AXIS,100,1,54,0,49,788,1307,2,1091,10710,21,19010,45,5597,0,148,1065,4532,5597,11,0,10,21,25,188,19243,0,0,320,320,0,0,0,0,0,4573,0,0,0,0,0,50,1
L2D_ROI,116,MULTI_AXIS,100,1,5,1,73,15,272,298,200,284,56800,1,71,14,270,298,71,14,272,298,202,285,57570,5546,5622,0
L2D_ROI,117,MULTI_AXIS,100,1,6,1,75,15,274,298,200,284,56800,1,73,15,272,298,73,15,274,298,202,284,57368,5546,5602,0
L2D_ROI,118,MULTI_AXIS,100,1,7,1,77,16,276,298,200,283,56600,1,75,15,274,298,75,15,276,298,202,284,57368,5527,5602,0
L2D_ROI,119,MULTI_AXIS,100,1,8,1,79,16,277,298,199,283,56317,1,77,16,276,298,77,16,277,298,201,283,56883,5499,5554,0
L2D_ROI,120,MULTI_AXIS,100,1,9,1,78,17,276,298,199,282,56118,1,79,16,277,298,78,16,277,298,200,283,56600,5480,5527,0
L2D_ROI,121,MULTI_AXIS,100,1,10,1,78,17,276,298,199,282,56118,1,78,17,276,298,78,17,276,298,199,282,56118,5480,5480,0
L2D_ROI,122,MULTI_AXIS,100,1,11,1,77,18,275,298,199,281,55919,1,78,17,276,298,77,17,276,298,200,282,56400,5460,5507,0
L2D_ROI,123,MULTI_AXIS,100,1,12,1,77,18,275,298,199,281,55919,1,77,18,275,298,77,18,275,298,199,281,55919,5460,5460,0
L2D_ROI,124,MULTI_AXIS,100,1,13,1,76,19,275,298,200,280,56000,1,77,18,275,298,76,18,275,298,200,281,56200,5468,5488,0
L2D_ROI,125,MULTI_AXIS,100,1,14,1,76,20,274,298,199,279,55521,1,76,19,275,298,76,19,275,298,200,280,56000,5421,5468,0
L2D_ROI,126,MULTI_AXIS,100,1,15,1,75,21,274,298,200,278,55600,1,76,20,274,298,75,20,274,298,200,279,55800,5429,5449,0
L2D_ROI,127,MULTI_AXIS,100,1,16,1,74,20,272,298,199,279,55521,1,75,21,274,298,74,20,274,298,201,279,56079,5421,5476,0
L2D_ROI,128,MULTI_AXIS,100,1,17,1,72,19,269,298,198,280,55440,1,74,20,272,298,72,19,272,298,201,280,56280,5414,5496,0
L2D_ROI,129,MULTI_AXIS,100,1,18,1,70,19,267,298,198,280,55440,1,72,19,269,298,70,19,269,298,200,280,56000,5414,5468,0
L2D_ROI,130,MULTI_AXIS,100,1,19,1,68,18,266,298,199,281,55919,1,70,19,267,298,68,18,267,298,200,281,56200,5460,5488,0
L2D_ROI,131,MULTI_AXIS,100,1,20,1,66,17,264,298,199,282,56118,1,68,18,266,298,66,17,266,298,201,282,56682,5480,5535,0
L2D_ROI,132,MULTI_AXIS,100,1,21,1,65,17,263,298,199,282,56118,1,66,17,264,298,65,17,264,298,200,282,56400,5480,5507,0
L2D_ROI,133,MULTI_AXIS,100,1,22,1,63,17,261,298,199,282,56118,1,65,17,263,298,63,17,263,298,201,282,56682,5480,5535,0
L2D_ROI,134,MULTI_AXIS,100,1,23,1,61,16,259,298,199,283,56317,1,63,17,261,298,61,16,261,298,201,283,56883,5499,5554,0
L2D_ROI,135,MULTI_AXIS,100,1,24,1,60,15,258,298,199,284,56516,1,61,16,259,298,60,15,259,298,200,284,56800,5519,5546,0
L2D_ROI,136,MULTI_AXIS,100,1,25,1,58,15,256,298,199,284,56516,1,60,15,258,298,58,15,258,298,201,284,57084,5519,5574,0
L2D_ROI,137,MULTI_AXIS,100,1,26,1,56,14,254,298,199,285,56715,1,58,15,256,298,56,14,256,298,201,285,57285,5538,5594,0
L2D_ROI,138,MULTI_AXIS,100,1,27,1,54,14,252,298,199,285,56715,1,56,14,254,298,54,14,254,298,201,285,57285,5538,5594,0
L2D_ROI,139,MULTI_AXIS,100,1,28,1,52,14,250,298,199,285,56715,1,54,14,252,298,52,14,252,298,201,285,57285,5538,5594,0
L2D_ROI,140,MULTI_AXIS,100,1,29,1,50,13,248,298,199,286,56914,1,52,14,250,298,50,13,250,298,201,286,57486,5558,5613,0
L2D_ROI,141,MULTI_AXIS,100,1,30,1,48,13,247,298,200,286,57200,1,50,13,248,298,48,13,248,298,201,286,57486,5585,5613,0
L2D_ROI,142,MULTI_AXIS,100,1,31,1,47,12,245,298,199,287,57113,1,48,13,247,298,47,12,247,298,201,287,57687,5577,5633,0
L2D_ROI,143,MULTI_AXIS,100,1,32,1,45,12,243,298,199,287,57113,1,47,12,245,298,45,12,245,298,201,287,57687,5577,5633,0
L2D_ROI,144,MULTI_AXIS,100,1,33,1,43,11,242,298,200,288,57600,1,45,12,243,298,43,11,243,298,201,288,57888,5625,5653,0
L2D_ROI,145,MULTI_AXIS,100,1,34,1,41,11,240,298,200,288,57600,1,43,11,242,298,41,11,242,298,202,288,58176,5625,5681,0
L2D_ROI,146,MULTI_AXIS,100,1,35,1,40,11,238,298,199,288,57312,1,41,11,240,298,40,11,240,298,201,288,57888,5596,5653,0
L2D_ROI,147,MULTI_AXIS,100,1,36,1,38,10,237,298,200,289,57800,1,40,11,238,298,38,10,238,298,201,289,58089,5644,5672,0
L2D_ROI,148,MULTI_AXIS,100,1,37,1,36,10,235,298,200,289,57800,1,38,10,237,298,36,10,237,298,202,289,58378,5644,5700,0
L2D_ROI,149,MULTI_AXIS,100,1,38,1,37,10,236,298,200,289,57800,1,36,10,235,298,36,10,236,298,201,289,58089,5644,5672,0
L2D_ROI,150,MULTI_AXIS,100,1,39,1,38,10,237,298,200,289,57800,1,37,10,236,298,37,10,237,298,201,289,58089,5644,5672,0
L2D_ROI,151,MULTI_AXIS,100,1,40,1,39,10,238,298,200,289,57800,1,38,10,237,298,38,10,238,298,201,289,58089,5644,5672,0
L2D_ROI,152,MULTI_AXIS,100,1,41,1,40,10,239,298,200,289,57800,1,39,10,238,298,39,10,239,298,201,289,58089,5644,5672,0
L2D_ROI,153,MULTI_AXIS,100,1,42,1,40,10,240,298,201,289,58089,1,40,10,239,298,40,10,240,298,201,289,58089,5672,5672,0
L2D_ROI,154,MULTI_AXIS,100,1,43,1,41,10,241,298,201,289,58089,1,40,10,240,298,40,10,241,298,202,289,58378,5672,5700,0
L2D_ROI,155,MULTI_AXIS,100,1,44,1,41,10,241,298,201,289,58089,1,41,10,241,298,41,10,241,298,201,289,58089,5672,5672,0
L2D_ROI,156,MULTI_AXIS,100,1,45,1,44,10,243,298,200,289,57800,1,41,10,241,298,41,10,243,298,203,289,58667,5644,5729,0
L2D_ROI,157,MULTI_AXIS,100,1,46,1,45,10,245,298,201,289,58089,1,44,10,243,298,44,10,245,298,202,289,58378,5672,5700,0
L2D_ROI,158,MULTI_AXIS,100,1,47,1,47,10,247,298,201,289,58089,1,45,10,245,298,45,10,247,298,203,289,58667,5672,5729,0
L2D_ROI,159,MULTI_AXIS,100,1,48,1,49,10,248,298,200,289,57800,1,47,10,247,298,47,10,248,298,202,289,58378,5644,5700,0
L2D_ROI,160,MULTI_AXIS,100,1,49,1,50,11,250,298,201,288,57888,1,49,10,248,298,49,10,250,298,202,289,58378,5653,5700,0
L2D_ROI,161,MULTI_AXIS,100,1,50,1,52,11,252,298,201,288,57888,1,50,11,250,298,50,11,252,298,203,288,58464,5653,5709,0
L2D_ROI,162,MULTI_AXIS,100,1,51,1,53,11,253,298,201,288,57888,1,52,11,252,298,52,11,253,298,202,288,58176,5653,5681,0
L2D_ROI,163,MULTI_AXIS,100,1,52,1,55,11,255,298,201,288,57888,1,53,11,253,298,53,11,255,298,203,288,58464,5653,5709,0
L2D_ROI,164,MULTI_AXIS,100,1,53,1,56,11,256,298,201,288,57888,1,55,11,255,298,55,11,256,298,202,288,58176,5653,5681,0
L2D_ROI,165,MULTI_AXIS,100,1,54,1,58,12,258,298,201,287,57687,1,56,11,256,298,56,11,258,298,203,288,58464,5633,5709,0
L2D_SUMMARY,MULTI_AXIS,100,1,slot_wait_us,50,0.00,0,0,0,0,0,0
L2D_SUMMARY,MULTI_AXIS,100,1,controller_us,50,47.80,48,51,51,40,51,0
L2D_SUMMARY,MULTI_AXIS,100,1,rt30_us,50,818.20,816,846,858,788,858,0
L2D_SUMMARY,MULTI_AXIS,100,1,hierarchy_vertex_us,50,1313.86,1309,1353,1360,1195,1360,0
L2D_SUMMARY,MULTI_AXIS,100,1,bounds_us,50,1.66,2,2,2,1,2,0
L2D_SUMMARY,MULTI_AXIS,100,1,clear_us,50,1113.76,1119,1139,1141,1073,1141,0
L2D_SUMMARY,MULTI_AXIS,100,1,raster_us,50,10606.80,10617,10723,10800,10405,10800,0
I (12351) l2d_profile: MULTI_AXIS scale=100 round=1 raster_us avg=10607 p95=10723 p99=10800 max=10800
L2D_SUMMARY,MULTI_AXIS,100,1,convert_us,50,4476.12,4453,4893,5289,4153,5289,0
L2D_SUMMARY,MULTI_AXIS,100,1,cache_sync_us,50,23.22,21,32,33,20,33,0
L2D_SUMMARY,MULTI_AXIS,100,1,producer_total_us,50,18854.64,18786,19243,19784,18380,19784,0
I (12381) l2d_profile: MULTI_AXIS scale=100 round=1 producer_total_us avg=18855 p95=19243 p99=19784 max=19784
L2D_SUMMARY,MULTI_AXIS,100,1,publish_consume_us,50,36.28,35,45,52,27,52,0
L2D_SUMMARY,MULTI_AXIS,100,1,ppa_wait_us,50,5527.68,5507,5954,6324,5188,6324,0
L2D_SUMMARY,MULTI_AXIS,100,1,ppa_blend_us,50,0.00,0,0,0,0,0,0
L2D_SUMMARY,MULTI_AXIS,100,1,panel_submit_us,50,151.04,150,165,187,133,187,0
L2D_SUMMARY,MULTI_AXIS,100,1,frame_drop,50,0.00,0,0,0,0,0,0
L2D_SUMMARY,MULTI_AXIS,100,1,ppa_fill_us,50,1086.04,1094,1110,1112,1053,1112,0
L2D_SUMMARY,MULTI_AXIS,100,1,ppa_srm_us,50,4441.64,4424,4860,5256,4120,5256,0
L2D_SUMMARY,MULTI_AXIS,100,1,ppa_total_us,50,5527.68,5507,5954,6324,5188,6324,0
L2D_SUMMARY,MULTI_AXIS,100,1,clear_cache_sync_us,50,13.06,11,22,22,11,22,0
L2D_SUMMARY,MULTI_AXIS,100,1,convert_cache_sync_us,50,0.00,0,0,0,0,0,0
L2D_SUMMARY,MULTI_AXIS,100,1,flush_cache_sync_us,50,10.16,10,11,18,9,18,0
L2D_SUMMARY,MULTI_AXIS,100,1,cache_sync_total_us,50,23.22,21,32,33,20,33,0
L2D_SUMMARY,MULTI_AXIS,100,1,display_lock_wait_us,50,123.90,31,546,852,16,852,0
L2D_SUMMARY,MULTI_AXIS,100,1,flush_total_us,50,293.86,202,721,1034,182,1034,0
L2D_SUMMARY,MULTI_AXIS,100,1,frame_total_us,50,19184.78,19236,19782,20014,18610,20014,0
L2D_SUMMARY,MULTI_AXIS,100,1,keypoint_us,50,0.00,0,0,0,0,0,0
L2D_SUMMARY,MULTI_AXIS,100,1,visual_transform_us,50,0.00,0,0,0,0,0,0
L2D_SUMMARY,MULTI_AXIS,100,1,stretch_us,50,0.00,0,0,0,0,0,0
L2D_SUMMARY,MULTI_AXIS,100,1,vertex_transform_us,50,0.00,0,0,0,0,0,0
L2D_SUMMARY,MULTI_AXIS,100,1,uv_update_us,50,0.00,0,0,0,0,0,0
L2D_SUMMARY,MULTI_AXIS,100,1,trig_cache_hit,50,50.00,50,50,50,50,50,0
L2D_SUMMARY,MULTI_AXIS,100,1,trig_cache_miss,50,1.00,1,1,1,1,1,0
L2D_SUMMARY,MULTI_AXIS,100,1,slot_miss,50,0.00,0,0,0,0,0,0
L2D_SUMMARY,MULTI_AXIS,100,1,lock_skip,50,0.00,0,0,0,0,0,0
L2D_SUMMARY,MULTI_AXIS,100,1,deadline_miss,50,0.00,0,0,0,0,0,0
L2D_SUMMARY,MULTI_AXIS,100,1,roi.current_area,50,56974.08,56914,58089,58089,55440,58089,0
L2D_SUMMARY,MULTI_AXIS,100,1,roi.union_area,50,57421.20,57486,58464,58667,55800,58667,0
L2D_SUMMARY,MULTI_AXIS,100,1,roi.current_area_ratio_q10000,50,5563.38,5558,5672,5672,5414,5672,0
L2D_SUMMARY,MULTI_AXIS,100,1,roi.union_area_ratio_q10000,50,5607.00,5613,5709,5729,5449,5729,0
L2D_SUMMARY,MULTI_AXIS,100,1,roi.current_w,50,199.72,200,201,201,198,201,0
L2D_SUMMARY,MULTI_AXIS,100,1,roi.current_h,50,285.26,286,289,289,278,289,0
L2D_SUMMARY,MULTI_AXIS,100,1,roi.union_w,50,201.16,201,203,203,199,203,0
L2D_SUMMARY,MULTI_AXIS,100,1,roi.union_h,50,285.44,286,289,289,279,289,0
I (12604) l2d_profile: done MULTI_AXIS scale=100 round=1
L2D_DONE
