ESP-ROM:esp32p4-eco2-20240710
Build:Jul 10 2024
rst:0x1 (POWERON),boot:0x30f (SPI_FAST_FLASH_BOOT)
SPI mode:DIO, clock div:1
load:0x4ff33ce0,len:0x514
load:0x4ff29ed0,len:0xbbc
load:0x4ff2cbd0,len:0x3114
entry 0x4ff29ed0
I (335) hex_psram: vendor id    : 0x0d (AP)
I (336) hex_psram: Latency      : 0x01 (Fixed)
I (336) hex_psram: DriveStr.    : 0x00 (25 Ohm)
I (336) hex_psram: dev id       : 0x03 (generation 4)
I (341) hex_psram: density      : 0x07 (256 Mbit)
I (346) hex_psram: good-die     : 0x06 (Pass)
I (350) hex_psram: SRF          : 0x02 (Slow Refresh)
I (354) hex_psram: BurstType    : 0x00 ( Wrap)
I (359) hex_psram: BurstLen     : 0x03 (2048 Byte)
I (363) hex_psram: BitMode      : 0x01 (X16 Mode)
I (368) hex_psram: Readlatency  : 0x04 (14 cycles@Fixed)
I (373) hex_psram: DriveStrength: 0x00 (1/1)
I (377) MSPI Timing: Enter psram timing tuning
I (551) esp_psram: Found 32MB PSRAM device
I (551) esp_psram: Speed: 200MHz
I (552) hex_psram: psram CS IO is dedicated
I (552) cpu_start: Multicore app
I (1459) esp_psram: SPI SRAM memory test OK
I (1470) cpu_start: GPIO 38 and 37 are used as console UART I/O pins
I (1470) cpu_start: Pro cpu start user code
I (1470) cpu_start: cpu freq: 360000000 Hz
I (1472) app_init: Application information:
I (1476) app_init: Project name:     live2d_rt30_baseline
I (1481) app_init: App version:      cb7ea88-dirty
I (1486) app_init: Compile time:     Sep 29 2026 14:49:14
I (1491) app_init: ELF file SHA256:  1fbd9b813...
I (1495) app_init: ESP-IDF:          v5.5.2
I (1499) efuse_init: Min chip rev:     v0.1
I (1503) efuse_init: Max chip rev:     v1.99
I (1507) efuse_init: Chip rev:         v1.3
I (1511) heap_init: Initializing. RAM available for dynamic allocation:
I (1518) heap_init: At 4FF212A0 len 00019D20 (103 KiB): RETENT_RAM
I (1523) heap_init: At 4FF3AFC0 len 00004BF0 (18 KiB): RAM
I (1529) heap_init: At 4FF40000 len 00060000 (384 KiB): RAM
I (1534) heap_init: At 501080A0 len 00007F60 (31 KiB): RTCRAM
I (1539) heap_init: At 30100084 len 00001F7C (7 KiB): TCM
I (1545) esp_psram: Adding pool of 32768K of PSRAM memory to heap allocator
I (1552) spi_flash: detected chip: generic
I (1555) spi_flash: flash io: dio
I (1558) sleep_gpio: Configure to isolate all GPIO pins in sleep state
I (1565) sleep_gpio: Enable automatic switching of GPIO sleep configuration
I (1572) main_task: Started on CPU0
I (1596) esp_psram: Reserving pool of 256K of internal memory for DMA/internal allocations
I (1597) main_task: Calling app_main()
I (1597) l2d_baseline: === Live2D RT30 baseline ===
I (1601) l2d_baseline: ========================================
I (1607) l2d_baseline:  Live2D RT30 baseline, target=30 fps, core=0
I (1613) l2d_baseline:  model=/sdcard/esp.live
I (1617) l2d_baseline: ========================================
I (1622) l2d_baseline: heap boot: psram_free=33551716 psram_min=33551716 internal_free=497483
I (1657) sys_storage: Mounting SD card at /sdcard
I (1658) main_task: Returned from app_main()
I (1713) sys_storage: Storage subsystem ready (NVS + SD at /sdcard)
I (1713) sys_sdio: ready: SD serial task core=0 prio=4 queue=20
I (1715) sys_storage: font cache found: /sdcard/fonts/noto_sans_sc_16.bin (955208 bytes)
I (1721) l2d_baseline: storage ready at /sdcard
I (1727) esp_lvgl:adapter: LVGL adapter initialized successfully
I (1804) GT911: TouchPad_ID:0x39,0x31,0x31
I (1804) GT911: TouchPad_Config_Version:101
W (1804) ledc: GPIO 20 is not usable, maybe conflict with others
I (1807) WT99P4C5_S1_BOARD: MIPI DSI PHY Powered on
I (1812) WT99P4C5_S1_BOARD: Install MIPI DSI LCD control panel
I (1817) WT99P4C5_S1_BOARD: Install EK79007 LCD control panel
I (1822) WT99P4C5_S1_BOARD: MIPI DSI DPI clock: 80.00 MHz
I (1827) ek79007: version: 1.0.4
I (2001) WT99P4C5_S1_BOARD: Display initialized
I (2001) WT99P4C5_S1_BOARD: Display resolution 1024x600
I (2005) esp_lvgl:bridge_v9: Initializing hardware resources
I (2005) esp_lvgl:bridge_v9: Hardware resources initialized successfully
I (2016) WT99P4C5_S1_BOARD: GT911 touch ready on GPIO 21
W (2016) esp_lvgl:touch: LV_USE_GESTURE_RECOGNITION is disabled; only single-point pointer events are available
I (2026) esp_lvgl:touch: Touch input device registered successfully (IRQ mode: disabled)
I (2034) esp_lvgl:adapter: LVGL task started successfully
I (2039) sys_display: Display + LVGL initialized (custom config)
I (2044) WT99P4C5_S1_BOARD: Setting LCD backlight: 80%
I (2049) sys_monitor: CPU monitor started (FreeRTOS idle run time, 1 s windows)
I (2056) sys_monitor: FPS tracking attached to display
I (2595) l2d_baseline: model file loaded: /sdcard/esp.live (800796 bytes)
I (2596) l2d_baseline: model CRC32_LE=0x5f25edc0
I (2648) l2d_baseline: model SHA256=1d7f21471dcedee2d205904791df7147c63760269462ad5d7169a97afe386100
I (2648) live2d_engine: Live2D engine pool allocated in PSRAM: 16777216 bytes
I (2652) live2d_engine: Importing PainterEngine Live2D model, file size=800796 bytes, pool free=16777216 bytes
I (2707) live2d_engine: Model loaded: id='esp', size=320x320, layers=11, textures=12, animations=1, pool free=15941368 bytes
I (2708) live2d_engine: Using nearest-neighbor pixel shader for ESP renderer
I (2714) live2d_engine: RT30 realtime axes: 5
I (2719) live2d_engine:   axis[0] id='left_eye' default=0 middle=15 bindings=2 sampleBytes=360 stride=12 vidx=0 Q(coord=4 rot=6 stretch=14)
I (2731) live2d_engine:     binding[0] layer=6 id='right_eye' mask=0x0050 vertices=0 sample_offset=0
I (2740) live2d_engine:     binding[1] layer=8 id='left_eyeup' mask=0x0010 vertices=0 sample_offset=6
I (2749) live2d_engine:   axis[1] id='right_eye' default=0 middle=15 bindings=2 sampleBytes=240 stride=8 vidx=0 Q(coord=4 rot=6 stretch=14)
I (2761) live2d_engine:     binding[0] layer=5 id='left_eye' mask=0x0040 vertices=0 sample_offset=0
I (2770) live2d_engine:     binding[1] layer=7 id='right_eyeup' mask=0x0010 vertices=0 sample_offset=2
I (2779) live2d_engine:   axis[2] id='neck' default=15 middle=15 bindings=1 sampleBytes=960 stride=32 vidx=7 Q(coord=4 rot=6 stretch=14)
I (2791) live2d_engine:     binding[0] layer=3 id='neck' mask=0x0028 vertices=7 sample_offset=0
I (2799) live2d_engine:   axis[3] id='face' default=15 middle=15 bindings=11 sampleBytes=28560 stride=952 vidx=227 Q(coord=4 rot=6 stretch=14)
I (2812) live2d_engine:     binding[0] layer=0 id='back_hair' mask=0x0009 vertices=42 sample_offset=0
I (2820) live2d_engine:     binding[1] layer=1 id='cloth' mask=0x0009 vertices=25 sample_offset=172
I (2829) live2d_engine:     binding[2] layer=2 id='face' mask=0x0009 vertices=15 sample_offset=276
I (2838) live2d_engine:     binding[3] layer=3 id='neck' mask=0x0009 vertices=8 sample_offset=340
I (2846) live2d_engine:     binding[4] layer=4 id='mouth' mask=0x0009 vertices=5 sample_offset=376
I (2855) live2d_engine:     binding[5] layer=5 id='left_eye' mask=0x0009 vertices=11 sample_offset=400
I (2864) live2d_engine:     binding[6] layer=6 id='right_eye' mask=0x0009 vertices=10 sample_offset=448
I (2873) live2d_engine:     binding[7] layer=7 id='right_eyeup' mask=0x0009 vertices=13 sample_offset=492
I (2883) live2d_engine:     binding[8] layer=8 id='left_eyeup' mask=0x0009 vertices=13 sample_offset=548
I (2892) live2d_engine:     binding[9] layer=9 id='front_hair' mask=0x0009 vertices=64 sample_offset=604
I (2901) live2d_engine:     binding[10] layer=10 id='hairwear' mask=0x0009 vertices=21 sample_offset=864
I (2910) live2d_engine:   axis[4] id='mouth' default=15 middle=15 bindings=1 sampleBytes=720 stride=24 vidx=5 Q(coord=4 rot=6 stretch=14)
I (2922) live2d_engine:     binding[0] layer=4 id='mouth' mask=0x0048 vertices=5 sample_offset=0
I (2931) live2d_engine: Playing default animation index 1/1
I (2936) l2d_baseline: model ready id='esp' size=320x320 layers=11 textures=12 animations=1 load=283ms pool_free=15941368
I (2947) l2d_baseline: RT30 axis_count=5 static=31590 runtime=2392 selectedSample=0
I (2955) l2d_baseline: axis handles: left_eye=0 right_eye=1 neck=2 face=3 mouth=4
I (2961) l2d_baseline: benchmark axes=5, mouth=present
I (2966) l2d_baseline: render ROI: 320x320 at (352,140), lcd=1024x600
I (2972) sys_display_buf: PSRAM before alloc: total=33554432  free=14282532 largest=13369344
I (2981) sys_display_buf: buffers created: 320x320  ARGB=409600  RGB565=204800 bytes (PSRAM DMA=yes)
I (2989) sys_display_buf: PSRAM after alloc: total=33554432  free=13668124 largest=13369344
I (2999) sys_display_flush: Flush path: 320x320 at (352,140) -> panel direct draw
I (3005) live2d_engine: Internal render scale set to 1.000
I (3017) live2d_renderer: PPA fill transparent clear enabled
I (3018) live2d_renderer: Renderer initialized: 320x320 ARGB8888 -> RGB565 via PPA SRM, rgb_swap=0, byte_swap=0, source block=320x320@(0,0)
I (3027) l2d_baseline: render backends: clear=PPA convert=PPA
I (3033) l2d_baseline: heap ready: psram_free=13667128 psram_min=13479712 internal_free=372843
I (3041) l2d_baseline: continuous RT30 drive active on 5 model axes
L2D_META_BEGIN
esp_commit=cb7ea886eb4a67f36232fbc9924645c2db1e2ff0
model_sha256=1d7f21471dcedee2d205904791df7147c63760269462ad5d7169a97afe386100
model_size=800796
profile_mode=raster_work_diagnostic
scale_q100=100
warmup=5
measure=50
rounds=1
note=detail counters invalidate timing benchmarks
L2D_META_END
L2D_DETAIL_HEADER,scenario,scale_q100,layer,triangles,fragments,sampler_calls,four_tap_alpha_zero,alpha_zero,alpha_opaque,alpha_mixed,covered_pixels,avg_overdraw,max_overdraw
L2D_WORK_HEADER,scenario,scale_q100,frame,triangle_count,scanline_count,span_count,total_span_pixels,avg_span_length_q100,max_span_length,sample_in_bounds,sample_out_of_bounds,fully_inbounds_span_count,partial_or_oob_span_count,alpha_zero_pixels,fully_opaque_pixels,alpha_mixed_pixels
I (3115) live2d_engine: Internal render scale set to 1.000
L2D_WORK,STATIC,100,5,257,5498,5331,52846,991,44,52762,84,5247,84,8437,34791,9534
L2D_WORK,STATIC,100,6,257,5498,5331,52846,991,44,52762,84,5247,84,8437,34791,9534
L2D_WORK,STATIC,100,7,257,5498,5331,52846,991,44,52762,84,5247,84,8437,34791,9534
L2D_WORK,STATIC,100,8,257,5498,5331,52846,991,44,52762,84,5247,84,8437,34791,9534
L2D_WORK,STATIC,100,9,257,5498,5331,52846,991,44,52762,84,5247,84,8437,34791,9534
L2D_WORK,STATIC,100,10,257,5498,5331,52846,991,44,52762,84,5247,84,8437,34791,9534
L2D_WORK,STATIC,100,11,257,5498,5331,52846,991,44,52762,84,5247,84,8437,34791,9534
L2D_WORK,STATIC,100,12,257,5498,5331,52846,991,44,52762,84,5247,84,8437,34791,9534
L2D_WORK,STATIC,100,13,257,5498,5331,52846,991,44,52762,84,5247,84,8437,34791,9534
L2D_WORK,STATIC,100,14,257,5498,5331,52846,991,44,52762,84,5247,84,8437,34791,9534
L2D_WORK,STATIC,100,15,257,5498,5331,52846,991,44,52762,84,5247,84,8437,34791,9534
L2D_WORK,STATIC,100,16,257,5498,5331,52846,991,44,52762,84,5247,84,8437,34791,9534
L2D_WORK,STATIC,100,17,257,5498,5331,52846,991,44,52762,84,5247,84,8437,34791,9534
L2D_WORK,STATIC,100,18,257,5498,5331,52846,991,44,52762,84,5247,84,8437,34791,9534
L2D_WORK,STATIC,100,19,257,5498,5331,52846,991,44,52762,84,5247,84,8437,34791,9534
L2D_WORK,STATIC,100,20,257,5498,5331,52846,991,44,52762,84,5247,84,8437,34791,9534
L2D_WORK,STATIC,100,21,257,5498,5331,52846,991,44,52762,84,5247,84,8437,34791,9534
L2D_WORK,STATIC,100,22,257,5498,5331,52846,991,44,52762,84,5247,84,8437,34791,9534
L2D_WORK,STATIC,100,23,257,5498,5331,52846,991,44,52762,84,5247,84,8437,34791,9534
L2D_WORK,STATIC,100,24,257,5498,5331,52846,991,44,52762,84,5247,84,8437,34791,9534
L2D_WORK,STATIC,100,25,257,5498,5331,52846,991,44,52762,84,5247,84,8437,34791,9534
L2D_WORK,STATIC,100,26,257,5498,5331,52846,991,44,52762,84,5247,84,8437,34791,9534
L2D_WORK,STATIC,100,27,257,5498,5331,52846,991,44,52762,84,5247,84,8437,34791,9534
L2D_WORK,STATIC,100,28,257,5498,5331,52846,991,44,52762,84,5247,84,8437,34791,9534
L2D_WORK,STATIC,100,29,257,5498,5331,52846,991,44,52762,84,5247,84,8437,34791,9534
L2D_WORK,STATIC,100,30,257,5498,5331,52846,991,44,52762,84,5247,84,8437,34791,9534
L2D_WORK,STATIC,100,31,257,5498,5331,52846,991,44,52762,84,5247,84,8437,34791,9534
L2D_WORK,STATIC,100,32,257,5498,5331,52846,991,44,52762,84,5247,84,8437,34791,9534
L2D_WORK,STATIC,100,33,257,5498,5331,52846,991,44,52762,84,5247,84,8437,34791,9534
L2D_WORK,STATIC,100,34,257,5498,5331,52846,991,44,52762,84,5247,84,8437,34791,9534
L2D_WORK,STATIC,100,35,257,5498,5331,52846,991,44,52762,84,5247,84,8437,34791,9534
L2D_WORK,STATIC,100,36,257,5498,5331,52846,991,44,52762,84,5247,84,8437,34791,9534
L2D_WORK,STATIC,100,37,257,5498,5331,52846,991,44,52762,84,5247,84,8437,34791,9534
L2D_WORK,STATIC,100,38,257,5498,5331,52846,991,44,52762,84,5247,84,8437,34791,9534
L2D_WORK,STATIC,100,39,257,5498,5331,52846,991,44,52762,84,5247,84,8437,34791,9534
L2D_WORK,STATIC,100,40,257,5498,5331,52846,991,44,52762,84,5247,84,8437,34791,9534
L2D_WORK,STATIC,100,41,257,5498,5331,52846,991,44,52762,84,5247,84,8437,34791,9534
L2D_WORK,STATIC,100,42,257,5498,5331,52846,991,44,52762,84,5247,84,8437,34791,9534
L2D_WORK,STATIC,100,43,257,5498,5331,52846,991,44,52762,84,5247,84,8437,34791,9534
L2D_WORK,STATIC,100,44,257,5498,5331,52846,991,44,52762,84,5247,84,8437,34791,9534
L2D_WORK,STATIC,100,45,257,5498,5331,52846,991,44,52762,84,5247,84,8437,34791,9534
L2D_WORK,STATIC,100,46,257,5498,5331,52846,991,44,52762,84,5247,84,8437,34791,9534
L2D_WORK,STATIC,100,47,257,5498,5331,52846,991,44,52762,84,5247,84,8437,34791,9534
L2D_WORK,STATIC,100,48,257,5498,5331,52846,991,44,52762,84,5247,84,8437,34791,9534
L2D_WORK,STATIC,100,49,257,5498,5331,52846,991,44,52762,84,5247,84,8437,34791,9534
L2D_WORK,STATIC,100,50,257,5498,5331,52846,991,44,52762,84,5247,84,8437,34791,9534
L2D_WORK,STATIC,100,51,257,5498,5331,52846,991,44,52762,84,5247,84,8437,34791,9534
L2D_WORK,STATIC,100,52,257,5498,5331,52846,991,44,52762,84,5247,84,8437,34791,9534
L2D_WORK,STATIC,100,53,257,5498,5331,52846,991,44,52762,84,5247,84,8437,34791,9534
L2D_WORK,STATIC,100,54,257,5498,5331,52846,991,44,52762,84,5247,84,8437,34791,9534
L2D_DETAIL,STATIC,100,0,51,11546,11546,0,2563,6930,2053,0,0.000,0
L2D_DETAIL,STATIC,100,1,31,7765,7765,0,1000,5494,1271,0,0.000,0
L2D_DETAIL,STATIC,100,2,17,10496,10496,0,516,9198,782,0,0.000,0
L2D_DETAIL,STATIC,100,3,6,269,269,0,58,55,156,0,0.000,0
L2D_DETAIL,STATIC,100,4,4,100,100,0,13,29,58,0,0.000,0
L2D_DETAIL,STATIC,100,5,11,636,636,0,64,378,194,0,0.000,0
L2D_DETAIL,STATIC,100,6,10,723,723,0,31,457,235,0,0.000,0
L2D_DETAIL,STATIC,100,7,10,510,510,0,156,104,250,0,0.000,0
L2D_DETAIL,STATIC,100,8,11,511,511,0,185,102,224,0,0.000,0
L2D_DETAIL,STATIC,100,9,80,18510,18510,0,3495,11604,3411,0,0.000,0
L2D_DETAIL,STATIC,100,10,26,1696,1696,0,356,440,900,0,0.000,0
I (6164) l2d_profile: detail STATIC scale=100 layers=11 covered=0 max_overdraw=0
L2D_WORK,EYE_L_SWEEP,100,5,257,5462,5293,52505,991,44,52421,84,5209,84,8437,34566,9418
L2D_WORK,EYE_L_SWEEP,100,6,257,5453,5284,52440,992,44,52357,83,5201,83,8425,34536,9396
L2D_WORK,EYE_L_SWEEP,100,7,257,5445,5272,52387,993,44,52307,80,5192,80,8422,34528,9357
L2D_WORK,EYE_L_SWEEP,100,8,257,5436,5270,52343,993,44,52262,81,5189,81,8427,34471,9364
L2D_WORK,EYE_L_SWEEP,100,9,257,5433,5262,52295,993,44,52215,80,5182,80,8415,34449,9351
L2D_WORK,EYE_L_SWEEP,100,10,257,5425,5251,52258,995,44,52180,78,5173,78,8414,34429,9337
L2D_WORK,EYE_L_SWEEP,100,11,257,5417,5247,52228,995,44,52148,80,5167,80,8420,34398,9330
L2D_WORK,EYE_L_SWEEP,100,12,257,5408,5243,52195,995,44,52118,77,5166,77,8411,34385,9322
L2D_WORK,EYE_L_SWEEP,100,13,257,5389,5229,52171,997,44,52093,78,5151,78,8420,34373,9300
L2D_WORK,EYE_L_SWEEP,100,14,257,5389,5223,52137,998,44,52061,76,5147,76,8412,34348,9301
L2D_WORK,EYE_L_SWEEP,100,15,257,5396,5227,52154,997,44,52078,76,5151,76,8418,34356,9304
L2D_WORK,EYE_L_SWEEP,100,16,257,5400,5232,52180,997,44,52102,78,5154,78,8423,34378,9301
L2D_WORK,EYE_L_SWEEP,100,17,257,5409,5241,52204,996,44,52125,79,5162,79,8411,34392,9322
L2D_WORK,EYE_L_SWEEP,100,18,257,5418,5250,52236,994,44,52158,78,5172,78,8420,34410,9328
L2D_WORK,EYE_L_SWEEP,100,19,257,5426,5257,52279,994,44,52198,81,5176,81,8430,34434,9334
L2D_WORK,EYE_L_SWEEP,100,20,257,5435,5260,52312,994,44,52231,81,5179,81,8416,34471,9344
L2D_WORK,EYE_L_SWEEP,100,21,257,5444,5274,52362,992,44,52280,82,5192,82,8417,34484,9379
L2D_WORK,EYE_L_SWEEP,100,22,257,5452,5281,52425,992,44,52341,84,5197,84,8433,34526,9382
L2D_WORK,EYE_L_SWEEP,100,23,257,5449,5281,52471,993,44,52389,82,5199,82,8428,34567,9394
L2D_WORK,EYE_L_SWEEP,100,24,257,5469,5297,52540,991,44,52460,80,5217,80,8428,34608,9424
L2D_WORK,EYE_L_SWEEP,100,25,257,5473,5304,52612,991,44,52530,82,5222,82,8441,34640,9449
L2D_WORK,EYE_L_SWEEP,100,26,257,5482,5311,52687,992,44,52603,84,5227,84,8444,34689,9470
L2D_WORK,EYE_L_SWEEP,100,27,257,5498,5331,52846,991,44,52762,84,5247,84,8437,34791,9534
L2D_WORK,EYE_L_SWEEP,100,28,257,5488,5321,52763,991,44,52677,86,5235,86,8442,34754,9481
L2D_WORK,EYE_L_SWEEP,100,29,257,5482,5311,52687,992,44,52603,84,5227,84,8444,34689,9470
L2D_WORK,EYE_L_SWEEP,100,30,257,5473,5304,52612,991,44,52530,82,5222,82,8441,34640,9449
L2D_WORK,EYE_L_SWEEP,100,31,257,5469,5297,52540,991,44,52460,80,5217,80,8428,34608,9424
L2D_WORK,EYE_L_SWEEP,100,32,257,5449,5281,52471,993,44,52389,82,5199,82,8428,34567,9394
L2D_WORK,EYE_L_SWEEP,100,33,257,5452,5281,52425,992,44,52341,84,5197,84,8433,34526,9382
L2D_WORK,EYE_L_SWEEP,100,34,257,5444,5274,52362,992,44,52280,82,5192,82,8417,34484,9379
L2D_WORK,EYE_L_SWEEP,100,35,257,5435,5260,52312,994,44,52231,81,5179,81,8416,34471,9344
L2D_WORK,EYE_L_SWEEP,100,36,257,5426,5257,52279,994,44,52198,81,5176,81,8430,34434,9334
L2D_WORK,EYE_L_SWEEP,100,37,257,5418,5250,52236,994,44,52158,78,5172,78,8420,34410,9328
L2D_WORK,EYE_L_SWEEP,100,38,257,5409,5241,52204,996,44,52125,79,5162,79,8411,34392,9322
L2D_WORK,EYE_L_SWEEP,100,39,257,5400,5232,52180,997,44,52102,78,5154,78,8423,34378,9301
L2D_WORK,EYE_L_SWEEP,100,40,257,5396,5227,52154,997,44,52078,76,5151,76,8418,34356,9304
L2D_WORK,EYE_L_SWEEP,100,41,257,5392,5224,52151,998,44,52074,77,5147,77,8419,34348,9307
L2D_WORK,EYE_L_SWEEP,100,42,257,5389,5229,52171,997,44,52093,78,5151,78,8420,34373,9300
L2D_WORK,EYE_L_SWEEP,100,43,257,5408,5243,52195,995,44,52118,77,5166,77,8411,34385,9322
L2D_WORK,EYE_L_SWEEP,100,44,257,5417,5247,52228,995,44,52148,80,5167,80,8420,34398,9330
L2D_WORK,EYE_L_SWEEP,100,45,257,5425,5251,52258,995,44,52180,78,5173,78,8414,34429,9337
L2D_WORK,EYE_L_SWEEP,100,46,257,5433,5262,52295,993,44,52215,80,5182,80,8415,34449,9351
L2D_WORK,EYE_L_SWEEP,100,47,257,5436,5270,52343,993,44,52262,81,5189,81,8427,34471,9364
L2D_WORK,EYE_L_SWEEP,100,48,257,5445,5272,52387,993,44,52307,80,5192,80,8422,34528,9357
L2D_WORK,EYE_L_SWEEP,100,49,257,5453,5284,52440,992,44,52357,83,5201,83,8425,34536,9396
L2D_WORK,EYE_L_SWEEP,100,50,257,5462,5293,52505,991,44,52421,84,5209,84,8437,34566,9418
L2D_WORK,EYE_L_SWEEP,100,51,257,5470,5292,52554,993,44,52469,85,5207,85,8426,34630,9413
L2D_WORK,EYE_L_SWEEP,100,52,257,5478,5307,52626,991,44,52542,84,5223,84,8435,34651,9456
L2D_WORK,EYE_L_SWEEP,100,53,257,5483,5314,52698,991,44,52612,86,5228,86,8442,34685,9485
L2D_WORK,EYE_L_SWEEP,100,54,257,5498,5331,52846,991,44,52762,84,5247,84,8437,34791,9534
L2D_DETAIL,EYE_L_SWEEP,100,0,51,11546,11546,0,2563,6930,2053,0,0.000,0
L2D_DETAIL,EYE_L_SWEEP,100,1,31,7765,7765,0,1000,5494,1271,0,0.000,0
L2D_DETAIL,EYE_L_SWEEP,100,2,17,10496,10496,0,516,9198,782,0,0.000,0
L2D_DETAIL,EYE_L_SWEEP,100,3,6,269,269,0,58,55,156,0,0.000,0
L2D_DETAIL,EYE_L_SWEEP,100,4,4,100,100,0,13,29,58,0,0.000,0
L2D_DETAIL,EYE_L_SWEEP,100,5,11,636,636,0,64,378,194,0,0.000,0
L2D_DETAIL,EYE_L_SWEEP,100,6,10,723,723,0,31,457,235,0,0.000,0
L2D_DETAIL,EYE_L_SWEEP,100,7,10,510,510,0,156,104,250,0,0.000,0
L2D_DETAIL,EYE_L_SWEEP,100,8,11,511,511,0,185,102,224,0,0.000,0
L2D_DETAIL,EYE_L_SWEEP,100,9,80,18510,18510,0,3495,11604,3411,0,0.000,0
L2D_DETAIL,EYE_L_SWEEP,100,10,26,1696,1696,0,356,440,900,0,0.000,0
I (9281) l2d_profile: detail EYE_L_SWEEP scale=100 layers=11 covered=0 max_overdraw=0
L2D_WORK,NECK_SWEEP,100,5,257,5508,5343,52879,989,45,52743,136,5207,136,8432,34810,9501
L2D_WORK,NECK_SWEEP,100,6,257,5518,5339,52888,990,45,52747,141,5198,141,8418,34835,9494
L2D_WORK,NECK_SWEEP,100,7,257,5517,5343,52859,989,44,52720,139,5204,139,8391,34813,9516
L2D_WORK,NECK_SWEEP,100,8,257,5504,5335,52871,991,44,52740,131,5204,131,8417,34852,9471
L2D_WORK,NECK_SWEEP,100,9,257,5499,5330,52847,991,43,52722,125,5205,125,8394,34842,9486
L2D_WORK,NECK_SWEEP,100,10,257,5511,5344,52837,988,44,52711,126,5218,126,8434,34836,9441
L2D_WORK,NECK_SWEEP,100,11,257,5511,5337,52851,990,44,52727,124,5213,124,8403,34806,9518
L2D_WORK,NECK_SWEEP,100,12,257,5504,5337,52857,990,44,52729,128,5209,128,8445,34848,9436
L2D_WORK,NECK_SWEEP,100,13,257,5500,5335,52830,990,44,52713,117,5218,117,8432,34822,9459
L2D_WORK,NECK_SWEEP,100,14,257,5498,5331,52846,991,44,52762,84,5247,84,8437,34791,9534
L2D_WORK,NECK_SWEEP,100,15,257,5502,5340,52834,989,45,52721,113,5227,113,8431,34841,9449
L2D_WORK,NECK_SWEEP,100,16,257,5500,5339,52851,989,45,52725,126,5213,126,8396,34813,9516
L2D_WORK,NECK_SWEEP,100,17,257,5508,5343,52863,989,44,52736,127,5216,127,8422,34830,9484
L2D_WORK,NECK_SWEEP,100,18,257,5499,5342,52891,990,45,52763,128,5214,128,8464,34836,9463
L2D_WORK,NECK_SWEEP,100,19,257,5505,5340,52914,990,45,52792,122,5218,122,8452,34835,9505
L2D_WORK,NECK_SWEEP,100,20,257,5518,5344,52908,990,45,52777,131,5213,131,8431,34838,9508
L2D_WORK,NECK_SWEEP,100,21,257,5505,5327,52931,993,46,52811,120,5207,120,8469,34817,9525
L2D_WORK,NECK_SWEEP,100,22,257,5491,5340,52908,990,46,52785,123,5217,123,8421,34838,9526
L2D_WORK,NECK_SWEEP,100,23,257,5503,5328,52937,993,45,52812,125,5203,125,8401,34858,9553
L2D_WORK,NECK_SWEEP,100,24,257,5498,5325,52922,993,46,52804,118,5207,118,8411,34877,9516
L2D_WORK,NECK_SWEEP,100,25,257,5508,5334,52945,992,46,52817,128,5206,128,8402,34861,9554
L2D_WORK,NECK_SWEEP,100,26,257,5498,5320,52991,996,47,52872,119,5201,119,8433,34864,9575
L2D_WORK,NECK_SWEEP,100,27,257,5493,5327,53040,995,47,52917,123,5204,123,8452,34882,9583
L2D_WORK,NECK_SWEEP,100,28,257,5505,5325,53014,995,47,52887,127,5198,127,8466,34886,9535
L2D_WORK,NECK_SWEEP,100,29,257,5498,5320,52991,996,47,52872,119,5201,119,8433,34864,9575
L2D_WORK,NECK_SWEEP,100,30,257,5508,5334,52945,992,46,52817,128,5206,128,8402,34861,9554
L2D_WORK,NECK_SWEEP,100,31,257,5498,5325,52922,993,46,52804,118,5207,118,8411,34877,9516
L2D_WORK,NECK_SWEEP,100,32,257,5503,5328,52937,993,45,52812,125,5203,125,8401,34858,9553
L2D_WORK,NECK_SWEEP,100,33,257,5491,5340,52908,990,46,52785,123,5217,123,8421,34838,9526
L2D_WORK,NECK_SWEEP,100,34,257,5505,5327,52931,993,46,52811,120,5207,120,8469,34817,9525
L2D_WORK,NECK_SWEEP,100,35,257,5518,5344,52908,990,45,52777,131,5213,131,8431,34838,9508
L2D_WORK,NECK_SWEEP,100,36,257,5505,5340,52914,990,45,52792,122,5218,122,8452,34835,9505
L2D_WORK,NECK_SWEEP,100,37,257,5499,5342,52891,990,45,52763,128,5214,128,8464,34836,9463
L2D_WORK,NECK_SWEEP,100,38,257,5508,5343,52863,989,44,52736,127,5216,127,8422,34830,9484
L2D_WORK,NECK_SWEEP,100,39,257,5500,5339,52851,989,45,52725,126,5213,126,8396,34813,9516
L2D_WORK,NECK_SWEEP,100,40,257,5502,5340,52834,989,45,52721,113,5227,113,8431,34841,9449
L2D_WORK,NECK_SWEEP,100,41,257,5493,5336,52861,990,44,52721,140,5196,140,8423,34835,9463
L2D_WORK,NECK_SWEEP,100,42,257,5500,5335,52830,990,44,52713,117,5218,117,8432,34822,9459
L2D_WORK,NECK_SWEEP,100,43,257,5504,5337,52857,990,44,52729,128,5209,128,8445,34848,9436
L2D_WORK,NECK_SWEEP,100,44,257,5511,5337,52851,990,44,52727,124,5213,124,8403,34806,9518
L2D_WORK,NECK_SWEEP,100,45,257,5511,5344,52837,988,44,52711,126,5218,126,8434,34836,9441
L2D_WORK,NECK_SWEEP,100,46,257,5499,5330,52847,991,43,52722,125,5205,125,8394,34842,9486
L2D_WORK,NECK_SWEEP,100,47,257,5504,5335,52871,991,44,52740,131,5204,131,8417,34852,9471
L2D_WORK,NECK_SWEEP,100,48,257,5517,5343,52859,989,44,52720,139,5204,139,8391,34813,9516
L2D_WORK,NECK_SWEEP,100,49,257,5518,5339,52888,990,45,52747,141,5198,141,8418,34835,9494
L2D_WORK,NECK_SWEEP,100,50,257,5508,5343,52879,989,45,52743,136,5207,136,8432,34810,9501
L2D_WORK,NECK_SWEEP,100,51,257,5518,5349,52895,988,45,52744,151,5198,151,8425,34862,9457
L2D_WORK,NECK_SWEEP,100,52,257,5511,5340,52899,990,47,52759,140,5200,140,8419,34855,9485
L2D_WORK,NECK_SWEEP,100,53,257,5526,5350,52924,989,47,52766,158,5192,158,8438,34865,9463
L2D_WORK,NECK_SWEEP,100,54,257,5520,5353,52938,988,50,52784,154,5199,154,8456,34828,9500
L2D_DETAIL,NECK_SWEEP,100,0,51,11546,11546,0,2567,6940,2039,0,0.000,0
L2D_DETAIL,NECK_SWEEP,100,1,31,7765,7765,0,1000,5494,1271,0,0.000,0
L2D_DETAIL,NECK_SWEEP,100,2,17,10496,10496,0,496,9202,798,0,0.000,0
L2D_DETAIL,NECK_SWEEP,100,3,6,342,342,0,75,82,185,0,0.000,0
L2D_DETAIL,NECK_SWEEP,100,4,4,101,101,0,16,27,58,0,0.000,0
L2D_DETAIL,NECK_SWEEP,100,5,11,619,619,0,54,374,191,0,0.000,0
L2D_DETAIL,NECK_SWEEP,100,6,10,731,731,0,43,463,225,0,0.000,0
L2D_DETAIL,NECK_SWEEP,100,7,10,505,505,0,153,115,237,0,0.000,0
L2D_DETAIL,NECK_SWEEP,100,8,11,515,515,0,204,99,212,0,0.000,0
L2D_DETAIL,NECK_SWEEP,100,9,80,18471,18471,0,3483,11584,3404,0,0.000,0
L2D_DETAIL,NECK_SWEEP,100,10,26,1693,1693,0,365,448,880,0,0.000,0
I (12427) l2d_profile: detail NECK_SWEEP scale=100 layers=11 covered=0 max_overdraw=0
L2D_WORK,FACE_SWEEP,100,5,257,5501,5342,53014,992,48,52905,109,5233,109,8306,34892,9707
L2D_WORK,FACE_SWEEP,100,6,257,5494,5330,52952,993,47,52858,94,5236,94,8323,34905,9630
L2D_WORK,FACE_SWEEP,100,7,257,5489,5329,52969,993,47,52819,150,5179,150,8338,34901,9580
L2D_WORK,FACE_SWEEP,100,8,257,5475,5316,52944,995,46,52853,91,5225,91,8504,34770,9579
L2D_WORK,FACE_SWEEP,100,9,257,5473,5314,53014,997,46,52862,152,5162,152,8563,34709,9590
L2D_WORK,FACE_SWEEP,100,10,257,5460,5281,52905,1001,45,52802,103,5178,103,8442,34783,9577
L2D_WORK,FACE_SWEEP,100,11,257,5433,5271,52869,1003,45,52773,96,5175,96,8434,34806,9533
L2D_WORK,FACE_SWEEP,100,12,257,5498,5306,52916,997,44,52760,156,5150,156,8375,34865,9520
L2D_WORK,FACE_SWEEP,100,13,257,5498,5349,52833,987,42,52726,107,5242,107,8342,34833,9551
L2D_WORK,FACE_SWEEP,100,14,257,5498,5331,52846,991,44,52762,84,5247,84,8437,34791,9534
L2D_WORK,FACE_SWEEP,100,15,257,5498,5361,52849,985,45,52708,141,5220,141,8395,34785,9528
L2D_WORK,FACE_SWEEP,100,16,257,5498,5352,52795,986,46,52700,95,5257,95,8397,34792,9511
L2D_WORK,FACE_SWEEP,100,17,257,5498,5355,52787,985,46,52646,141,5214,141,8371,34845,9430
L2D_WORK,FACE_SWEEP,100,18,257,5498,5329,52743,989,48,52657,86,5243,86,8349,34838,9470
L2D_WORK,FACE_SWEEP,100,19,257,5498,5317,52708,991,48,52550,158,5159,158,8323,34840,9387
L2D_WORK,FACE_SWEEP,100,20,257,5498,5312,52683,991,49,52597,86,5226,86,8355,34867,9375
L2D_WORK,FACE_SWEEP,100,21,257,5458,5271,52682,999,50,52578,104,5167,104,8369,34790,9419
L2D_WORK,FACE_SWEEP,100,22,257,5437,5264,52694,1001,50,52543,151,5113,151,8437,34772,9334
L2D_WORK,FACE_SWEEP,100,23,257,5448,5258,52645,1001,51,52564,81,5177,81,8459,34752,9353
L2D_WORK,FACE_SWEEP,100,24,257,5455,5266,52636,999,51,52483,153,5113,153,8448,34777,9258
L2D_WORK,FACE_SWEEP,100,25,257,5464,5269,52593,998,52,52515,78,5191,78,8473,34727,9315
L2D_WORK,FACE_SWEEP,100,26,257,5478,5288,52591,994,53,52454,137,5151,137,8433,34742,9279
L2D_WORK,FACE_SWEEP,100,27,257,5477,5305,52597,991,54,52509,88,5217,88,8546,34634,9329
L2D_WORK,FACE_SWEEP,100,28,257,5475,5304,52615,991,54,52510,105,5199,105,8536,34708,9266
L2D_WORK,FACE_SWEEP,100,29,257,5478,5288,52591,994,53,52454,137,5151,137,8433,34742,9279
L2D_WORK,FACE_SWEEP,100,30,257,5464,5269,52593,998,52,52515,78,5191,78,8473,34727,9315
L2D_WORK,FACE_SWEEP,100,31,257,5455,5266,52636,999,51,52483,153,5113,153,8448,34777,9258
L2D_WORK,FACE_SWEEP,100,32,257,5448,5258,52645,1001,51,52564,81,5177,81,8459,34752,9353
L2D_WORK,FACE_SWEEP,100,33,257,5437,5264,52694,1001,50,52543,151,5113,151,8437,34772,9334
L2D_WORK,FACE_SWEEP,100,34,257,5458,5271,52682,999,50,52578,104,5167,104,8369,34790,9419
L2D_WORK,FACE_SWEEP,100,35,257,5498,5312,52683,991,49,52597,86,5226,86,8355,34867,9375
L2D_WORK,FACE_SWEEP,100,36,257,5498,5317,52708,991,48,52550,158,5159,158,8323,34840,9387
L2D_WORK,FACE_SWEEP,100,37,257,5498,5329,52743,989,48,52657,86,5243,86,8349,34838,9470
L2D_WORK,FACE_SWEEP,100,38,257,5498,5355,52787,985,46,52646,141,5214,141,8371,34845,9430
L2D_WORK,FACE_SWEEP,100,39,257,5498,5352,52795,986,46,52700,95,5257,95,8397,34792,9511
L2D_WORK,FACE_SWEEP,100,40,257,5498,5361,52849,985,45,52708,141,5220,141,8395,34785,9528
L2D_WORK,FACE_SWEEP,100,41,257,5498,5345,52861,988,43,52708,153,5192,153,8360,34846,9502
L2D_WORK,FACE_SWEEP,100,42,257,5498,5349,52833,987,42,52726,107,5242,107,8342,34833,9551
L2D_WORK,FACE_SWEEP,100,43,257,5498,5306,52916,997,44,52760,156,5150,156,8375,34865,9520
L2D_WORK,FACE_SWEEP,100,44,257,5433,5271,52869,1003,45,52773,96,5175,96,8434,34806,9533
L2D_WORK,FACE_SWEEP,100,45,257,5460,5281,52905,1001,45,52802,103,5178,103,8442,34783,9577
L2D_WORK,FACE_SWEEP,100,46,257,5473,5314,53014,997,46,52862,152,5162,152,8563,34709,9590
L2D_WORK,FACE_SWEEP,100,47,257,5475,5316,52944,995,46,52853,91,5225,91,8504,34770,9579
L2D_WORK,FACE_SWEEP,100,48,257,5489,5329,52969,993,47,52819,150,5179,150,8338,34901,9580
L2D_WORK,FACE_SWEEP,100,49,257,5494,5330,52952,993,47,52858,94,5236,94,8323,34905,9630
L2D_WORK,FACE_SWEEP,100,50,257,5501,5342,53014,992,48,52905,109,5233,109,8306,34892,9707
L2D_WORK,FACE_SWEEP,100,51,257,5494,5310,53034,998,49,52871,163,5147,163,8268,34931,9672
L2D_WORK,FACE_SWEEP,100,52,257,5465,5283,53006,1003,50,52919,87,5196,87,8440,34805,9674
L2D_WORK,FACE_SWEEP,100,53,257,5473,5300,53044,1000,51,52902,142,5158,142,8352,34823,9727
L2D_WORK,FACE_SWEEP,100,54,257,5478,5297,53074,1001,53,52987,87,5210,87,8415,34834,9738
L2D_DETAIL,FACE_SWEEP,100,0,51,11469,11469,0,2455,7003,2011,0,0.000,0
L2D_DETAIL,FACE_SWEEP,100,1,31,7782,7782,0,967,5517,1298,0,0.000,0
L2D_DETAIL,FACE_SWEEP,100,2,17,10217,10217,0,461,8959,797,0,0.000,0
L2D_DETAIL,FACE_SWEEP,100,3,6,234,234,0,50,63,121,0,0.000,0
L2D_DETAIL,FACE_SWEEP,100,4,4,81,81,0,13,21,47,0,0.000,0
L2D_DETAIL,FACE_SWEEP,100,5,11,822,822,0,89,486,247,0,0.000,0
L2D_DETAIL,FACE_SWEEP,100,6,10,514,514,0,25,330,159,0,0.000,0
L2D_DETAIL,FACE_SWEEP,100,7,10,662,662,0,204,135,323,0,0.000,0
L2D_DETAIL,FACE_SWEEP,100,8,11,361,361,0,138,67,156,0,0.000,0
L2D_DETAIL,FACE_SWEEP,100,9,80,18693,18693,0,3547,11675,3471,0,0.000,0
L2D_DETAIL,FACE_SWEEP,100,10,26,2152,2152,0,466,578,1108,0,0.000,0
I (15581) l2d_profile: detail FACE_SWEEP scale=100 layers=11 covered=0 max_overdraw=0
L2D_WORK,MULTI_AXIS,100,5,257,5363,5147,51728,1005,53,51602,126,5021,126,8357,34234,9011
L2D_WORK,MULTI_AXIS,100,6,257,5344,5155,51636,1001,55,51538,98,5057,98,8367,34140,9031
L2D_WORK,MULTI_AXIS,100,7,257,5333,5142,51574,1002,57,51467,107,5035,107,8369,34126,8972
L2D_WORK,MULTI_AXIS,100,8,257,5310,5119,51522,1006,57,51403,119,5000,119,8357,34079,8967
L2D_WORK,MULTI_AXIS,100,9,257,5325,5126,51500,1004,56,51395,105,5021,105,8370,34068,8957
L2D_WORK,MULTI_AXIS,100,10,257,5313,5115,51521,1007,56,51412,109,5006,109,8368,34052,8992
L2D_WORK,MULTI_AXIS,100,11,257,5334,5117,51547,1007,54,51440,107,5010,107,8344,34027,9069
L2D_WORK,MULTI_AXIS,100,12,257,5334,5119,51583,1007,53,51477,106,5013,106,8401,34090,8986
L2D_WORK,MULTI_AXIS,100,13,257,5319,5144,51611,1003,53,51506,105,5039,105,8356,34067,9083
L2D_WORK,MULTI_AXIS,100,14,257,5334,5140,51699,1005,53,51588,111,5029,111,8362,34110,9116
L2D_WORK,MULTI_AXIS,100,15,257,5327,5172,51759,1000,52,51654,105,5067,105,8387,34111,9156
L2D_WORK,MULTI_AXIS,100,16,257,5341,5170,51799,1001,49,51679,120,5050,120,8340,34170,9169
L2D_WORK,MULTI_AXIS,100,17,257,5366,5189,51849,999,49,51736,113,5076,113,8353,34196,9187
L2D_WORK,MULTI_AXIS,100,18,257,5375,5214,51965,996,49,51846,119,5095,119,8393,34250,9203
L2D_WORK,MULTI_AXIS,100,19,257,5398,5227,52029,995,48,51923,106,5121,106,8371,34355,9197
L2D_WORK,MULTI_AXIS,100,20,257,5401,5220,52191,999,48,52071,120,5100,120,8387,34374,9310
L2D_WORK,MULTI_AXIS,100,21,257,5419,5259,52262,993,48,52142,120,5139,120,8385,34437,9320
L2D_WORK,MULTI_AXIS,100,22,257,5439,5258,52402,996,46,52297,105,5153,105,8431,34509,9357
L2D_WORK,MULTI_AXIS,100,23,257,5443,5265,52369,994,44,52242,127,5138,127,8377,34513,9352
L2D_WORK,MULTI_AXIS,100,24,257,5432,5265,52362,994,45,52235,127,5138,127,8413,34461,9361
L2D_WORK,MULTI_AXIS,100,25,257,5425,5270,52374,993,45,52258,116,5154,116,8378,34489,9391
L2D_WORK,MULTI_AXIS,100,26,257,5431,5252,52386,997,45,52263,123,5129,123,8346,34472,9445
L2D_WORK,MULTI_AXIS,100,27,257,5436,5239,52372,999,45,52249,123,5116,123,8338,34542,9369
L2D_WORK,MULTI_AXIS,100,28,257,5425,5231,52375,1001,46,52266,109,5122,109,8346,34476,9444
L2D_WORK,MULTI_AXIS,100,29,257,5395,5238,52373,999,46,52295,78,5160,78,8428,34467,9400
L2D_WORK,MULTI_AXIS,100,30,257,5406,5236,52299,998,47,52175,124,5112,124,8345,34429,9401
L2D_WORK,MULTI_AXIS,100,31,257,5394,5192,52192,1005,48,52084,108,5084,108,8331,34405,9348
L2D_WORK,MULTI_AXIS,100,32,257,5382,5204,52153,1002,48,52031,122,5082,122,8302,34390,9339
L2D_WORK,MULTI_AXIS,100,33,257,5370,5176,52054,1005,48,51936,118,5058,118,8279,34289,9368
L2D_WORK,MULTI_AXIS,100,34,257,5349,5166,51970,1006,48,51835,135,5031,135,8274,34206,9355
L2D_WORK,MULTI_AXIS,100,35,257,5344,5160,51936,1006,48,51805,131,5029,131,8270,34219,9316
L2D_WORK,MULTI_AXIS,100,36,257,5341,5155,51915,1007,49,51790,125,5030,125,8248,34163,9379
L2D_WORK,MULTI_AXIS,100,37,257,5331,5132,51963,1012,50,51829,134,4998,134,8300,34160,9369
L2D_WORK,MULTI_AXIS,100,38,257,5331,5135,51933,1011,50,51814,119,5016,119,8289,34160,9365
L2D_WORK,MULTI_AXIS,100,39,257,5335,5152,51941,1008,48,51806,135,5017,135,8275,34147,9384
L2D_WORK,MULTI_AXIS,100,40,257,5340,5154,51930,1007,47,51811,119,5035,119,8310,34156,9345
L2D_WORK,MULTI_AXIS,100,41,257,5344,5161,51927,1006,47,51787,140,5021,140,8300,34170,9317
L2D_WORK,MULTI_AXIS,100,42,257,5334,5169,51911,1004,46,51797,114,5055,114,8286,34145,9366
L2D_WORK,MULTI_AXIS,100,43,257,5341,5167,51944,1005,44,51821,123,5044,123,8307,34201,9313
L2D_WORK,MULTI_AXIS,100,44,257,5360,5178,51974,1003,44,51849,125,5053,125,8301,34217,9331
L2D_WORK,MULTI_AXIS,100,45,257,5365,5173,52075,1006,44,51925,150,5023,150,8336,34254,9335
L2D_WORK,MULTI_AXIS,100,46,257,5384,5202,52067,1000,43,51933,134,5068,134,8294,34291,9348
L2D_WORK,MULTI_AXIS,100,47,257,5390,5210,52153,1001,41,52019,134,5076,134,8364,34311,9344
L2D_WORK,MULTI_AXIS,100,48,257,5406,5238,52198,996,43,52063,135,5103,135,8390,34360,9313
L2D_WORK,MULTI_AXIS,100,49,257,5419,5242,52256,996,43,52123,133,5109,133,8370,34423,9330
L2D_WORK,MULTI_AXIS,100,50,257,5433,5269,52305,992,42,52176,129,5140,129,8377,34454,9345
L2D_WORK,MULTI_AXIS,100,51,257,5453,5294,52430,990,43,52286,144,5150,144,8399,34527,9360
L2D_WORK,MULTI_AXIS,100,52,257,5442,5273,52361,993,44,52237,124,5149,124,8387,34542,9308
L2D_WORK,MULTI_AXIS,100,53,257,5431,5269,52289,992,45,52165,124,5145,124,8402,34515,9248
L2D_WORK,MULTI_AXIS,100,54,257,5442,5270,52291,992,45,52175,116,5154,116,8405,34502,9268
L2D_DETAIL,MULTI_AXIS,100,0,51,11547,11547,0,2559,6949,2039,0,0.000,0
L2D_DETAIL,MULTI_AXIS,100,1,31,7788,7788,0,1005,5499,1284,0,0.000,0
L2D_DETAIL,MULTI_AXIS,100,2,17,10526,10526,0,507,9236,783,0,0.000,0
L2D_DETAIL,MULTI_AXIS,100,3,6,296,296,0,60,69,167,0,0.000,0
L2D_DETAIL,MULTI_AXIS,100,4,4,45,45,0,7,15,23,0,0.000,0
L2D_DETAIL,MULTI_AXIS,100,5,11,420,420,0,41,256,123,0,0.000,0
L2D_DETAIL,MULTI_AXIS,100,6,10,457,457,0,22,286,149,0,0.000,0
L2D_DETAIL,MULTI_AXIS,100,7,10,489,489,0,152,90,247,0,0.000,0
L2D_DETAIL,MULTI_AXIS,100,8,11,530,530,0,197,102,231,0,0.000,0
L2D_DETAIL,MULTI_AXIS,100,9,80,18444,18444,0,3496,11561,3387,0,0.000,0
L2D_DETAIL,MULTI_AXIS,100,10,26,1633,1633,0,359,439,835,0,0.000,0
I (18723) l2d_profile: detail MULTI_AXIS scale=100 layers=11 covered=0 max_overdraw=0
L2D_DONE
